---
http_interactions:
- request:
    method: get
    uri: https://staging2-lcm-prod.intgdc.com/gdc/projects/iuykw7i9avrd0zf2n9ts5i7c48oeclti
    body:
      encoding: US-ASCII
      string: ''
    headers:
      Accept:
      - application/json, application/zip
      Accept-Encoding:
      - gzip, deflate
      User-Agent:
      - gooddata-gem/1.1.0/x86_64-linux/2.4.1
      Content-Type:
      - application/json
      X-Gdc-Authtt:
      - "<X_GDC_AUTHTT>"
      X-Gdc-Request:
      - RuaP0Eu51dppxrAckD6Erg:B72ExWSty4RlmaVYNN2hKQ
      Host:
      - staging2-lcm-prod.intgdc.com
  response:
    status:
      code: 200
      message: OK
    headers:
      Date:
      - Tue, 05 Jun 2018 08:09:43 GMT
      Server:
      - GoodData WebApp
      Keep-Alive:
      - timeout=5, max=100
      X-Gdc-Log-Header:
      - ''
      Cache-Control:
      - no-cache, no-store, must-revalidate
      Content-Type:
      - application/json;charset=UTF-8
      Transfer-Encoding:
      - chunked
      Vary:
      - Accept-Encoding
      - origin
      X-Gdc-Request:
      - RuaP0Eu51dppxrAckD6Erg:B72ExWSty4RlmaVYNN2hKQ:4VvkVib98JVjFefH
      X-Gdc-Request-Time:
      - '148'
      Strict-Transport-Security:
      - max-age=10886400; includeSubDomains; preload;
    body:
      encoding: ASCII-8BIT
      string: '{"project":{"content":{"environment":"TESTING","cluster":"","guidedNavigation":"1","isPublic":"0","driver":"Pg","state":"PREPARING"},"links":{"ldm_thumbnail":"/gdc/projects/iuykw7i9avrd0zf2n9ts5i7c48oeclti/ldm?thumbnail=1","self":"/gdc/projects/iuykw7i9avrd0zf2n9ts5i7c48oeclti","clearCaches":"/gdc/projects/iuykw7i9avrd0zf2n9ts5i7c48oeclti/clearCaches","invitations":"/gdc/projects/iuykw7i9avrd0zf2n9ts5i7c48oeclti/invitations","users":"/gdc/projects/iuykw7i9avrd0zf2n9ts5i7c48oeclti/users?link=1&offset=0&limit=100","uploads":"/gdc/projects/iuykw7i9avrd0zf2n9ts5i7c48oeclti/uploads/","ldm":"/gdc/projects/iuykw7i9avrd0zf2n9ts5i7c48oeclti/ldm","metadata":"/gdc/md/iuykw7i9avrd0zf2n9ts5i7c48oeclti","publicartifacts":"/gdc/projects/iuykw7i9avrd0zf2n9ts5i7c48oeclti/publicartifacts","roles":"/gdc/projects/iuykw7i9avrd0zf2n9ts5i7c48oeclti/roles","userRoles":"/gdc/projects/iuykw7i9avrd0zf2n9ts5i7c48oeclti/users/5ad80b895edcc438e5a4418e222733fa/roles","userPermissions":"/gdc/projects/iuykw7i9avrd0zf2n9ts5i7c48oeclti/users/5ad80b895edcc438e5a4418e222733fa/permissions","dataload":"/gdc/projects/iuykw7i9avrd0zf2n9ts5i7c48oeclti/dataload","connectors":"/gdc/projects/iuykw7i9avrd0zf2n9ts5i7c48oeclti/connectors","execute":"/gdc/projects/iuykw7i9avrd0zf2n9ts5i7c48oeclti/execute","config":"/gdc/projects/iuykw7i9avrd0zf2n9ts5i7c48oeclti/config","projectFeatureFlags":"/gdc/projects/iuykw7i9avrd0zf2n9ts5i7c48oeclti/projectFeatureFlags","schedules":"/gdc/projects/iuykw7i9avrd0zf2n9ts5i7c48oeclti/schedules","templates":"/gdc/md/iuykw7i9avrd0zf2n9ts5i7c48oeclti/templates","eventstores":"/gdc/projects/iuykw7i9avrd0zf2n9ts5i7c48oeclti/dataload/eventstore/stores"},"meta":{"created":"2018-06-05
        10:09:42","summary":"No summary","updated":"2018-06-05 10:09:42","author":"/gdc/account/profile/5ad80b895edcc438e5a4418e222733fa","title":"Project
        for schedule testing","contributor":"/gdc/account/profile/5ad80b895edcc438e5a4418e222733fa"}}}'
    http_version: 
  recorded_at: Tue, 05 Jun 2018 08:09:43 GMT
- request:
    method: get
    uri: https://staging2-lcm-prod.intgdc.com/gdc/projects/iuykw7i9avrd0zf2n9ts5i7c48oeclti
    body:
      encoding: US-ASCII
      string: ''
    headers:
      Accept:
      - application/json, application/zip
      Accept-Encoding:
      - gzip, deflate
      User-Agent:
      - gooddata-gem/1.1.0/x86_64-linux/2.4.1
      Content-Type:
      - application/json
      X-Gdc-Authtt:
      - "<X_GDC_AUTHTT>"
      X-Gdc-Request:
      - RuaP0Eu51dppxrAckD6Erg:tpI_B1cYKS_sg9fIhGchWg
      Host:
      - staging2-lcm-prod.intgdc.com
  response:
    status:
      code: 200
      message: OK
    headers:
      Date:
      - Tue, 05 Jun 2018 08:09:46 GMT
      Server:
      - GoodData WebApp
      Keep-Alive:
      - timeout=5, max=76
      X-Gdc-Log-Header:
      - ''
      Cache-Control:
      - no-cache, no-store, must-revalidate
      Content-Type:
      - application/json;charset=UTF-8
      Transfer-Encoding:
      - chunked
      Vary:
      - Accept-Encoding
      - origin
      X-Gdc-Request:
      - RuaP0Eu51dppxrAckD6Erg:tpI_B1cYKS_sg9fIhGchWg:FtGTDLnt3ZKOqqHd
      X-Gdc-Request-Time:
      - '46'
      Strict-Transport-Security:
      - max-age=10886400; includeSubDomains; preload;
    body:
      encoding: ASCII-8BIT
      string: '{"project":{"content":{"environment":"TESTING","cluster":"","authorizationToken":"<AUTHORIZATION_TOKEN>","guidedNavigation":"1","isPublic":"0","driver":"Pg","state":"ENABLED"},"links":{"ldm_thumbnail":"/gdc/projects/iuykw7i9avrd0zf2n9ts5i7c48oeclti/ldm?thumbnail=1","self":"/gdc/projects/iuykw7i9avrd0zf2n9ts5i7c48oeclti","clearCaches":"/gdc/projects/iuykw7i9avrd0zf2n9ts5i7c48oeclti/clearCaches","invitations":"/gdc/projects/iuykw7i9avrd0zf2n9ts5i7c48oeclti/invitations","users":"/gdc/projects/iuykw7i9avrd0zf2n9ts5i7c48oeclti/users?link=1&offset=0&limit=100","uploads":"/gdc/projects/iuykw7i9avrd0zf2n9ts5i7c48oeclti/uploads/","ldm":"/gdc/projects/iuykw7i9avrd0zf2n9ts5i7c48oeclti/ldm","metadata":"/gdc/md/iuykw7i9avrd0zf2n9ts5i7c48oeclti","publicartifacts":"/gdc/projects/iuykw7i9avrd0zf2n9ts5i7c48oeclti/publicartifacts","roles":"/gdc/projects/iuykw7i9avrd0zf2n9ts5i7c48oeclti/roles","userRoles":"/gdc/projects/iuykw7i9avrd0zf2n9ts5i7c48oeclti/users/5ad80b895edcc438e5a4418e222733fa/roles","userPermissions":"/gdc/projects/iuykw7i9avrd0zf2n9ts5i7c48oeclti/users/5ad80b895edcc438e5a4418e222733fa/permissions","dataload":"/gdc/projects/iuykw7i9avrd0zf2n9ts5i7c48oeclti/dataload","connectors":"/gdc/projects/iuykw7i9avrd0zf2n9ts5i7c48oeclti/connectors","execute":"/gdc/projects/iuykw7i9avrd0zf2n9ts5i7c48oeclti/execute","config":"/gdc/projects/iuykw7i9avrd0zf2n9ts5i7c48oeclti/config","projectFeatureFlags":"/gdc/projects/iuykw7i9avrd0zf2n9ts5i7c48oeclti/projectFeatureFlags","schedules":"/gdc/projects/iuykw7i9avrd0zf2n9ts5i7c48oeclti/schedules","templates":"/gdc/md/iuykw7i9avrd0zf2n9ts5i7c48oeclti/templates","eventstores":"/gdc/projects/iuykw7i9avrd0zf2n9ts5i7c48oeclti/dataload/eventstore/stores"},"meta":{"created":"2018-06-05
        10:09:42","summary":"No summary","updated":"2018-06-05 10:09:44","author":"/gdc/account/profile/5ad80b895edcc438e5a4418e222733fa","title":"Project
        for schedule testing","contributor":"/gdc/account/profile/5ad80b895edcc438e5a4418e222733fa"}}}'
    http_version: 
  recorded_at: Tue, 05 Jun 2018 08:09:46 GMT
- request:
    method: post
    uri: https://staging2-lcm-prod.intgdc.com/gdc/projects/iuykw7i9avrd0zf2n9ts5i7c48oeclti/dataload/processes
    body:
      encoding: UTF-8
      string: '{"process":{"name":"Test ETL Process (Ruby)","path":"/uploads/deploy-graph-archive20180605-3824-e3xuiv.zip","type":"RUBY"}}'
    headers:
      Accept:
      - application/json, application/zip
      Accept-Encoding:
      - gzip, deflate
      User-Agent:
      - gooddata-gem/1.1.0/x86_64-linux/2.4.1
      Content-Type:
      - application/json
      X-Gdc-Authtt:
      - "<X_GDC_AUTHTT>"
      X-Gdc-Request:
      - RuaP0Eu51dppxrAckD6Erg:gI1kLKeZAjsWo3EoJr9IJA
      Content-Length:
      - '123'
      Host:
      - staging2-lcm-prod.intgdc.com
  response:
    status:
      code: 201
      message: Created
    headers:
      Location:
      - "/gdc/projects/iuykw7i9avrd0zf2n9ts5i7c48oeclti/dataload/processes/b4d771ca-0909-45b6-ae19-baeba079a733"
      X-Gdc-Log-Header:
      - ''
      Date:
      - Tue, 05 Jun 2018 08:09:51 GMT
      Server:
      - GoodData WebApp
      Cache-Control:
      - no-cache, no-store, must-revalidate
      Content-Type:
      - application/json;charset=UTF-8
      X-Gdc-Request:
      - RuaP0Eu51dppxrAckD6Erg:gI1kLKeZAjsWo3EoJr9IJA:YNHX7JOGL0Vttl2R
      Vary:
      - origin
      X-Gdc-Request-Time:
      - '359'
      Transfer-Encoding:
      - chunked
      Strict-Transport-Security:
      - max-age=10886400; includeSubDomains; preload;
    body:
      encoding: ASCII-8BIT
      string: '{"process":{"type":"RUBY","name":"Test ETL Process (Ruby)","graphs":["process.rb"],"executables":["process.rb"],"lastDeployed":"2018-06-05T08:09:51.773Z","ownerLogin":"rubydev+admin@gooddata.com","links":{"self":"/gdc/projects/iuykw7i9avrd0zf2n9ts5i7c48oeclti/dataload/processes/b4d771ca-0909-45b6-ae19-baeba079a733","executions":"/gdc/projects/iuykw7i9avrd0zf2n9ts5i7c48oeclti/dataload/processes/b4d771ca-0909-45b6-ae19-baeba079a733/executions","source":"/gdc/projects/iuykw7i9avrd0zf2n9ts5i7c48oeclti/dataload/processes/b4d771ca-0909-45b6-ae19-baeba079a733/source"}}}'
    http_version: 
  recorded_at: Tue, 05 Jun 2018 08:09:51 GMT
- request:
    method: post
    uri: https://staging2-lcm-prod.intgdc.com/gdc/projects/iuykw7i9avrd0zf2n9ts5i7c48oeclti/dataload/processes
    body:
      encoding: UTF-8
      string: '{"process":{"name":"Test ETL Process (CC)","path":"/uploads/deploy-graph-archive20180605-3824-p9a2s0.zip","type":"graph"}}'
    headers:
      Accept:
      - application/json, application/zip
      Accept-Encoding:
      - gzip, deflate
      User-Agent:
      - gooddata-gem/1.1.0/x86_64-linux/2.4.1
      Content-Type:
      - application/json
      X-Gdc-Authtt:
      - "<X_GDC_AUTHTT>"
      X-Gdc-Request:
      - RuaP0Eu51dppxrAckD6Erg:-cmG3Qkb-plhvvUas0Mliw
      Content-Length:
      - '122'
      Host:
      - staging2-lcm-prod.intgdc.com
  response:
    status:
      code: 201
      message: Created
    headers:
      Location:
      - "/gdc/projects/iuykw7i9avrd0zf2n9ts5i7c48oeclti/dataload/processes/29f5ff74-2e52-4234-be08-22c5dbb7ac99"
      X-Gdc-Log-Header:
      - ''
      Date:
      - Tue, 05 Jun 2018 08:09:55 GMT
      Server:
      - GoodData WebApp
      Cache-Control:
      - no-cache, no-store, must-revalidate
      Content-Type:
      - application/json;charset=UTF-8
      X-Gdc-Request:
      - RuaP0Eu51dppxrAckD6Erg:-cmG3Qkb-plhvvUas0Mliw:MaMjWRcez44sSRYE
      Vary:
      - origin
      X-Gdc-Request-Time:
      - '315'
      Transfer-Encoding:
      - chunked
      Strict-Transport-Security:
      - max-age=10886400; includeSubDomains; preload;
    body:
      encoding: ASCII-8BIT
      string: '{"process":{"type":"GRAPH","name":"Test ETL Process (CC)","graphs":["graph/graph.grf"],"executables":["graph/graph.grf"],"lastDeployed":"2018-06-05T08:09:55.053Z","ownerLogin":"rubydev+admin@gooddata.com","links":{"self":"/gdc/projects/iuykw7i9avrd0zf2n9ts5i7c48oeclti/dataload/processes/29f5ff74-2e52-4234-be08-22c5dbb7ac99","executions":"/gdc/projects/iuykw7i9avrd0zf2n9ts5i7c48oeclti/dataload/processes/29f5ff74-2e52-4234-be08-22c5dbb7ac99/executions","source":"/gdc/projects/iuykw7i9avrd0zf2n9ts5i7c48oeclti/dataload/processes/29f5ff74-2e52-4234-be08-22c5dbb7ac99/source"}}}'
    http_version: 
  recorded_at: Tue, 05 Jun 2018 08:09:55 GMT
- request:
    method: get
    uri: https://staging2-lcm-prod.intgdc.com/gdc/projects/iuykw7i9avrd0zf2n9ts5i7c48oeclti/schedules
    body:
      encoding: US-ASCII
      string: ''
    headers:
      Accept:
      - application/json, application/zip
      Accept-Encoding:
      - gzip, deflate
      User-Agent:
      - gooddata-gem/1.1.0/x86_64-linux/2.4.1
      Content-Type:
      - application/json
      X-Gdc-Authtt:
      - "<X_GDC_AUTHTT>"
      X-Gdc-Request:
      - RuaP0Eu51dppxrAckD6Erg:Iy-Gc_XgcmwN-LTFMGnENA
      Host:
      - staging2-lcm-prod.intgdc.com
  response:
    status:
      code: 200
      message: OK
    headers:
      X-Gdc-Log-Header:
      - ''
      Date:
      - Tue, 05 Jun 2018 08:14:52 GMT
      Server:
      - GoodData WebApp
      Accept-Ranges:
      - bytes
      Cache-Control:
      - no-cache, no-store, must-revalidate
      Content-Type:
      - application/json;charset=UTF-8
      X-Gdc-Request:
      - RuaP0Eu51dppxrAckD6Erg:Iy-Gc_XgcmwN-LTFMGnENA:MtEznKzvArdF6tQo
      Vary:
      - origin
      X-Gdc-Request-Time:
      - '26'
      Transfer-Encoding:
      - chunked
      Strict-Transport-Security:
      - max-age=10886400; includeSubDomains; preload;
    body:
      encoding: ASCII-8BIT
      string: '{"schedules":{"paging":{"offset":0,"count":0},"schedulesLink":"/gdc/projects/iuykw7i9avrd0zf2n9ts5i7c48oeclti/schedules","items":[]}}'
    http_version: 
  recorded_at: Tue, 05 Jun 2018 08:14:53 GMT
- request:
    method: get
    uri: https://staging2-lcm-prod.intgdc.com/gdc/projects/iuykw7i9avrd0zf2n9ts5i7c48oeclti/dataload/processes
    body:
      encoding: US-ASCII
      string: ''
    headers:
      Accept:
      - application/json, application/zip
      Accept-Encoding:
      - gzip, deflate
      User-Agent:
      - gooddata-gem/1.1.0/x86_64-linux/2.4.1
      Content-Type:
      - application/json
      X-Gdc-Authtt:
      - "<X_GDC_AUTHTT>"
      X-Gdc-Request:
      - RuaP0Eu51dppxrAckD6Erg:VFyDYpxLrNrYdu0-oF28IQ
      Host:
      - staging2-lcm-prod.intgdc.com
  response:
    status:
      code: 200
      message: OK
    headers:
      X-Gdc-Log-Header:
      - ''
      Date:
      - Tue, 05 Jun 2018 08:14:53 GMT
      Server:
      - GoodData WebApp
      Accept-Ranges:
      - bytes
      Cache-Control:
      - no-cache, no-store, must-revalidate
      Content-Type:
      - application/json;charset=UTF-8
      Content-Length:
      - '1834'
      X-Gdc-Request:
      - RuaP0Eu51dppxrAckD6Erg:VFyDYpxLrNrYdu0-oF28IQ:2OOhONSz80JbwmCI
      Vary:
      - origin
      X-Gdc-Request-Time:
      - '74'
      Strict-Transport-Security:
      - max-age=10886400; includeSubDomains; preload;
    body:
      encoding: ASCII-8BIT
      string: '{"processes":{"items":[{"process":{"type":"GRAPH","name":"Test ETL
        Process (CC)","graphs":["graph/graph.grf"],"executables":["graph/graph.grf"],"lastDeployed":"2018-06-05T08:09:55.053Z","ownerLogin":"rubydev+admin@gooddata.com","links":{"self":"/gdc/projects/iuykw7i9avrd0zf2n9ts5i7c48oeclti/dataload/processes/29f5ff74-2e52-4234-be08-22c5dbb7ac99","executions":"/gdc/projects/iuykw7i9avrd0zf2n9ts5i7c48oeclti/dataload/processes/29f5ff74-2e52-4234-be08-22c5dbb7ac99/executions","source":"/gdc/projects/iuykw7i9avrd0zf2n9ts5i7c48oeclti/dataload/processes/29f5ff74-2e52-4234-be08-22c5dbb7ac99/source"}}},{"process":{"type":"RUBY","name":"Test
        ETL Process (Ruby)","graphs":["process.rb"],"executables":["process.rb"],"lastDeployed":"2018-06-05T08:09:51.773Z","ownerLogin":"rubydev+admin@gooddata.com","links":{"self":"/gdc/projects/iuykw7i9avrd0zf2n9ts5i7c48oeclti/dataload/processes/b4d771ca-0909-45b6-ae19-baeba079a733","executions":"/gdc/projects/iuykw7i9avrd0zf2n9ts5i7c48oeclti/dataload/processes/b4d771ca-0909-45b6-ae19-baeba079a733/executions","source":"/gdc/projects/iuykw7i9avrd0zf2n9ts5i7c48oeclti/dataload/processes/b4d771ca-0909-45b6-ae19-baeba079a733/source"}}},{"process":{"type":"RUBY","name":"Test
        ETL zipped file Process","graphs":["process.rb"],"executables":["process.rb"],"lastDeployed":"2018-06-05T08:13:04.655Z","ownerLogin":"rubydev+admin@gooddata.com","links":{"self":"/gdc/projects/iuykw7i9avrd0zf2n9ts5i7c48oeclti/dataload/processes/16b111bf-f3de-4ec5-b360-63765096f492","executions":"/gdc/projects/iuykw7i9avrd0zf2n9ts5i7c48oeclti/dataload/processes/16b111bf-f3de-4ec5-b360-63765096f492/executions","source":"/gdc/projects/iuykw7i9avrd0zf2n9ts5i7c48oeclti/dataload/processes/16b111bf-f3de-4ec5-b360-63765096f492/source"}}}],"links":{"self":"/gdc/projects/iuykw7i9avrd0zf2n9ts5i7c48oeclti/dataload/processes"}}}'
    http_version: 
  recorded_at: Tue, 05 Jun 2018 08:14:54 GMT
- request:
    method: delete
    uri: https://staging2-lcm-prod.intgdc.com/gdc/projects/iuykw7i9avrd0zf2n9ts5i7c48oeclti/dataload/processes/29f5ff74-2e52-4234-be08-22c5dbb7ac99
    body:
      encoding: US-ASCII
      string: ''
    headers:
      Accept:
      - application/json, application/zip
      Accept-Encoding:
      - gzip, deflate
      User-Agent:
      - gooddata-gem/1.1.0/x86_64-linux/2.4.1
      Content-Type:
      - application/json
      X-Gdc-Authtt:
      - "<X_GDC_AUTHTT>"
      X-Gdc-Request:
      - RuaP0Eu51dppxrAckD6Erg:4OfRCbXnN9G2vMcuwYEQKw
      Host:
      - staging2-lcm-prod.intgdc.com
  response:
    status:
      code: 204
      message: No Content
    headers:
      Location:
      - "/gdc/projects/iuykw7i9avrd0zf2n9ts5i7c48oeclti/dataload/processes"
      X-Gdc-Log-Header:
      - ''
      Date:
      - Tue, 05 Jun 2018 08:14:55 GMT
      Server:
      - GoodData WebApp
      Cache-Control:
      - no-cache, no-store, must-revalidate
      X-Gdc-Request-Time:
      - '426'
      X-Gdc-Request:
      - RuaP0Eu51dppxrAckD6Erg:4OfRCbXnN9G2vMcuwYEQKw:A1UaBajFXNWfBfvN
      Vary:
      - origin
      Strict-Transport-Security:
      - max-age=10886400; includeSubDomains; preload;
    body:
      encoding: UTF-8
      string: ''
    http_version: 
  recorded_at: Tue, 05 Jun 2018 08:14:55 GMT
- request:
    method: delete
    uri: https://staging2-lcm-prod.intgdc.com/gdc/projects/iuykw7i9avrd0zf2n9ts5i7c48oeclti/dataload/processes/b4d771ca-0909-45b6-ae19-baeba079a733
    body:
      encoding: US-ASCII
      string: ''
    headers:
      Accept:
      - application/json, application/zip
      Accept-Encoding:
      - gzip, deflate
      User-Agent:
      - gooddata-gem/1.1.0/x86_64-linux/2.4.1
      Content-Type:
      - application/json
      X-Gdc-Authtt:
      - "<X_GDC_AUTHTT>"
      X-Gdc-Request:
      - RuaP0Eu51dppxrAckD6Erg:GZIty0P1A5uo-MnjDw40GA
      Host:
      - staging2-lcm-prod.intgdc.com
  response:
    status:
      code: 204
      message: No Content
    headers:
      Location:
      - "/gdc/projects/iuykw7i9avrd0zf2n9ts5i7c48oeclti/dataload/processes"
      X-Gdc-Log-Header:
      - ''
      Date:
      - Tue, 05 Jun 2018 08:14:55 GMT
      Server:
      - GoodData WebApp
      Cache-Control:
      - no-cache, no-store, must-revalidate
      X-Gdc-Request-Time:
      - '168'
      X-Gdc-Request:
      - RuaP0Eu51dppxrAckD6Erg:GZIty0P1A5uo-MnjDw40GA:fjyufAx0fOQ0lLNc
      Vary:
      - origin
      Strict-Transport-Security:
      - max-age=10886400; includeSubDomains; preload;
    body:
      encoding: UTF-8
      string: ''
    http_version: 
  recorded_at: Tue, 05 Jun 2018 08:14:55 GMT
- request:
    method: delete
    uri: https://staging2-lcm-prod.intgdc.com/gdc/projects/iuykw7i9avrd0zf2n9ts5i7c48oeclti/dataload/processes/16b111bf-f3de-4ec5-b360-63765096f492
    body:
      encoding: US-ASCII
      string: ''
    headers:
      Accept:
      - application/json, application/zip
      Accept-Encoding:
      - gzip, deflate
      User-Agent:
      - gooddata-gem/1.1.0/x86_64-linux/2.4.1
      Content-Type:
      - application/json
      X-Gdc-Authtt:
      - "<X_GDC_AUTHTT>"
      X-Gdc-Request:
      - RuaP0Eu51dppxrAckD6Erg:6Z8DLwtGDlkD_X8GZQu4zg
      Host:
      - staging2-lcm-prod.intgdc.com
  response:
    status:
      code: 204
      message: No Content
    headers:
      Location:
      - "/gdc/projects/iuykw7i9avrd0zf2n9ts5i7c48oeclti/dataload/processes"
      X-Gdc-Log-Header:
      - ''
      Date:
      - Tue, 05 Jun 2018 08:14:56 GMT
      Server:
      - GoodData WebApp
      Cache-Control:
      - no-cache, no-store, must-revalidate
      X-Gdc-Request-Time:
      - '181'
      X-Gdc-Request:
      - RuaP0Eu51dppxrAckD6Erg:6Z8DLwtGDlkD_X8GZQu4zg:SeMBi7DGdhMlRvC7
      Vary:
      - origin
      Strict-Transport-Security:
      - max-age=10886400; includeSubDomains; preload;
    body:
      encoding: UTF-8
      string: ''
    http_version: 
  recorded_at: Tue, 05 Jun 2018 08:14:56 GMT
- request:
    method: delete
    uri: https://staging2-lcm-prod.intgdc.com/gdc/projects/iuykw7i9avrd0zf2n9ts5i7c48oeclti
    body:
      encoding: US-ASCII
      string: ''
    headers:
      Accept:
      - application/json, application/zip
      Accept-Encoding:
      - gzip, deflate
      User-Agent:
      - gooddata-gem/1.1.0/x86_64-linux/2.4.1
      Content-Type:
      - application/json
      X-Gdc-Authtt:
      - "<X_GDC_AUTHTT>"
      X-Gdc-Request:
      - RuaP0Eu51dppxrAckD6Erg:oDD4DCa6Ikpo9sRQaLEE8Q
      Host:
      - staging2-lcm-prod.intgdc.com
  response:
    status:
      code: 204
      message: No Content
    headers:
      Date:
      - Tue, 05 Jun 2018 08:14:57 GMT
      Server:
      - GoodData WebApp
      Keep-Alive:
      - timeout=5, max=100
      X-Gdc-Log-Header:
      - ''
      Cache-Control:
      - no-cache, no-store, must-revalidate
      X-Gdc-Request-Time:
      - '63'
      X-Gdc-Request:
      - RuaP0Eu51dppxrAckD6Erg:oDD4DCa6Ikpo9sRQaLEE8Q:6UlGtYOUan3E5p4E
      Vary:
      - origin
      Strict-Transport-Security:
      - max-age=10886400; includeSubDomains; preload;
    body:
      encoding: UTF-8
      string: ''
    http_version: 
  recorded_at: Tue, 05 Jun 2018 08:14:57 GMT
- request:
    method: delete
    uri: https://staging2-lcm-prod.intgdc.com/gdc/account/profile/5ad80b895edcc438e5a4418e222733fa/channelConfigurations/5b164660e4b0632137c4d535
    body:
      encoding: US-ASCII
      string: ''
    headers:
      Accept:
      - application/json, application/zip
      Accept-Encoding:
      - gzip, deflate
      User-Agent:
      - gooddata-gem/1.1.0/x86_64-linux/2.4.1
      Content-Type:
      - application/json
      X-Gdc-Authtt:
      - "<X_GDC_AUTHTT>"
      X-Gdc-Request:
      - RuaP0Eu51dppxrAckD6Erg:BSAmkri7uS-dLE5onJ6lxQ
      Host:
      - staging2-lcm-prod.intgdc.com
  response:
    status:
      code: 204
      message: No Content
    headers:
      X-Gdc-Log-Header:
      - ''
      Cache-Control:
      - no-cache, no-store, must-revalidate
      Date:
      - Tue, 05 Jun 2018 08:14:57 GMT
      Server:
      - GoodData WebApp
      X-Gdc-Request-Time:
      - '17'
      X-Gdc-Request:
      - RuaP0Eu51dppxrAckD6Erg:BSAmkri7uS-dLE5onJ6lxQ:MITlwtHxgxENXKPu
      Vary:
      - origin
      Strict-Transport-Security:
      - max-age=10886400; includeSubDomains; preload;
    body:
      encoding: UTF-8
      string: ''
    http_version: 
  recorded_at: Tue, 05 Jun 2018 08:14:58 GMT
- request:
    method: get
    uri: https://staging3-lcm-prod.intgdc.com/gdc/account/profile/a4c644d7b42b65c34e5a0f46809f7164
    body:
      encoding: US-ASCII
      string: ''
    headers:
      Accept:
      - application/json, application/zip
      Accept-Encoding:
      - gzip, deflate
      User-Agent:
      - gooddata-gem/1.2.0/x86_64-linux/2.3.6
      Content-Type:
      - application/json
      X-Gdc-Authtt:
      - "<X_GDC_AUTHTT>"
      X-Gdc-Request:
      - 4RpOKkCnMdNXtuJJ0TGBhg:N62iR2ZYKqJebkb8utJzuw
      Host:
      - staging3-lcm-prod.intgdc.com
  response:
    status:
      code: 200
      message: OK
    headers:
      Date:
      - Tue, 17 Jul 2018 10:01:31 GMT
      Server:
      - GoodData WebApp
      Keep-Alive:
      - timeout=5, max=100
      X-Gdc-Log-Header:
      - ''
      Cache-Control:
      - no-cache, no-store, must-revalidate
      Content-Type:
      - application/json;charset=UTF-8
      X-Gdc-Request:
      - 4RpOKkCnMdNXtuJJ0TGBhg:N62iR2ZYKqJebkb8utJzuw:VyBpVSnXiMSVXb2R
      Vary:
      - origin
      X-Gdc-Request-Time:
      - '27'
      Transfer-Encoding:
      - chunked
      Strict-Transport-Security:
      - max-age=10886400; includeSubDomains; preload;
    body:
      encoding: ASCII-8BIT
      string: '{"accountSetting":{"position":null,"effectiveIpWhitelist":null,"email":"rubydev+admin@gooddata.com","updated":"2018-05-30
        07:17:20","lastName":"Oh","phoneNumber":"","links":{"auditEvents":"/gdc/account/profile/a4c644d7b42b65c34e5a0f46809f7164/auditEvents","domain":"/gdc/domains/staging3-lcm-prod","self":"/gdc/account/profile/a4c644d7b42b65c34e5a0f46809f7164","projects":"/gdc/account/profile/a4c644d7b42b65c34e5a0f46809f7164/projects"},"firstName":"Ruby","country":null,"ssoProvider":"test-ruby","language":"en-US","timezone":null,"ipWhitelist":null,"companyName":"","authenticationModes":["PASSWORD","SSO"],"login":"rubydev+admin@gooddata.com","created":"2017-02-10
        12:16:01"}}'
    http_version: 
  recorded_at: Tue, 17 Jul 2018 10:01:31 GMT
- request:
    method: get
    uri: https://staging3-lcm-prod.intgdc.com/gdc/projects/lgx6j8kkugaayoxek5qcg69y1jbqszow
    body:
      encoding: US-ASCII
      string: ''
    headers:
      Accept:
      - application/json, application/zip
      Accept-Encoding:
      - gzip, deflate
      User-Agent:
      - gooddata-gem/1.2.0/x86_64-linux/2.3.6
      Content-Type:
      - application/json
      X-Gdc-Authtt:
      - "<X_GDC_AUTHTT>"
      X-Gdc-Request:
      - 4RpOKkCnMdNXtuJJ0TGBhg:89tUOggyum3CYoYoEe08LQ
      Host:
      - staging3-lcm-prod.intgdc.com
  response:
    status:
      code: 200
      message: OK
    headers:
      Date:
      - Tue, 17 Jul 2018 10:01:33 GMT
      Server:
      - GoodData WebApp
      Keep-Alive:
      - timeout=5, max=100
      X-Gdc-Log-Header:
      - ''
      Cache-Control:
      - no-cache, no-store, must-revalidate
      Content-Type:
      - application/json;charset=UTF-8
      Transfer-Encoding:
      - chunked
      Vary:
      - Accept-Encoding
      - origin
      X-Gdc-Request:
      - 4RpOKkCnMdNXtuJJ0TGBhg:89tUOggyum3CYoYoEe08LQ:WRBWHzeyvOp5uzw1
      X-Gdc-Request-Time:
      - '47'
      Strict-Transport-Security:
      - max-age=10886400; includeSubDomains; preload;
    body:
      encoding: ASCII-8BIT
      string: '{"project":{"content":{"environment":"TESTING","cluster":"","guidedNavigation":"1","isPublic":"0","driver":"Pg","state":"PREPARING"},"links":{"ldm_thumbnail":"/gdc/projects/lgx6j8kkugaayoxek5qcg69y1jbqszow/ldm?thumbnail=1","self":"/gdc/projects/lgx6j8kkugaayoxek5qcg69y1jbqszow","clearCaches":"/gdc/projects/lgx6j8kkugaayoxek5qcg69y1jbqszow/clearCaches","invitations":"/gdc/projects/lgx6j8kkugaayoxek5qcg69y1jbqszow/invitations","users":"/gdc/projects/lgx6j8kkugaayoxek5qcg69y1jbqszow/users?link=1&offset=0&limit=100","uploads":"/gdc/projects/lgx6j8kkugaayoxek5qcg69y1jbqszow/uploads/","ldm":"/gdc/projects/lgx6j8kkugaayoxek5qcg69y1jbqszow/ldm","metadata":"/gdc/md/lgx6j8kkugaayoxek5qcg69y1jbqszow","publicartifacts":"/gdc/projects/lgx6j8kkugaayoxek5qcg69y1jbqszow/publicartifacts","roles":"/gdc/projects/lgx6j8kkugaayoxek5qcg69y1jbqszow/roles","userRoles":"/gdc/projects/lgx6j8kkugaayoxek5qcg69y1jbqszow/users/a4c644d7b42b65c34e5a0f46809f7164/roles","userPermissions":"/gdc/projects/lgx6j8kkugaayoxek5qcg69y1jbqszow/users/a4c644d7b42b65c34e5a0f46809f7164/permissions","dataload":"/gdc/projects/lgx6j8kkugaayoxek5qcg69y1jbqszow/dataload","connectors":"/gdc/projects/lgx6j8kkugaayoxek5qcg69y1jbqszow/connectors","execute":"/gdc/projects/lgx6j8kkugaayoxek5qcg69y1jbqszow/execute","config":"/gdc/projects/lgx6j8kkugaayoxek5qcg69y1jbqszow/config","projectFeatureFlags":"/gdc/projects/lgx6j8kkugaayoxek5qcg69y1jbqszow/projectFeatureFlags","schedules":"/gdc/projects/lgx6j8kkugaayoxek5qcg69y1jbqszow/schedules","templates":"/gdc/md/lgx6j8kkugaayoxek5qcg69y1jbqszow/templates","eventstores":"/gdc/projects/lgx6j8kkugaayoxek5qcg69y1jbqszow/dataload/eventstore/stores"},"meta":{"created":"2018-07-17
        12:01:32","summary":"No summary","updated":"2018-07-17 12:01:32","author":"/gdc/account/profile/a4c644d7b42b65c34e5a0f46809f7164","title":"Project
        for schedule testing","contributor":"/gdc/account/profile/a4c644d7b42b65c34e5a0f46809f7164"}}}'
    http_version: 
  recorded_at: Tue, 17 Jul 2018 10:01:33 GMT
- request:
    method: get
    uri: https://staging3-lcm-prod.intgdc.com/gdc/projects/lgx6j8kkugaayoxek5qcg69y1jbqszow
    body:
      encoding: US-ASCII
      string: ''
    headers:
      Accept:
      - application/json, application/zip
      Accept-Encoding:
      - gzip, deflate
      User-Agent:
      - gooddata-gem/1.2.0/x86_64-linux/2.3.6
      Content-Type:
      - application/json
      X-Gdc-Authtt:
      - "<X_GDC_AUTHTT>"
      X-Gdc-Request:
      - 4RpOKkCnMdNXtuJJ0TGBhg:krnRmoVWHW5FU3tf3Xe4FA
      Host:
      - staging3-lcm-prod.intgdc.com
  response:
    status:
      code: 200
      message: OK
    headers:
      Date:
      - Tue, 17 Jul 2018 10:01:37 GMT
      Server:
      - GoodData WebApp
      Keep-Alive:
      - timeout=5, max=99
      X-Gdc-Log-Header:
      - ''
      Cache-Control:
      - no-cache, no-store, must-revalidate
      Content-Type:
      - application/json;charset=UTF-8
      Transfer-Encoding:
      - chunked
      Vary:
      - Accept-Encoding
      - origin
      X-Gdc-Request:
      - 4RpOKkCnMdNXtuJJ0TGBhg:krnRmoVWHW5FU3tf3Xe4FA:gQq0vJPGMoCQh4Ek
      X-Gdc-Request-Time:
      - '36'
      Strict-Transport-Security:
      - max-age=10886400; includeSubDomains; preload;
    body:
      encoding: ASCII-8BIT
      string: '{"project":{"content":{"environment":"TESTING","cluster":"","authorizationToken":"<AUTHORIZATION_TOKEN>","guidedNavigation":"1","isPublic":"0","driver":"Pg","state":"ENABLED"},"links":{"ldm_thumbnail":"/gdc/projects/lgx6j8kkugaayoxek5qcg69y1jbqszow/ldm?thumbnail=1","self":"/gdc/projects/lgx6j8kkugaayoxek5qcg69y1jbqszow","clearCaches":"/gdc/projects/lgx6j8kkugaayoxek5qcg69y1jbqszow/clearCaches","invitations":"/gdc/projects/lgx6j8kkugaayoxek5qcg69y1jbqszow/invitations","users":"/gdc/projects/lgx6j8kkugaayoxek5qcg69y1jbqszow/users?link=1&offset=0&limit=100","uploads":"/gdc/projects/lgx6j8kkugaayoxek5qcg69y1jbqszow/uploads/","ldm":"/gdc/projects/lgx6j8kkugaayoxek5qcg69y1jbqszow/ldm","metadata":"/gdc/md/lgx6j8kkugaayoxek5qcg69y1jbqszow","publicartifacts":"/gdc/projects/lgx6j8kkugaayoxek5qcg69y1jbqszow/publicartifacts","roles":"/gdc/projects/lgx6j8kkugaayoxek5qcg69y1jbqszow/roles","userRoles":"/gdc/projects/lgx6j8kkugaayoxek5qcg69y1jbqszow/users/a4c644d7b42b65c34e5a0f46809f7164/roles","userPermissions":"/gdc/projects/lgx6j8kkugaayoxek5qcg69y1jbqszow/users/a4c644d7b42b65c34e5a0f46809f7164/permissions","dataload":"/gdc/projects/lgx6j8kkugaayoxek5qcg69y1jbqszow/dataload","connectors":"/gdc/projects/lgx6j8kkugaayoxek5qcg69y1jbqszow/connectors","execute":"/gdc/projects/lgx6j8kkugaayoxek5qcg69y1jbqszow/execute","config":"/gdc/projects/lgx6j8kkugaayoxek5qcg69y1jbqszow/config","projectFeatureFlags":"/gdc/projects/lgx6j8kkugaayoxek5qcg69y1jbqszow/projectFeatureFlags","schedules":"/gdc/projects/lgx6j8kkugaayoxek5qcg69y1jbqszow/schedules","templates":"/gdc/md/lgx6j8kkugaayoxek5qcg69y1jbqszow/templates","eventstores":"/gdc/projects/lgx6j8kkugaayoxek5qcg69y1jbqszow/dataload/eventstore/stores"},"meta":{"created":"2018-07-17
        12:01:32","summary":"No summary","updated":"2018-07-17 12:01:34","author":"/gdc/account/profile/a4c644d7b42b65c34e5a0f46809f7164","title":"Project
        for schedule testing","contributor":"/gdc/account/profile/a4c644d7b42b65c34e5a0f46809f7164"}}}'
    http_version: 
  recorded_at: Tue, 17 Jul 2018 10:01:37 GMT
- request:
    method: post
    uri: https://staging3-lcm-prod.intgdc.com/gdc/projects/lgx6j8kkugaayoxek5qcg69y1jbqszow/dataload/processes
    body:
      encoding: UTF-8
      string: '{"process":{"name":"Test ETL Process (Ruby)","path":"/uploads/deploy-graph-archive20180717-6653-wr8u3p.zip","type":"RUBY"}}'
    headers:
      Accept:
      - application/json, application/zip
      Accept-Encoding:
      - gzip, deflate
      User-Agent:
      - gooddata-gem/1.2.0/x86_64-linux/2.3.6
      Content-Type:
      - application/json
      X-Gdc-Authtt:
      - "<X_GDC_AUTHTT>"
      X-Gdc-Request:
      - 4RpOKkCnMdNXtuJJ0TGBhg:-ZRYvMlhz6-3eu6GBRpKbw
      Content-Length:
      - '123'
      Host:
      - staging3-lcm-prod.intgdc.com
  response:
    status:
      code: 201
      message: Created
    headers:
      Location:
      - "/gdc/projects/lgx6j8kkugaayoxek5qcg69y1jbqszow/dataload/processes/cd8693ab-0446-4a2d-8e4e-78328665483f"
      X-Gdc-Log-Header:
      - ''
      Date:
      - Tue, 17 Jul 2018 10:01:42 GMT
      Server:
      - GoodData WebApp
      Cache-Control:
      - no-cache, no-store, must-revalidate
      Content-Type:
      - application/json;charset=UTF-8
      X-Gdc-Request:
      - 4RpOKkCnMdNXtuJJ0TGBhg:-ZRYvMlhz6-3eu6GBRpKbw:PrxPYbGgYtGS9pCW
      Vary:
      - origin
      X-Gdc-Request-Time:
      - '380'
      Transfer-Encoding:
      - chunked
      Strict-Transport-Security:
      - max-age=10886400; includeSubDomains; preload;
    body:
      encoding: ASCII-8BIT
      string: '{"process":{"type":"RUBY","name":"Test ETL Process (Ruby)","graphs":["process.rb"],"executables":["process.rb"],"lastDeployed":"2018-07-17T10:01:42.261Z","ownerLogin":"rubydev+admin@gooddata.com","links":{"self":"/gdc/projects/lgx6j8kkugaayoxek5qcg69y1jbqszow/dataload/processes/cd8693ab-0446-4a2d-8e4e-78328665483f","executions":"/gdc/projects/lgx6j8kkugaayoxek5qcg69y1jbqszow/dataload/processes/cd8693ab-0446-4a2d-8e4e-78328665483f/executions","source":"/gdc/projects/lgx6j8kkugaayoxek5qcg69y1jbqszow/dataload/processes/cd8693ab-0446-4a2d-8e4e-78328665483f/source"}}}'
    http_version: 
  recorded_at: Tue, 17 Jul 2018 10:01:42 GMT
- request:
    method: post
    uri: https://staging3-lcm-prod.intgdc.com/gdc/projects/lgx6j8kkugaayoxek5qcg69y1jbqszow/dataload/processes
    body:
      encoding: UTF-8
      string: '{"process":{"name":"Test ETL Process (CC)","path":"/uploads/deploy-graph-archive20180717-6653-xpmlql.zip","type":"graph"}}'
    headers:
      Accept:
      - application/json, application/zip
      Accept-Encoding:
      - gzip, deflate
      User-Agent:
      - gooddata-gem/1.2.0/x86_64-linux/2.3.6
      Content-Type:
      - application/json
      X-Gdc-Authtt:
      - "<X_GDC_AUTHTT>"
      X-Gdc-Request:
      - 4RpOKkCnMdNXtuJJ0TGBhg:GJfPSda9EXhcwoleWRKsVA
      Content-Length:
      - '122'
      Host:
      - staging3-lcm-prod.intgdc.com
  response:
    status:
      code: 201
      message: Created
    headers:
      Location:
      - "/gdc/projects/lgx6j8kkugaayoxek5qcg69y1jbqszow/dataload/processes/5c85b8b9-d80f-4ba9-bb8c-9730c61c0d16"
      X-Gdc-Log-Header:
      - ''
      Date:
      - Tue, 17 Jul 2018 10:01:44 GMT
      Server:
      - GoodData WebApp
      Cache-Control:
      - no-cache, no-store, must-revalidate
      Content-Type:
      - application/json;charset=UTF-8
      X-Gdc-Request:
      - 4RpOKkCnMdNXtuJJ0TGBhg:GJfPSda9EXhcwoleWRKsVA:pZLEK0HOMhpDs2HF
      Vary:
      - origin
      X-Gdc-Request-Time:
      - '152'
      Transfer-Encoding:
      - chunked
      Strict-Transport-Security:
      - max-age=10886400; includeSubDomains; preload;
    body:
      encoding: ASCII-8BIT
      string: '{"process":{"type":"GRAPH","name":"Test ETL Process (CC)","graphs":["graph/graph.grf"],"executables":["graph/graph.grf"],"lastDeployed":"2018-07-17T10:01:44.276Z","ownerLogin":"rubydev+admin@gooddata.com","links":{"self":"/gdc/projects/lgx6j8kkugaayoxek5qcg69y1jbqszow/dataload/processes/5c85b8b9-d80f-4ba9-bb8c-9730c61c0d16","executions":"/gdc/projects/lgx6j8kkugaayoxek5qcg69y1jbqszow/dataload/processes/5c85b8b9-d80f-4ba9-bb8c-9730c61c0d16/executions","source":"/gdc/projects/lgx6j8kkugaayoxek5qcg69y1jbqszow/dataload/processes/5c85b8b9-d80f-4ba9-bb8c-9730c61c0d16/source"}}}'
    http_version: 
  recorded_at: Tue, 17 Jul 2018 10:01:44 GMT
- request:
    method: get
    uri: https://staging3-lcm-prod.intgdc.com/gdc/projects/lgx6j8kkugaayoxek5qcg69y1jbqszow/schedules
    body:
      encoding: US-ASCII
      string: ''
    headers:
      Accept:
      - application/json, application/zip
      Accept-Encoding:
      - gzip, deflate
      User-Agent:
      - gooddata-gem/1.2.0/x86_64-linux/2.3.6
      Content-Type:
      - application/json
      X-Gdc-Authtt:
      - "<X_GDC_AUTHTT>"
      X-Gdc-Request:
      - 4RpOKkCnMdNXtuJJ0TGBhg:xi7YuVDdyDG5vO_AbAEXzQ
      Host:
      - staging3-lcm-prod.intgdc.com
  response:
    status:
      code: 200
      message: OK
    headers:
      X-Gdc-Log-Header:
      - ''
      Date:
      - Tue, 17 Jul 2018 10:06:23 GMT
      Server:
      - GoodData WebApp
      Cache-Control:
      - no-cache, no-store, must-revalidate
      Content-Type:
      - application/json;charset=UTF-8
      X-Gdc-Request:
      - 4RpOKkCnMdNXtuJJ0TGBhg:xi7YuVDdyDG5vO_AbAEXzQ:qi32niH0YYObfsJo
      Vary:
      - origin
      X-Gdc-Request-Time:
      - '18'
      Transfer-Encoding:
      - chunked
      Strict-Transport-Security:
      - max-age=10886400; includeSubDomains; preload;
    body:
      encoding: ASCII-8BIT
      string: '{"schedules":{"paging":{"offset":0,"count":0},"schedulesLink":"/gdc/projects/lgx6j8kkugaayoxek5qcg69y1jbqszow/schedules","items":[]}}'
    http_version: 
  recorded_at: Tue, 17 Jul 2018 10:06:23 GMT
- request:
    method: get
    uri: https://staging3-lcm-prod.intgdc.com/gdc/projects/lgx6j8kkugaayoxek5qcg69y1jbqszow/dataload/processes
    body:
      encoding: US-ASCII
      string: ''
    headers:
      Accept:
      - application/json, application/zip
      Accept-Encoding:
      - gzip, deflate
      User-Agent:
      - gooddata-gem/1.2.0/x86_64-linux/2.3.6
      Content-Type:
      - application/json
      X-Gdc-Authtt:
      - "<X_GDC_AUTHTT>"
      X-Gdc-Request:
      - 4RpOKkCnMdNXtuJJ0TGBhg:vET5h3aMhE79Wt2GzGLRhw
      Host:
      - staging3-lcm-prod.intgdc.com
  response:
    status:
      code: 200
      message: OK
    headers:
      X-Gdc-Log-Header:
      - ''
      Date:
      - Tue, 17 Jul 2018 10:06:23 GMT
      Server:
      - GoodData WebApp
      Cache-Control:
      - no-cache, no-store, must-revalidate
      Content-Type:
      - application/json;charset=UTF-8
      X-Gdc-Request:
      - 4RpOKkCnMdNXtuJJ0TGBhg:vET5h3aMhE79Wt2GzGLRhw:j5Hxr76oBp7lV8vo
      Vary:
      - origin
      X-Gdc-Request-Time:
      - '72'
      Transfer-Encoding:
      - chunked
      Strict-Transport-Security:
      - max-age=10886400; includeSubDomains; preload;
    body:
      encoding: ASCII-8BIT
      string: '{"processes":{"items":[{"process":{"type":"GRAPH","name":"Test ETL
        Process (CC)","graphs":["graph/graph.grf"],"executables":["graph/graph.grf"],"lastDeployed":"2018-07-17T10:01:44.276Z","ownerLogin":"rubydev+admin@gooddata.com","links":{"self":"/gdc/projects/lgx6j8kkugaayoxek5qcg69y1jbqszow/dataload/processes/5c85b8b9-d80f-4ba9-bb8c-9730c61c0d16","executions":"/gdc/projects/lgx6j8kkugaayoxek5qcg69y1jbqszow/dataload/processes/5c85b8b9-d80f-4ba9-bb8c-9730c61c0d16/executions","source":"/gdc/projects/lgx6j8kkugaayoxek5qcg69y1jbqszow/dataload/processes/5c85b8b9-d80f-4ba9-bb8c-9730c61c0d16/source"}}}],"links":{"self":"/gdc/projects/lgx6j8kkugaayoxek5qcg69y1jbqszow/dataload/processes"}}}'
    http_version: 
  recorded_at: Tue, 17 Jul 2018 10:06:23 GMT
- request:
    method: delete
    uri: https://staging3-lcm-prod.intgdc.com/gdc/projects/lgx6j8kkugaayoxek5qcg69y1jbqszow/dataload/processes/5c85b8b9-d80f-4ba9-bb8c-9730c61c0d16
    body:
      encoding: US-ASCII
      string: ''
    headers:
      Accept:
      - application/json, application/zip
      Accept-Encoding:
      - gzip, deflate
      User-Agent:
      - gooddata-gem/1.2.0/x86_64-linux/2.3.6
      Content-Type:
      - application/json
      X-Gdc-Authtt:
      - "<X_GDC_AUTHTT>"
      X-Gdc-Request:
      - 4RpOKkCnMdNXtuJJ0TGBhg:ennCcnKtbgpTA_Tg_8TRyA
      Host:
      - staging3-lcm-prod.intgdc.com
  response:
    status:
      code: 204
      message: No Content
    headers:
      Location:
      - "/gdc/projects/lgx6j8kkugaayoxek5qcg69y1jbqszow/dataload/processes"
      X-Gdc-Log-Header:
      - ''
      Date:
      - Tue, 17 Jul 2018 10:06:24 GMT
      Server:
      - GoodData WebApp
      Cache-Control:
      - no-cache, no-store, must-revalidate
      X-Gdc-Request-Time:
      - '134'
      X-Gdc-Request:
      - 4RpOKkCnMdNXtuJJ0TGBhg:ennCcnKtbgpTA_Tg_8TRyA:Bvf6BMDdlvlmlAr4
      Vary:
      - origin
      Strict-Transport-Security:
      - max-age=10886400; includeSubDomains; preload;
    body:
      encoding: UTF-8
      string: ''
    http_version: 
  recorded_at: Tue, 17 Jul 2018 10:06:24 GMT
- request:
    method: delete
    uri: https://staging3-lcm-prod.intgdc.com/gdc/projects/lgx6j8kkugaayoxek5qcg69y1jbqszow
    body:
      encoding: US-ASCII
      string: ''
    headers:
      Accept:
      - application/json, application/zip
      Accept-Encoding:
      - gzip, deflate
      User-Agent:
      - gooddata-gem/1.2.0/x86_64-linux/2.3.6
      Content-Type:
      - application/json
      X-Gdc-Authtt:
      - "<X_GDC_AUTHTT>"
      X-Gdc-Request:
      - 4RpOKkCnMdNXtuJJ0TGBhg:gnzfsdWBy2ieGpClfvSMcg
      Host:
      - staging3-lcm-prod.intgdc.com
  response:
    status:
      code: 204
      message: No Content
    headers:
      Date:
      - Tue, 17 Jul 2018 10:06:25 GMT
      Server:
      - GoodData WebApp
      Keep-Alive:
      - timeout=5, max=100
      X-Gdc-Log-Header:
      - ''
      Cache-Control:
      - no-cache, no-store, must-revalidate
      X-Gdc-Request-Time:
      - '73'
      X-Gdc-Request:
      - 4RpOKkCnMdNXtuJJ0TGBhg:gnzfsdWBy2ieGpClfvSMcg:mQ4hJ01n3d8gOGoQ
      Vary:
      - origin
      Strict-Transport-Security:
      - max-age=10886400; includeSubDomains; preload;
    body:
      encoding: UTF-8
      string: ''
    http_version: 
  recorded_at: Tue, 17 Jul 2018 10:06:25 GMT
- request:
    method: get
    uri: https://staging3-lcm-prod.intgdc.com/gdc/account/profile/a4c644d7b42b65c34e5a0f46809f7164/channelConfigurations
    body:
      encoding: US-ASCII
      string: ''
    headers:
      Accept:
      - application/json, application/zip
      Accept-Encoding:
      - gzip, deflate
      User-Agent:
      - gooddata-gem/1.2.0/x86_64-linux/2.3.6
      Content-Type:
      - application/json
      X-Gdc-Authtt:
      - "<X_GDC_AUTHTT>"
      X-Gdc-Request:
      - 4RpOKkCnMdNXtuJJ0TGBhg:THWjkNxZ-inL41S6cN8p2Q
      Host:
      - staging3-lcm-prod.intgdc.com
  response:
    status:
      code: 200
      message: OK
    headers:
      X-Gdc-Log-Header:
      - ''
      Cache-Control:
      - no-cache, no-store, must-revalidate
      Content-Type:
      - application/json;charset=UTF-8
      Date:
      - Tue, 17 Jul 2018 10:06:25 GMT
      Server:
      - GoodData WebApp
      X-Gdc-Request:
      - 4RpOKkCnMdNXtuJJ0TGBhg:THWjkNxZ-inL41S6cN8p2Q:KXoi4z3Ve3ULofDs
      Vary:
      - origin
      X-Gdc-Request-Time:
      - '16'
      Transfer-Encoding:
      - chunked
      Strict-Transport-Security:
      - max-age=10886400; includeSubDomains; preload;
    body:
      encoding: ASCII-8BIT
      string: '{"channelConfigurations":{"items":[{"channelConfiguration":{"configuration":{"emailConfiguration":{"to":"rubydev+admin@gooddata.com"}},"meta":{"title":"rubydev+admin@gooddata.com","author":"/gdc/account/profile/a4c644d7b42b65c34e5a0f46809f7164","category":"channelConfiguration","updated":"2018-07-17
        12:05:54","created":"2018-07-17 12:05:54","uri":"/gdc/account/profile/a4c644d7b42b65c34e5a0f46809f7164/channelConfigurations/5b4dbf82e4b0d4b8a5c76a10"}}}]}}'
    http_version: 
  recorded_at: Tue, 17 Jul 2018 10:06:25 GMT
- request:
    method: delete
    uri: https://staging3-lcm-prod.intgdc.com/gdc/account/profile/a4c644d7b42b65c34e5a0f46809f7164/channelConfigurations/5b4dbf82e4b0d4b8a5c76a10
    body:
      encoding: US-ASCII
      string: ''
    headers:
      Accept:
      - application/json, application/zip
      Accept-Encoding:
      - gzip, deflate
      User-Agent:
      - gooddata-gem/1.2.0/x86_64-linux/2.3.6
      Content-Type:
      - application/json
      X-Gdc-Authtt:
      - "<X_GDC_AUTHTT>"
      X-Gdc-Request:
      - 4RpOKkCnMdNXtuJJ0TGBhg:-ahiW7nEup-uaDbgeN5sWA
      Host:
      - staging3-lcm-prod.intgdc.com
  response:
    status:
      code: 204
      message: No Content
    headers:
      X-Gdc-Log-Header:
      - ''
      Cache-Control:
      - no-cache, no-store, must-revalidate
      Date:
      - Tue, 17 Jul 2018 10:06:25 GMT
      Server:
      - GoodData WebApp
      X-Gdc-Request-Time:
      - '19'
      X-Gdc-Request:
      - 4RpOKkCnMdNXtuJJ0TGBhg:-ahiW7nEup-uaDbgeN5sWA:kL9w8uryeqfUHtxN
      Vary:
      - origin
      Strict-Transport-Security:
      - max-age=10886400; includeSubDomains; preload;
    body:
      encoding: UTF-8
      string: ''
    http_version: 
  recorded_at: Tue, 17 Jul 2018 10:06:26 GMT
- request:
    method: delete
    uri: https://staging3-lcm-prod.intgdc.com/gdc/account/login/a4c644d7b42b65c34e5a0f46809f7164
    body:
      encoding: US-ASCII
      string: ''
    headers:
      Accept:
      - application/json, application/zip
      Accept-Encoding:
      - gzip, deflate
      User-Agent:
      - gooddata-gem/1.2.0/x86_64-linux/2.3.6
      Content-Type:
      - application/json
      X-Gdc-Authtt:
      - "<X_GDC_AUTHTT>"
      X-Gdc-Request:
      - rLUQdFK9EzFTVUMnYoMATw:QHIzYV9Fm7sm_B8R_8zdUw
      X-Gdc-Authsst:
      - "<X_GDC_AUTHSST>"
      Host:
      - staging3-lcm-prod.intgdc.com
  response:
    status:
      code: 204
      message: No Content
    headers:
      X-Gdc-Log-Header:
      - ''
      Cache-Control:
      - no-cache, no-store, must-revalidate
      Date:
      - Tue, 17 Jul 2018 10:06:27 GMT
      Server:
      - GoodData WebApp
      X-Gdc-Request-Time:
      - '33'
      X-Gdc-Request:
      - rLUQdFK9EzFTVUMnYoMATw:QHIzYV9Fm7sm_B8R_8zdUw:qvsVxX1gNCSva0ae
      Vary:
      - origin
      Strict-Transport-Security:
      - max-age=10886400; includeSubDomains; preload;
    body:
      encoding: UTF-8
      string: ''
    http_version: 
  recorded_at: Tue, 17 Jul 2018 10:06:27 GMT
- request:
    method: post
    uri: https://staging2-lcm-prod.intgdc.com/gdc/account/login
    body:
      encoding: UTF-8
      string: '{"postUserLogin":{"login":"rubydev+admin@gooddata.com","password":"<PASSWORD>","remember":1,"verify_level":2}}'
    headers:
      Accept:
      - application/json, application/zip
      Accept-Encoding:
      - gzip, deflate
      User-Agent:
      - gooddata-gem/1.3.1/x86_64-darwin16/2.3.3
      Content-Type:
      - application/json
      X-Gdc-Authtt:
      - ''
      X-Gdc-Request:
      - a0VAqWVlTouep8-ovBrz2A:fK6yOZ7Cms8DiTODvDevww
      Dont-Reauth:
      - 'true'
      Content-Length:
      - '110'
      Host:
      - staging2-lcm-prod.intgdc.com
  response:
    status:
      code: 200
      message: OK
    headers:
      X-Gdc-Authsst:
      - "<X_GDC_AUTHSST>"
      X-Gdc-Authtt:
      - "<X_GDC_AUTHTT>"
      Expires:
      - Thu, 01 Jan 1970 00:00:00 GMT
      Cache-Control:
      - no-store, no-cache, must-revalidate, max-age=0
      Pragma:
      - no-cache
      P3p:
      - CP='IDC DSP COR ADM DEVi TAIi PSA PSD IVAi IVDi CONi HIS OUR IND CNT'
      X-Gdc-Log-Header:
      - ''
      Content-Type:
      - application/json;charset=UTF-8
      Date:
      - Fri, 05 Oct 2018 13:50:09 GMT
      Server:
      - GoodData WebApp
      X-Gdc-Request:
      - a0VAqWVlTouep8-ovBrz2A:fK6yOZ7Cms8DiTODvDevww:8kDECd4JqzM9kSrf
      Vary:
      - origin
      X-Gdc-Request-Time:
      - '29'
      Transfer-Encoding:
      - chunked
      Strict-Transport-Security:
      - max-age=10886400; includeSubDomains; preload;
    body:
      encoding: ASCII-8BIT
      string: '{"userLogin":{"profile":"/gdc/account/profile/5ad80b895edcc438e5a4418e222733fa","state":"/gdc/account/login/5ad80b895edcc438e5a4418e222733fa","token":"<TOKEN>"}}'
    http_version: 
  recorded_at: Fri, 05 Oct 2018 13:50:10 GMT
- request:
    method: get
    uri: https://staging2-lcm-prod.intgdc.com/gdc/account/token
    body:
      encoding: US-ASCII
      string: ''
    headers:
      Accept:
      - application/json, application/zip
      Accept-Encoding:
      - gzip, deflate
      User-Agent:
      - gooddata-gem/1.3.1/x86_64-darwin16/2.3.3
      Content-Type:
      - application/json
      X-Gdc-Authtt:
      - "<X_GDC_AUTHTT>"
      X-Gdc-Request:
      - a0VAqWVlTouep8-ovBrz2A:ODmtuwA8GPCUtnbajK7nbA
      X-Gdc-Authsst:
      - "<X_GDC_AUTHSST>"
      Dont-Reauth:
      - 'true'
      Host:
      - staging2-lcm-prod.intgdc.com
  response:
    status:
      code: 200
      message: OK
    headers:
      Expires:
      - Thu, 01 Jan 1970 00:00:00 GMT
      Cache-Control:
      - no-store, no-cache, must-revalidate, max-age=0
      Pragma:
      - no-cache
      P3p:
      - CP='IDC DSP COR ADM DEVi TAIi PSA PSD IVAi IVDi CONi HIS OUR IND CNT'
      X-Gdc-Authtt:
      - "<X_GDC_AUTHTT>"
      X-Gdc-Log-Header:
      - ''
      Content-Type:
      - application/json
      Date:
      - Fri, 05 Oct 2018 13:50:10 GMT
      Server:
      - GoodData WebApp
      X-Gdc-Request:
      - a0VAqWVlTouep8-ovBrz2A:ODmtuwA8GPCUtnbajK7nbA:2fXFUks8VTPvOZpU
      Vary:
      - origin
      X-Gdc-Request-Time:
      - '17'
      Transfer-Encoding:
      - chunked
      Strict-Transport-Security:
      - max-age=10886400; includeSubDomains; preload;
    body:
      encoding: ASCII-8BIT
      string: '{"userToken":{"token":"<TOKEN>"}}'
    http_version: 
  recorded_at: Fri, 05 Oct 2018 13:50:10 GMT
- request:
    method: get
    uri: https://staging2-lcm-prod.intgdc.com/gdc/account/profile/5ad80b895edcc438e5a4418e222733fa
    body:
      encoding: US-ASCII
      string: ''
    headers:
      Accept:
      - application/json, application/zip
      Accept-Encoding:
      - gzip, deflate
      User-Agent:
      - gooddata-gem/1.3.1/x86_64-darwin16/2.3.3
      Content-Type:
      - application/json
      X-Gdc-Authtt:
      - "<X_GDC_AUTHTT>"
      X-Gdc-Request:
      - a0VAqWVlTouep8-ovBrz2A:BXrzLOX7Vt8HglLnWmmMBg
      Host:
      - staging2-lcm-prod.intgdc.com
  response:
    status:
      code: 200
      message: OK
    headers:
      Date:
      - Fri, 05 Oct 2018 13:50:11 GMT
      Server:
      - GoodData WebApp
      Keep-Alive:
      - timeout=5, max=100
      X-Gdc-Log-Header:
      - ''
      Cache-Control:
      - no-cache, no-store, must-revalidate
      Content-Type:
      - application/json;charset=UTF-8
      X-Gdc-Request:
      - a0VAqWVlTouep8-ovBrz2A:BXrzLOX7Vt8HglLnWmmMBg:MsCZlmr5f3SzmCZO
      Vary:
      - origin
      X-Gdc-Request-Time:
      - '54'
      Transfer-Encoding:
      - chunked
      Strict-Transport-Security:
      - max-age=10886400; includeSubDomains; preload;
    body:
      encoding: ASCII-8BIT
      string: '{"accountSetting":{"position":null,"effectiveIpWhitelist":null,"email":"rubydev+admin@gooddata.com","updated":"2018-10-05
        15:37:41","lastName":"1","phoneNumber":"","links":{"auditEvents":"/gdc/account/profile/5ad80b895edcc438e5a4418e222733fa/auditEvents","domain":"/gdc/domains/staging2-lcm-prod","self":"/gdc/account/profile/5ad80b895edcc438e5a4418e222733fa","projects":"/gdc/account/profile/5ad80b895edcc438e5a4418e222733fa/projects"},"firstName":"the","country":null,"ssoProvider":"test-ruby","timezone":null,"language":"en-US","ipWhitelist":null,"companyName":"","authenticationModes":["PASSWORD","SSO"],"login":"rubydev+admin@gooddata.com","created":"2017-02-10
        12:18:01"}}'
    http_version: 
  recorded_at: Fri, 05 Oct 2018 13:50:11 GMT
- request:
    method: get
    uri: https://staging2-lcm-prod.intgdc.com/gdc
    body:
      encoding: US-ASCII
      string: ''
    headers:
      Accept:
      - application/json, application/zip
      Accept-Encoding:
      - gzip, deflate
      User-Agent:
      - gooddata-gem/1.3.1/x86_64-darwin16/2.3.3
      Content-Type:
      - application/json
      X-Gdc-Authtt:
      - "<X_GDC_AUTHTT>"
      X-Gdc-Request:
      - a0VAqWVlTouep8-ovBrz2A:_d83HOhU5MaJNf_kRQaWaA
      Host:
      - staging2-lcm-prod.intgdc.com
  response:
    status:
      code: 200
      message: OK
    headers:
      Date:
      - Fri, 05 Oct 2018 13:50:11 GMT
      Server:
      - GoodData WebApp
      Keep-Alive:
      - timeout=5, max=99
      X-Gdc-Log-Header:
      - ''
      Cache-Control:
      - no-cache, no-store, must-revalidate
      Content-Type:
      - application/json;charset=UTF-8
      Transfer-Encoding:
      - chunked
      Vary:
      - Accept-Encoding
      - origin
      X-Gdc-Request:
      - a0VAqWVlTouep8-ovBrz2A:_d83HOhU5MaJNf_kRQaWaA:ehGaiCc7Bu8brPnI
      X-Gdc-Request-Time:
      - '25'
      Strict-Transport-Security:
      - max-age=10886400; includeSubDomains; preload;
    body:
      encoding: ASCII-8BIT
      string: '{"about":{"summary":"Use links to navigate the services.","category":"GoodData
        API root","links":[{"link":"/gdc/","summary":"","category":"home","title":"home"},{"link":"/gdc/account/token","summary":"Temporary
        token generator.","category":"token","title":"token"},{"link":"/gdc/account/login","summary":"Authentication
        service.","category":"login","title":"login"},{"link":"/gdc/md","summary":"Metadata
        resources.","category":"md","title":"metadata"},{"link":"/gdc/xtab2","summary":"Report
        execution resource.","category":"xtab","title":"xtab"},{"link":"/gdc/exporter","summary":"Report
        exporting resource.","category":"report-exporter","title":"exporter"},{"link":"/gdc/account","summary":"Resource
        for logged in account manipulation.","category":"account","title":"account"},{"link":"/gdc/projects","summary":"Resource
        for user and project management.","category":"projects","title":"projects"},{"link":"/gdc/tool","summary":"Miscellaneous
        resources.","category":"tool","title":"tool"},{"link":"/gdc/releaseInfo","summary":"Release
        information.","category":"releaseInfo","title":"releaseInfo"},{"link":"/gdc/uploads","summary":"User
        data staging area.","category":"uploads","title":"user-uploads"}]}}'
    http_version: 
  recorded_at: Fri, 05 Oct 2018 13:50:11 GMT
- request:
    method: post
    uri: https://staging2-lcm-prod.intgdc.com/gdc/projects
    body:
      encoding: UTF-8
      string: '{"project":{"meta":{"summary":"No summary","title":"Project for schedule
        testing"},"content":{"guidedNavigation":1,"driver":"Pg","environment":"TESTING","authorizationToken":"<AUTHORIZATION_TOKEN>"}}}'
    headers:
      Accept:
      - application/json, application/zip
      Accept-Encoding:
      - gzip, deflate
      User-Agent:
      - gooddata-gem/1.3.1/x86_64-darwin16/2.3.3
      Content-Type:
      - application/json
      X-Gdc-Authtt:
      - "<X_GDC_AUTHTT>"
      X-Gdc-Request:
      - a0VAqWVlTouep8-ovBrz2A:Jj37ZlHICYqrYlQxV50ZrQ
      Content-Length:
      - '191'
      Host:
      - staging2-lcm-prod.intgdc.com
  response:
    status:
      code: 200
      message: OK
    headers:
      Date:
      - Fri, 05 Oct 2018 13:50:12 GMT
      Server:
      - GoodData WebApp
      Keep-Alive:
      - timeout=5, max=99
      X-Gdc-Log-Header:
      - ''
      Cache-Control:
      - no-cache, no-store, must-revalidate
      Content-Type:
      - application/json;charset=UTF-8
      X-Gdc-Request:
      - a0VAqWVlTouep8-ovBrz2A:Jj37ZlHICYqrYlQxV50ZrQ:UGKkYyGdWnRZ5B4s
      Vary:
      - origin
      X-Gdc-Request-Time:
      - '393'
      Transfer-Encoding:
      - chunked
      Strict-Transport-Security:
      - max-age=10886400; includeSubDomains; preload;
    body:
      encoding: ASCII-8BIT
      string: '{"uri":"/gdc/projects/aqojx10gucsew0lsksoqwsbdefyikn1p"}'
    http_version: 
  recorded_at: Fri, 05 Oct 2018 13:50:12 GMT
- request:
    method: get
    uri: https://staging2-lcm-prod.intgdc.com/gdc/projects/aqojx10gucsew0lsksoqwsbdefyikn1p
    body:
      encoding: US-ASCII
      string: ''
    headers:
      Accept:
      - application/json, application/zip
      Accept-Encoding:
      - gzip, deflate
      User-Agent:
      - gooddata-gem/1.3.1/x86_64-darwin16/2.3.3
      Content-Type:
      - application/json
      X-Gdc-Authtt:
      - "<X_GDC_AUTHTT>"
      X-Gdc-Request:
      - a0VAqWVlTouep8-ovBrz2A:PV8kn1ARYGbrvL_MUt0I7g
      Host:
      - staging2-lcm-prod.intgdc.com
  response:
    status:
      code: 200
      message: OK
    headers:
      Date:
      - Fri, 05 Oct 2018 13:50:13 GMT
      Server:
      - GoodData WebApp
      Keep-Alive:
      - timeout=5, max=100
      X-Gdc-Log-Header:
      - ''
      Cache-Control:
      - no-cache, no-store, must-revalidate
      Content-Type:
      - application/json;charset=UTF-8
      Transfer-Encoding:
      - chunked
      Vary:
      - Accept-Encoding
      - origin
      X-Gdc-Request:
      - a0VAqWVlTouep8-ovBrz2A:PV8kn1ARYGbrvL_MUt0I7g:uk0y9vZChBAWUSR0
      X-Gdc-Request-Time:
      - '86'
      Strict-Transport-Security:
      - max-age=10886400; includeSubDomains; preload;
    body:
      encoding: ASCII-8BIT
      string: '{"project":{"content":{"environment":"TESTING","cluster":"","guidedNavigation":"1","isPublic":"0","driver":"Pg","state":"PREPARING"},"links":{"ldm_thumbnail":"/gdc/projects/aqojx10gucsew0lsksoqwsbdefyikn1p/ldm?thumbnail=1","self":"/gdc/projects/aqojx10gucsew0lsksoqwsbdefyikn1p","clearCaches":"/gdc/projects/aqojx10gucsew0lsksoqwsbdefyikn1p/clearCaches","invitations":"/gdc/projects/aqojx10gucsew0lsksoqwsbdefyikn1p/invitations","users":"/gdc/projects/aqojx10gucsew0lsksoqwsbdefyikn1p/users?link=1&offset=0&limit=100","uploads":"/gdc/projects/aqojx10gucsew0lsksoqwsbdefyikn1p/uploads/","ldm":"/gdc/projects/aqojx10gucsew0lsksoqwsbdefyikn1p/ldm","metadata":"/gdc/md/aqojx10gucsew0lsksoqwsbdefyikn1p","publicartifacts":"/gdc/projects/aqojx10gucsew0lsksoqwsbdefyikn1p/publicartifacts","roles":"/gdc/projects/aqojx10gucsew0lsksoqwsbdefyikn1p/roles","userRoles":"/gdc/projects/aqojx10gucsew0lsksoqwsbdefyikn1p/users/5ad80b895edcc438e5a4418e222733fa/roles","userPermissions":"/gdc/projects/aqojx10gucsew0lsksoqwsbdefyikn1p/users/5ad80b895edcc438e5a4418e222733fa/permissions","dataload":"/gdc/projects/aqojx10gucsew0lsksoqwsbdefyikn1p/dataload","connectors":"/gdc/projects/aqojx10gucsew0lsksoqwsbdefyikn1p/connectors","execute":"/gdc/projects/aqojx10gucsew0lsksoqwsbdefyikn1p/execute","config":"/gdc/projects/aqojx10gucsew0lsksoqwsbdefyikn1p/config","projectFeatureFlags":"/gdc/projects/aqojx10gucsew0lsksoqwsbdefyikn1p/projectFeatureFlags","schedules":"/gdc/projects/aqojx10gucsew0lsksoqwsbdefyikn1p/schedules","templates":"/gdc/md/aqojx10gucsew0lsksoqwsbdefyikn1p/templates"},"meta":{"created":"2018-10-05
        15:50:12","summary":"No summary","updated":"2018-10-05 15:50:12","author":"/gdc/account/profile/5ad80b895edcc438e5a4418e222733fa","title":"Project
        for schedule testing","contributor":"/gdc/account/profile/5ad80b895edcc438e5a4418e222733fa"}}}'
    http_version: 
  recorded_at: Fri, 05 Oct 2018 13:50:13 GMT
- request:
    method: get
    uri: https://staging2-lcm-prod.intgdc.com/gdc/projects/aqojx10gucsew0lsksoqwsbdefyikn1p
    body:
      encoding: US-ASCII
      string: ''
    headers:
      Accept:
      - application/json, application/zip
      Accept-Encoding:
      - gzip, deflate
      User-Agent:
      - gooddata-gem/1.3.1/x86_64-darwin16/2.3.3
      Content-Type:
      - application/json
      X-Gdc-Authtt:
      - "<X_GDC_AUTHTT>"
      X-Gdc-Request:
      - a0VAqWVlTouep8-ovBrz2A:yfmQNYgnW-Cr5u19tPc4TQ
      Host:
      - staging2-lcm-prod.intgdc.com
  response:
    status:
      code: 200
      message: OK
    headers:
      Date:
      - Fri, 05 Oct 2018 13:50:16 GMT
      Server:
      - GoodData WebApp
      Keep-Alive:
      - timeout=5, max=98
      X-Gdc-Log-Header:
      - ''
      Cache-Control:
      - no-cache, no-store, must-revalidate
      Content-Type:
      - application/json;charset=UTF-8
      Transfer-Encoding:
      - chunked
      Vary:
      - Accept-Encoding
      - origin
      X-Gdc-Request:
      - a0VAqWVlTouep8-ovBrz2A:yfmQNYgnW-Cr5u19tPc4TQ:jdo7UJIU3PCCPJ4u
      X-Gdc-Request-Time:
      - '63'
      Strict-Transport-Security:
      - max-age=10886400; includeSubDomains; preload;
    body:
      encoding: ASCII-8BIT
      string: '{"project":{"content":{"environment":"TESTING","cluster":"","authorizationToken":"<AUTHORIZATION_TOKEN>","guidedNavigation":"1","isPublic":"0","driver":"Pg","state":"ENABLED"},"links":{"ldm_thumbnail":"/gdc/projects/aqojx10gucsew0lsksoqwsbdefyikn1p/ldm?thumbnail=1","self":"/gdc/projects/aqojx10gucsew0lsksoqwsbdefyikn1p","clearCaches":"/gdc/projects/aqojx10gucsew0lsksoqwsbdefyikn1p/clearCaches","invitations":"/gdc/projects/aqojx10gucsew0lsksoqwsbdefyikn1p/invitations","users":"/gdc/projects/aqojx10gucsew0lsksoqwsbdefyikn1p/users?link=1&offset=0&limit=100","uploads":"/gdc/projects/aqojx10gucsew0lsksoqwsbdefyikn1p/uploads/","ldm":"/gdc/projects/aqojx10gucsew0lsksoqwsbdefyikn1p/ldm","metadata":"/gdc/md/aqojx10gucsew0lsksoqwsbdefyikn1p","publicartifacts":"/gdc/projects/aqojx10gucsew0lsksoqwsbdefyikn1p/publicartifacts","roles":"/gdc/projects/aqojx10gucsew0lsksoqwsbdefyikn1p/roles","userRoles":"/gdc/projects/aqojx10gucsew0lsksoqwsbdefyikn1p/users/5ad80b895edcc438e5a4418e222733fa/roles","userPermissions":"/gdc/projects/aqojx10gucsew0lsksoqwsbdefyikn1p/users/5ad80b895edcc438e5a4418e222733fa/permissions","dataload":"/gdc/projects/aqojx10gucsew0lsksoqwsbdefyikn1p/dataload","connectors":"/gdc/projects/aqojx10gucsew0lsksoqwsbdefyikn1p/connectors","execute":"/gdc/projects/aqojx10gucsew0lsksoqwsbdefyikn1p/execute","config":"/gdc/projects/aqojx10gucsew0lsksoqwsbdefyikn1p/config","projectFeatureFlags":"/gdc/projects/aqojx10gucsew0lsksoqwsbdefyikn1p/projectFeatureFlags","schedules":"/gdc/projects/aqojx10gucsew0lsksoqwsbdefyikn1p/schedules","templates":"/gdc/md/aqojx10gucsew0lsksoqwsbdefyikn1p/templates"},"meta":{"created":"2018-10-05
        15:50:12","summary":"No summary","updated":"2018-10-05 15:50:13","author":"/gdc/account/profile/5ad80b895edcc438e5a4418e222733fa","title":"Project
        for schedule testing","contributor":"/gdc/account/profile/5ad80b895edcc438e5a4418e222733fa"}}}'
    http_version: 
  recorded_at: Fri, 05 Oct 2018 13:50:16 GMT
- request:
    method: get
    uri: https://staging2-lcm-prod.intgdc.com/gdc
    body:
      encoding: US-ASCII
      string: ''
    headers:
      Accept:
      - application/json, application/zip
      Accept-Encoding:
      - gzip, deflate
      User-Agent:
      - gooddata-gem/1.3.1/x86_64-darwin16/2.3.3
      Content-Type:
      - application/json
      X-Gdc-Authtt:
      - "<X_GDC_AUTHTT>"
      X-Gdc-Request:
      - a0VAqWVlTouep8-ovBrz2A:tgD5tsanhpvQJTqrj6h0Yg
      Host:
      - staging2-lcm-prod.intgdc.com
  response:
    status:
      code: 200
      message: OK
    headers:
      Date:
      - Fri, 05 Oct 2018 13:50:20 GMT
      Server:
      - GoodData WebApp
      Keep-Alive:
      - timeout=5, max=100
      X-Gdc-Log-Header:
      - ''
      Cache-Control:
      - no-cache, no-store, must-revalidate
      Content-Type:
      - application/json;charset=UTF-8
      Transfer-Encoding:
      - chunked
      Vary:
      - Accept-Encoding
      - origin
      X-Gdc-Request:
      - a0VAqWVlTouep8-ovBrz2A:tgD5tsanhpvQJTqrj6h0Yg:m5brG7zewPKbKwC9
      X-Gdc-Request-Time:
      - '60'
      Strict-Transport-Security:
      - max-age=10886400; includeSubDomains; preload;
    body:
      encoding: ASCII-8BIT
      string: '{"about":{"summary":"Use links to navigate the services.","category":"GoodData
        API root","links":[{"link":"/gdc/","summary":"","category":"home","title":"home"},{"link":"/gdc/account/token","summary":"Temporary
        token generator.","category":"token","title":"token"},{"link":"/gdc/account/login","summary":"Authentication
        service.","category":"login","title":"login"},{"link":"/gdc/md","summary":"Metadata
        resources.","category":"md","title":"metadata"},{"link":"/gdc/xtab2","summary":"Report
        execution resource.","category":"xtab","title":"xtab"},{"link":"/gdc/exporter","summary":"Report
        exporting resource.","category":"report-exporter","title":"exporter"},{"link":"/gdc/account","summary":"Resource
        for logged in account manipulation.","category":"account","title":"account"},{"link":"/gdc/projects","summary":"Resource
        for user and project management.","category":"projects","title":"projects"},{"link":"/gdc/tool","summary":"Miscellaneous
        resources.","category":"tool","title":"tool"},{"link":"/gdc/releaseInfo","summary":"Release
        information.","category":"releaseInfo","title":"releaseInfo"},{"link":"/gdc/uploads","summary":"User
        data staging area.","category":"uploads","title":"user-uploads"}]}}'
    http_version: 
  recorded_at: Fri, 05 Oct 2018 13:50:20 GMT
- request:
    method: put
    uri: https://staging2-lcm-prod.intgdc.com/gdc/uploads/deploy-graph-archive20181005-57340-1imeaz9.zip
    body:
      encoding: ASCII-8BIT
      string: !binary |-
        UEsDBBQAAAAAAEl+RU0AAAAAAAAAAAAAAAALAAAAZGVlcF9maWxlcy9QSwME
        FAAAAAgASX5FTcZjmvcaAAAAGAAAABkAAABkZWVwX2ZpbGVzL2RlZXBfc3R1
        ZmYudHh080jNyclXCCpNqlRIK8rPVSjJSFVISU0tAABQSwMEFAAAAAgASX5F
        TcVouWjMAAAAKAEAAAoAAABwcm9jZXNzLnJibY4/T8NADMX3fIonZWg75GhZ
        QGzQP6hSxdIyo+jO15wUnSOfg8i3r0uFYGCxbL+f33MNyp5DyucnvJ92zWNV
        VzXWPEySzp1i7he4X66WjZUHvDKHTautATKwtJo4Ozz3Pb7pAqFC8knBmcmp
        SwWFR/EEiyDY2CdPuVDAmAMJtCO8HDdN0amnHxGRTUXKV9l8Dvv19u24RUzG
        3LYQZkVIQl5ZJnC07W+aCpGrqmG0j3Z25YTaMJ+5u6JjjE6/dLb4Rw1Ew8c1
        pdzav/QFUEsDBBQAAAAIAEl+RU38QvrDFgAAABQAAAAJAAAAc3R1ZmYudHh0
        80jNyclXCCpNqlRIrUhNLi3JLyoGAFBLAQI0AxQAAAAAAEl+RU0AAAAAAAAA
        AAAAAAALAAAAAAAAAAEAAADtQQAAAABkZWVwX2ZpbGVzL1BLAQI0AxQAAAAI
        AEl+RU3GY5r3GgAAABgAAAAZAAAAAAAAAAEAAACkgSkAAABkZWVwX2ZpbGVz
        L2RlZXBfc3R1ZmYudHh0UEsBAjQDFAAAAAgASX5FTcVouWjMAAAAKAEAAAoA
        AAAAAAAAAQAAAKSBegAAAHByb2Nlc3MucmJQSwECNAMUAAAACABJfkVN/EL6
        wxYAAAAUAAAACQAAAAAAAAABAAAApIFuAQAAc3R1ZmYudHh0UEsFBgAAAAAE
        AAQA7wAAAKsBAAAAAA==
    headers:
      Accept:
      - "*/*"
      Accept-Encoding:
      - gzip, deflate
      User-Agent:
      - gooddata-gem/1.3.1/x86_64-darwin16/2.3.3
      X-Gdc-Authtt:
      - "<X_GDC_AUTHTT>"
      Content-Length:
      - '688'
      Host:
      - staging2-lcm-prod.intgdc.com
  response:
    status:
      code: 201
      message: Created
    headers:
      Date:
      - Fri, 05 Oct 2018 13:50:20 GMT
      Server:
      - Apache
      Location:
      - https://staging2-lcm-prod.intgdc.com/gdc/uploads/deploy-graph-archive20181005-57340-1imeaz9.zip
      Content-Security-Policy:
      - frame-ancestors 'none'
      X-Frame-Options:
      - DENY
      X-Content-Type-Options:
      - nosniff
      Content-Length:
      - '231'
      Content-Type:
      - text/html; charset=ISO-8859-1
      Strict-Transport-Security:
      - max-age=10886400; includeSubDomains; preload;
    body:
      encoding: UTF-8
      string: |
        <!DOCTYPE HTML PUBLIC "-//IETF//DTD HTML 2.0//EN">
        <html><head>
        <title>201 Created</title>
        </head><body>
        <h1>Created</h1>
        <p>Resource /gdc/uploads/deploy-graph-archive20181005-57340-1imeaz9.zip has been created.</p>
        </body></html>
    http_version: 
  recorded_at: Fri, 05 Oct 2018 13:50:20 GMT
- request:
    method: post
    uri: https://staging2-lcm-prod.intgdc.com/gdc/projects/aqojx10gucsew0lsksoqwsbdefyikn1p/dataload/processes
    body:
      encoding: UTF-8
      string: '{"process":{"name":"Test ETL Process (Ruby)","path":"/uploads/deploy-graph-archive20181005-57340-1imeaz9.zip","type":"RUBY"}}'
    headers:
      Accept:
      - application/json, application/zip
      Accept-Encoding:
      - gzip, deflate
      User-Agent:
      - gooddata-gem/1.3.1/x86_64-darwin16/2.3.3
      Content-Type:
      - application/json
      X-Gdc-Authtt:
      - "<X_GDC_AUTHTT>"
      X-Gdc-Request:
      - a0VAqWVlTouep8-ovBrz2A:28my9We_rg71ybV1MKpFSA
      Content-Length:
      - '125'
      Host:
      - staging2-lcm-prod.intgdc.com
  response:
    status:
      code: 201
      message: Created
    headers:
      Location:
      - "/gdc/projects/aqojx10gucsew0lsksoqwsbdefyikn1p/dataload/processes/e94851c4-d1d5-4d83-80bf-a5adbe35e724"
      X-Gdc-Log-Header:
      - ''
      Date:
      - Fri, 05 Oct 2018 13:50:21 GMT
      Server:
      - GoodData WebApp
      Cache-Control:
      - no-cache, no-store, must-revalidate
      Content-Type:
      - application/json;charset=UTF-8
      X-Gdc-Request:
      - a0VAqWVlTouep8-ovBrz2A:28my9We_rg71ybV1MKpFSA:nzG8fPVGjzfozI3B
      Vary:
      - origin
      X-Gdc-Request-Time:
      - '600'
      Transfer-Encoding:
      - chunked
      Strict-Transport-Security:
      - max-age=10886400; includeSubDomains; preload;
    body:
      encoding: ASCII-8BIT
      string: '{"process":{"type":"RUBY","name":"Test ETL Process (Ruby)","graphs":["process.rb"],"executables":["process.rb"],"lastDeployed":"2018-10-05T13:50:22.013Z","ownerLogin":"rubydev+admin@gooddata.com","links":{"self":"/gdc/projects/aqojx10gucsew0lsksoqwsbdefyikn1p/dataload/processes/e94851c4-d1d5-4d83-80bf-a5adbe35e724","executions":"/gdc/projects/aqojx10gucsew0lsksoqwsbdefyikn1p/dataload/processes/e94851c4-d1d5-4d83-80bf-a5adbe35e724/executions","source":"/gdc/projects/aqojx10gucsew0lsksoqwsbdefyikn1p/dataload/processes/e94851c4-d1d5-4d83-80bf-a5adbe35e724/source"}}}'
    http_version: 
  recorded_at: Fri, 05 Oct 2018 13:50:22 GMT
- request:
    method: get
    uri: https://staging2-lcm-prod.intgdc.com/gdc
    body:
      encoding: US-ASCII
      string: ''
    headers:
      Accept:
      - application/json, application/zip
      Accept-Encoding:
      - gzip, deflate
      User-Agent:
      - gooddata-gem/1.3.1/x86_64-darwin16/2.3.3
      Content-Type:
      - application/json
      X-Gdc-Authtt:
      - "<X_GDC_AUTHTT>"
      X-Gdc-Request:
      - a0VAqWVlTouep8-ovBrz2A:1EBZ9LUjBDR9vd6e0Ji49g
      Host:
      - staging2-lcm-prod.intgdc.com
  response:
    status:
      code: 200
      message: OK
    headers:
      Date:
      - Fri, 05 Oct 2018 13:50:22 GMT
      Server:
      - GoodData WebApp
      Keep-Alive:
      - timeout=5, max=99
      X-Gdc-Log-Header:
      - ''
      Cache-Control:
      - no-cache, no-store, must-revalidate
      Content-Type:
      - application/json;charset=UTF-8
      Transfer-Encoding:
      - chunked
      Vary:
      - Accept-Encoding
      - origin
      X-Gdc-Request:
      - a0VAqWVlTouep8-ovBrz2A:1EBZ9LUjBDR9vd6e0Ji49g:nU1fmVwN39cBTcxh
      X-Gdc-Request-Time:
      - '29'
      Strict-Transport-Security:
      - max-age=10886400; includeSubDomains; preload;
    body:
      encoding: ASCII-8BIT
      string: '{"about":{"summary":"Use links to navigate the services.","category":"GoodData
        API root","links":[{"link":"/gdc/","summary":"","category":"home","title":"home"},{"link":"/gdc/account/token","summary":"Temporary
        token generator.","category":"token","title":"token"},{"link":"/gdc/account/login","summary":"Authentication
        service.","category":"login","title":"login"},{"link":"/gdc/md","summary":"Metadata
        resources.","category":"md","title":"metadata"},{"link":"/gdc/xtab2","summary":"Report
        execution resource.","category":"xtab","title":"xtab"},{"link":"/gdc/exporter","summary":"Report
        exporting resource.","category":"report-exporter","title":"exporter"},{"link":"/gdc/account","summary":"Resource
        for logged in account manipulation.","category":"account","title":"account"},{"link":"/gdc/projects","summary":"Resource
        for user and project management.","category":"projects","title":"projects"},{"link":"/gdc/tool","summary":"Miscellaneous
        resources.","category":"tool","title":"tool"},{"link":"/gdc/releaseInfo","summary":"Release
        information.","category":"releaseInfo","title":"releaseInfo"},{"link":"/gdc/uploads","summary":"User
        data staging area.","category":"uploads","title":"user-uploads"}]}}'
    http_version: 
  recorded_at: Fri, 05 Oct 2018 13:50:22 GMT
- request:
    method: put
    uri: https://staging2-lcm-prod.intgdc.com/gdc/uploads/deploy-graph-archive20181005-57340-1sa4zwz.zip
    body:
      encoding: ASCII-8BIT
      string: !binary |-
        UEsDBBQAAAAAAEt+RU0AAAAAAAAAAAAAAAAFAAAAZGF0YS9QSwMEFAAAAAAA
        S35FTQAAAAAAAAAAAAAAAAwAAABkYXRhL3NvdXJjZS9QSwMEFAAAAAgAS35F
        TbAHc99MAAAAXQAAABcAAABkYXRhL3NvdXJjZS9jb21taXRzLmNzdsvJzEst
        jk/OSMxLT03RSc7Pzc0sKUlNic/P00lJLYvPTNEpSi3IB9JchjoGhvpAZGRg
        aKJjqGPIZQwWMIIIGOkYcZnqGJjCBYyBKgBQSwMEFAAAAAgAS35FTRMPBBU1
        AAAASwAAABQAAABkYXRhL3NvdXJjZS9kZXZzLmNzdktJLYvPTNFJzU3MzOEy
        1CnJz00sdkjPz09JSSxJ1EvOz+Uy0ilILSlCFTPWycosyk5EFQQAUEsDBBQA
        AAAIAEt+RU1QCGbSKQAAADAAAAAVAAAAZGF0YS9zb3VyY2UvcmVwb3MuY3N2
        K0otyI/PTNHJS8xN5TLUSc/PT0lJLEnUTU/N5TJCcAtyEkvS8otyuQBQSwME
        FAAAAAgAS35FTQAAAAACAAAAAAAAAAkAAABkZXZlbC5wcm0DAFBLAwQUAAAA
        AABLfkVNAAAAAAAAAAAAAAAABgAAAGdyYXBoL1BLAwQUAAAACABLfkVNjpd9
        cNUBAAAyAwAADwAAAGdyYXBoL2dyYXBoLmdyZnWRUW/aQAzH3/spLGsP28Mg
        gZQWRKgoYVWntUMptNsTOhIDJ5K76HKhQ1O/+5wDRNttShT5/jn757/dv/qV
        Z7AlU0qtQvQbHgKpRKdSrUKcTb98vsSrQf/GiGINorJrbUK0OhflRptEbBAS
        Q8JSGuKdVvC1ysAP+O153Z7vwSSaQsvzA4RVJR+PlHYj4GeCIDnND7zz9kUr
        6HS6QRshkwmpkqa7gkIc6Twnk0iRIeTc01L+DfIZFLwCHe9d7941qkTOJVe1
        EwRDW3m07COUa/3MsEIrUjYiK2RWcrqpCAdn/ZtML0TGwcTogozdwVJmNIu/
        hfiszaYsREKNwuR7Q25WE2EYZ8l42OTESCaWacLs6lPzVHAtSgJV5QviuXo1
        7F6nxCsQi6z2egjwRPzwOxpOh/OH77N4NJ5Ht/FLM+ExSVs2knLrBn3vnI4e
        HiEmkZJx4o8QO5cu+smmu/6+Wb40j8fDaBwjWDdzV/0gNf/fzxvMk5H2hDkP
        Wv/kPMW303ecg1RzxumKYGl0XgNfN9bzXLVrUmmhpbK8GCfEurL11O6EWgtr
        hdqT6jqcIdVEGxti/QUPPkr1CYEz3qosFJXlP1afsPumevvNNd2K3NLqvQ7O
        /gBQSwMEFAAAAAgAS35FTXcJ9zmtAQAARAMAAA0AAAB3b3Jrc3BhY2UucHJt
        fVLLbtswELzzKxZIgbRAIF16SQEfDEt1U9SVISuHnow1uZIYSyRB0o3bov/e
        lWT3kTg9CKBmdmeGy716ve4IA8GBv9BhaOE6vQbZokcZyQMGQHAYW1DU6V4P
        mDaAXTehwZHUtZYYtTXhBihpkhtYvEvvA/mQsqw32FP6aP0+OJSUOm8fSMY3
        QqzL4mO+qGaQiGxezbfZXTl79eOE/kwVRpyITXFfLvJLfBrswUuayqpy/nnz
        vihXFyujRxNq6/upeFkU2UuuaWOt+mNfrdaXFXsnluV8/eEp23h0rVjlz9V7
        YtEx51NmjCdWRZZ/etZkefZCiCtYcq6MrWEYpzYNnIY5UNlie+rY3mWgFZnI
        D0MBYksvNiZQncdCCtRYofltd7wRrrOoGNUm2lFkoAPFALb+vyjHAahOHTDG
        Z5XBZFwTMCQpBPTfgDH4/TATqajWRo9HzcvXBQt2F1EbjlJ727M1439ZfbEH
        kGiA29SYi6/PCfFcM+zrAJ9/pTWRjhF6MoeB25D/yludH/nCnnwi/h3l7Pjg
        TIu77zvjzK1sTGP6+nb/6HT7tnV7o38BUEsBAjQDFAAAAAAAS35FTQAAAAAA
        AAAAAAAAAAUAAAAAAAAAAQAAAO1BAAAAAGRhdGEvUEsBAjQDFAAAAAAAS35F
        TQAAAAAAAAAAAAAAAAwAAAAAAAAAAQAAAO1BIwAAAGRhdGEvc291cmNlL1BL
        AQI0AxQAAAAIAEt+RU2wB3PfTAAAAF0AAAAXAAAAAAAAAAEAAACkgU0AAABk
        YXRhL3NvdXJjZS9jb21taXRzLmNzdlBLAQI0AxQAAAAIAEt+RU0TDwQVNQAA
        AEsAAAAUAAAAAAAAAAEAAACkgc4AAABkYXRhL3NvdXJjZS9kZXZzLmNzdlBL
        AQI0AxQAAAAIAEt+RU1QCGbSKQAAADAAAAAVAAAAAAAAAAEAAACkgTUBAABk
        YXRhL3NvdXJjZS9yZXBvcy5jc3ZQSwECNAMUAAAACABLfkVNAAAAAAIAAAAA
        AAAACQAAAAAAAAABAAAApIGRAQAAZGV2ZWwucHJtUEsBAjQDFAAAAAAAS35F
        TQAAAAAAAAAAAAAAAAYAAAAAAAAAAQAAAO1BugEAAGdyYXBoL1BLAQI0AxQA
        AAAIAEt+RU2Ol31w1QEAADIDAAAPAAAAAAAAAAEAAACkgd4BAABncmFwaC9n
        cmFwaC5ncmZQSwECNAMUAAAACABLfkVNdwn3Oa0BAABEAwAADQAAAAAAAAAB
        AAAApIHgAwAAd29ya3NwYWNlLnBybVBLBQYAAAAACQAJABoCAAC4BQAAAAA=
    headers:
      Accept:
      - "*/*"
      Accept-Encoding:
      - gzip, deflate
      User-Agent:
      - gooddata-gem/1.3.1/x86_64-darwin16/2.3.3
      X-Gdc-Authtt:
      - "<X_GDC_AUTHTT>"
      Content-Length:
      - '2024'
      Host:
      - staging2-lcm-prod.intgdc.com
  response:
    status:
      code: 201
      message: Created
    headers:
      Date:
      - Fri, 05 Oct 2018 13:50:23 GMT
      Server:
      - Apache
      Location:
      - https://staging2-lcm-prod.intgdc.com/gdc/uploads/deploy-graph-archive20181005-57340-1sa4zwz.zip
      Content-Security-Policy:
      - frame-ancestors 'none'
      X-Frame-Options:
      - DENY
      X-Content-Type-Options:
      - nosniff
      Content-Length:
      - '231'
      Content-Type:
      - text/html; charset=ISO-8859-1
      Strict-Transport-Security:
      - max-age=10886400; includeSubDomains; preload;
    body:
      encoding: UTF-8
      string: |
        <!DOCTYPE HTML PUBLIC "-//IETF//DTD HTML 2.0//EN">
        <html><head>
        <title>201 Created</title>
        </head><body>
        <h1>Created</h1>
        <p>Resource /gdc/uploads/deploy-graph-archive20181005-57340-1sa4zwz.zip has been created.</p>
        </body></html>
    http_version: 
  recorded_at: Fri, 05 Oct 2018 13:50:23 GMT
- request:
    method: post
    uri: https://staging2-lcm-prod.intgdc.com/gdc/projects/aqojx10gucsew0lsksoqwsbdefyikn1p/dataload/processes
    body:
      encoding: UTF-8
      string: '{"process":{"name":"Test ETL Process (CC)","path":"/uploads/deploy-graph-archive20181005-57340-1sa4zwz.zip","type":"graph"}}'
    headers:
      Accept:
      - application/json, application/zip
      Accept-Encoding:
      - gzip, deflate
      User-Agent:
      - gooddata-gem/1.3.1/x86_64-darwin16/2.3.3
      Content-Type:
      - application/json
      X-Gdc-Authtt:
      - "<X_GDC_AUTHTT>"
      X-Gdc-Request:
      - a0VAqWVlTouep8-ovBrz2A:987jxBqQG6CGE0xqiqNXBQ
      Content-Length:
      - '124'
      Host:
      - staging2-lcm-prod.intgdc.com
  response:
    status:
      code: 201
      message: Created
    headers:
      Location:
      - "/gdc/projects/aqojx10gucsew0lsksoqwsbdefyikn1p/dataload/processes/9ab459b0-4b90-4ee4-bd2d-c3cabfb016d1"
      X-Gdc-Log-Header:
      - ''
      Date:
      - Fri, 05 Oct 2018 13:50:23 GMT
      Server:
      - GoodData WebApp
      Cache-Control:
      - no-cache, no-store, must-revalidate
      Content-Type:
      - application/json;charset=UTF-8
      X-Gdc-Request:
      - a0VAqWVlTouep8-ovBrz2A:987jxBqQG6CGE0xqiqNXBQ:iE43lRZChcs4PVDO
      Vary:
      - origin
      X-Gdc-Request-Time:
      - '168'
      Transfer-Encoding:
      - chunked
      Strict-Transport-Security:
      - max-age=10886400; includeSubDomains; preload;
    body:
      encoding: ASCII-8BIT
      string: '{"process":{"type":"GRAPH","name":"Test ETL Process (CC)","graphs":["graph/graph.grf"],"executables":["graph/graph.grf"],"lastDeployed":"2018-10-05T13:50:23.854Z","ownerLogin":"rubydev+admin@gooddata.com","links":{"self":"/gdc/projects/aqojx10gucsew0lsksoqwsbdefyikn1p/dataload/processes/9ab459b0-4b90-4ee4-bd2d-c3cabfb016d1","executions":"/gdc/projects/aqojx10gucsew0lsksoqwsbdefyikn1p/dataload/processes/9ab459b0-4b90-4ee4-bd2d-c3cabfb016d1/executions","source":"/gdc/projects/aqojx10gucsew0lsksoqwsbdefyikn1p/dataload/processes/9ab459b0-4b90-4ee4-bd2d-c3cabfb016d1/source"}}}'
    http_version: 
  recorded_at: Fri, 05 Oct 2018 13:50:23 GMT
- request:
    method: get
    uri: https://staging2-lcm-prod.intgdc.com/gdc/projects/aqojx10gucsew0lsksoqwsbdefyikn1p/schedules
    body:
      encoding: US-ASCII
      string: ''
    headers:
      Accept:
      - application/json, application/zip
      Accept-Encoding:
      - gzip, deflate
      User-Agent:
      - gooddata-gem/1.3.1/x86_64-darwin16/2.3.3
      Content-Type:
      - application/json
      X-Gdc-Authtt:
      - "<X_GDC_AUTHTT>"
      X-Gdc-Request:
      - a0VAqWVlTouep8-ovBrz2A:qZsCyIAxCOj00HQP1n7NIg
      Host:
      - staging2-lcm-prod.intgdc.com
  response:
    status:
      code: 200
      message: OK
    headers:
      X-Gdc-Log-Header:
      - ''
      Date:
      - Fri, 05 Oct 2018 13:54:26 GMT
      Server:
      - GoodData WebApp
      Cache-Control:
      - no-cache, no-store, must-revalidate
      Content-Type:
      - application/json;charset=UTF-8
      X-Gdc-Request:
      - a0VAqWVlTouep8-ovBrz2A:qZsCyIAxCOj00HQP1n7NIg:SbDr2XK2UX5QINXY
      Vary:
      - origin
      X-Gdc-Request-Time:
      - '18'
      Transfer-Encoding:
      - chunked
      Strict-Transport-Security:
      - max-age=10886400; includeSubDomains; preload;
    body:
      encoding: ASCII-8BIT
      string: '{"schedules":{"paging":{"offset":0,"count":0},"schedulesLink":"/gdc/projects/aqojx10gucsew0lsksoqwsbdefyikn1p/schedules","items":[]}}'
    http_version: 
  recorded_at: Fri, 05 Oct 2018 13:54:26 GMT
- request:
    method: get
    uri: https://staging2-lcm-prod.intgdc.com/gdc/projects/aqojx10gucsew0lsksoqwsbdefyikn1p/dataload/processes
    body:
      encoding: US-ASCII
      string: ''
    headers:
      Accept:
      - application/json, application/zip
      Accept-Encoding:
      - gzip, deflate
      User-Agent:
      - gooddata-gem/1.3.1/x86_64-darwin16/2.3.3
      Content-Type:
      - application/json
      X-Gdc-Authtt:
      - "<X_GDC_AUTHTT>"
      X-Gdc-Request:
      - a0VAqWVlTouep8-ovBrz2A:YTCeu-GmSlvTgaNb5Nanug
      Host:
      - staging2-lcm-prod.intgdc.com
  response:
    status:
      code: 200
      message: OK
    headers:
      X-Gdc-Log-Header:
      - ''
      Date:
      - Fri, 05 Oct 2018 13:54:26 GMT
      Server:
      - GoodData WebApp
      Cache-Control:
      - no-cache, no-store, must-revalidate
      Content-Type:
      - application/json;charset=UTF-8
      X-Gdc-Request:
      - a0VAqWVlTouep8-ovBrz2A:YTCeu-GmSlvTgaNb5Nanug:kTsEeTAGiEJouTLC
      Vary:
      - origin
      X-Gdc-Request-Time:
      - '80'
      Transfer-Encoding:
      - chunked
      Strict-Transport-Security:
      - max-age=10886400; includeSubDomains; preload;
    body:
      encoding: ASCII-8BIT
      string: '{"processes":{"items":[{"process":{"type":"GRAPH","name":"Test ETL
        Process (CC)","graphs":["graph/graph.grf"],"executables":["graph/graph.grf"],"lastDeployed":"2018-10-05T13:50:23.854Z","ownerLogin":"rubydev+admin@gooddata.com","links":{"self":"/gdc/projects/aqojx10gucsew0lsksoqwsbdefyikn1p/dataload/processes/9ab459b0-4b90-4ee4-bd2d-c3cabfb016d1","executions":"/gdc/projects/aqojx10gucsew0lsksoqwsbdefyikn1p/dataload/processes/9ab459b0-4b90-4ee4-bd2d-c3cabfb016d1/executions","source":"/gdc/projects/aqojx10gucsew0lsksoqwsbdefyikn1p/dataload/processes/9ab459b0-4b90-4ee4-bd2d-c3cabfb016d1/source"}}}],"links":{"self":"/gdc/projects/aqojx10gucsew0lsksoqwsbdefyikn1p/dataload/processes"}}}'
    http_version: 
  recorded_at: Fri, 05 Oct 2018 13:54:27 GMT
- request:
    method: delete
    uri: https://staging2-lcm-prod.intgdc.com/gdc/projects/aqojx10gucsew0lsksoqwsbdefyikn1p/dataload/processes/9ab459b0-4b90-4ee4-bd2d-c3cabfb016d1
    body:
      encoding: US-ASCII
      string: ''
    headers:
      Accept:
      - application/json, application/zip
      Accept-Encoding:
      - gzip, deflate
      User-Agent:
      - gooddata-gem/1.3.1/x86_64-darwin16/2.3.3
      Content-Type:
      - application/json
      X-Gdc-Authtt:
      - "<X_GDC_AUTHTT>"
      X-Gdc-Request:
      - a0VAqWVlTouep8-ovBrz2A:yIdHHUj8PKAe3EkVdQav4g
      Host:
      - staging2-lcm-prod.intgdc.com
  response:
    status:
      code: 204
      message: No Content
    headers:
      Location:
      - "/gdc/projects/aqojx10gucsew0lsksoqwsbdefyikn1p/dataload/processes"
      X-Gdc-Log-Header:
      - ''
      Date:
      - Fri, 05 Oct 2018 13:54:28 GMT
      Server:
      - GoodData WebApp
      Cache-Control:
      - no-cache, no-store, must-revalidate
      X-Gdc-Request-Time:
      - '135'
      X-Gdc-Request:
      - a0VAqWVlTouep8-ovBrz2A:yIdHHUj8PKAe3EkVdQav4g:g95kwPzju287iuWq
      Vary:
      - origin
      Strict-Transport-Security:
      - max-age=10886400; includeSubDomains; preload;
    body:
      encoding: UTF-8
      string: ''
    http_version: 
  recorded_at: Fri, 05 Oct 2018 13:54:28 GMT
- request:
    method: delete
    uri: https://staging2-lcm-prod.intgdc.com/gdc/projects/aqojx10gucsew0lsksoqwsbdefyikn1p
    body:
      encoding: US-ASCII
      string: ''
    headers:
      Accept:
      - application/json, application/zip
      Accept-Encoding:
      - gzip, deflate
      User-Agent:
      - gooddata-gem/1.3.1/x86_64-darwin16/2.3.3
      Content-Type:
      - application/json
      X-Gdc-Authtt:
      - "<X_GDC_AUTHTT>"
      X-Gdc-Request:
      - a0VAqWVlTouep8-ovBrz2A:R1NMHxnWMCyJy_YLez7Yjw
      Host:
      - staging2-lcm-prod.intgdc.com
  response:
    status:
      code: 204
      message: No Content
    headers:
      Date:
      - Fri, 05 Oct 2018 13:54:28 GMT
      Server:
      - GoodData WebApp
      Keep-Alive:
      - timeout=5, max=100
      X-Gdc-Log-Header:
      - ''
      Cache-Control:
      - no-cache, no-store, must-revalidate
      X-Gdc-Request-Time:
      - '88'
      X-Gdc-Request:
      - a0VAqWVlTouep8-ovBrz2A:R1NMHxnWMCyJy_YLez7Yjw:Ju6wdcNItYA04GCQ
      Vary:
      - origin
      Strict-Transport-Security:
      - max-age=10886400; includeSubDomains; preload;
    body:
      encoding: UTF-8
      string: ''
    http_version: 
  recorded_at: Fri, 05 Oct 2018 13:54:28 GMT
- request:
    method: get
    uri: https://staging2-lcm-prod.intgdc.com/gdc/account/profile/5ad80b895edcc438e5a4418e222733fa/channelConfigurations
    body:
      encoding: US-ASCII
      string: ''
    headers:
      Accept:
      - application/json, application/zip
      Accept-Encoding:
      - gzip, deflate
      User-Agent:
      - gooddata-gem/1.3.1/x86_64-darwin16/2.3.3
      Content-Type:
      - application/json
      X-Gdc-Authtt:
      - "<X_GDC_AUTHTT>"
      X-Gdc-Request:
      - a0VAqWVlTouep8-ovBrz2A:E4jNCc3K8B4ZlTICq0PVLg
      Host:
      - staging2-lcm-prod.intgdc.com
  response:
    status:
      code: 200
      message: OK
    headers:
      X-Gdc-Log-Header:
      - ''
      Cache-Control:
      - no-cache, no-store, must-revalidate
      Content-Type:
      - application/json;charset=UTF-8
      Date:
      - Fri, 05 Oct 2018 13:54:29 GMT
      Server:
      - GoodData WebApp
      X-Gdc-Request:
      - a0VAqWVlTouep8-ovBrz2A:E4jNCc3K8B4ZlTICq0PVLg:wGV3jYclsz89btv6
      Vary:
      - origin
      X-Gdc-Request-Time:
      - '14'
      Transfer-Encoding:
      - chunked
      Strict-Transport-Security:
      - max-age=10886400; includeSubDomains; preload;
    body:
      encoding: ASCII-8BIT
      string: '{"channelConfigurations":{"items":[{"channelConfiguration":{"configuration":{"emailConfiguration":{"to":"rubydev+admin@gooddata.com"}},"meta":{"title":"rubydev+admin@gooddata.com","author":"/gdc/account/profile/5ad80b895edcc438e5a4418e222733fa","category":"channelConfiguration","updated":"2018-10-05
        15:54:00","created":"2018-10-05 15:54:00","uri":"/gdc/account/profile/5ad80b895edcc438e5a4418e222733fa/channelConfigurations/5bb76cf8e4b0e91d902691c3"}}}]}}'
    http_version: 
  recorded_at: Fri, 05 Oct 2018 13:54:29 GMT
- request:
    method: delete
    uri: https://staging2-lcm-prod.intgdc.com/gdc/account/profile/5ad80b895edcc438e5a4418e222733fa/channelConfigurations/5bb76cf8e4b0e91d902691c3
    body:
      encoding: US-ASCII
      string: ''
    headers:
      Accept:
      - application/json, application/zip
      Accept-Encoding:
      - gzip, deflate
      User-Agent:
      - gooddata-gem/1.3.1/x86_64-darwin16/2.3.3
      Content-Type:
      - application/json
      X-Gdc-Authtt:
      - "<X_GDC_AUTHTT>"
      X-Gdc-Request:
      - a0VAqWVlTouep8-ovBrz2A:0vDRhvyayb8e09B_XQIf_g
      Host:
      - staging2-lcm-prod.intgdc.com
  response:
    status:
      code: 204
      message: No Content
    headers:
      X-Gdc-Log-Header:
      - ''
      Cache-Control:
      - no-cache, no-store, must-revalidate
      Date:
      - Fri, 05 Oct 2018 13:54:29 GMT
      Server:
      - GoodData WebApp
      X-Gdc-Request-Time:
      - '17'
      X-Gdc-Request:
      - a0VAqWVlTouep8-ovBrz2A:0vDRhvyayb8e09B_XQIf_g:jGaEf2nhzBu2Xz3t
      Vary:
      - origin
      Strict-Transport-Security:
      - max-age=10886400; includeSubDomains; preload;
    body:
      encoding: UTF-8
      string: ''
    http_version: 
  recorded_at: Fri, 05 Oct 2018 13:54:29 GMT
- request:
    method: delete
    uri: https://staging2-lcm-prod.intgdc.com/gdc/account/login/5ad80b895edcc438e5a4418e222733fa
    body:
      encoding: US-ASCII
      string: ''
    headers:
      Accept:
      - application/json, application/zip
      Accept-Encoding:
      - gzip, deflate
      User-Agent:
      - gooddata-gem/1.3.1/x86_64-darwin16/2.3.3
      Content-Type:
      - application/json
      X-Gdc-Authtt:
      - "<X_GDC_AUTHTT>"
      X-Gdc-Request:
      - 2bqVT75Q-hpg_jXydU2daw:WPDIcVUwXX3_ZOnYP4GZeQ
      X-Gdc-Authsst:
      - "<X_GDC_AUTHSST>"
      Host:
      - staging2-lcm-prod.intgdc.com
  response:
    status:
      code: 204
      message: No Content
    headers:
      X-Gdc-Log-Header:
      - ''
      Cache-Control:
      - no-cache, no-store, must-revalidate
      Date:
      - Fri, 05 Oct 2018 13:54:30 GMT
      Server:
      - GoodData WebApp
      X-Gdc-Request-Time:
      - '20'
      X-Gdc-Request:
      - 2bqVT75Q-hpg_jXydU2daw:WPDIcVUwXX3_ZOnYP4GZeQ:TwqIeaGplIuEd4bt
      Vary:
      - origin
      Strict-Transport-Security:
      - max-age=10886400; includeSubDomains; preload;
    body:
      encoding: UTF-8
      string: ''
    http_version: 
  recorded_at: Fri, 05 Oct 2018 13:54:30 GMT
recorded_with: VCR 4.0.0
