---
http_interactions:
- request:
    method: get
    uri: https://staging2-lcm-prod.intgdc.com/gdc/projects/iuykw7i9avrd0zf2n9ts5i7c48oeclti/schedules
    body:
      encoding: US-ASCII
      string: ''
    headers:
      Accept:
      - application/json, application/zip
      Accept-Encoding:
      - gzip, deflate
      User-Agent:
      - gooddata-gem/1.1.0/x86_64-linux/2.4.1
      Content-Type:
      - application/json
      X-Gdc-Authtt:
      - "<X_GDC_AUTHTT>"
      X-Gdc-Request:
      - RuaP0Eu51dppxrAckD6Erg:cfAAxbVU0ZvWfm32Elr32w
      Host:
      - staging2-lcm-prod.intgdc.com
  response:
    status:
      code: 200
      message: OK
    headers:
      X-Gdc-Log-Header:
      - ''
      Date:
      - Tue, 05 Jun 2018 08:10:13 GMT
      Server:
      - GoodData WebApp
      Accept-Ranges:
      - bytes
      Cache-Control:
      - no-cache, no-store, must-revalidate
      Content-Type:
      - application/json;charset=UTF-8
      X-Gdc-Request:
      - RuaP0Eu51dppxrAckD6Erg:cfAAxbVU0ZvWfm32Elr32w:2GjpQQ3XKSaj2aMl
      Vary:
      - origin
      X-Gdc-Request-Time:
      - '23'
      Transfer-Encoding:
      - chunked
      Strict-Transport-Security:
      - max-age=10886400; includeSubDomains; preload;
    body:
      encoding: ASCII-8BIT
      string: '{"schedules":{"paging":{"offset":0,"count":0},"schedulesLink":"/gdc/projects/iuykw7i9avrd0zf2n9ts5i7c48oeclti/schedules","items":[]}}'
    http_version: 
  recorded_at: Tue, 05 Jun 2018 08:10:14 GMT
- request:
    method: get
    uri: https://staging3-lcm-prod.intgdc.com/gdc/projects/lgx6j8kkugaayoxek5qcg69y1jbqszow/schedules
    body:
      encoding: US-ASCII
      string: ''
    headers:
      Accept:
      - application/json, application/zip
      Accept-Encoding:
      - gzip, deflate
      User-Agent:
      - gooddata-gem/1.2.0/x86_64-linux/2.3.6
      Content-Type:
      - application/json
      X-Gdc-Authtt:
      - "<X_GDC_AUTHTT>"
      X-Gdc-Request:
      - 4RpOKkCnMdNXtuJJ0TGBhg:mv1rzwL7p7XLeHCSbpti3w
      Host:
      - staging3-lcm-prod.intgdc.com
  response:
    status:
      code: 200
      message: OK
    headers:
      X-Gdc-Log-Header:
      - ''
      Date:
      - Tue, 17 Jul 2018 10:01:59 GMT
      Server:
      - GoodData WebApp
      Cache-Control:
      - no-cache, no-store, must-revalidate
      Content-Type:
      - application/json;charset=UTF-8
      X-Gdc-Request:
      - 4RpOKkCnMdNXtuJJ0TGBhg:mv1rzwL7p7XLeHCSbpti3w:Rs6sUasgD6OrJxUZ
      Vary:
      - origin
      X-Gdc-Request-Time:
      - '19'
      Transfer-Encoding:
      - chunked
      Strict-Transport-Security:
      - max-age=10886400; includeSubDomains; preload;
    body:
      encoding: ASCII-8BIT
      string: '{"schedules":{"paging":{"offset":0,"count":0},"schedulesLink":"/gdc/projects/lgx6j8kkugaayoxek5qcg69y1jbqszow/schedules","items":[]}}'
    http_version: 
  recorded_at: Tue, 17 Jul 2018 10:02:00 GMT
- request:
    method: get
    uri: https://staging2-lcm-prod.intgdc.com/gdc/projects/aqojx10gucsew0lsksoqwsbdefyikn1p/schedules
    body:
      encoding: US-ASCII
      string: ''
    headers:
      Accept:
      - application/json, application/zip
      Accept-Encoding:
      - gzip, deflate
      User-Agent:
      - gooddata-gem/1.3.1/x86_64-darwin16/2.3.3
      Content-Type:
      - application/json
      X-Gdc-Authtt:
      - "<X_GDC_AUTHTT>"
      X-Gdc-Request:
      - a0VAqWVlTouep8-ovBrz2A:woyaJZoWAJsqwEtorMt_6A
      Host:
      - staging2-lcm-prod.intgdc.com
  response:
    status:
      code: 200
      message: OK
    headers:
      X-Gdc-Log-Header:
      - ''
      Date:
      - Fri, 05 Oct 2018 13:50:38 GMT
      Server:
      - GoodData WebApp
      Cache-Control:
      - no-cache, no-store, must-revalidate
      Content-Type:
      - application/json;charset=UTF-8
      X-Gdc-Request:
      - a0VAqWVlTouep8-ovBrz2A:woyaJZoWAJsqwEtorMt_6A:83p7TwLFkBG6w62W
      Vary:
      - origin
      X-Gdc-Request-Time:
      - '18'
      Transfer-Encoding:
      - chunked
      Strict-Transport-Security:
      - max-age=10886400; includeSubDomains; preload;
    body:
      encoding: ASCII-8BIT
      string: '{"schedules":{"paging":{"offset":0,"count":0},"schedulesLink":"/gdc/projects/aqojx10gucsew0lsksoqwsbdefyikn1p/schedules","items":[]}}'
    http_version: 
  recorded_at: Fri, 05 Oct 2018 13:50:38 GMT
recorded_with: VCR 4.0.0
