---
http_interactions:
- request:
    method: get
    uri: https://staging2-lcm-prod.intgdc.com/gdc/projects/iuykw7i9avrd0zf2n9ts5i7c48oeclti/dataload/processes/b4d771ca-0909-45b6-ae19-baeba079a733
    body:
      encoding: US-ASCII
      string: ''
    headers:
      Accept:
      - application/json, application/zip
      Accept-Encoding:
      - gzip, deflate
      User-Agent:
      - gooddata-gem/1.1.0/x86_64-linux/2.4.1
      Content-Type:
      - application/json
      X-Gdc-Authtt:
      - "<X_GDC_AUTHTT>"
      X-Gdc-Request:
      - RuaP0Eu51dppxrAckD6Erg:w4P7l9L98rCQTNd3Y1IdZA
      Host:
      - staging2-lcm-prod.intgdc.com
  response:
    status:
      code: 200
      message: OK
    headers:
      X-Gdc-Log-Header:
      - ''
      Date:
      - Tue, 05 Jun 2018 08:10:14 GMT
      Server:
      - GoodData WebApp
      Accept-Ranges:
      - bytes
      Cache-Control:
      - no-cache, no-store, must-revalidate
      Content-Type:
      - application/json;charset=UTF-8
      X-Gdc-Request:
      - RuaP0Eu51dppxrAckD6Erg:w4P7l9L98rCQTNd3Y1IdZA:zfwzVFQ8yFtn8nHM
      Vary:
      - origin
      X-Gdc-Request-Time:
      - '71'
      Transfer-Encoding:
      - chunked
      Strict-Transport-Security:
      - max-age=10886400; includeSubDomains; preload;
    body:
      encoding: ASCII-8BIT
      string: '{"process":{"type":"RUBY","name":"Test ETL Process (Ruby)","graphs":["process.rb"],"executables":["process.rb"],"lastDeployed":"2018-06-05T08:09:51.773Z","ownerLogin":"rubydev+admin@gooddata.com","links":{"self":"/gdc/projects/iuykw7i9avrd0zf2n9ts5i7c48oeclti/dataload/processes/b4d771ca-0909-45b6-ae19-baeba079a733","executions":"/gdc/projects/iuykw7i9avrd0zf2n9ts5i7c48oeclti/dataload/processes/b4d771ca-0909-45b6-ae19-baeba079a733/executions","source":"/gdc/projects/iuykw7i9avrd0zf2n9ts5i7c48oeclti/dataload/processes/b4d771ca-0909-45b6-ae19-baeba079a733/source"}}}'
    http_version: 
  recorded_at: Tue, 05 Jun 2018 08:10:14 GMT
- request:
    method: post
    uri: https://staging2-lcm-prod.intgdc.com/gdc/projects/iuykw7i9avrd0zf2n9ts5i7c48oeclti/schedules
    body:
      encoding: UTF-8
      string: '{"schedule":{"name":null,"type":"MSETL","state":"ENABLED","timezone":"UTC","cron":"0
        15 27 7 *","triggerScheduleId":null,"params":{"PROCESS_ID":"b4d771ca-0909-45b6-ae19-baeba079a733","EXECUTABLE":"process.rb"},"hiddenParams":{}}}'
    headers:
      Accept:
      - application/json, application/zip
      Accept-Encoding:
      - gzip, deflate
      User-Agent:
      - gooddata-gem/1.1.0/x86_64-linux/2.4.1
      Content-Type:
      - application/json
      X-Gdc-Authtt:
      - "<X_GDC_AUTHTT>"
      X-Gdc-Request:
      - RuaP0Eu51dppxrAckD6Erg:2Kk5-CGpzgLYzHPPWFMPtg
      Content-Length:
      - '229'
      Host:
      - staging2-lcm-prod.intgdc.com
  response:
    status:
      code: 201
      message: Created
    headers:
      Location:
      - "/gdc/projects/iuykw7i9avrd0zf2n9ts5i7c48oeclti/schedules/5b164567e4b0e67bea7017d3"
      X-Gdc-Log-Header:
      - ''
      Date:
      - Tue, 05 Jun 2018 08:10:15 GMT
      Server:
      - GoodData WebApp
      Cache-Control:
      - no-cache, no-store, must-revalidate
      Content-Type:
      - application/json;charset=UTF-8
      X-Gdc-Request:
      - RuaP0Eu51dppxrAckD6Erg:2Kk5-CGpzgLYzHPPWFMPtg:u3KBOcw44Ex0WNv6
      Vary:
      - origin
      X-Gdc-Request-Time:
      - '28'
      Transfer-Encoding:
      - chunked
      Strict-Transport-Security:
      - max-age=10886400; includeSubDomains; preload;
    body:
      encoding: ASCII-8BIT
      string: '{"schedule":{"name":"process.rb","type":"MSETL","state":"ENABLED","params":{"EXECUTABLE":"process.rb","PROCESS_ID":"b4d771ca-0909-45b6-ae19-baeba079a733"},"cron":"0
        15 27 7 *","timezone":"UTC","nextExecutionTime":"2018-07-27T15:00:00.000Z","consecutiveFailedExecutionCount":0,"ownerLogin":"rubydev+admin@gooddata.com","links":{"self":"/gdc/projects/iuykw7i9avrd0zf2n9ts5i7c48oeclti/schedules/5b164567e4b0e67bea7017d3","executions":"/gdc/projects/iuykw7i9avrd0zf2n9ts5i7c48oeclti/schedules/5b164567e4b0e67bea7017d3/executions"}}}'
    http_version: 
  recorded_at: Tue, 05 Jun 2018 08:10:15 GMT
- request:
    method: get
    uri: https://staging2-lcm-prod.intgdc.com/gdc/projects/iuykw7i9avrd0zf2n9ts5i7c48oeclti/schedules/5b164567e4b0e67bea7017d3
    body:
      encoding: US-ASCII
      string: ''
    headers:
      Accept:
      - application/json, application/zip
      Accept-Encoding:
      - gzip, deflate
      User-Agent:
      - gooddata-gem/1.1.0/x86_64-linux/2.4.1
      Content-Type:
      - application/json
      X-Gdc-Authtt:
      - "<X_GDC_AUTHTT>"
      X-Gdc-Request:
      - RuaP0Eu51dppxrAckD6Erg:kVCnT_NqU0nByqzwW5spoQ
      Host:
      - staging2-lcm-prod.intgdc.com
  response:
    status:
      code: 200
      message: OK
    headers:
      X-Gdc-Log-Header:
      - ''
      Date:
      - Tue, 05 Jun 2018 08:10:15 GMT
      Server:
      - GoodData WebApp
      Accept-Ranges:
      - bytes
      Cache-Control:
      - no-cache, no-store, must-revalidate
      Content-Type:
      - application/json;charset=UTF-8
      X-Gdc-Request:
      - RuaP0Eu51dppxrAckD6Erg:kVCnT_NqU0nByqzwW5spoQ:2hZjUrU9XorLz241
      Vary:
      - origin
      X-Gdc-Request-Time:
      - '20'
      Transfer-Encoding:
      - chunked
      Strict-Transport-Security:
      - max-age=10886400; includeSubDomains; preload;
    body:
      encoding: ASCII-8BIT
      string: '{"schedule":{"name":"process.rb","type":"MSETL","state":"ENABLED","params":{"EXECUTABLE":"process.rb","PROCESS_ID":"b4d771ca-0909-45b6-ae19-baeba079a733"},"cron":"0
        15 27 7 *","timezone":"UTC","nextExecutionTime":"2018-07-27T15:00:00.000Z","consecutiveFailedExecutionCount":0,"ownerLogin":"rubydev+admin@gooddata.com","links":{"self":"/gdc/projects/iuykw7i9avrd0zf2n9ts5i7c48oeclti/schedules/5b164567e4b0e67bea7017d3","executions":"/gdc/projects/iuykw7i9avrd0zf2n9ts5i7c48oeclti/schedules/5b164567e4b0e67bea7017d3/executions"}}}'
    http_version: 
  recorded_at: Tue, 05 Jun 2018 08:10:15 GMT
- request:
    method: get
    uri: https://staging2-lcm-prod.intgdc.com/gdc/projects/iuykw7i9avrd0zf2n9ts5i7c48oeclti/dataload/processes/b4d771ca-0909-45b6-ae19-baeba079a733
    body:
      encoding: US-ASCII
      string: ''
    headers:
      Accept:
      - application/json, application/zip
      Accept-Encoding:
      - gzip, deflate
      User-Agent:
      - gooddata-gem/1.1.0/x86_64-linux/2.4.1
      Content-Type:
      - application/json
      X-Gdc-Authtt:
      - "<X_GDC_AUTHTT>"
      X-Gdc-Request:
      - RuaP0Eu51dppxrAckD6Erg:Lmf2djWYMYQt48_S81M9yA
      Host:
      - staging2-lcm-prod.intgdc.com
  response:
    status:
      code: 200
      message: OK
    headers:
      X-Gdc-Log-Header:
      - ''
      Date:
      - Tue, 05 Jun 2018 08:10:16 GMT
      Server:
      - GoodData WebApp
      Accept-Ranges:
      - bytes
      Cache-Control:
      - no-cache, no-store, must-revalidate
      Content-Type:
      - application/json;charset=UTF-8
      X-Gdc-Request:
      - RuaP0Eu51dppxrAckD6Erg:Lmf2djWYMYQt48_S81M9yA:27R9l0KclcqLn5Ld
      Vary:
      - origin
      X-Gdc-Request-Time:
      - '67'
      Transfer-Encoding:
      - chunked
      Strict-Transport-Security:
      - max-age=10886400; includeSubDomains; preload;
    body:
      encoding: ASCII-8BIT
      string: '{"process":{"type":"RUBY","name":"Test ETL Process (Ruby)","graphs":["process.rb"],"executables":["process.rb"],"lastDeployed":"2018-06-05T08:09:51.773Z","ownerLogin":"rubydev+admin@gooddata.com","links":{"self":"/gdc/projects/iuykw7i9avrd0zf2n9ts5i7c48oeclti/dataload/processes/b4d771ca-0909-45b6-ae19-baeba079a733","executions":"/gdc/projects/iuykw7i9avrd0zf2n9ts5i7c48oeclti/dataload/processes/b4d771ca-0909-45b6-ae19-baeba079a733/executions","source":"/gdc/projects/iuykw7i9avrd0zf2n9ts5i7c48oeclti/dataload/processes/b4d771ca-0909-45b6-ae19-baeba079a733/source"}}}'
    http_version: 
  recorded_at: Tue, 05 Jun 2018 08:10:16 GMT
- request:
    method: post
    uri: https://staging2-lcm-prod.intgdc.com/gdc/projects/iuykw7i9avrd0zf2n9ts5i7c48oeclti/schedules
    body:
      encoding: UTF-8
      string: '{"schedule":{"name":null,"type":"MSETL","state":"ENABLED","timezone":"UTC","cron":null,"triggerScheduleId":"5b164567e4b0e67bea7017d3","params":{"PROCESS_ID":"b4d771ca-0909-45b6-ae19-baeba079a733","EXECUTABLE":"process.rb"},"hiddenParams":{}}}'
    headers:
      Accept:
      - application/json, application/zip
      Accept-Encoding:
      - gzip, deflate
      User-Agent:
      - gooddata-gem/1.1.0/x86_64-linux/2.4.1
      Content-Type:
      - application/json
      X-Gdc-Authtt:
      - "<X_GDC_AUTHTT>"
      X-Gdc-Request:
      - RuaP0Eu51dppxrAckD6Erg:oZfQEGQL7eFH95-CXBQN1A
      Content-Length:
      - '242'
      Host:
      - staging2-lcm-prod.intgdc.com
  response:
    status:
      code: 201
      message: Created
    headers:
      Location:
      - "/gdc/projects/iuykw7i9avrd0zf2n9ts5i7c48oeclti/schedules/5b164569e4b0121afaf974bb"
      X-Gdc-Log-Header:
      - ''
      Date:
      - Tue, 05 Jun 2018 08:10:17 GMT
      Server:
      - GoodData WebApp
      Cache-Control:
      - no-cache, no-store, must-revalidate
      Content-Type:
      - application/json;charset=UTF-8
      X-Gdc-Request:
      - RuaP0Eu51dppxrAckD6Erg:oZfQEGQL7eFH95-CXBQN1A:BWW2nbytumynCEtl
      Vary:
      - origin
      X-Gdc-Request-Time:
      - '29'
      Transfer-Encoding:
      - chunked
      Strict-Transport-Security:
      - max-age=10886400; includeSubDomains; preload;
    body:
      encoding: ASCII-8BIT
      string: '{"schedule":{"name":"process.rb","type":"MSETL","state":"ENABLED","params":{"EXECUTABLE":"process.rb","PROCESS_ID":"b4d771ca-0909-45b6-ae19-baeba079a733"},"timezone":"UTC","consecutiveFailedExecutionCount":0,"ownerLogin":"rubydev+admin@gooddata.com","links":{"self":"/gdc/projects/iuykw7i9avrd0zf2n9ts5i7c48oeclti/schedules/5b164569e4b0121afaf974bb","executions":"/gdc/projects/iuykw7i9avrd0zf2n9ts5i7c48oeclti/schedules/5b164569e4b0121afaf974bb/executions"},"triggerScheduleId":"5b164567e4b0e67bea7017d3"}}'
    http_version: 
  recorded_at: Tue, 05 Jun 2018 08:10:17 GMT
- request:
    method: get
    uri: https://staging2-lcm-prod.intgdc.com/gdc/projects/iuykw7i9avrd0zf2n9ts5i7c48oeclti/schedules/5b164569e4b0121afaf974bb
    body:
      encoding: US-ASCII
      string: ''
    headers:
      Accept:
      - application/json, application/zip
      Accept-Encoding:
      - gzip, deflate
      User-Agent:
      - gooddata-gem/1.1.0/x86_64-linux/2.4.1
      Content-Type:
      - application/json
      X-Gdc-Authtt:
      - "<X_GDC_AUTHTT>"
      X-Gdc-Request:
      - RuaP0Eu51dppxrAckD6Erg:wTqeaQPFe3nwzibRWAxPJQ
      Host:
      - staging2-lcm-prod.intgdc.com
  response:
    status:
      code: 200
      message: OK
    headers:
      X-Gdc-Log-Header:
      - ''
      Date:
      - Tue, 05 Jun 2018 08:10:17 GMT
      Server:
      - GoodData WebApp
      Accept-Ranges:
      - bytes
      Cache-Control:
      - no-cache, no-store, must-revalidate
      Content-Type:
      - application/json;charset=UTF-8
      X-Gdc-Request:
      - RuaP0Eu51dppxrAckD6Erg:wTqeaQPFe3nwzibRWAxPJQ:0mc6QrVULx4Wq585
      Vary:
      - origin
      X-Gdc-Request-Time:
      - '21'
      Transfer-Encoding:
      - chunked
      Strict-Transport-Security:
      - max-age=10886400; includeSubDomains; preload;
    body:
      encoding: ASCII-8BIT
      string: '{"schedule":{"name":"process.rb","type":"MSETL","state":"ENABLED","params":{"EXECUTABLE":"process.rb","PROCESS_ID":"b4d771ca-0909-45b6-ae19-baeba079a733"},"timezone":"UTC","consecutiveFailedExecutionCount":0,"ownerLogin":"rubydev+admin@gooddata.com","links":{"self":"/gdc/projects/iuykw7i9avrd0zf2n9ts5i7c48oeclti/schedules/5b164569e4b0121afaf974bb","executions":"/gdc/projects/iuykw7i9avrd0zf2n9ts5i7c48oeclti/schedules/5b164569e4b0121afaf974bb/executions"},"triggerScheduleId":"5b164567e4b0e67bea7017d3"}}'
    http_version: 
  recorded_at: Tue, 05 Jun 2018 08:10:17 GMT
- request:
    method: get
    uri: https://staging2-lcm-prod.intgdc.com/gdc/projects/iuykw7i9avrd0zf2n9ts5i7c48oeclti/schedules
    body:
      encoding: US-ASCII
      string: ''
    headers:
      Accept:
      - application/json, application/zip
      Accept-Encoding:
      - gzip, deflate
      User-Agent:
      - gooddata-gem/1.1.0/x86_64-linux/2.4.1
      Content-Type:
      - application/json
      X-Gdc-Authtt:
      - "<X_GDC_AUTHTT>"
      X-Gdc-Request:
      - RuaP0Eu51dppxrAckD6Erg:KLeYJYgKalvniY-eTGpzKw
      Host:
      - staging2-lcm-prod.intgdc.com
  response:
    status:
      code: 200
      message: OK
    headers:
      X-Gdc-Log-Header:
      - ''
      Date:
      - Tue, 05 Jun 2018 08:10:18 GMT
      Server:
      - GoodData WebApp
      Accept-Ranges:
      - bytes
      Cache-Control:
      - no-cache, no-store, must-revalidate
      Content-Type:
      - application/json;charset=UTF-8
      Content-Length:
      - '1169'
      X-Gdc-Request:
      - RuaP0Eu51dppxrAckD6Erg:KLeYJYgKalvniY-eTGpzKw:Kdx8CoynzCsI0Ia3
      Vary:
      - origin
      X-Gdc-Request-Time:
      - '32'
      Strict-Transport-Security:
      - max-age=10886400; includeSubDomains; preload;
    body:
      encoding: ASCII-8BIT
      string: '{"schedules":{"paging":{"offset":0,"count":2},"schedulesLink":"/gdc/projects/iuykw7i9avrd0zf2n9ts5i7c48oeclti/schedules","items":[{"schedule":{"name":"process.rb","type":"MSETL","state":"ENABLED","params":{"EXECUTABLE":"process.rb","PROCESS_ID":"b4d771ca-0909-45b6-ae19-baeba079a733"},"timezone":"UTC","consecutiveFailedExecutionCount":0,"ownerLogin":"rubydev+admin@gooddata.com","links":{"self":"/gdc/projects/iuykw7i9avrd0zf2n9ts5i7c48oeclti/schedules/5b164569e4b0121afaf974bb","executions":"/gdc/projects/iuykw7i9avrd0zf2n9ts5i7c48oeclti/schedules/5b164569e4b0121afaf974bb/executions"},"triggerScheduleId":"5b164567e4b0e67bea7017d3"}},{"schedule":{"name":"process.rb","type":"MSETL","state":"ENABLED","params":{"EXECUTABLE":"process.rb","PROCESS_ID":"b4d771ca-0909-45b6-ae19-baeba079a733"},"cron":"0
        15 27 7 *","timezone":"UTC","nextExecutionTime":"2018-07-27T15:00:00.000Z","consecutiveFailedExecutionCount":0,"ownerLogin":"rubydev+admin@gooddata.com","links":{"self":"/gdc/projects/iuykw7i9avrd0zf2n9ts5i7c48oeclti/schedules/5b164567e4b0e67bea7017d3","executions":"/gdc/projects/iuykw7i9avrd0zf2n9ts5i7c48oeclti/schedules/5b164567e4b0e67bea7017d3/executions"}}}]}}'
    http_version: 
  recorded_at: Tue, 05 Jun 2018 08:10:18 GMT
- request:
    method: get
    uri: https://staging2-lcm-prod.intgdc.com/gdc/projects/iuykw7i9avrd0zf2n9ts5i7c48oeclti/schedules
    body:
      encoding: US-ASCII
      string: ''
    headers:
      Accept:
      - application/json, application/zip
      Accept-Encoding:
      - gzip, deflate
      User-Agent:
      - gooddata-gem/1.1.0/x86_64-linux/2.4.1
      Content-Type:
      - application/json
      X-Gdc-Authtt:
      - "<X_GDC_AUTHTT>"
      X-Gdc-Request:
      - RuaP0Eu51dppxrAckD6Erg:dvuG61aTZggtO_xRcrO89Q
      Host:
      - staging2-lcm-prod.intgdc.com
  response:
    status:
      code: 200
      message: OK
    headers:
      X-Gdc-Log-Header:
      - ''
      Date:
      - Tue, 05 Jun 2018 08:10:18 GMT
      Server:
      - GoodData WebApp
      Accept-Ranges:
      - bytes
      Cache-Control:
      - no-cache, no-store, must-revalidate
      Content-Type:
      - application/json;charset=UTF-8
      Content-Length:
      - '1169'
      X-Gdc-Request:
      - RuaP0Eu51dppxrAckD6Erg:dvuG61aTZggtO_xRcrO89Q:SBXXSs1uJzrSMDZY
      Vary:
      - origin
      X-Gdc-Request-Time:
      - '23'
      Strict-Transport-Security:
      - max-age=10886400; includeSubDomains; preload;
    body:
      encoding: ASCII-8BIT
      string: '{"schedules":{"paging":{"offset":0,"count":2},"schedulesLink":"/gdc/projects/iuykw7i9avrd0zf2n9ts5i7c48oeclti/schedules","items":[{"schedule":{"name":"process.rb","type":"MSETL","state":"ENABLED","params":{"EXECUTABLE":"process.rb","PROCESS_ID":"b4d771ca-0909-45b6-ae19-baeba079a733"},"timezone":"UTC","consecutiveFailedExecutionCount":0,"ownerLogin":"rubydev+admin@gooddata.com","links":{"self":"/gdc/projects/iuykw7i9avrd0zf2n9ts5i7c48oeclti/schedules/5b164569e4b0121afaf974bb","executions":"/gdc/projects/iuykw7i9avrd0zf2n9ts5i7c48oeclti/schedules/5b164569e4b0121afaf974bb/executions"},"triggerScheduleId":"5b164567e4b0e67bea7017d3"}},{"schedule":{"name":"process.rb","type":"MSETL","state":"ENABLED","params":{"EXECUTABLE":"process.rb","PROCESS_ID":"b4d771ca-0909-45b6-ae19-baeba079a733"},"cron":"0
        15 27 7 *","timezone":"UTC","nextExecutionTime":"2018-07-27T15:00:00.000Z","consecutiveFailedExecutionCount":0,"ownerLogin":"rubydev+admin@gooddata.com","links":{"self":"/gdc/projects/iuykw7i9avrd0zf2n9ts5i7c48oeclti/schedules/5b164567e4b0e67bea7017d3","executions":"/gdc/projects/iuykw7i9avrd0zf2n9ts5i7c48oeclti/schedules/5b164567e4b0e67bea7017d3/executions"}}}]}}'
    http_version: 
  recorded_at: Tue, 05 Jun 2018 08:10:19 GMT
- request:
    method: delete
    uri: https://staging2-lcm-prod.intgdc.com/gdc/projects/iuykw7i9avrd0zf2n9ts5i7c48oeclti/schedules/5b164569e4b0121afaf974bb
    body:
      encoding: US-ASCII
      string: ''
    headers:
      Accept:
      - application/json, application/zip
      Accept-Encoding:
      - gzip, deflate
      User-Agent:
      - gooddata-gem/1.1.0/x86_64-linux/2.4.1
      Content-Type:
      - application/json
      X-Gdc-Authtt:
      - "<X_GDC_AUTHTT>"
      X-Gdc-Request:
      - RuaP0Eu51dppxrAckD6Erg:rDHjXlkRkG74eYYo0UH9jg
      Host:
      - staging2-lcm-prod.intgdc.com
  response:
    status:
      code: 204
      message: No Content
    headers:
      Location:
      - "/gdc/projects/iuykw7i9avrd0zf2n9ts5i7c48oeclti/schedules"
      X-Gdc-Log-Header:
      - ''
      Date:
      - Tue, 05 Jun 2018 08:10:19 GMT
      Server:
      - GoodData WebApp
      Cache-Control:
      - no-cache, no-store, must-revalidate
      X-Gdc-Request-Time:
      - '23'
      X-Gdc-Request:
      - RuaP0Eu51dppxrAckD6Erg:rDHjXlkRkG74eYYo0UH9jg:oPSZSUrtjX1hEHtT
      Vary:
      - origin
      Strict-Transport-Security:
      - max-age=10886400; includeSubDomains; preload;
    body:
      encoding: UTF-8
      string: ''
    http_version: 
  recorded_at: Tue, 05 Jun 2018 08:10:19 GMT
- request:
    method: delete
    uri: https://staging2-lcm-prod.intgdc.com/gdc/projects/iuykw7i9avrd0zf2n9ts5i7c48oeclti/schedules/5b164567e4b0e67bea7017d3
    body:
      encoding: US-ASCII
      string: ''
    headers:
      Accept:
      - application/json, application/zip
      Accept-Encoding:
      - gzip, deflate
      User-Agent:
      - gooddata-gem/1.1.0/x86_64-linux/2.4.1
      Content-Type:
      - application/json
      X-Gdc-Authtt:
      - "<X_GDC_AUTHTT>"
      X-Gdc-Request:
      - RuaP0Eu51dppxrAckD6Erg:raUL73wA_rsiO_p8OaKC8w
      Host:
      - staging2-lcm-prod.intgdc.com
  response:
    status:
      code: 204
      message: No Content
    headers:
      Location:
      - "/gdc/projects/iuykw7i9avrd0zf2n9ts5i7c48oeclti/schedules"
      X-Gdc-Log-Header:
      - ''
      Date:
      - Tue, 05 Jun 2018 08:10:21 GMT
      Server:
      - GoodData WebApp
      Cache-Control:
      - no-cache, no-store, must-revalidate
      X-Gdc-Request-Time:
      - '24'
      X-Gdc-Request:
      - RuaP0Eu51dppxrAckD6Erg:raUL73wA_rsiO_p8OaKC8w:RA8cojjNppLOtbRH
      Vary:
      - origin
      Strict-Transport-Security:
      - max-age=10886400; includeSubDomains; preload;
    body:
      encoding: UTF-8
      string: ''
    http_version: 
  recorded_at: Tue, 05 Jun 2018 08:10:21 GMT
- request:
    method: get
    uri: https://staging3-lcm-prod.intgdc.com/gdc/projects/lgx6j8kkugaayoxek5qcg69y1jbqszow/dataload/processes/cd8693ab-0446-4a2d-8e4e-78328665483f
    body:
      encoding: US-ASCII
      string: ''
    headers:
      Accept:
      - application/json, application/zip
      Accept-Encoding:
      - gzip, deflate
      User-Agent:
      - gooddata-gem/1.2.0/x86_64-linux/2.3.6
      Content-Type:
      - application/json
      X-Gdc-Authtt:
      - "<X_GDC_AUTHTT>"
      X-Gdc-Request:
      - 4RpOKkCnMdNXtuJJ0TGBhg:NMQBVaHcgiUtvMD26lkcMA
      Host:
      - staging3-lcm-prod.intgdc.com
  response:
    status:
      code: 200
      message: OK
    headers:
      X-Gdc-Log-Header:
      - ''
      Date:
      - Tue, 17 Jul 2018 10:02:01 GMT
      Server:
      - GoodData WebApp
      Cache-Control:
      - no-cache, no-store, must-revalidate
      Content-Type:
      - application/json;charset=UTF-8
      X-Gdc-Request:
      - 4RpOKkCnMdNXtuJJ0TGBhg:NMQBVaHcgiUtvMD26lkcMA:hBJ3yjc0E1vtGL9v
      Vary:
      - origin
      X-Gdc-Request-Time:
      - '73'
      Transfer-Encoding:
      - chunked
      Strict-Transport-Security:
      - max-age=10886400; includeSubDomains; preload;
    body:
      encoding: ASCII-8BIT
      string: '{"process":{"type":"RUBY","name":"Test ETL Process (Ruby)","graphs":["process.rb"],"executables":["process.rb"],"lastDeployed":"2018-07-17T10:01:42.261Z","ownerLogin":"rubydev+admin@gooddata.com","links":{"self":"/gdc/projects/lgx6j8kkugaayoxek5qcg69y1jbqszow/dataload/processes/cd8693ab-0446-4a2d-8e4e-78328665483f","executions":"/gdc/projects/lgx6j8kkugaayoxek5qcg69y1jbqszow/dataload/processes/cd8693ab-0446-4a2d-8e4e-78328665483f/executions","source":"/gdc/projects/lgx6j8kkugaayoxek5qcg69y1jbqszow/dataload/processes/cd8693ab-0446-4a2d-8e4e-78328665483f/source"}}}'
    http_version: 
  recorded_at: Tue, 17 Jul 2018 10:02:01 GMT
- request:
    method: post
    uri: https://staging3-lcm-prod.intgdc.com/gdc/projects/lgx6j8kkugaayoxek5qcg69y1jbqszow/schedules
    body:
      encoding: UTF-8
      string: '{"schedule":{"name":null,"type":"MSETL","state":"ENABLED","timezone":"UTC","cron":"0
        15 27 7 *","triggerScheduleId":null,"params":{"PROCESS_ID":"cd8693ab-0446-4a2d-8e4e-78328665483f","EXECUTABLE":"process.rb"},"hiddenParams":{}}}'
    headers:
      Accept:
      - application/json, application/zip
      Accept-Encoding:
      - gzip, deflate
      User-Agent:
      - gooddata-gem/1.2.0/x86_64-linux/2.3.6
      Content-Type:
      - application/json
      X-Gdc-Authtt:
      - "<X_GDC_AUTHTT>"
      X-Gdc-Request:
      - 4RpOKkCnMdNXtuJJ0TGBhg:WQQJnTAvCcoipeiYK-s5mg
      Content-Length:
      - '229'
      Host:
      - staging3-lcm-prod.intgdc.com
  response:
    status:
      code: 201
      message: Created
    headers:
      Location:
      - "/gdc/projects/lgx6j8kkugaayoxek5qcg69y1jbqszow/schedules/5b4dbe99e4b08227834212f6"
      X-Gdc-Log-Header:
      - ''
      Date:
      - Tue, 17 Jul 2018 10:02:01 GMT
      Server:
      - GoodData WebApp
      Cache-Control:
      - no-cache, no-store, must-revalidate
      Content-Type:
      - application/json;charset=UTF-8
      X-Gdc-Request:
      - 4RpOKkCnMdNXtuJJ0TGBhg:WQQJnTAvCcoipeiYK-s5mg:ywpu9Aiatp19xfFD
      Vary:
      - origin
      X-Gdc-Request-Time:
      - '29'
      Transfer-Encoding:
      - chunked
      Strict-Transport-Security:
      - max-age=10886400; includeSubDomains; preload;
    body:
      encoding: ASCII-8BIT
      string: '{"schedule":{"name":"process.rb","type":"MSETL","state":"ENABLED","params":{"EXECUTABLE":"process.rb","PROCESS_ID":"cd8693ab-0446-4a2d-8e4e-78328665483f"},"cron":"0
        15 27 7 *","timezone":"UTC","nextExecutionTime":"2018-07-27T15:00:00.000Z","consecutiveFailedExecutionCount":0,"ownerLogin":"rubydev+admin@gooddata.com","links":{"self":"/gdc/projects/lgx6j8kkugaayoxek5qcg69y1jbqszow/schedules/5b4dbe99e4b08227834212f6","executions":"/gdc/projects/lgx6j8kkugaayoxek5qcg69y1jbqszow/schedules/5b4dbe99e4b08227834212f6/executions"}}}'
    http_version: 
  recorded_at: Tue, 17 Jul 2018 10:02:01 GMT
- request:
    method: get
    uri: https://staging3-lcm-prod.intgdc.com/gdc/projects/lgx6j8kkugaayoxek5qcg69y1jbqszow/schedules/5b4dbe99e4b08227834212f6
    body:
      encoding: US-ASCII
      string: ''
    headers:
      Accept:
      - application/json, application/zip
      Accept-Encoding:
      - gzip, deflate
      User-Agent:
      - gooddata-gem/1.2.0/x86_64-linux/2.3.6
      Content-Type:
      - application/json
      X-Gdc-Authtt:
      - "<X_GDC_AUTHTT>"
      X-Gdc-Request:
      - 4RpOKkCnMdNXtuJJ0TGBhg:Sygu8gxuQzVCidiKLyOYiA
      Host:
      - staging3-lcm-prod.intgdc.com
  response:
    status:
      code: 200
      message: OK
    headers:
      X-Gdc-Log-Header:
      - ''
      Date:
      - Tue, 17 Jul 2018 10:02:02 GMT
      Server:
      - GoodData WebApp
      Cache-Control:
      - no-cache, no-store, must-revalidate
      Content-Type:
      - application/json;charset=UTF-8
      X-Gdc-Request:
      - 4RpOKkCnMdNXtuJJ0TGBhg:Sygu8gxuQzVCidiKLyOYiA:xbvVUJTwEZ3eXtIi
      Vary:
      - origin
      X-Gdc-Request-Time:
      - '22'
      Transfer-Encoding:
      - chunked
      Strict-Transport-Security:
      - max-age=10886400; includeSubDomains; preload;
    body:
      encoding: ASCII-8BIT
      string: '{"schedule":{"name":"process.rb","type":"MSETL","state":"ENABLED","params":{"EXECUTABLE":"process.rb","PROCESS_ID":"cd8693ab-0446-4a2d-8e4e-78328665483f"},"cron":"0
        15 27 7 *","timezone":"UTC","nextExecutionTime":"2018-07-27T15:00:00.000Z","consecutiveFailedExecutionCount":0,"ownerLogin":"rubydev+admin@gooddata.com","links":{"self":"/gdc/projects/lgx6j8kkugaayoxek5qcg69y1jbqszow/schedules/5b4dbe99e4b08227834212f6","executions":"/gdc/projects/lgx6j8kkugaayoxek5qcg69y1jbqszow/schedules/5b4dbe99e4b08227834212f6/executions"}}}'
    http_version: 
  recorded_at: Tue, 17 Jul 2018 10:02:02 GMT
- request:
    method: get
    uri: https://staging3-lcm-prod.intgdc.com/gdc/projects/lgx6j8kkugaayoxek5qcg69y1jbqszow/dataload/processes/cd8693ab-0446-4a2d-8e4e-78328665483f
    body:
      encoding: US-ASCII
      string: ''
    headers:
      Accept:
      - application/json, application/zip
      Accept-Encoding:
      - gzip, deflate
      User-Agent:
      - gooddata-gem/1.2.0/x86_64-linux/2.3.6
      Content-Type:
      - application/json
      X-Gdc-Authtt:
      - "<X_GDC_AUTHTT>"
      X-Gdc-Request:
      - 4RpOKkCnMdNXtuJJ0TGBhg:zDT1j8TEpGZgwvZ8OPDTzQ
      Host:
      - staging3-lcm-prod.intgdc.com
  response:
    status:
      code: 200
      message: OK
    headers:
      X-Gdc-Log-Header:
      - ''
      Date:
      - Tue, 17 Jul 2018 10:02:02 GMT
      Server:
      - GoodData WebApp
      Cache-Control:
      - no-cache, no-store, must-revalidate
      Content-Type:
      - application/json;charset=UTF-8
      X-Gdc-Request:
      - 4RpOKkCnMdNXtuJJ0TGBhg:zDT1j8TEpGZgwvZ8OPDTzQ:AlIZt7iCGiqwf9bk
      Vary:
      - origin
      X-Gdc-Request-Time:
      - '68'
      Transfer-Encoding:
      - chunked
      Strict-Transport-Security:
      - max-age=10886400; includeSubDomains; preload;
    body:
      encoding: ASCII-8BIT
      string: '{"process":{"type":"RUBY","name":"Test ETL Process (Ruby)","graphs":["process.rb"],"executables":["process.rb"],"lastDeployed":"2018-07-17T10:01:42.261Z","ownerLogin":"rubydev+admin@gooddata.com","links":{"self":"/gdc/projects/lgx6j8kkugaayoxek5qcg69y1jbqszow/dataload/processes/cd8693ab-0446-4a2d-8e4e-78328665483f","executions":"/gdc/projects/lgx6j8kkugaayoxek5qcg69y1jbqszow/dataload/processes/cd8693ab-0446-4a2d-8e4e-78328665483f/executions","source":"/gdc/projects/lgx6j8kkugaayoxek5qcg69y1jbqszow/dataload/processes/cd8693ab-0446-4a2d-8e4e-78328665483f/source"}}}'
    http_version: 
  recorded_at: Tue, 17 Jul 2018 10:02:03 GMT
- request:
    method: post
    uri: https://staging3-lcm-prod.intgdc.com/gdc/projects/lgx6j8kkugaayoxek5qcg69y1jbqszow/schedules
    body:
      encoding: UTF-8
      string: '{"schedule":{"name":null,"type":"MSETL","state":"ENABLED","timezone":"UTC","cron":null,"triggerScheduleId":"5b4dbe99e4b08227834212f6","params":{"PROCESS_ID":"cd8693ab-0446-4a2d-8e4e-78328665483f","EXECUTABLE":"process.rb"},"hiddenParams":{}}}'
    headers:
      Accept:
      - application/json, application/zip
      Accept-Encoding:
      - gzip, deflate
      User-Agent:
      - gooddata-gem/1.2.0/x86_64-linux/2.3.6
      Content-Type:
      - application/json
      X-Gdc-Authtt:
      - "<X_GDC_AUTHTT>"
      X-Gdc-Request:
      - 4RpOKkCnMdNXtuJJ0TGBhg:0otDSWqGvHV9CHFUyohiAQ
      Content-Length:
      - '242'
      Host:
      - staging3-lcm-prod.intgdc.com
  response:
    status:
      code: 201
      message: Created
    headers:
      Location:
      - "/gdc/projects/lgx6j8kkugaayoxek5qcg69y1jbqszow/schedules/5b4dbe9be4b08227834212f7"
      X-Gdc-Log-Header:
      - ''
      Date:
      - Tue, 17 Jul 2018 10:02:03 GMT
      Server:
      - GoodData WebApp
      Cache-Control:
      - no-cache, no-store, must-revalidate
      Content-Type:
      - application/json;charset=UTF-8
      X-Gdc-Request:
      - 4RpOKkCnMdNXtuJJ0TGBhg:0otDSWqGvHV9CHFUyohiAQ:FczrhEyIReo9vHWT
      Vary:
      - origin
      X-Gdc-Request-Time:
      - '28'
      Transfer-Encoding:
      - chunked
      Strict-Transport-Security:
      - max-age=10886400; includeSubDomains; preload;
    body:
      encoding: ASCII-8BIT
      string: '{"schedule":{"name":"process.rb","type":"MSETL","state":"ENABLED","params":{"EXECUTABLE":"process.rb","PROCESS_ID":"cd8693ab-0446-4a2d-8e4e-78328665483f"},"timezone":"UTC","consecutiveFailedExecutionCount":0,"ownerLogin":"rubydev+admin@gooddata.com","links":{"self":"/gdc/projects/lgx6j8kkugaayoxek5qcg69y1jbqszow/schedules/5b4dbe9be4b08227834212f7","executions":"/gdc/projects/lgx6j8kkugaayoxek5qcg69y1jbqszow/schedules/5b4dbe9be4b08227834212f7/executions"},"triggerScheduleId":"5b4dbe99e4b08227834212f6"}}'
    http_version: 
  recorded_at: Tue, 17 Jul 2018 10:02:03 GMT
- request:
    method: get
    uri: https://staging3-lcm-prod.intgdc.com/gdc/projects/lgx6j8kkugaayoxek5qcg69y1jbqszow/schedules/5b4dbe9be4b08227834212f7
    body:
      encoding: US-ASCII
      string: ''
    headers:
      Accept:
      - application/json, application/zip
      Accept-Encoding:
      - gzip, deflate
      User-Agent:
      - gooddata-gem/1.2.0/x86_64-linux/2.3.6
      Content-Type:
      - application/json
      X-Gdc-Authtt:
      - "<X_GDC_AUTHTT>"
      X-Gdc-Request:
      - 4RpOKkCnMdNXtuJJ0TGBhg:v0ezlFhcTq1kzxTuvHi-oA
      Host:
      - staging3-lcm-prod.intgdc.com
  response:
    status:
      code: 200
      message: OK
    headers:
      X-Gdc-Log-Header:
      - ''
      Date:
      - Tue, 17 Jul 2018 10:02:03 GMT
      Server:
      - GoodData WebApp
      Cache-Control:
      - no-cache, no-store, must-revalidate
      Content-Type:
      - application/json;charset=UTF-8
      X-Gdc-Request:
      - 4RpOKkCnMdNXtuJJ0TGBhg:v0ezlFhcTq1kzxTuvHi-oA:lPSbzgudP2LzkWY8
      Vary:
      - origin
      X-Gdc-Request-Time:
      - '23'
      Transfer-Encoding:
      - chunked
      Strict-Transport-Security:
      - max-age=10886400; includeSubDomains; preload;
    body:
      encoding: ASCII-8BIT
      string: '{"schedule":{"name":"process.rb","type":"MSETL","state":"ENABLED","params":{"EXECUTABLE":"process.rb","PROCESS_ID":"cd8693ab-0446-4a2d-8e4e-78328665483f"},"timezone":"UTC","consecutiveFailedExecutionCount":0,"ownerLogin":"rubydev+admin@gooddata.com","links":{"self":"/gdc/projects/lgx6j8kkugaayoxek5qcg69y1jbqszow/schedules/5b4dbe9be4b08227834212f7","executions":"/gdc/projects/lgx6j8kkugaayoxek5qcg69y1jbqszow/schedules/5b4dbe9be4b08227834212f7/executions"},"triggerScheduleId":"5b4dbe99e4b08227834212f6"}}'
    http_version: 
  recorded_at: Tue, 17 Jul 2018 10:02:04 GMT
- request:
    method: get
    uri: https://staging3-lcm-prod.intgdc.com/gdc/projects/lgx6j8kkugaayoxek5qcg69y1jbqszow/schedules
    body:
      encoding: US-ASCII
      string: ''
    headers:
      Accept:
      - application/json, application/zip
      Accept-Encoding:
      - gzip, deflate
      User-Agent:
      - gooddata-gem/1.2.0/x86_64-linux/2.3.6
      Content-Type:
      - application/json
      X-Gdc-Authtt:
      - "<X_GDC_AUTHTT>"
      X-Gdc-Request:
      - 4RpOKkCnMdNXtuJJ0TGBhg:CDokDZKd1-sl_RZnaB-GgA
      Host:
      - staging3-lcm-prod.intgdc.com
  response:
    status:
      code: 200
      message: OK
    headers:
      X-Gdc-Log-Header:
      - ''
      Date:
      - Tue, 17 Jul 2018 10:02:04 GMT
      Server:
      - GoodData WebApp
      Cache-Control:
      - no-cache, no-store, must-revalidate
      Content-Type:
      - application/json;charset=UTF-8
      Content-Length:
      - '1169'
      X-Gdc-Request:
      - 4RpOKkCnMdNXtuJJ0TGBhg:CDokDZKd1-sl_RZnaB-GgA:SSj4VQAixoXOUUOr
      Vary:
      - origin
      X-Gdc-Request-Time:
      - '22'
      Strict-Transport-Security:
      - max-age=10886400; includeSubDomains; preload;
    body:
      encoding: ASCII-8BIT
      string: '{"schedules":{"paging":{"offset":0,"count":2},"schedulesLink":"/gdc/projects/lgx6j8kkugaayoxek5qcg69y1jbqszow/schedules","items":[{"schedule":{"name":"process.rb","type":"MSETL","state":"ENABLED","params":{"EXECUTABLE":"process.rb","PROCESS_ID":"cd8693ab-0446-4a2d-8e4e-78328665483f"},"timezone":"UTC","consecutiveFailedExecutionCount":0,"ownerLogin":"rubydev+admin@gooddata.com","links":{"self":"/gdc/projects/lgx6j8kkugaayoxek5qcg69y1jbqszow/schedules/5b4dbe9be4b08227834212f7","executions":"/gdc/projects/lgx6j8kkugaayoxek5qcg69y1jbqszow/schedules/5b4dbe9be4b08227834212f7/executions"},"triggerScheduleId":"5b4dbe99e4b08227834212f6"}},{"schedule":{"name":"process.rb","type":"MSETL","state":"ENABLED","params":{"EXECUTABLE":"process.rb","PROCESS_ID":"cd8693ab-0446-4a2d-8e4e-78328665483f"},"cron":"0
        15 27 7 *","timezone":"UTC","nextExecutionTime":"2018-07-27T15:00:00.000Z","consecutiveFailedExecutionCount":0,"ownerLogin":"rubydev+admin@gooddata.com","links":{"self":"/gdc/projects/lgx6j8kkugaayoxek5qcg69y1jbqszow/schedules/5b4dbe99e4b08227834212f6","executions":"/gdc/projects/lgx6j8kkugaayoxek5qcg69y1jbqszow/schedules/5b4dbe99e4b08227834212f6/executions"}}}]}}'
    http_version: 
  recorded_at: Tue, 17 Jul 2018 10:02:04 GMT
- request:
    method: get
    uri: https://staging3-lcm-prod.intgdc.com/gdc/projects/lgx6j8kkugaayoxek5qcg69y1jbqszow/schedules
    body:
      encoding: US-ASCII
      string: ''
    headers:
      Accept:
      - application/json, application/zip
      Accept-Encoding:
      - gzip, deflate
      User-Agent:
      - gooddata-gem/1.2.0/x86_64-linux/2.3.6
      Content-Type:
      - application/json
      X-Gdc-Authtt:
      - "<X_GDC_AUTHTT>"
      X-Gdc-Request:
      - 4RpOKkCnMdNXtuJJ0TGBhg:LwX1dpZis4hvfF4mg6_KBw
      Host:
      - staging3-lcm-prod.intgdc.com
  response:
    status:
      code: 200
      message: OK
    headers:
      X-Gdc-Log-Header:
      - ''
      Date:
      - Tue, 17 Jul 2018 10:02:04 GMT
      Server:
      - GoodData WebApp
      Cache-Control:
      - no-cache, no-store, must-revalidate
      Content-Type:
      - application/json;charset=UTF-8
      Content-Length:
      - '1169'
      X-Gdc-Request:
      - 4RpOKkCnMdNXtuJJ0TGBhg:LwX1dpZis4hvfF4mg6_KBw:SDY7y3ESU3Wvk0SM
      Vary:
      - origin
      X-Gdc-Request-Time:
      - '20'
      Strict-Transport-Security:
      - max-age=10886400; includeSubDomains; preload;
    body:
      encoding: ASCII-8BIT
      string: '{"schedules":{"paging":{"offset":0,"count":2},"schedulesLink":"/gdc/projects/lgx6j8kkugaayoxek5qcg69y1jbqszow/schedules","items":[{"schedule":{"name":"process.rb","type":"MSETL","state":"ENABLED","params":{"EXECUTABLE":"process.rb","PROCESS_ID":"cd8693ab-0446-4a2d-8e4e-78328665483f"},"timezone":"UTC","consecutiveFailedExecutionCount":0,"ownerLogin":"rubydev+admin@gooddata.com","links":{"self":"/gdc/projects/lgx6j8kkugaayoxek5qcg69y1jbqszow/schedules/5b4dbe9be4b08227834212f7","executions":"/gdc/projects/lgx6j8kkugaayoxek5qcg69y1jbqszow/schedules/5b4dbe9be4b08227834212f7/executions"},"triggerScheduleId":"5b4dbe99e4b08227834212f6"}},{"schedule":{"name":"process.rb","type":"MSETL","state":"ENABLED","params":{"EXECUTABLE":"process.rb","PROCESS_ID":"cd8693ab-0446-4a2d-8e4e-78328665483f"},"cron":"0
        15 27 7 *","timezone":"UTC","nextExecutionTime":"2018-07-27T15:00:00.000Z","consecutiveFailedExecutionCount":0,"ownerLogin":"rubydev+admin@gooddata.com","links":{"self":"/gdc/projects/lgx6j8kkugaayoxek5qcg69y1jbqszow/schedules/5b4dbe99e4b08227834212f6","executions":"/gdc/projects/lgx6j8kkugaayoxek5qcg69y1jbqszow/schedules/5b4dbe99e4b08227834212f6/executions"}}}]}}'
    http_version: 
  recorded_at: Tue, 17 Jul 2018 10:02:05 GMT
- request:
    method: delete
    uri: https://staging3-lcm-prod.intgdc.com/gdc/projects/lgx6j8kkugaayoxek5qcg69y1jbqszow/schedules/5b4dbe9be4b08227834212f7
    body:
      encoding: US-ASCII
      string: ''
    headers:
      Accept:
      - application/json, application/zip
      Accept-Encoding:
      - gzip, deflate
      User-Agent:
      - gooddata-gem/1.2.0/x86_64-linux/2.3.6
      Content-Type:
      - application/json
      X-Gdc-Authtt:
      - "<X_GDC_AUTHTT>"
      X-Gdc-Request:
      - 4RpOKkCnMdNXtuJJ0TGBhg:_ds6GYt4dw5aqk8UoLRjvQ
      Host:
      - staging3-lcm-prod.intgdc.com
  response:
    status:
      code: 204
      message: No Content
    headers:
      Location:
      - "/gdc/projects/lgx6j8kkugaayoxek5qcg69y1jbqszow/schedules"
      X-Gdc-Log-Header:
      - ''
      Date:
      - Tue, 17 Jul 2018 10:02:05 GMT
      Server:
      - GoodData WebApp
      Cache-Control:
      - no-cache, no-store, must-revalidate
      X-Gdc-Request-Time:
      - '22'
      X-Gdc-Request:
      - 4RpOKkCnMdNXtuJJ0TGBhg:_ds6GYt4dw5aqk8UoLRjvQ:OFKIcMJidk4u83ya
      Vary:
      - origin
      Strict-Transport-Security:
      - max-age=10886400; includeSubDomains; preload;
    body:
      encoding: UTF-8
      string: ''
    http_version: 
  recorded_at: Tue, 17 Jul 2018 10:02:05 GMT
- request:
    method: delete
    uri: https://staging3-lcm-prod.intgdc.com/gdc/projects/lgx6j8kkugaayoxek5qcg69y1jbqszow/schedules/5b4dbe99e4b08227834212f6
    body:
      encoding: US-ASCII
      string: ''
    headers:
      Accept:
      - application/json, application/zip
      Accept-Encoding:
      - gzip, deflate
      User-Agent:
      - gooddata-gem/1.2.0/x86_64-linux/2.3.6
      Content-Type:
      - application/json
      X-Gdc-Authtt:
      - "<X_GDC_AUTHTT>"
      X-Gdc-Request:
      - 4RpOKkCnMdNXtuJJ0TGBhg:-KacazZIN5gO2ejzs07QbQ
      Host:
      - staging3-lcm-prod.intgdc.com
  response:
    status:
      code: 204
      message: No Content
    headers:
      Location:
      - "/gdc/projects/lgx6j8kkugaayoxek5qcg69y1jbqszow/schedules"
      X-Gdc-Log-Header:
      - ''
      Date:
      - Tue, 17 Jul 2018 10:02:05 GMT
      Server:
      - GoodData WebApp
      Cache-Control:
      - no-cache, no-store, must-revalidate
      X-Gdc-Request-Time:
      - '21'
      X-Gdc-Request:
      - 4RpOKkCnMdNXtuJJ0TGBhg:-KacazZIN5gO2ejzs07QbQ:TIZ9xpTmC7JXPkeP
      Vary:
      - origin
      Strict-Transport-Security:
      - max-age=10886400; includeSubDomains; preload;
    body:
      encoding: UTF-8
      string: ''
    http_version: 
  recorded_at: Tue, 17 Jul 2018 10:02:06 GMT
- request:
    method: get
    uri: https://staging2-lcm-prod.intgdc.com/gdc/projects/aqojx10gucsew0lsksoqwsbdefyikn1p/dataload/processes/e94851c4-d1d5-4d83-80bf-a5adbe35e724
    body:
      encoding: US-ASCII
      string: ''
    headers:
      Accept:
      - application/json, application/zip
      Accept-Encoding:
      - gzip, deflate
      User-Agent:
      - gooddata-gem/1.3.1/x86_64-darwin16/2.3.3
      Content-Type:
      - application/json
      X-Gdc-Authtt:
      - "<X_GDC_AUTHTT>"
      X-Gdc-Request:
      - a0VAqWVlTouep8-ovBrz2A:jYYOoD7bbS2ZvwCBTeMHhQ
      Host:
      - staging2-lcm-prod.intgdc.com
  response:
    status:
      code: 200
      message: OK
    headers:
      X-Gdc-Log-Header:
      - ''
      Date:
      - Fri, 05 Oct 2018 13:50:38 GMT
      Server:
      - GoodData WebApp
      Cache-Control:
      - no-cache, no-store, must-revalidate
      Content-Type:
      - application/json;charset=UTF-8
      X-Gdc-Request:
      - a0VAqWVlTouep8-ovBrz2A:jYYOoD7bbS2ZvwCBTeMHhQ:W0ZxZWOO3eAyQOEJ
      Vary:
      - origin
      X-Gdc-Request-Time:
      - '79'
      Transfer-Encoding:
      - chunked
      Strict-Transport-Security:
      - max-age=10886400; includeSubDomains; preload;
    body:
      encoding: ASCII-8BIT
      string: '{"process":{"type":"RUBY","name":"Test ETL Process (Ruby)","graphs":["process.rb"],"executables":["process.rb"],"lastDeployed":"2018-10-05T13:50:22.013Z","ownerLogin":"rubydev+admin@gooddata.com","links":{"self":"/gdc/projects/aqojx10gucsew0lsksoqwsbdefyikn1p/dataload/processes/e94851c4-d1d5-4d83-80bf-a5adbe35e724","executions":"/gdc/projects/aqojx10gucsew0lsksoqwsbdefyikn1p/dataload/processes/e94851c4-d1d5-4d83-80bf-a5adbe35e724/executions","source":"/gdc/projects/aqojx10gucsew0lsksoqwsbdefyikn1p/dataload/processes/e94851c4-d1d5-4d83-80bf-a5adbe35e724/source"}}}'
    http_version: 
  recorded_at: Fri, 05 Oct 2018 13:50:39 GMT
- request:
    method: post
    uri: https://staging2-lcm-prod.intgdc.com/gdc/projects/aqojx10gucsew0lsksoqwsbdefyikn1p/schedules
    body:
      encoding: UTF-8
      string: '{"schedule":{"name":null,"type":"MSETL","state":"ENABLED","timezone":"UTC","cron":"0
        15 27 7 *","triggerScheduleId":null,"params":{"PROCESS_ID":"e94851c4-d1d5-4d83-80bf-a5adbe35e724","EXECUTABLE":"process.rb"},"hiddenParams":{}}}'
    headers:
      Accept:
      - application/json, application/zip
      Accept-Encoding:
      - gzip, deflate
      User-Agent:
      - gooddata-gem/1.3.1/x86_64-darwin16/2.3.3
      Content-Type:
      - application/json
      X-Gdc-Authtt:
      - "<X_GDC_AUTHTT>"
      X-Gdc-Request:
      - a0VAqWVlTouep8-ovBrz2A:RrXSG3N3NQus2IuJNXsvqQ
      Content-Length:
      - '229'
      Host:
      - staging2-lcm-prod.intgdc.com
  response:
    status:
      code: 201
      message: Created
    headers:
      Location:
      - "/gdc/projects/aqojx10gucsew0lsksoqwsbdefyikn1p/schedules/5bb76c2fe4b0bbcee542a892"
      X-Gdc-Log-Header:
      - ''
      Date:
      - Fri, 05 Oct 2018 13:50:39 GMT
      Server:
      - GoodData WebApp
      Cache-Control:
      - no-cache, no-store, must-revalidate
      Content-Type:
      - application/json;charset=UTF-8
      X-Gdc-Request:
      - a0VAqWVlTouep8-ovBrz2A:RrXSG3N3NQus2IuJNXsvqQ:MgeyyBeHV5SJI24e
      Vary:
      - origin
      X-Gdc-Request-Time:
      - '27'
      Transfer-Encoding:
      - chunked
      Strict-Transport-Security:
      - max-age=10886400; includeSubDomains; preload;
    body:
      encoding: ASCII-8BIT
      string: '{"schedule":{"name":"process.rb","type":"MSETL","state":"ENABLED","params":{"EXECUTABLE":"process.rb","PROCESS_ID":"e94851c4-d1d5-4d83-80bf-a5adbe35e724"},"cron":"0
        15 27 7 *","timezone":"UTC","nextExecutionTime":"2019-07-27T15:00:00.000Z","consecutiveFailedExecutionCount":0,"ownerLogin":"rubydev+admin@gooddata.com","links":{"self":"/gdc/projects/aqojx10gucsew0lsksoqwsbdefyikn1p/schedules/5bb76c2fe4b0bbcee542a892","executions":"/gdc/projects/aqojx10gucsew0lsksoqwsbdefyikn1p/schedules/5bb76c2fe4b0bbcee542a892/executions"}}}'
    http_version: 
  recorded_at: Fri, 05 Oct 2018 13:50:39 GMT
- request:
    method: get
    uri: https://staging2-lcm-prod.intgdc.com/gdc/projects/aqojx10gucsew0lsksoqwsbdefyikn1p/schedules/5bb76c2fe4b0bbcee542a892
    body:
      encoding: US-ASCII
      string: ''
    headers:
      Accept:
      - application/json, application/zip
      Accept-Encoding:
      - gzip, deflate
      User-Agent:
      - gooddata-gem/1.3.1/x86_64-darwin16/2.3.3
      Content-Type:
      - application/json
      X-Gdc-Authtt:
      - "<X_GDC_AUTHTT>"
      X-Gdc-Request:
      - a0VAqWVlTouep8-ovBrz2A:R4HcEctcLPfEe9hFMdoW4A
      Host:
      - staging2-lcm-prod.intgdc.com
  response:
    status:
      code: 200
      message: OK
    headers:
      X-Gdc-Log-Header:
      - ''
      Date:
      - Fri, 05 Oct 2018 13:50:39 GMT
      Server:
      - GoodData WebApp
      Cache-Control:
      - no-cache, no-store, must-revalidate
      Content-Type:
      - application/json;charset=UTF-8
      X-Gdc-Request:
      - a0VAqWVlTouep8-ovBrz2A:R4HcEctcLPfEe9hFMdoW4A:f3DGBLRZQ7bn7Ujo
      Vary:
      - origin
      X-Gdc-Request-Time:
      - '18'
      Transfer-Encoding:
      - chunked
      Strict-Transport-Security:
      - max-age=10886400; includeSubDomains; preload;
    body:
      encoding: ASCII-8BIT
      string: '{"schedule":{"name":"process.rb","type":"MSETL","state":"ENABLED","params":{"EXECUTABLE":"process.rb","PROCESS_ID":"e94851c4-d1d5-4d83-80bf-a5adbe35e724"},"cron":"0
        15 27 7 *","timezone":"UTC","nextExecutionTime":"2019-07-27T15:00:00.000Z","consecutiveFailedExecutionCount":0,"ownerLogin":"rubydev+admin@gooddata.com","links":{"self":"/gdc/projects/aqojx10gucsew0lsksoqwsbdefyikn1p/schedules/5bb76c2fe4b0bbcee542a892","executions":"/gdc/projects/aqojx10gucsew0lsksoqwsbdefyikn1p/schedules/5bb76c2fe4b0bbcee542a892/executions"}}}'
    http_version: 
  recorded_at: Fri, 05 Oct 2018 13:50:40 GMT
- request:
    method: get
    uri: https://staging2-lcm-prod.intgdc.com/gdc/projects/aqojx10gucsew0lsksoqwsbdefyikn1p/dataload/processes/e94851c4-d1d5-4d83-80bf-a5adbe35e724
    body:
      encoding: US-ASCII
      string: ''
    headers:
      Accept:
      - application/json, application/zip
      Accept-Encoding:
      - gzip, deflate
      User-Agent:
      - gooddata-gem/1.3.1/x86_64-darwin16/2.3.3
      Content-Type:
      - application/json
      X-Gdc-Authtt:
      - "<X_GDC_AUTHTT>"
      X-Gdc-Request:
      - a0VAqWVlTouep8-ovBrz2A:_OzfPULcFfbj8ckaJmn22w
      Host:
      - staging2-lcm-prod.intgdc.com
  response:
    status:
      code: 200
      message: OK
    headers:
      X-Gdc-Log-Header:
      - ''
      Date:
      - Fri, 05 Oct 2018 13:50:40 GMT
      Server:
      - GoodData WebApp
      Cache-Control:
      - no-cache, no-store, must-revalidate
      Content-Type:
      - application/json;charset=UTF-8
      X-Gdc-Request:
      - a0VAqWVlTouep8-ovBrz2A:_OzfPULcFfbj8ckaJmn22w:DlOujpGj4iPrFx6V
      Vary:
      - origin
      X-Gdc-Request-Time:
      - '81'
      Transfer-Encoding:
      - chunked
      Strict-Transport-Security:
      - max-age=10886400; includeSubDomains; preload;
    body:
      encoding: ASCII-8BIT
      string: '{"process":{"type":"RUBY","name":"Test ETL Process (Ruby)","graphs":["process.rb"],"executables":["process.rb"],"lastDeployed":"2018-10-05T13:50:22.013Z","ownerLogin":"rubydev+admin@gooddata.com","links":{"self":"/gdc/projects/aqojx10gucsew0lsksoqwsbdefyikn1p/dataload/processes/e94851c4-d1d5-4d83-80bf-a5adbe35e724","executions":"/gdc/projects/aqojx10gucsew0lsksoqwsbdefyikn1p/dataload/processes/e94851c4-d1d5-4d83-80bf-a5adbe35e724/executions","source":"/gdc/projects/aqojx10gucsew0lsksoqwsbdefyikn1p/dataload/processes/e94851c4-d1d5-4d83-80bf-a5adbe35e724/source"}}}'
    http_version: 
  recorded_at: Fri, 05 Oct 2018 13:50:40 GMT
- request:
    method: post
    uri: https://staging2-lcm-prod.intgdc.com/gdc/projects/aqojx10gucsew0lsksoqwsbdefyikn1p/schedules
    body:
      encoding: UTF-8
      string: '{"schedule":{"name":null,"type":"MSETL","state":"ENABLED","timezone":"UTC","cron":null,"triggerScheduleId":"5bb76c2fe4b0bbcee542a892","params":{"PROCESS_ID":"e94851c4-d1d5-4d83-80bf-a5adbe35e724","EXECUTABLE":"process.rb"},"hiddenParams":{}}}'
    headers:
      Accept:
      - application/json, application/zip
      Accept-Encoding:
      - gzip, deflate
      User-Agent:
      - gooddata-gem/1.3.1/x86_64-darwin16/2.3.3
      Content-Type:
      - application/json
      X-Gdc-Authtt:
      - "<X_GDC_AUTHTT>"
      X-Gdc-Request:
      - a0VAqWVlTouep8-ovBrz2A:AHGXKF-suWQGPcU73iBJ2A
      Content-Length:
      - '242'
      Host:
      - staging2-lcm-prod.intgdc.com
  response:
    status:
      code: 201
      message: Created
    headers:
      Location:
      - "/gdc/projects/aqojx10gucsew0lsksoqwsbdefyikn1p/schedules/5bb76c31e4b091ee7acf0908"
      X-Gdc-Log-Header:
      - ''
      Date:
      - Fri, 05 Oct 2018 13:50:40 GMT
      Server:
      - GoodData WebApp
      Cache-Control:
      - no-cache, no-store, must-revalidate
      Content-Type:
      - application/json;charset=UTF-8
      X-Gdc-Request:
      - a0VAqWVlTouep8-ovBrz2A:AHGXKF-suWQGPcU73iBJ2A:CWrQlkRGuoyMp6RZ
      Vary:
      - origin
      X-Gdc-Request-Time:
      - '25'
      Transfer-Encoding:
      - chunked
      Strict-Transport-Security:
      - max-age=10886400; includeSubDomains; preload;
    body:
      encoding: ASCII-8BIT
      string: '{"schedule":{"name":"process.rb","type":"MSETL","state":"ENABLED","params":{"EXECUTABLE":"process.rb","PROCESS_ID":"e94851c4-d1d5-4d83-80bf-a5adbe35e724"},"timezone":"UTC","consecutiveFailedExecutionCount":0,"ownerLogin":"rubydev+admin@gooddata.com","links":{"self":"/gdc/projects/aqojx10gucsew0lsksoqwsbdefyikn1p/schedules/5bb76c31e4b091ee7acf0908","executions":"/gdc/projects/aqojx10gucsew0lsksoqwsbdefyikn1p/schedules/5bb76c31e4b091ee7acf0908/executions"},"triggerScheduleId":"5bb76c2fe4b0bbcee542a892"}}'
    http_version: 
  recorded_at: Fri, 05 Oct 2018 13:50:41 GMT
- request:
    method: get
    uri: https://staging2-lcm-prod.intgdc.com/gdc/projects/aqojx10gucsew0lsksoqwsbdefyikn1p/schedules/5bb76c31e4b091ee7acf0908
    body:
      encoding: US-ASCII
      string: ''
    headers:
      Accept:
      - application/json, application/zip
      Accept-Encoding:
      - gzip, deflate
      User-Agent:
      - gooddata-gem/1.3.1/x86_64-darwin16/2.3.3
      Content-Type:
      - application/json
      X-Gdc-Authtt:
      - "<X_GDC_AUTHTT>"
      X-Gdc-Request:
      - a0VAqWVlTouep8-ovBrz2A:P8ovhlV_B2PmEWOeFh1PJg
      Host:
      - staging2-lcm-prod.intgdc.com
  response:
    status:
      code: 200
      message: OK
    headers:
      X-Gdc-Log-Header:
      - ''
      Date:
      - Fri, 05 Oct 2018 13:50:41 GMT
      Server:
      - GoodData WebApp
      Cache-Control:
      - no-cache, no-store, must-revalidate
      Content-Type:
      - application/json;charset=UTF-8
      X-Gdc-Request:
      - a0VAqWVlTouep8-ovBrz2A:P8ovhlV_B2PmEWOeFh1PJg:WZGDzhwHLHulhPUh
      Vary:
      - origin
      X-Gdc-Request-Time:
      - '17'
      Transfer-Encoding:
      - chunked
      Strict-Transport-Security:
      - max-age=10886400; includeSubDomains; preload;
    body:
      encoding: ASCII-8BIT
      string: '{"schedule":{"name":"process.rb","type":"MSETL","state":"ENABLED","params":{"EXECUTABLE":"process.rb","PROCESS_ID":"e94851c4-d1d5-4d83-80bf-a5adbe35e724"},"timezone":"UTC","consecutiveFailedExecutionCount":0,"ownerLogin":"rubydev+admin@gooddata.com","links":{"self":"/gdc/projects/aqojx10gucsew0lsksoqwsbdefyikn1p/schedules/5bb76c31e4b091ee7acf0908","executions":"/gdc/projects/aqojx10gucsew0lsksoqwsbdefyikn1p/schedules/5bb76c31e4b091ee7acf0908/executions"},"triggerScheduleId":"5bb76c2fe4b0bbcee542a892"}}'
    http_version: 
  recorded_at: Fri, 05 Oct 2018 13:50:41 GMT
- request:
    method: get
    uri: https://staging2-lcm-prod.intgdc.com/gdc/projects/aqojx10gucsew0lsksoqwsbdefyikn1p/schedules
    body:
      encoding: US-ASCII
      string: ''
    headers:
      Accept:
      - application/json, application/zip
      Accept-Encoding:
      - gzip, deflate
      User-Agent:
      - gooddata-gem/1.3.1/x86_64-darwin16/2.3.3
      Content-Type:
      - application/json
      X-Gdc-Authtt:
      - "<X_GDC_AUTHTT>"
      X-Gdc-Request:
      - a0VAqWVlTouep8-ovBrz2A:97bWfsyJ9iN6fsvSHwU_MQ
      Host:
      - staging2-lcm-prod.intgdc.com
  response:
    status:
      code: 200
      message: OK
    headers:
      X-Gdc-Log-Header:
      - ''
      Date:
      - Fri, 05 Oct 2018 13:50:41 GMT
      Server:
      - GoodData WebApp
      Cache-Control:
      - no-cache, no-store, must-revalidate
      Content-Type:
      - application/json;charset=UTF-8
      Content-Length:
      - '1169'
      X-Gdc-Request:
      - a0VAqWVlTouep8-ovBrz2A:97bWfsyJ9iN6fsvSHwU_MQ:yRTXoPa15yvYKNVC
      Vary:
      - origin
      X-Gdc-Request-Time:
      - '24'
      Strict-Transport-Security:
      - max-age=10886400; includeSubDomains; preload;
    body:
      encoding: ASCII-8BIT
      string: '{"schedules":{"paging":{"offset":0,"count":2},"schedulesLink":"/gdc/projects/aqojx10gucsew0lsksoqwsbdefyikn1p/schedules","items":[{"schedule":{"name":"process.rb","type":"MSETL","state":"ENABLED","params":{"EXECUTABLE":"process.rb","PROCESS_ID":"e94851c4-d1d5-4d83-80bf-a5adbe35e724"},"cron":"0
        15 27 7 *","timezone":"UTC","nextExecutionTime":"2019-07-27T15:00:00.000Z","consecutiveFailedExecutionCount":0,"ownerLogin":"rubydev+admin@gooddata.com","links":{"self":"/gdc/projects/aqojx10gucsew0lsksoqwsbdefyikn1p/schedules/5bb76c2fe4b0bbcee542a892","executions":"/gdc/projects/aqojx10gucsew0lsksoqwsbdefyikn1p/schedules/5bb76c2fe4b0bbcee542a892/executions"}}},{"schedule":{"name":"process.rb","type":"MSETL","state":"ENABLED","params":{"EXECUTABLE":"process.rb","PROCESS_ID":"e94851c4-d1d5-4d83-80bf-a5adbe35e724"},"timezone":"UTC","consecutiveFailedExecutionCount":0,"ownerLogin":"rubydev+admin@gooddata.com","links":{"self":"/gdc/projects/aqojx10gucsew0lsksoqwsbdefyikn1p/schedules/5bb76c31e4b091ee7acf0908","executions":"/gdc/projects/aqojx10gucsew0lsksoqwsbdefyikn1p/schedules/5bb76c31e4b091ee7acf0908/executions"},"triggerScheduleId":"5bb76c2fe4b0bbcee542a892"}}]}}'
    http_version: 
  recorded_at: Fri, 05 Oct 2018 13:50:42 GMT
- request:
    method: get
    uri: https://staging2-lcm-prod.intgdc.com/gdc/projects/aqojx10gucsew0lsksoqwsbdefyikn1p/schedules
    body:
      encoding: US-ASCII
      string: ''
    headers:
      Accept:
      - application/json, application/zip
      Accept-Encoding:
      - gzip, deflate
      User-Agent:
      - gooddata-gem/1.3.1/x86_64-darwin16/2.3.3
      Content-Type:
      - application/json
      X-Gdc-Authtt:
      - "<X_GDC_AUTHTT>"
      X-Gdc-Request:
      - a0VAqWVlTouep8-ovBrz2A:G532FUJlqPzR__XonWWAvw
      Host:
      - staging2-lcm-prod.intgdc.com
  response:
    status:
      code: 200
      message: OK
    headers:
      X-Gdc-Log-Header:
      - ''
      Date:
      - Fri, 05 Oct 2018 13:50:42 GMT
      Server:
      - GoodData WebApp
      Cache-Control:
      - no-cache, no-store, must-revalidate
      Content-Type:
      - application/json;charset=UTF-8
      Content-Length:
      - '1169'
      X-Gdc-Request:
      - a0VAqWVlTouep8-ovBrz2A:G532FUJlqPzR__XonWWAvw:jWTW63O7ZzIhqtEe
      Vary:
      - origin
      X-Gdc-Request-Time:
      - '20'
      Strict-Transport-Security:
      - max-age=10886400; includeSubDomains; preload;
    body:
      encoding: ASCII-8BIT
      string: '{"schedules":{"paging":{"offset":0,"count":2},"schedulesLink":"/gdc/projects/aqojx10gucsew0lsksoqwsbdefyikn1p/schedules","items":[{"schedule":{"name":"process.rb","type":"MSETL","state":"ENABLED","params":{"EXECUTABLE":"process.rb","PROCESS_ID":"e94851c4-d1d5-4d83-80bf-a5adbe35e724"},"cron":"0
        15 27 7 *","timezone":"UTC","nextExecutionTime":"2019-07-27T15:00:00.000Z","consecutiveFailedExecutionCount":0,"ownerLogin":"rubydev+admin@gooddata.com","links":{"self":"/gdc/projects/aqojx10gucsew0lsksoqwsbdefyikn1p/schedules/5bb76c2fe4b0bbcee542a892","executions":"/gdc/projects/aqojx10gucsew0lsksoqwsbdefyikn1p/schedules/5bb76c2fe4b0bbcee542a892/executions"}}},{"schedule":{"name":"process.rb","type":"MSETL","state":"ENABLED","params":{"EXECUTABLE":"process.rb","PROCESS_ID":"e94851c4-d1d5-4d83-80bf-a5adbe35e724"},"timezone":"UTC","consecutiveFailedExecutionCount":0,"ownerLogin":"rubydev+admin@gooddata.com","links":{"self":"/gdc/projects/aqojx10gucsew0lsksoqwsbdefyikn1p/schedules/5bb76c31e4b091ee7acf0908","executions":"/gdc/projects/aqojx10gucsew0lsksoqwsbdefyikn1p/schedules/5bb76c31e4b091ee7acf0908/executions"},"triggerScheduleId":"5bb76c2fe4b0bbcee542a892"}}]}}'
    http_version: 
  recorded_at: Fri, 05 Oct 2018 13:50:43 GMT
- request:
    method: delete
    uri: https://staging2-lcm-prod.intgdc.com/gdc/projects/aqojx10gucsew0lsksoqwsbdefyikn1p/schedules/5bb76c31e4b091ee7acf0908
    body:
      encoding: US-ASCII
      string: ''
    headers:
      Accept:
      - application/json, application/zip
      Accept-Encoding:
      - gzip, deflate
      User-Agent:
      - gooddata-gem/1.3.1/x86_64-darwin16/2.3.3
      Content-Type:
      - application/json
      X-Gdc-Authtt:
      - "<X_GDC_AUTHTT>"
      X-Gdc-Request:
      - a0VAqWVlTouep8-ovBrz2A:AI5aVz-OONIrvM3Ruhat-Q
      Host:
      - staging2-lcm-prod.intgdc.com
  response:
    status:
      code: 204
      message: No Content
    headers:
      Location:
      - "/gdc/projects/aqojx10gucsew0lsksoqwsbdefyikn1p/schedules"
      X-Gdc-Log-Header:
      - ''
      Date:
      - Fri, 05 Oct 2018 13:50:42 GMT
      Server:
      - GoodData WebApp
      Cache-Control:
      - no-cache, no-store, must-revalidate
      X-Gdc-Request-Time:
      - '20'
      X-Gdc-Request:
      - a0VAqWVlTouep8-ovBrz2A:AI5aVz-OONIrvM3Ruhat-Q:IyhVnh4FTofqRM8M
      Vary:
      - origin
      Strict-Transport-Security:
      - max-age=10886400; includeSubDomains; preload;
    body:
      encoding: UTF-8
      string: ''
    http_version: 
  recorded_at: Fri, 05 Oct 2018 13:50:43 GMT
- request:
    method: delete
    uri: https://staging2-lcm-prod.intgdc.com/gdc/projects/aqojx10gucsew0lsksoqwsbdefyikn1p/schedules/5bb76c2fe4b0bbcee542a892
    body:
      encoding: US-ASCII
      string: ''
    headers:
      Accept:
      - application/json, application/zip
      Accept-Encoding:
      - gzip, deflate
      User-Agent:
      - gooddata-gem/1.3.1/x86_64-darwin16/2.3.3
      Content-Type:
      - application/json
      X-Gdc-Authtt:
      - "<X_GDC_AUTHTT>"
      X-Gdc-Request:
      - a0VAqWVlTouep8-ovBrz2A:EEWqdFB8c8rHAVQDzvt8Gw
      Host:
      - staging2-lcm-prod.intgdc.com
  response:
    status:
      code: 204
      message: No Content
    headers:
      Location:
      - "/gdc/projects/aqojx10gucsew0lsksoqwsbdefyikn1p/schedules"
      X-Gdc-Log-Header:
      - ''
      Date:
      - Fri, 05 Oct 2018 13:50:44 GMT
      Server:
      - GoodData WebApp
      Cache-Control:
      - no-cache, no-store, must-revalidate
      X-Gdc-Request-Time:
      - '24'
      X-Gdc-Request:
      - a0VAqWVlTouep8-ovBrz2A:EEWqdFB8c8rHAVQDzvt8Gw:kDmF2ilM4shzZrNy
      Vary:
      - origin
      Strict-Transport-Security:
      - max-age=10886400; includeSubDomains; preload;
    body:
      encoding: UTF-8
      string: ''
    http_version: 
  recorded_at: Fri, 05 Oct 2018 13:50:44 GMT
recorded_with: VCR 4.0.0
