---
http_interactions:
- request:
    method: get
    uri: https://staging2-lcm-prod.intgdc.com/gdc/projects/voyb6fcvdngwfyf722vn9cmbv7sq6mf6/dataload/processes/7bc4b678-d1f6-4fb0-b1ee-513f4709bbf1
    body:
      encoding: US-ASCII
      string: ''
    headers:
      Accept:
      - application/json, application/zip
      Accept-Encoding:
      - gzip, deflate
      User-Agent:
      - gooddata-gem/1.1.0/x86_64-linux/2.4.1
      Content-Type:
      - application/json
      X-Gdc-Authtt:
      - "<X_GDC_AUTHTT>"
      X-Gdc-Request:
      - YnUGz5e-b3l9T1WSmODIHA:vRiMWb59ZPGFUCpPnLdWHw
      Host:
      - staging2-lcm-prod.intgdc.com
  response:
    status:
      code: 200
      message: OK
    headers:
      X-Gdc-Log-Header:
      - ''
      Date:
      - Mon, 04 Jun 2018 12:55:42 GMT
      Server:
      - GoodData WebApp
      Accept-Ranges:
      - bytes
      Cache-Control:
      - no-cache, no-store, must-revalidate
      Content-Type:
      - application/json;charset=UTF-8
      X-Gdc-Request:
      - YnUGz5e-b3l9T1WSmODIHA:vRiMWb59ZPGFUCpPnLdWHw:H6dHw9JI7UqBZ6O9
      Vary:
      - origin
      X-Gdc-Request-Time:
      - '38'
      Transfer-Encoding:
      - chunked
      Strict-Transport-Security:
      - max-age=10886400; includeSubDomains; preload;
    body:
      encoding: ASCII-8BIT
      string: '{"process":{"type":"RUBY","name":"Test process","path":"${PRODUCTION_APPSTORE}:tag/2.1.5:/apps/hello_world_brick","graphs":["main.rb"],"executables":["main.rb"],"lastDeployed":"2018-04-11T09:23:47.314Z","ownerLogin":"rubydev+admin@gooddata.com","links":{"self":"/gdc/projects/voyb6fcvdngwfyf722vn9cmbv7sq6mf6/dataload/processes/7bc4b678-d1f6-4fb0-b1ee-513f4709bbf1","executions":"/gdc/projects/voyb6fcvdngwfyf722vn9cmbv7sq6mf6/dataload/processes/7bc4b678-d1f6-4fb0-b1ee-513f4709bbf1/executions","source":"/gdc/projects/voyb6fcvdngwfyf722vn9cmbv7sq6mf6/dataload/processes/7bc4b678-d1f6-4fb0-b1ee-513f4709bbf1/source"}}}'
    http_version: 
  recorded_at: Mon, 04 Jun 2018 12:55:43 GMT
- request:
    method: get
    uri: https://staging2-lcm-prod.intgdc.com/gdc/projects/zyoflmgyrszp8cjur3x271h18fgu8ikz/dataload/processes/f81ed214-63f0-4ced-a771-1fbeb5dd5e74
    body:
      encoding: US-ASCII
      string: ''
    headers:
      Accept:
      - application/json, application/zip
      Accept-Encoding:
      - gzip, deflate
      User-Agent:
      - gooddata-gem/1.3.1/x86_64-darwin16/2.3.3
      Content-Type:
      - application/json
      X-Gdc-Authtt:
      - "<X_GDC_AUTHTT>"
      X-Gdc-Request:
      - d3zLKwUqE66F3pMeoL_roA:BaUMz5ZiqQ0Bxo5B30pTrA
      Host:
      - staging2-lcm-prod.intgdc.com
  response:
    status:
      code: 200
      message: OK
    headers:
      X-Gdc-Log-Header:
      - ''
      Date:
      - Fri, 05 Oct 2018 13:00:00 GMT
      Server:
      - GoodData WebApp
      Cache-Control:
      - no-cache, no-store, must-revalidate
      Content-Type:
      - application/json;charset=UTF-8
      X-Gdc-Request:
      - d3zLKwUqE66F3pMeoL_roA:BaUMz5ZiqQ0Bxo5B30pTrA:kV5din8DKl7d6sjH
      Vary:
      - origin
      X-Gdc-Request-Time:
      - '89'
      Transfer-Encoding:
      - chunked
      Strict-Transport-Security:
      - max-age=10886400; includeSubDomains; preload;
    body:
      encoding: ASCII-8BIT
      string: '{"process":{"type":"RUBY","name":"Simple Ruby Process","path":"${PUBLIC_APPSTORE}:branch/master:/apps/hello_world_brick","graphs":["main.rb"],"executables":["main.rb"],"lastDeployed":"2018-10-05T12:35:11.994Z","ownerLogin":"rubydev+admin@gooddata.com","links":{"self":"/gdc/projects/zyoflmgyrszp8cjur3x271h18fgu8ikz/dataload/processes/f81ed214-63f0-4ced-a771-1fbeb5dd5e74","executions":"/gdc/projects/zyoflmgyrszp8cjur3x271h18fgu8ikz/dataload/processes/f81ed214-63f0-4ced-a771-1fbeb5dd5e74/executions","source":"/gdc/projects/zyoflmgyrszp8cjur3x271h18fgu8ikz/dataload/processes/f81ed214-63f0-4ced-a771-1fbeb5dd5e74/source"}}}'
    http_version: 
  recorded_at: Fri, 05 Oct 2018 13:00:00 GMT
- request:
    method: get
    uri: https://staging2-lcm-prod.intgdc.com/gdc/projects/e5rq4kqgnmx2mnrn5lbz1cilqcp7d0sl/dataload/processes/4bbcec07-acb6-4d10-bd25-a72c1211ab02
    body:
      encoding: US-ASCII
      string: ''
    headers:
      Accept:
      - application/json, application/zip
      Accept-Encoding:
      - gzip, deflate
      User-Agent:
      - gooddata-gem/1.3.2/x86_64-darwin16/2.3.3
      Content-Type:
      - application/json
      X-Gdc-Authtt:
      - "<X_GDC_AUTHTT>"
      X-Gdc-Request:
      - 4xAjvuBljPTbYH22JuNK4g:O6H4No3BDzwmMNOO6othtg
      Host:
      - staging2-lcm-prod.intgdc.com
  response:
    status:
      code: 200
      message: OK
    headers:
      X-Gdc-Log-Header:
      - ''
      Date:
      - Wed, 10 Oct 2018 08:52:39 GMT
      Server:
      - GoodData WebApp
      Cache-Control:
      - no-cache, no-store, must-revalidate
      Content-Type:
      - application/json;charset=UTF-8
      X-Gdc-Request:
      - 4xAjvuBljPTbYH22JuNK4g:O6H4No3BDzwmMNOO6othtg:aS7ozqfeZXWJuVln
      Vary:
      - origin
      X-Gdc-Request-Time:
      - '80'
      Transfer-Encoding:
      - chunked
      Strict-Transport-Security:
      - max-age=10886400; includeSubDomains; preload;
    body:
      encoding: ASCII-8BIT
      string: '{"process":{"type":"RUBY","name":"Simple Ruby Process","path":"${PUBLIC_APPSTORE}:branch/master:/apps/hello_world_brick","graphs":["main.rb"],"executables":["main.rb"],"lastDeployed":"2018-10-10T08:52:13.871Z","ownerLogin":"rubydev+admin@gooddata.com","links":{"self":"/gdc/projects/e5rq4kqgnmx2mnrn5lbz1cilqcp7d0sl/dataload/processes/4bbcec07-acb6-4d10-bd25-a72c1211ab02","executions":"/gdc/projects/e5rq4kqgnmx2mnrn5lbz1cilqcp7d0sl/dataload/processes/4bbcec07-acb6-4d10-bd25-a72c1211ab02/executions","source":"/gdc/projects/e5rq4kqgnmx2mnrn5lbz1cilqcp7d0sl/dataload/processes/4bbcec07-acb6-4d10-bd25-a72c1211ab02/source"}}}'
    http_version: 
  recorded_at: Wed, 10 Oct 2018 08:52:39 GMT
- request:
    method: post
    uri: https://staging2-lcm-prod.intgdc.com/gdc/projects/e5rq4kqgnmx2mnrn5lbz1cilqcp7d0sl/schedules
    body:
      encoding: UTF-8
      string: '{"schedule":{"name":null,"type":"MSETL","state":"ENABLED","timezone":"UTC","cron":"0
        15 27 7 *","triggerScheduleId":null,"params":{"PROCESS_ID":"4bbcec07-acb6-4d10-bd25-a72c1211ab02","EXECUTABLE":"main.rb","a":"b","b":"c"},"hiddenParams":{}}}'
    headers:
      Accept:
      - application/json, application/zip
      Accept-Encoding:
      - gzip, deflate
      User-Agent:
      - gooddata-gem/1.3.2/x86_64-darwin16/2.3.3
      Content-Type:
      - application/json
      X-Gdc-Authtt:
      - "<X_GDC_AUTHTT>"
      X-Gdc-Request:
      - 4xAjvuBljPTbYH22JuNK4g:d1pzfl6xsRaHGrKFmApsjA
      Content-Length:
      - '242'
      Host:
      - staging2-lcm-prod.intgdc.com
  response:
    status:
      code: 201
      message: Created
    headers:
      Location:
      - "/gdc/projects/e5rq4kqgnmx2mnrn5lbz1cilqcp7d0sl/schedules/5bbdbdd7e4b02e7e4929cd2f"
      X-Gdc-Log-Header:
      - ''
      Date:
      - Wed, 10 Oct 2018 08:52:39 GMT
      Server:
      - GoodData WebApp
      Cache-Control:
      - no-cache, no-store, must-revalidate
      Content-Type:
      - application/json;charset=UTF-8
      X-Gdc-Request:
      - 4xAjvuBljPTbYH22JuNK4g:d1pzfl6xsRaHGrKFmApsjA:AM8aBTuORLeL0Sai
      Vary:
      - origin
      X-Gdc-Request-Time:
      - '28'
      Transfer-Encoding:
      - chunked
      Strict-Transport-Security:
      - max-age=10886400; includeSubDomains; preload;
    body:
      encoding: ASCII-8BIT
      string: '{"schedule":{"name":"main.rb","type":"MSETL","state":"ENABLED","params":{"a":"b","b":"c","EXECUTABLE":"main.rb","PROCESS_ID":"4bbcec07-acb6-4d10-bd25-a72c1211ab02"},"cron":"0
        15 27 7 *","timezone":"UTC","nextExecutionTime":"2019-07-27T15:00:00.000Z","consecutiveFailedExecutionCount":0,"ownerLogin":"rubydev+admin@gooddata.com","links":{"self":"/gdc/projects/e5rq4kqgnmx2mnrn5lbz1cilqcp7d0sl/schedules/5bbdbdd7e4b02e7e4929cd2f","executions":"/gdc/projects/e5rq4kqgnmx2mnrn5lbz1cilqcp7d0sl/schedules/5bbdbdd7e4b02e7e4929cd2f/executions"}}}'
    http_version: 
  recorded_at: Wed, 10 Oct 2018 08:52:39 GMT
- request:
    method: get
    uri: https://staging2-lcm-prod.intgdc.com/gdc/projects/e5rq4kqgnmx2mnrn5lbz1cilqcp7d0sl/schedules/5bbdbdd7e4b02e7e4929cd2f
    body:
      encoding: US-ASCII
      string: ''
    headers:
      Accept:
      - application/json, application/zip
      Accept-Encoding:
      - gzip, deflate
      User-Agent:
      - gooddata-gem/1.3.2/x86_64-darwin16/2.3.3
      Content-Type:
      - application/json
      X-Gdc-Authtt:
      - "<X_GDC_AUTHTT>"
      X-Gdc-Request:
      - 4xAjvuBljPTbYH22JuNK4g:TH1yjIXzH5WndU4KSkziDg
      Host:
      - staging2-lcm-prod.intgdc.com
  response:
    status:
      code: 200
      message: OK
    headers:
      X-Gdc-Log-Header:
      - ''
      Date:
      - Wed, 10 Oct 2018 08:52:39 GMT
      Server:
      - GoodData WebApp
      Cache-Control:
      - no-cache, no-store, must-revalidate
      Content-Type:
      - application/json;charset=UTF-8
      X-Gdc-Request:
      - 4xAjvuBljPTbYH22JuNK4g:TH1yjIXzH5WndU4KSkziDg:4tkEPB9ulTW4Q8fk
      Vary:
      - origin
      X-Gdc-Request-Time:
      - '20'
      Transfer-Encoding:
      - chunked
      Strict-Transport-Security:
      - max-age=10886400; includeSubDomains; preload;
    body:
      encoding: ASCII-8BIT
      string: '{"schedule":{"name":"main.rb","type":"MSETL","state":"ENABLED","params":{"a":"b","b":"c","EXECUTABLE":"main.rb","PROCESS_ID":"4bbcec07-acb6-4d10-bd25-a72c1211ab02"},"cron":"0
        15 27 7 *","timezone":"UTC","nextExecutionTime":"2019-07-27T15:00:00.000Z","consecutiveFailedExecutionCount":0,"ownerLogin":"rubydev+admin@gooddata.com","links":{"self":"/gdc/projects/e5rq4kqgnmx2mnrn5lbz1cilqcp7d0sl/schedules/5bbdbdd7e4b02e7e4929cd2f","executions":"/gdc/projects/e5rq4kqgnmx2mnrn5lbz1cilqcp7d0sl/schedules/5bbdbdd7e4b02e7e4929cd2f/executions"}}}'
    http_version: 
  recorded_at: Wed, 10 Oct 2018 08:52:40 GMT
- request:
    method: delete
    uri: https://staging2-lcm-prod.intgdc.com/gdc/projects/e5rq4kqgnmx2mnrn5lbz1cilqcp7d0sl/schedules/5bbdbdd7e4b02e7e4929cd2f
    body:
      encoding: US-ASCII
      string: ''
    headers:
      Accept:
      - application/json, application/zip
      Accept-Encoding:
      - gzip, deflate
      User-Agent:
      - gooddata-gem/1.3.2/x86_64-darwin16/2.3.3
      Content-Type:
      - application/json
      X-Gdc-Authtt:
      - "<X_GDC_AUTHTT>"
      X-Gdc-Request:
      - 4xAjvuBljPTbYH22JuNK4g:js-HjHSPdzVLPR2e4wieTg
      Host:
      - staging2-lcm-prod.intgdc.com
  response:
    status:
      code: 204
      message: No Content
    headers:
      Location:
      - "/gdc/projects/e5rq4kqgnmx2mnrn5lbz1cilqcp7d0sl/schedules"
      X-Gdc-Log-Header:
      - ''
      Date:
      - Wed, 10 Oct 2018 08:52:41 GMT
      Server:
      - GoodData WebApp
      Cache-Control:
      - no-cache, no-store, must-revalidate
      X-Gdc-Request-Time:
      - '22'
      X-Gdc-Request:
      - 4xAjvuBljPTbYH22JuNK4g:js-HjHSPdzVLPR2e4wieTg:gulB1JEHOIMQ0PHg
      Vary:
      - origin
      Strict-Transport-Security:
      - max-age=10886400; includeSubDomains; preload;
    body:
      encoding: UTF-8
      string: ''
    http_version: 
  recorded_at: Wed, 10 Oct 2018 08:52:41 GMT
- request:
    method: get
    uri: https://staging2-lcm-prod.intgdc.com/gdc/projects/jasmacee4dcce2cn3w1u5nh9ueqsriwj/dataload/processes/4e5f3848-70e1-4526-bfed-40320a3af4b9
    body:
      encoding: US-ASCII
      string: ''
    headers:
      Accept:
      - application/json, application/zip
      Accept-Encoding:
      - gzip, deflate
      User-Agent:
      - gooddata-gem/1.3.2/x86_64-darwin16/2.3.3
      Content-Type:
      - application/json
      X-Gdc-Authtt:
      - "<X_GDC_AUTHTT>"
      X-Gdc-Request:
      - _r0LRbc8ZVuGdtdYU8uPjw:iPsDIPW4nYHiyHoRfDSu2w
      Host:
      - staging2-lcm-prod.intgdc.com
  response:
    status:
      code: 200
      message: OK
    headers:
      X-Gdc-Log-Header:
      - ''
      Date:
      - Wed, 10 Oct 2018 09:15:29 GMT
      Server:
      - GoodData WebApp
      Cache-Control:
      - no-cache, no-store, must-revalidate
      Content-Type:
      - application/json;charset=UTF-8
      X-Gdc-Request:
      - _r0LRbc8ZVuGdtdYU8uPjw:iPsDIPW4nYHiyHoRfDSu2w:gf4C5HZ0gvOefQOq
      Vary:
      - origin
      X-Gdc-Request-Time:
      - '88'
      Transfer-Encoding:
      - chunked
      Strict-Transport-Security:
      - max-age=10886400; includeSubDomains; preload;
    body:
      encoding: ASCII-8BIT
      string: '{"process":{"type":"RUBY","name":"Simple Ruby Process","path":"${PUBLIC_APPSTORE}:branch/master:/apps/hello_world_brick","graphs":["main.rb"],"executables":["main.rb"],"lastDeployed":"2018-10-10T09:15:04.853Z","ownerLogin":"rubydev+admin@gooddata.com","links":{"self":"/gdc/projects/jasmacee4dcce2cn3w1u5nh9ueqsriwj/dataload/processes/4e5f3848-70e1-4526-bfed-40320a3af4b9","executions":"/gdc/projects/jasmacee4dcce2cn3w1u5nh9ueqsriwj/dataload/processes/4e5f3848-70e1-4526-bfed-40320a3af4b9/executions","source":"/gdc/projects/jasmacee4dcce2cn3w1u5nh9ueqsriwj/dataload/processes/4e5f3848-70e1-4526-bfed-40320a3af4b9/source"}}}'
    http_version: 
  recorded_at: Wed, 10 Oct 2018 09:15:29 GMT
- request:
    method: post
    uri: https://staging2-lcm-prod.intgdc.com/gdc/projects/jasmacee4dcce2cn3w1u5nh9ueqsriwj/schedules
    body:
      encoding: UTF-8
      string: '{"schedule":{"name":null,"type":"MSETL","state":"ENABLED","timezone":"UTC","cron":"0
        15 27 7 *","triggerScheduleId":null,"params":{"PROCESS_ID":"4e5f3848-70e1-4526-bfed-40320a3af4b9","EXECUTABLE":"main.rb","a":"b","b":"c"},"hiddenParams":{}}}'
    headers:
      Accept:
      - application/json, application/zip
      Accept-Encoding:
      - gzip, deflate
      User-Agent:
      - gooddata-gem/1.3.2/x86_64-darwin16/2.3.3
      Content-Type:
      - application/json
      X-Gdc-Authtt:
      - "<X_GDC_AUTHTT>"
      X-Gdc-Request:
      - _r0LRbc8ZVuGdtdYU8uPjw:l3nKEc7AghB-CoUp9gMWrQ
      Content-Length:
      - '242'
      Host:
      - staging2-lcm-prod.intgdc.com
  response:
    status:
      code: 201
      message: Created
    headers:
      Location:
      - "/gdc/projects/jasmacee4dcce2cn3w1u5nh9ueqsriwj/schedules/5bbdc332e4b0ea0213b431b9"
      X-Gdc-Log-Header:
      - ''
      Date:
      - Wed, 10 Oct 2018 09:15:29 GMT
      Server:
      - GoodData WebApp
      Cache-Control:
      - no-cache, no-store, must-revalidate
      Content-Type:
      - application/json;charset=UTF-8
      X-Gdc-Request:
      - _r0LRbc8ZVuGdtdYU8uPjw:l3nKEc7AghB-CoUp9gMWrQ:kIwfskpCYswZaees
      Vary:
      - origin
      X-Gdc-Request-Time:
      - '29'
      Transfer-Encoding:
      - chunked
      Strict-Transport-Security:
      - max-age=10886400; includeSubDomains; preload;
    body:
      encoding: ASCII-8BIT
      string: '{"schedule":{"name":"main.rb","type":"MSETL","state":"ENABLED","params":{"a":"b","b":"c","EXECUTABLE":"main.rb","PROCESS_ID":"4e5f3848-70e1-4526-bfed-40320a3af4b9"},"cron":"0
        15 27 7 *","timezone":"UTC","nextExecutionTime":"2019-07-27T15:00:00.000Z","consecutiveFailedExecutionCount":0,"ownerLogin":"rubydev+admin@gooddata.com","links":{"self":"/gdc/projects/jasmacee4dcce2cn3w1u5nh9ueqsriwj/schedules/5bbdc332e4b0ea0213b431b9","executions":"/gdc/projects/jasmacee4dcce2cn3w1u5nh9ueqsriwj/schedules/5bbdc332e4b0ea0213b431b9/executions"}}}'
    http_version: 
  recorded_at: Wed, 10 Oct 2018 09:15:30 GMT
- request:
    method: get
    uri: https://staging2-lcm-prod.intgdc.com/gdc/projects/jasmacee4dcce2cn3w1u5nh9ueqsriwj/schedules/5bbdc332e4b0ea0213b431b9
    body:
      encoding: US-ASCII
      string: ''
    headers:
      Accept:
      - application/json, application/zip
      Accept-Encoding:
      - gzip, deflate
      User-Agent:
      - gooddata-gem/1.3.2/x86_64-darwin16/2.3.3
      Content-Type:
      - application/json
      X-Gdc-Authtt:
      - "<X_GDC_AUTHTT>"
      X-Gdc-Request:
      - _r0LRbc8ZVuGdtdYU8uPjw:ko1Il2ZjF-shGSFODjuIVw
      Host:
      - staging2-lcm-prod.intgdc.com
  response:
    status:
      code: 200
      message: OK
    headers:
      X-Gdc-Log-Header:
      - ''
      Date:
      - Wed, 10 Oct 2018 09:15:30 GMT
      Server:
      - GoodData WebApp
      Cache-Control:
      - no-cache, no-store, must-revalidate
      Content-Type:
      - application/json;charset=UTF-8
      X-Gdc-Request:
      - _r0LRbc8ZVuGdtdYU8uPjw:ko1Il2ZjF-shGSFODjuIVw:GNXzkBqKA9TSKUzV
      Vary:
      - origin
      X-Gdc-Request-Time:
      - '19'
      Transfer-Encoding:
      - chunked
      Strict-Transport-Security:
      - max-age=10886400; includeSubDomains; preload;
    body:
      encoding: ASCII-8BIT
      string: '{"schedule":{"name":"main.rb","type":"MSETL","state":"ENABLED","params":{"a":"b","b":"c","EXECUTABLE":"main.rb","PROCESS_ID":"4e5f3848-70e1-4526-bfed-40320a3af4b9"},"cron":"0
        15 27 7 *","timezone":"UTC","nextExecutionTime":"2019-07-27T15:00:00.000Z","consecutiveFailedExecutionCount":0,"ownerLogin":"rubydev+admin@gooddata.com","links":{"self":"/gdc/projects/jasmacee4dcce2cn3w1u5nh9ueqsriwj/schedules/5bbdc332e4b0ea0213b431b9","executions":"/gdc/projects/jasmacee4dcce2cn3w1u5nh9ueqsriwj/schedules/5bbdc332e4b0ea0213b431b9/executions"}}}'
    http_version: 
  recorded_at: Wed, 10 Oct 2018 09:15:31 GMT
- request:
    method: delete
    uri: https://staging2-lcm-prod.intgdc.com/gdc/projects/jasmacee4dcce2cn3w1u5nh9ueqsriwj/schedules/5bbdc332e4b0ea0213b431b9
    body:
      encoding: US-ASCII
      string: ''
    headers:
      Accept:
      - application/json, application/zip
      Accept-Encoding:
      - gzip, deflate
      User-Agent:
      - gooddata-gem/1.3.2/x86_64-darwin16/2.3.3
      Content-Type:
      - application/json
      X-Gdc-Authtt:
      - "<X_GDC_AUTHTT>"
      X-Gdc-Request:
      - _r0LRbc8ZVuGdtdYU8uPjw:4y-DB3fanjVxSAnXEokqjQ
      Host:
      - staging2-lcm-prod.intgdc.com
  response:
    status:
      code: 204
      message: No Content
    headers:
      Location:
      - "/gdc/projects/jasmacee4dcce2cn3w1u5nh9ueqsriwj/schedules"
      X-Gdc-Log-Header:
      - ''
      Date:
      - Wed, 10 Oct 2018 09:15:30 GMT
      Server:
      - GoodData WebApp
      Cache-Control:
      - no-cache, no-store, must-revalidate
      X-Gdc-Request-Time:
      - '24'
      X-Gdc-Request:
      - _r0LRbc8ZVuGdtdYU8uPjw:4y-DB3fanjVxSAnXEokqjQ:I5dgzzYpqk62YS3E
      Vary:
      - origin
      Strict-Transport-Security:
      - max-age=10886400; includeSubDomains; preload;
    body:
      encoding: UTF-8
      string: ''
    http_version: 
  recorded_at: Wed, 10 Oct 2018 09:15:31 GMT
- request:
    method: get
    uri: https://staging2-lcm-prod.intgdc.com/gdc/projects/x61hr057hl6zofam5vsgltg92ozkbtyc/dataload/processes/ce0fa5a5-bea8-4eeb-9ef0-199f3c3a0cc4
    body:
      encoding: US-ASCII
      string: ''
    headers:
      Accept:
      - application/json, application/zip
      Accept-Encoding:
      - gzip, deflate
      User-Agent:
      - gooddata-gem/1.3.2/x86_64-darwin16/2.3.3
      Content-Type:
      - application/json
      X-Gdc-Authtt:
      - "<X_GDC_AUTHTT>"
      X-Gdc-Request:
      - NP8RSGMpPBE0v6zyh9_NaQ:N0Akl5aSMsEF7Ijf8QtECQ
      Host:
      - staging2-lcm-prod.intgdc.com
  response:
    status:
      code: 200
      message: OK
    headers:
      X-Gdc-Log-Header:
      - ''
      Date:
      - Wed, 10 Oct 2018 11:39:35 GMT
      Server:
      - GoodData WebApp
      Cache-Control:
      - no-cache, no-store, must-revalidate
      Content-Type:
      - application/json;charset=UTF-8
      X-Gdc-Request:
      - NP8RSGMpPBE0v6zyh9_NaQ:N0Akl5aSMsEF7Ijf8QtECQ:GA01FOYD2EPsNZZ9
      Vary:
      - origin
      X-Gdc-Request-Time:
      - '81'
      Transfer-Encoding:
      - chunked
      Strict-Transport-Security:
      - max-age=10886400; includeSubDomains; preload;
    body:
      encoding: ASCII-8BIT
      string: '{"process":{"type":"RUBY","name":"Simple Ruby Process","path":"${PUBLIC_APPSTORE}:branch/master:/apps/hello_world_brick","graphs":["main.rb"],"executables":["main.rb"],"lastDeployed":"2018-10-10T10:31:07.252Z","ownerLogin":"rubydev+admin@gooddata.com","links":{"self":"/gdc/projects/x61hr057hl6zofam5vsgltg92ozkbtyc/dataload/processes/ce0fa5a5-bea8-4eeb-9ef0-199f3c3a0cc4","executions":"/gdc/projects/x61hr057hl6zofam5vsgltg92ozkbtyc/dataload/processes/ce0fa5a5-bea8-4eeb-9ef0-199f3c3a0cc4/executions","source":"/gdc/projects/x61hr057hl6zofam5vsgltg92ozkbtyc/dataload/processes/ce0fa5a5-bea8-4eeb-9ef0-199f3c3a0cc4/source"}}}'
    http_version: 
  recorded_at: Wed, 10 Oct 2018 11:40:39 GMT
- request:
    method: post
    uri: https://staging2-lcm-prod.intgdc.com/gdc/projects/x61hr057hl6zofam5vsgltg92ozkbtyc/schedules
    body:
      encoding: UTF-8
      string: '{"schedule":{"name":null,"type":"MSETL","state":"ENABLED","timezone":"UTC","cron":"0
        15 27 7 *","triggerScheduleId":null,"params":{"PROCESS_ID":"ce0fa5a5-bea8-4eeb-9ef0-199f3c3a0cc4","EXECUTABLE":"main.rb","a":"b","b":"c"},"hiddenParams":{}}}'
    headers:
      Accept:
      - application/json, application/zip
      Accept-Encoding:
      - gzip, deflate
      User-Agent:
      - gooddata-gem/1.3.2/x86_64-darwin16/2.3.3
      Content-Type:
      - application/json
      X-Gdc-Authtt:
      - "<X_GDC_AUTHTT>"
      X-Gdc-Request:
      - NP8RSGMpPBE0v6zyh9_NaQ:KrwYFaPhYS8Zc1PBkmvTQA
      Content-Length:
      - '242'
      Host:
      - staging2-lcm-prod.intgdc.com
  response:
    status:
      code: 201
      message: Created
    headers:
      Location:
      - "/gdc/projects/x61hr057hl6zofam5vsgltg92ozkbtyc/schedules/5bbde4f7e4b0ea0213b431dd"
      X-Gdc-Log-Header:
      - ''
      Date:
      - Wed, 10 Oct 2018 11:39:35 GMT
      Server:
      - GoodData WebApp
      Cache-Control:
      - no-cache, no-store, must-revalidate
      Content-Type:
      - application/json;charset=UTF-8
      X-Gdc-Request:
      - NP8RSGMpPBE0v6zyh9_NaQ:KrwYFaPhYS8Zc1PBkmvTQA:SCYNsM5uJFwRK1Wl
      Vary:
      - origin
      X-Gdc-Request-Time:
      - '28'
      Transfer-Encoding:
      - chunked
      Strict-Transport-Security:
      - max-age=10886400; includeSubDomains; preload;
    body:
      encoding: ASCII-8BIT
      string: '{"schedule":{"name":"main.rb","type":"MSETL","state":"ENABLED","params":{"a":"b","b":"c","EXECUTABLE":"main.rb","PROCESS_ID":"ce0fa5a5-bea8-4eeb-9ef0-199f3c3a0cc4"},"cron":"0
        15 27 7 *","timezone":"UTC","nextExecutionTime":"2019-07-27T15:00:00.000Z","consecutiveFailedExecutionCount":0,"ownerLogin":"rubydev+admin@gooddata.com","links":{"self":"/gdc/projects/x61hr057hl6zofam5vsgltg92ozkbtyc/schedules/5bbde4f7e4b0ea0213b431dd","executions":"/gdc/projects/x61hr057hl6zofam5vsgltg92ozkbtyc/schedules/5bbde4f7e4b0ea0213b431dd/executions"}}}'
    http_version: 
  recorded_at: Wed, 10 Oct 2018 11:40:40 GMT
- request:
    method: get
    uri: https://staging2-lcm-prod.intgdc.com/gdc/projects/x61hr057hl6zofam5vsgltg92ozkbtyc/schedules/5bbde4f7e4b0ea0213b431dd
    body:
      encoding: US-ASCII
      string: ''
    headers:
      Accept:
      - application/json, application/zip
      Accept-Encoding:
      - gzip, deflate
      User-Agent:
      - gooddata-gem/1.3.2/x86_64-darwin16/2.3.3
      Content-Type:
      - application/json
      X-Gdc-Authtt:
      - "<X_GDC_AUTHTT>"
      X-Gdc-Request:
      - NP8RSGMpPBE0v6zyh9_NaQ:flo9iki54sMJxHQBJDuc4Q
      Host:
      - staging2-lcm-prod.intgdc.com
  response:
    status:
      code: 200
      message: OK
    headers:
      X-Gdc-Log-Header:
      - ''
      Date:
      - Wed, 10 Oct 2018 11:39:35 GMT
      Server:
      - GoodData WebApp
      Cache-Control:
      - no-cache, no-store, must-revalidate
      Content-Type:
      - application/json;charset=UTF-8
      X-Gdc-Request:
      - NP8RSGMpPBE0v6zyh9_NaQ:flo9iki54sMJxHQBJDuc4Q:rrf5E1ZyM3jEIbhN
      Vary:
      - origin
      X-Gdc-Request-Time:
      - '19'
      Transfer-Encoding:
      - chunked
      Strict-Transport-Security:
      - max-age=10886400; includeSubDomains; preload;
    body:
      encoding: ASCII-8BIT
      string: '{"schedule":{"name":"main.rb","type":"MSETL","state":"ENABLED","params":{"a":"b","b":"c","EXECUTABLE":"main.rb","PROCESS_ID":"ce0fa5a5-bea8-4eeb-9ef0-199f3c3a0cc4"},"cron":"0
        15 27 7 *","timezone":"UTC","nextExecutionTime":"2019-07-27T15:00:00.000Z","consecutiveFailedExecutionCount":0,"ownerLogin":"rubydev+admin@gooddata.com","links":{"self":"/gdc/projects/x61hr057hl6zofam5vsgltg92ozkbtyc/schedules/5bbde4f7e4b0ea0213b431dd","executions":"/gdc/projects/x61hr057hl6zofam5vsgltg92ozkbtyc/schedules/5bbde4f7e4b0ea0213b431dd/executions"}}}'
    http_version: 
  recorded_at: Wed, 10 Oct 2018 11:40:40 GMT
- request:
    method: delete
    uri: https://staging2-lcm-prod.intgdc.com/gdc/projects/x61hr057hl6zofam5vsgltg92ozkbtyc/schedules/5bbde4f7e4b0ea0213b431dd
    body:
      encoding: US-ASCII
      string: ''
    headers:
      Accept:
      - application/json, application/zip
      Accept-Encoding:
      - gzip, deflate
      User-Agent:
      - gooddata-gem/1.3.2/x86_64-darwin16/2.3.3
      Content-Type:
      - application/json
      X-Gdc-Authtt:
      - "<X_GDC_AUTHTT>"
      X-Gdc-Request:
      - NP8RSGMpPBE0v6zyh9_NaQ:uxVp3DiB334gTqbpJf6onQ
      Host:
      - staging2-lcm-prod.intgdc.com
  response:
    status:
      code: 204
      message: No Content
    headers:
      Location:
      - "/gdc/projects/x61hr057hl6zofam5vsgltg92ozkbtyc/schedules"
      X-Gdc-Log-Header:
      - ''
      Date:
      - Wed, 10 Oct 2018 11:39:37 GMT
      Server:
      - GoodData WebApp
      Cache-Control:
      - no-cache, no-store, must-revalidate
      X-Gdc-Request-Time:
      - '25'
      X-Gdc-Request:
      - NP8RSGMpPBE0v6zyh9_NaQ:uxVp3DiB334gTqbpJf6onQ:8AlU40zJyhgpp3wZ
      Vary:
      - origin
      Strict-Transport-Security:
      - max-age=10886400; includeSubDomains; preload;
    body:
      encoding: UTF-8
      string: ''
    http_version: 
  recorded_at: Wed, 10 Oct 2018 11:40:42 GMT
recorded_with: VCR 4.0.0
