---
http_interactions:
- request:
    method: get
    uri: https://staging2-lcm-prod.intgdc.com/gdc/projects/e5rq4kqgnmx2mnrn5lbz1cilqcp7d0sl/schedules
    body:
      encoding: US-ASCII
      string: ''
    headers:
      Accept:
      - application/json, application/zip
      Accept-Encoding:
      - gzip, deflate
      User-Agent:
      - gooddata-gem/1.3.2/x86_64-darwin16/2.3.3
      Content-Type:
      - application/json
      X-Gdc-Authtt:
      - "<X_GDC_AUTHTT>"
      X-Gdc-Request:
      - 4xAjvuBljPTbYH22JuNK4g:sgA3KbAQmTiPE7xUDEScJQ
      Host:
      - staging2-lcm-prod.intgdc.com
  response:
    status:
      code: 200
      message: OK
    headers:
      X-Gdc-Log-Header:
      - ''
      Date:
      - Wed, 10 Oct 2018 08:52:19 GMT
      Server:
      - GoodData WebApp
      Cache-Control:
      - no-cache, no-store, must-revalidate
      Content-Type:
      - application/json;charset=UTF-8
      Content-Length:
      - '1347'
      X-Gdc-Request:
      - 4xAjvuBljPTbYH22JuNK4g:sgA3KbAQmTiPE7xUDEScJQ:fxjBGUGxazuMvyGS
      Vary:
      - origin
      X-Gdc-Request-Time:
      - '23'
      Strict-Transport-Security:
      - max-age=10886400; includeSubDomains; preload;
    body:
      encoding: ASCII-8BIT
      string: '{"schedules":{"paging":{"offset":0,"count":2},"schedulesLink":"/gdc/projects/e5rq4kqgnmx2mnrn5lbz1cilqcp7d0sl/schedules","items":[{"schedule":{"name":"main.rb","type":"MSETL","state":"DISABLED","params":{"param_1":"a","EXECUTABLE":"main.rb","param_2":"b","PROCESS_ID":"4bbcec07-acb6-4d10-bd25-a72c1211ab02"},"hiddenParams":{"secure_param_1":null,"secure_param_2":null},"timezone":"UTC","consecutiveFailedExecutionCount":0,"ownerLogin":"rubydev+admin@gooddata.com","links":{"self":"/gdc/projects/e5rq4kqgnmx2mnrn5lbz1cilqcp7d0sl/schedules/5bbdbdc1e4b02e7e4929cd29","executions":"/gdc/projects/e5rq4kqgnmx2mnrn5lbz1cilqcp7d0sl/schedules/5bbdbdc1e4b02e7e4929cd29/executions"},"triggerScheduleId":"5bbdbdbfe4b02e7e4929cd28"}},{"schedule":{"name":"graph.grf","type":"MSETL","state":"DISABLED","params":{"param_1":"a","EXECUTABLE":"graph/graph.grf","param_2":"b","PROCESS_ID":"2b19c789-f97d-46cb-9551-55215f707d5d"},"hiddenParams":{"secure_param_1":null,"secure_param_2":null},"cron":"0
        15 10 3 *","timezone":"UTC","nextExecutionTime":"2019-03-10T15:00:00.000Z","consecutiveFailedExecutionCount":0,"ownerLogin":"rubydev+admin@gooddata.com","links":{"self":"/gdc/projects/e5rq4kqgnmx2mnrn5lbz1cilqcp7d0sl/schedules/5bbdbdbfe4b02e7e4929cd28","executions":"/gdc/projects/e5rq4kqgnmx2mnrn5lbz1cilqcp7d0sl/schedules/5bbdbdbfe4b02e7e4929cd28/executions"}}}]}}'
    http_version: 
  recorded_at: Wed, 10 Oct 2018 08:52:19 GMT
- request:
    method: get
    uri: https://staging2-lcm-prod.intgdc.com/gdc/projects/jasmacee4dcce2cn3w1u5nh9ueqsriwj/schedules
    body:
      encoding: US-ASCII
      string: ''
    headers:
      Accept:
      - application/json, application/zip
      Accept-Encoding:
      - gzip, deflate
      User-Agent:
      - gooddata-gem/1.3.2/x86_64-darwin16/2.3.3
      Content-Type:
      - application/json
      X-Gdc-Authtt:
      - "<X_GDC_AUTHTT>"
      X-Gdc-Request:
      - _r0LRbc8ZVuGdtdYU8uPjw:r_pvSH8nDXhi_Vef6C0D_Q
      Host:
      - staging2-lcm-prod.intgdc.com
  response:
    status:
      code: 200
      message: OK
    headers:
      X-Gdc-Log-Header:
      - ''
      Date:
      - Wed, 10 Oct 2018 09:15:10 GMT
      Server:
      - GoodData WebApp
      Cache-Control:
      - no-cache, no-store, must-revalidate
      Content-Type:
      - application/json;charset=UTF-8
      Content-Length:
      - '1347'
      X-Gdc-Request:
      - _r0LRbc8ZVuGdtdYU8uPjw:r_pvSH8nDXhi_Vef6C0D_Q:N9p2T88LAUMIrmzT
      Vary:
      - origin
      X-Gdc-Request-Time:
      - '26'
      Strict-Transport-Security:
      - max-age=10886400; includeSubDomains; preload;
    body:
      encoding: ASCII-8BIT
      string: '{"schedules":{"paging":{"offset":0,"count":2},"schedulesLink":"/gdc/projects/jasmacee4dcce2cn3w1u5nh9ueqsriwj/schedules","items":[{"schedule":{"name":"main.rb","type":"MSETL","state":"DISABLED","params":{"param_1":"a","EXECUTABLE":"main.rb","param_2":"b","PROCESS_ID":"4e5f3848-70e1-4526-bfed-40320a3af4b9"},"hiddenParams":{"secure_param_1":null,"secure_param_2":null},"timezone":"UTC","consecutiveFailedExecutionCount":0,"ownerLogin":"rubydev+admin@gooddata.com","links":{"self":"/gdc/projects/jasmacee4dcce2cn3w1u5nh9ueqsriwj/schedules/5bbdc31de4b0ea0213b431b5","executions":"/gdc/projects/jasmacee4dcce2cn3w1u5nh9ueqsriwj/schedules/5bbdc31de4b0ea0213b431b5/executions"},"triggerScheduleId":"5bbdc31ae4b02e7e4929cd74"}},{"schedule":{"name":"graph.grf","type":"MSETL","state":"DISABLED","params":{"param_1":"a","EXECUTABLE":"graph/graph.grf","param_2":"b","PROCESS_ID":"e650084c-9e10-415e-88a1-40bc3fb589a0"},"hiddenParams":{"secure_param_1":null,"secure_param_2":null},"cron":"0
        15 10 3 *","timezone":"UTC","nextExecutionTime":"2019-03-10T15:00:00.000Z","consecutiveFailedExecutionCount":0,"ownerLogin":"rubydev+admin@gooddata.com","links":{"self":"/gdc/projects/jasmacee4dcce2cn3w1u5nh9ueqsriwj/schedules/5bbdc31ae4b02e7e4929cd74","executions":"/gdc/projects/jasmacee4dcce2cn3w1u5nh9ueqsriwj/schedules/5bbdc31ae4b02e7e4929cd74/executions"}}}]}}'
    http_version: 
  recorded_at: Wed, 10 Oct 2018 09:15:10 GMT
- request:
    method: get
    uri: https://staging2-lcm-prod.intgdc.com/gdc/projects/x61hr057hl6zofam5vsgltg92ozkbtyc/schedules
    body:
      encoding: US-ASCII
      string: ''
    headers:
      Accept:
      - application/json, application/zip
      Accept-Encoding:
      - gzip, deflate
      User-Agent:
      - gooddata-gem/1.3.2/x86_64-darwin16/2.3.3
      Content-Type:
      - application/json
      X-Gdc-Authtt:
      - "<X_GDC_AUTHTT>"
      X-Gdc-Request:
      - NP8RSGMpPBE0v6zyh9_NaQ:9DftAe7fzZpvoHt428h9gQ
      Host:
      - staging2-lcm-prod.intgdc.com
  response:
    status:
      code: 200
      message: OK
    headers:
      X-Gdc-Log-Header:
      - ''
      Date:
      - Wed, 10 Oct 2018 11:39:14 GMT
      Server:
      - GoodData WebApp
      Cache-Control:
      - no-cache, no-store, must-revalidate
      Content-Type:
      - application/json;charset=UTF-8
      Content-Length:
      - '1347'
      X-Gdc-Request:
      - NP8RSGMpPBE0v6zyh9_NaQ:9DftAe7fzZpvoHt428h9gQ:qTPk9r7avDxEfdyQ
      Vary:
      - origin
      X-Gdc-Request-Time:
      - '38'
      Strict-Transport-Security:
      - max-age=10886400; includeSubDomains; preload;
    body:
      encoding: ASCII-8BIT
      string: '{"schedules":{"paging":{"offset":0,"count":2},"schedulesLink":"/gdc/projects/x61hr057hl6zofam5vsgltg92ozkbtyc/schedules","items":[{"schedule":{"name":"main.rb","type":"MSETL","state":"DISABLED","params":{"param_1":"a","EXECUTABLE":"main.rb","param_2":"b","PROCESS_ID":"ce0fa5a5-bea8-4eeb-9ef0-199f3c3a0cc4"},"hiddenParams":{"secure_param_1":null,"secure_param_2":null},"timezone":"UTC","consecutiveFailedExecutionCount":0,"ownerLogin":"rubydev+admin@gooddata.com","links":{"self":"/gdc/projects/x61hr057hl6zofam5vsgltg92ozkbtyc/schedules/5bbdd4eee4b02e7e4929cdec","executions":"/gdc/projects/x61hr057hl6zofam5vsgltg92ozkbtyc/schedules/5bbdd4eee4b02e7e4929cdec/executions"},"triggerScheduleId":"5bbdd4ece4b0ea0213b431d5"}},{"schedule":{"name":"graph.grf","type":"MSETL","state":"DISABLED","params":{"param_1":"a","EXECUTABLE":"graph/graph.grf","param_2":"b","PROCESS_ID":"f6b41833-b2ac-482f-92a2-723979291d04"},"hiddenParams":{"secure_param_1":null,"secure_param_2":null},"cron":"0
        15 10 3 *","timezone":"UTC","nextExecutionTime":"2019-03-10T15:00:00.000Z","consecutiveFailedExecutionCount":0,"ownerLogin":"rubydev+admin@gooddata.com","links":{"self":"/gdc/projects/x61hr057hl6zofam5vsgltg92ozkbtyc/schedules/5bbdd4ece4b0ea0213b431d5","executions":"/gdc/projects/x61hr057hl6zofam5vsgltg92ozkbtyc/schedules/5bbdd4ece4b0ea0213b431d5/executions"}}}]}}'
    http_version: 
  recorded_at: Wed, 10 Oct 2018 11:40:19 GMT
recorded_with: VCR 4.0.0
