---
http_interactions:
- request:
    method: get
    uri: https://staging2-lcm-prod.intgdc.com/gdc/projects/nrucnv2cf4o6zk9v59u9bwy7lk763kdl
    body:
      encoding: US-ASCII
      string: ''
    headers:
      Accept:
      - application/json, application/zip
      Accept-Encoding:
      - gzip, deflate
      User-Agent:
      - gooddata-gem/1.1.0/x86_64-linux/2.4.1
      Content-Type:
      - application/json
      X-Gdc-Authtt:
      - "<X_GDC_AUTHTT>"
      X-Gdc-Request:
      - 824QlRRwvXysdGcdNrUp7w:7LeAH__J6MMjxv__xtNdow
      Host:
      - staging2-lcm-prod.intgdc.com
  response:
    status:
      code: 200
      message: OK
    headers:
      Date:
      - Tue, 05 Jun 2018 07:49:02 GMT
      Server:
      - GoodData WebApp
      Keep-Alive:
      - timeout=5, max=98
      X-Gdc-Log-Header:
      - ''
      Cache-Control:
      - no-cache, no-store, must-revalidate
      Content-Type:
      - application/json;charset=UTF-8
      Transfer-Encoding:
      - chunked
      Vary:
      - Accept-Encoding
      - origin
      X-Gdc-Request:
      - 824QlRRwvXysdGcdNrUp7w:7LeAH__J6MMjxv__xtNdow:QynMXUx8F5Mk3eN4
      X-Gdc-Request-Time:
      - '50'
      Strict-Transport-Security:
      - max-age=10886400; includeSubDomains; preload;
    body:
      encoding: ASCII-8BIT
      string: '{"project":{"content":{"environment":"TESTING","cluster":"","guidedNavigation":"1","isPublic":"0","driver":"Pg","state":"PREPARING"},"links":{"ldm_thumbnail":"/gdc/projects/nrucnv2cf4o6zk9v59u9bwy7lk763kdl/ldm?thumbnail=1","self":"/gdc/projects/nrucnv2cf4o6zk9v59u9bwy7lk763kdl","clearCaches":"/gdc/projects/nrucnv2cf4o6zk9v59u9bwy7lk763kdl/clearCaches","invitations":"/gdc/projects/nrucnv2cf4o6zk9v59u9bwy7lk763kdl/invitations","users":"/gdc/projects/nrucnv2cf4o6zk9v59u9bwy7lk763kdl/users?link=1&offset=0&limit=100","uploads":"/gdc/projects/nrucnv2cf4o6zk9v59u9bwy7lk763kdl/uploads/","ldm":"/gdc/projects/nrucnv2cf4o6zk9v59u9bwy7lk763kdl/ldm","metadata":"/gdc/md/nrucnv2cf4o6zk9v59u9bwy7lk763kdl","publicartifacts":"/gdc/projects/nrucnv2cf4o6zk9v59u9bwy7lk763kdl/publicartifacts","roles":"/gdc/projects/nrucnv2cf4o6zk9v59u9bwy7lk763kdl/roles","userRoles":"/gdc/projects/nrucnv2cf4o6zk9v59u9bwy7lk763kdl/users/5ad80b895edcc438e5a4418e222733fa/roles","userPermissions":"/gdc/projects/nrucnv2cf4o6zk9v59u9bwy7lk763kdl/users/5ad80b895edcc438e5a4418e222733fa/permissions","dataload":"/gdc/projects/nrucnv2cf4o6zk9v59u9bwy7lk763kdl/dataload","connectors":"/gdc/projects/nrucnv2cf4o6zk9v59u9bwy7lk763kdl/connectors","execute":"/gdc/projects/nrucnv2cf4o6zk9v59u9bwy7lk763kdl/execute","config":"/gdc/projects/nrucnv2cf4o6zk9v59u9bwy7lk763kdl/config","projectFeatureFlags":"/gdc/projects/nrucnv2cf4o6zk9v59u9bwy7lk763kdl/projectFeatureFlags","schedules":"/gdc/projects/nrucnv2cf4o6zk9v59u9bwy7lk763kdl/schedules","templates":"/gdc/md/nrucnv2cf4o6zk9v59u9bwy7lk763kdl/templates","eventstores":"/gdc/projects/nrucnv2cf4o6zk9v59u9bwy7lk763kdl/dataload/eventstore/stores"},"meta":{"created":"2018-06-05
        09:49:01","summary":"No summary","updated":"2018-06-05 09:49:02","author":"/gdc/account/profile/5ad80b895edcc438e5a4418e222733fa","title":"My
        new clone project","contributor":"/gdc/account/profile/5ad80b895edcc438e5a4418e222733fa"}}}'
    http_version: 
  recorded_at: Tue, 05 Jun 2018 07:49:02 GMT
- request:
    method: get
    uri: https://staging2-lcm-prod.intgdc.com/gdc/projects/nrucnv2cf4o6zk9v59u9bwy7lk763kdl
    body:
      encoding: US-ASCII
      string: ''
    headers:
      Accept:
      - application/json, application/zip
      Accept-Encoding:
      - gzip, deflate
      User-Agent:
      - gooddata-gem/1.1.0/x86_64-linux/2.4.1
      Content-Type:
      - application/json
      X-Gdc-Authtt:
      - "<X_GDC_AUTHTT>"
      X-Gdc-Request:
      - 824QlRRwvXysdGcdNrUp7w:kjnqY77SoWmd-PPGNsGckg
      Host:
      - staging2-lcm-prod.intgdc.com
  response:
    status:
      code: 200
      message: OK
    headers:
      Date:
      - Tue, 05 Jun 2018 07:49:06 GMT
      Server:
      - GoodData WebApp
      Keep-Alive:
      - timeout=5, max=98
      X-Gdc-Log-Header:
      - ''
      Cache-Control:
      - no-cache, no-store, must-revalidate
      Content-Type:
      - application/json;charset=UTF-8
      Transfer-Encoding:
      - chunked
      Vary:
      - Accept-Encoding
      - origin
      X-Gdc-Request:
      - 824QlRRwvXysdGcdNrUp7w:kjnqY77SoWmd-PPGNsGckg:esxPbnrETJIx1XLz
      X-Gdc-Request-Time:
      - '44'
      Strict-Transport-Security:
      - max-age=10886400; includeSubDomains; preload;
    body:
      encoding: ASCII-8BIT
      string: '{"project":{"content":{"environment":"TESTING","cluster":"","authorizationToken":"<AUTHORIZATION_TOKEN>","guidedNavigation":"1","isPublic":"0","driver":"Pg","state":"ENABLED"},"links":{"ldm_thumbnail":"/gdc/projects/nrucnv2cf4o6zk9v59u9bwy7lk763kdl/ldm?thumbnail=1","self":"/gdc/projects/nrucnv2cf4o6zk9v59u9bwy7lk763kdl","clearCaches":"/gdc/projects/nrucnv2cf4o6zk9v59u9bwy7lk763kdl/clearCaches","invitations":"/gdc/projects/nrucnv2cf4o6zk9v59u9bwy7lk763kdl/invitations","users":"/gdc/projects/nrucnv2cf4o6zk9v59u9bwy7lk763kdl/users?link=1&offset=0&limit=100","uploads":"/gdc/projects/nrucnv2cf4o6zk9v59u9bwy7lk763kdl/uploads/","ldm":"/gdc/projects/nrucnv2cf4o6zk9v59u9bwy7lk763kdl/ldm","metadata":"/gdc/md/nrucnv2cf4o6zk9v59u9bwy7lk763kdl","publicartifacts":"/gdc/projects/nrucnv2cf4o6zk9v59u9bwy7lk763kdl/publicartifacts","roles":"/gdc/projects/nrucnv2cf4o6zk9v59u9bwy7lk763kdl/roles","userRoles":"/gdc/projects/nrucnv2cf4o6zk9v59u9bwy7lk763kdl/users/5ad80b895edcc438e5a4418e222733fa/roles","userPermissions":"/gdc/projects/nrucnv2cf4o6zk9v59u9bwy7lk763kdl/users/5ad80b895edcc438e5a4418e222733fa/permissions","dataload":"/gdc/projects/nrucnv2cf4o6zk9v59u9bwy7lk763kdl/dataload","connectors":"/gdc/projects/nrucnv2cf4o6zk9v59u9bwy7lk763kdl/connectors","execute":"/gdc/projects/nrucnv2cf4o6zk9v59u9bwy7lk763kdl/execute","config":"/gdc/projects/nrucnv2cf4o6zk9v59u9bwy7lk763kdl/config","projectFeatureFlags":"/gdc/projects/nrucnv2cf4o6zk9v59u9bwy7lk763kdl/projectFeatureFlags","schedules":"/gdc/projects/nrucnv2cf4o6zk9v59u9bwy7lk763kdl/schedules","templates":"/gdc/md/nrucnv2cf4o6zk9v59u9bwy7lk763kdl/templates","eventstores":"/gdc/projects/nrucnv2cf4o6zk9v59u9bwy7lk763kdl/dataload/eventstore/stores"},"meta":{"created":"2018-06-05
        09:49:01","summary":"No summary","updated":"2018-06-05 09:49:04","author":"/gdc/account/profile/5ad80b895edcc438e5a4418e222733fa","title":"My
        new clone project","contributor":"/gdc/account/profile/5ad80b895edcc438e5a4418e222733fa"}}}'
    http_version: 
  recorded_at: Tue, 05 Jun 2018 07:49:06 GMT
- request:
    method: post
    uri: https://staging2-lcm-prod.intgdc.com/gdc/md/uihlr91spuzouu4qph5twhixwg9gqice/maintenance/export
    body:
      encoding: UTF-8
      string: '{"exportProject":{"exportUsers":0,"exportData":0}}'
    headers:
      Accept:
      - application/json, application/zip
      Accept-Encoding:
      - gzip, deflate
      User-Agent:
      - gooddata-gem/1.1.0/x86_64-linux/2.4.1
      Content-Type:
      - application/json
      X-Gdc-Authtt:
      - "<X_GDC_AUTHTT>"
      X-Gdc-Request:
      - 824QlRRwvXysdGcdNrUp7w:4GDbWyN18qrqfdlLIgPwvQ
      Content-Length:
      - '50'
      Host:
      - staging2-lcm-prod.intgdc.com
  response:
    status:
      code: 200
      message: OK
    headers:
      Date:
      - Tue, 05 Jun 2018 07:49:10 GMT
      Server:
      - GoodData WebApp
      Keep-Alive:
      - timeout=5, max=96
      X-Gdc-Log-Header:
      - ''
      Cache-Control:
      - no-cache, no-store, must-revalidate
      Content-Type:
      - application/json;charset=UTF-8
      X-Gdc-Request:
      - 824QlRRwvXysdGcdNrUp7w:4GDbWyN18qrqfdlLIgPwvQ:RgpOlXaQEARy2BBp
      Vary:
      - origin
      X-Gdc-Request-Time:
      - '49'
      Transfer-Encoding:
      - chunked
      Strict-Transport-Security:
      - max-age=10886400; includeSubDomains; preload;
    body:
      encoding: ASCII-8BIT
      string: '{"exportArtifact":{"status":{"uri":"/gdc/md/uihlr91spuzouu4qph5twhixwg9gqice/etltask/9539824fcaafb8f3439da1fa16d387300000002b"},"token":"<TOKEN>"}}'
    http_version: 
  recorded_at: Tue, 05 Jun 2018 07:49:10 GMT
- request:
    method: get
    uri: https://staging2-lcm-prod.intgdc.com/gdc/md/uihlr91spuzouu4qph5twhixwg9gqice/etltask/9539824fcaafb8f3439da1fa16d387300000002b
    body:
      encoding: US-ASCII
      string: ''
    headers:
      Accept:
      - application/json, application/zip
      Accept-Encoding:
      - gzip, deflate
      User-Agent:
      - gooddata-gem/1.1.0/x86_64-linux/2.4.1
      Content-Type:
      - application/json
      X-Gdc-Authtt:
      - "<X_GDC_AUTHTT>"
      X-Gdc-Request:
      - 824QlRRwvXysdGcdNrUp7w:XYvthJcIDFUcpaFk1atv2Q
      Process:
      - 'true'
      Host:
      - staging2-lcm-prod.intgdc.com
  response:
    status:
      code: 200
      message: OK
    headers:
      Date:
      - Tue, 05 Jun 2018 07:49:10 GMT
      Server:
      - GoodData WebApp
      Keep-Alive:
      - timeout=5, max=98
      X-Gdc-Log-Header:
      - ''
      Cache-Control:
      - no-cache, no-store, must-revalidate
      Content-Type:
      - application/json;charset=UTF-8
      X-Gdc-Request:
      - 824QlRRwvXysdGcdNrUp7w:XYvthJcIDFUcpaFk1atv2Q:ZkiXOrgeQm4KYdRx
      Vary:
      - origin
      X-Gdc-Request-Time:
      - '30'
      Transfer-Encoding:
      - chunked
      Strict-Transport-Security:
      - max-age=10886400; includeSubDomains; preload;
    body:
      encoding: ASCII-8BIT
      string: '{"taskState":{"msg":"","status":"RUNNING"}}'
    http_version: 
  recorded_at: Tue, 05 Jun 2018 07:49:10 GMT
- request:
    method: get
    uri: https://staging2-lcm-prod.intgdc.com/gdc/md/uihlr91spuzouu4qph5twhixwg9gqice/etltask/9539824fcaafb8f3439da1fa16d387300000002b
    body:
      encoding: US-ASCII
      string: ''
    headers:
      Accept:
      - application/json, application/zip
      Accept-Encoding:
      - gzip, deflate
      User-Agent:
      - gooddata-gem/1.1.0/x86_64-linux/2.4.1
      Content-Type:
      - application/json
      X-Gdc-Authtt:
      - "<X_GDC_AUTHTT>"
      X-Gdc-Request:
      - 824QlRRwvXysdGcdNrUp7w:2z-Vggrx43c3S2c5SQ6Mow
      Process:
      - 'true'
      Host:
      - staging2-lcm-prod.intgdc.com
  response:
    status:
      code: 200
      message: OK
    headers:
      Date:
      - Tue, 05 Jun 2018 07:49:21 GMT
      Server:
      - GoodData WebApp
      Keep-Alive:
      - timeout=5, max=98
      X-Gdc-Log-Header:
      - ''
      Cache-Control:
      - no-cache, no-store, must-revalidate
      Content-Type:
      - application/json;charset=UTF-8
      X-Gdc-Request:
      - 824QlRRwvXysdGcdNrUp7w:2z-Vggrx43c3S2c5SQ6Mow:WhuXzyPl73fuS8uL
      Vary:
      - origin
      X-Gdc-Request-Time:
      - '40'
      Transfer-Encoding:
      - chunked
      Strict-Transport-Security:
      - max-age=10886400; includeSubDomains; preload;
    body:
      encoding: ASCII-8BIT
      string: '{"taskState":{"msg":"","status":"OK"}}'
    http_version: 
  recorded_at: Tue, 05 Jun 2018 07:49:21 GMT
- request:
    method: post
    uri: https://staging2-lcm-prod.intgdc.com/gdc/md/nrucnv2cf4o6zk9v59u9bwy7lk763kdl/maintenance/import
    body:
      encoding: UTF-8
      string: '{"importProject":{"token":"<TOKEN>"}}'
    headers:
      Accept:
      - application/json, application/zip
      Accept-Encoding:
      - gzip, deflate
      User-Agent:
      - gooddata-gem/1.1.0/x86_64-linux/2.4.1
      Content-Type:
      - application/json
      X-Gdc-Authtt:
      - "<X_GDC_AUTHTT>"
      X-Gdc-Request:
      - 824QlRRwvXysdGcdNrUp7w:7VcLMkF5hvDlc-Sw5qWfgw
      Content-Length:
      - '45'
      Host:
      - staging2-lcm-prod.intgdc.com
  response:
    status:
      code: 200
      message: OK
    headers:
      Date:
      - Tue, 05 Jun 2018 07:49:21 GMT
      Server:
      - GoodData WebApp
      Keep-Alive:
      - timeout=5, max=98
      X-Gdc-Log-Header:
      - ''
      Cache-Control:
      - no-cache, no-store, must-revalidate
      Content-Type:
      - application/json;charset=UTF-8
      X-Gdc-Request:
      - 824QlRRwvXysdGcdNrUp7w:7VcLMkF5hvDlc-Sw5qWfgw:Ll01hq7Cwob9v3tf
      Vary:
      - origin
      X-Gdc-Request-Time:
      - '51'
      Transfer-Encoding:
      - chunked
      Strict-Transport-Security:
      - max-age=10886400; includeSubDomains; preload;
    body:
      encoding: ASCII-8BIT
      string: '{"uri":"/gdc/md/nrucnv2cf4o6zk9v59u9bwy7lk763kdl/etltask/070e402e2257f46c0f63e3785ff932b10000002b"}'
    http_version: 
  recorded_at: Tue, 05 Jun 2018 07:49:22 GMT
- request:
    method: get
    uri: https://staging2-lcm-prod.intgdc.com/gdc/md/nrucnv2cf4o6zk9v59u9bwy7lk763kdl/etltask/070e402e2257f46c0f63e3785ff932b10000002b
    body:
      encoding: US-ASCII
      string: ''
    headers:
      Accept:
      - application/json, application/zip
      Accept-Encoding:
      - gzip, deflate
      User-Agent:
      - gooddata-gem/1.1.0/x86_64-linux/2.4.1
      Content-Type:
      - application/json
      X-Gdc-Authtt:
      - "<X_GDC_AUTHTT>"
      X-Gdc-Request:
      - 824QlRRwvXysdGcdNrUp7w:B81h4OL0VNbbgPR99u_U2g
      Process:
      - 'true'
      Host:
      - staging2-lcm-prod.intgdc.com
  response:
    status:
      code: 200
      message: OK
    headers:
      Date:
      - Tue, 05 Jun 2018 07:49:22 GMT
      Server:
      - GoodData WebApp
      Keep-Alive:
      - timeout=5, max=97
      X-Gdc-Log-Header:
      - ''
      Cache-Control:
      - no-cache, no-store, must-revalidate
      Content-Type:
      - application/json;charset=UTF-8
      X-Gdc-Request:
      - 824QlRRwvXysdGcdNrUp7w:B81h4OL0VNbbgPR99u_U2g:hUKkgIAmrIBfNMmx
      Vary:
      - origin
      X-Gdc-Request-Time:
      - '28'
      Transfer-Encoding:
      - chunked
      Strict-Transport-Security:
      - max-age=10886400; includeSubDomains; preload;
    body:
      encoding: ASCII-8BIT
      string: '{"taskState":{"msg":"","status":"RUNNING"}}'
    http_version: 
  recorded_at: Tue, 05 Jun 2018 07:49:22 GMT
- request:
    method: get
    uri: https://staging2-lcm-prod.intgdc.com/gdc/md/nrucnv2cf4o6zk9v59u9bwy7lk763kdl/etltask/070e402e2257f46c0f63e3785ff932b10000002b
    body:
      encoding: US-ASCII
      string: ''
    headers:
      Accept:
      - application/json, application/zip
      Accept-Encoding:
      - gzip, deflate
      User-Agent:
      - gooddata-gem/1.1.0/x86_64-linux/2.4.1
      Content-Type:
      - application/json
      X-Gdc-Authtt:
      - "<X_GDC_AUTHTT>"
      X-Gdc-Request:
      - 824QlRRwvXysdGcdNrUp7w:NrZMzxWrinF36rJFCBjyjg
      Process:
      - 'true'
      Host:
      - staging2-lcm-prod.intgdc.com
  response:
    status:
      code: 200
      message: OK
    headers:
      Date:
      - Tue, 05 Jun 2018 07:49:33 GMT
      Server:
      - GoodData WebApp
      Keep-Alive:
      - timeout=5, max=99
      X-Gdc-Log-Header:
      - ''
      Cache-Control:
      - no-cache, no-store, must-revalidate
      Content-Type:
      - application/json;charset=UTF-8
      X-Gdc-Request:
      - 824QlRRwvXysdGcdNrUp7w:NrZMzxWrinF36rJFCBjyjg:hnDQXTrEufMTzcln
      Vary:
      - origin
      X-Gdc-Request-Time:
      - '29'
      Transfer-Encoding:
      - chunked
      Strict-Transport-Security:
      - max-age=10886400; includeSubDomains; preload;
    body:
      encoding: ASCII-8BIT
      string: '{"taskState":{"msg":"","status":"OK"}}'
    http_version: 
  recorded_at: Tue, 05 Jun 2018 07:49:33 GMT
- request:
    method: get
    uri: https://staging2-lcm-prod.intgdc.com/gdc/md/nrucnv2cf4o6zk9v59u9bwy7lk763kdl
    body:
      encoding: US-ASCII
      string: ''
    headers:
      Accept:
      - application/json, application/zip
      Accept-Encoding:
      - gzip, deflate
      User-Agent:
      - gooddata-gem/1.1.0/x86_64-linux/2.4.1
      Content-Type:
      - application/json
      X-Gdc-Authtt:
      - "<X_GDC_AUTHTT>"
      X-Gdc-Request:
      - 824QlRRwvXysdGcdNrUp7w:B2mtO9u8ib6sMhzw17bkzw
      Host:
      - staging2-lcm-prod.intgdc.com
  response:
    status:
      code: 200
      message: OK
    headers:
      Date:
      - Tue, 05 Jun 2018 07:49:33 GMT
      Server:
      - GoodData WebApp
      Keep-Alive:
      - timeout=5, max=99
      X-Gdc-Log-Header:
      - ''
      Cache-Control:
      - no-cache, no-store, must-revalidate
      Content-Type:
      - application/json;charset=UTF-8
      Transfer-Encoding:
      - chunked
      Vary:
      - Accept-Encoding
      - origin
      X-Gdc-Request:
      - 824QlRRwvXysdGcdNrUp7w:B2mtO9u8ib6sMhzw17bkzw:guqDJDfu78wCHr2I
      X-Gdc-Request-Time:
      - '21'
      Strict-Transport-Security:
      - max-age=10886400; includeSubDomains; preload;
    body:
      encoding: ASCII-8BIT
      string: '{"about":{"summary":"Metadata service for project ''nrucnv2cf4o6zk9v59u9bwy7lk763kdl''","category":"project","instance":"nrucnv2cf4o6zk9v59u9bwy7lk763kdl","links":[{"link":"/gdc/md/nrucnv2cf4o6zk9v59u9bwy7lk763kdl/data","summary":"Resources
        for data set manipulation.","category":"data","title":"data"},{"link":"/gdc/md/nrucnv2cf4o6zk9v59u9bwy7lk763kdl/dml","summary":"Navigation
        resource for physical data manipulation.","category":"dml","title":"dml"},{"link":"/gdc/md/nrucnv2cf4o6zk9v59u9bwy7lk763kdl/drillcrosspaths","summary":"Returns
        a list of attributes available for drilling across.","category":"drillcrosspaths","title":"drillcrosspaths"},{"link":"/gdc/md/nrucnv2cf4o6zk9v59u9bwy7lk763kdl/etl","summary":"Resources
        for data ETL.","category":"etl","title":"etl"},{"link":"/gdc/md/nrucnv2cf4o6zk9v59u9bwy7lk763kdl/datedimension","summary":"Resources
        for Date Dimension manipulation","category":"datedimension","title":"datedimension"},{"link":"/gdc/md/nrucnv2cf4o6zk9v59u9bwy7lk763kdl/favorites","summary":"Returns
        list of objects marked as favorites by the user.","category":"favorites","title":"favorites"},{"link":"/gdc/md/nrucnv2cf4o6zk9v59u9bwy7lk763kdl/favorite","summary":"Resource
        for determining if an object is in a user''s favorites.","category":"favorite","title":"favorite"},{"link":"/gdc/md/nrucnv2cf4o6zk9v59u9bwy7lk763kdl/identifiers","summary":"Resource
        for retrieving metadata object identifiers.","category":"instance-identifiers","title":"identifiers"},{"link":"/gdc/md/nrucnv2cf4o6zk9v59u9bwy7lk763kdl/labels","summary":"Resource
        for retrieving uris for element labels.","category":"labels","title":"labels"},{"link":"/gdc/md/nrucnv2cf4o6zk9v59u9bwy7lk763kdl/ldm","summary":"Resources
        for logical data model (LDM) manipulation.","category":"ldm","title":"ldm"},{"link":"/gdc/md/nrucnv2cf4o6zk9v59u9bwy7lk763kdl/log","summary":"Returns
        a list of metadata events.","category":"logs","title":"logs"},{"link":"/gdc/md/nrucnv2cf4o6zk9v59u9bwy7lk763kdl/maintenance","summary":"Resource
        for project maintenace.","category":"maintenance","title":"maintenance"},{"link":"/gdc/md/nrucnv2cf4o6zk9v59u9bwy7lk763kdl/maqlvalidator","summary":"Resource
        for MAQL construct validation and tree representation.","category":"maqlvalidator","title":"MaqlValidator"},{"link":"/gdc/md/nrucnv2cf4o6zk9v59u9bwy7lk763kdl/obj","summary":"Resource
        for creating new metadata objects.","category":"obj","title":"obj"},{"link":"/gdc/md/nrucnv2cf4o6zk9v59u9bwy7lk763kdl/objects","summary":"Resource
        for batch operations MD objects.","category":"objects","title":"objects"},{"link":"/gdc/md/nrucnv2cf4o6zk9v59u9bwy7lk763kdl/query","summary":"Resources
        for querying collections of metadata objects.","category":"query","title":"query"},{"link":"/gdc/md/nrucnv2cf4o6zk9v59u9bwy7lk763kdl/reportstatistics","summary":"Returns
        report statistics for a specified report.","category":"report-statistic","title":"report
        statistics"},{"link":"/gdc/md/nrucnv2cf4o6zk9v59u9bwy7lk763kdl/search","summary":"Resource
        for full text search.","category":"search","title":"search"},{"link":"/gdc/md/nrucnv2cf4o6zk9v59u9bwy7lk763kdl/service","summary":"Services
        for metadata configuration.","category":"service","title":"service"},{"link":"/gdc/md/nrucnv2cf4o6zk9v59u9bwy7lk763kdl/tags","summary":"Returns
        a list of tags.","category":"tags","title":"tags"},{"link":"/gdc/md/nrucnv2cf4o6zk9v59u9bwy7lk763kdl/tasks","summary":"Task
        resource.","category":"tasks","title":"tasks"},{"link":"/gdc/md/nrucnv2cf4o6zk9v59u9bwy7lk763kdl/templates","summary":"Returns
        list of uris of templates from which the project was created.","category":"templates","title":"templates"},{"link":"/gdc/md/nrucnv2cf4o6zk9v59u9bwy7lk763kdl/translations","summary":"Resource
        for project localization.","category":"translations","title":"translations"},{"link":"/gdc/md/nrucnv2cf4o6zk9v59u9bwy7lk763kdl/usedby2","summary":"Returns
        list of objects connected to a certain object via a ''used'' edge.","category":"usedby2","title":"usedby"},{"link":"/gdc/md/nrucnv2cf4o6zk9v59u9bwy7lk763kdl/using2","summary":"Returns
        list of objects connected to a certain object via a ''using'' edge.","category":"using2","title":"using"},{"link":"/gdc/md/nrucnv2cf4o6zk9v59u9bwy7lk763kdl/userfilters","summary":"Relation
        userFilter - user management.","category":"userfilters","title":"userfilters"},{"link":"/gdc/md/nrucnv2cf4o6zk9v59u9bwy7lk763kdl/validate","summary":"Resources
        for LDM, PDM, IO validation.","category":"validate-project","title":"validateproject"},{"link":"/gdc/md/nrucnv2cf4o6zk9v59u9bwy7lk763kdl/variables","summary":"Resources
        for variable manipulation.","category":"vars","title":"variables"}]}}'
    http_version: 
  recorded_at: Tue, 05 Jun 2018 07:49:33 GMT
- request:
    method: get
    uri: https://staging2-lcm-prod.intgdc.com/gdc/md/nrucnv2cf4o6zk9v59u9bwy7lk763kdl/objects/query?category=fact&limit=50&offset=0
    body:
      encoding: US-ASCII
      string: ''
    headers:
      Accept:
      - application/json, application/zip
      Accept-Encoding:
      - gzip, deflate
      User-Agent:
      - gooddata-gem/1.1.0/x86_64-linux/2.4.1
      Content-Type:
      - application/json
      X-Gdc-Authtt:
      - "<X_GDC_AUTHTT>"
      X-Gdc-Request:
      - 824QlRRwvXysdGcdNrUp7w:eOmMyKgMYH7-EgFLxJeOXw
      Host:
      - staging2-lcm-prod.intgdc.com
  response:
    status:
      code: 200
      message: OK
    headers:
      Date:
      - Tue, 05 Jun 2018 07:49:34 GMT
      Server:
      - GoodData WebApp
      Keep-Alive:
      - timeout=5, max=96
      X-Gdc-Log-Header:
      - ''
      Cache-Control:
      - no-cache, no-store, must-revalidate
      Content-Type:
      - application/json;charset=UTF-8
      X-Gdc-Request:
      - 824QlRRwvXysdGcdNrUp7w:eOmMyKgMYH7-EgFLxJeOXw:u5V8AeAZIEIPFwAF
      Vary:
      - origin
      X-Gdc-Request-Time:
      - '35'
      Transfer-Encoding:
      - chunked
      Strict-Transport-Security:
      - max-age=10886400; includeSubDomains; preload;
    body:
      encoding: ASCII-8BIT
      string: '{"objects":{"paging":{"count":1,"offset":0},"items":[{"fact":{"content":{"folders":["/gdc/md/nrucnv2cf4o6zk9v59u9bwy7lk763kdl/obj/219"],"expr":[{"type":"col","data":"/gdc/md/nrucnv2cf4o6zk9v59u9bwy7lk763kdl/obj/29"}]},"meta":{"author":"/gdc/account/profile/5ad80b895edcc438e5a4418e222733fa","uri":"/gdc/md/nrucnv2cf4o6zk9v59u9bwy7lk763kdl/obj/220","tags":"tag1
        tag2 tag3","created":"2018-06-05 09:40:52","identifier":"fact.commits.lines_changed","deprecated":"0","summary":"Fact
        description","isProduction":1,"title":"Lines Changed","category":"fact","updated":"2018-06-05
        09:45:08","contributor":"/gdc/account/profile/5ad80b895edcc438e5a4418e222733fa"}}}]}}'
    http_version: 
  recorded_at: Tue, 05 Jun 2018 07:49:34 GMT
- request:
    method: post
    uri: https://staging2-lcm-prod.intgdc.com/gdc/md/nrucnv2cf4o6zk9v59u9bwy7lk763kdl/obj
    body:
      encoding: UTF-8
      string: '{"metric":{"content":{"format":"#,##0","expression":"SELECT SUM([/gdc/md/nrucnv2cf4o6zk9v59u9bwy7lk763kdl/obj/220])"},"meta":{"tags":"","summary":null,"title":"sum
        of Lines Changed"}}}'
    headers:
      Accept:
      - application/json, application/zip
      Accept-Encoding:
      - gzip, deflate
      User-Agent:
      - gooddata-gem/1.1.0/x86_64-linux/2.4.1
      Content-Type:
      - application/json
      X-Gdc-Authtt:
      - "<X_GDC_AUTHTT>"
      X-Gdc-Request:
      - 824QlRRwvXysdGcdNrUp7w:kYKr123Ds0DiE9cSYa8AVA
      Content-Length:
      - '184'
      Host:
      - staging2-lcm-prod.intgdc.com
  response:
    status:
      code: 200
      message: OK
    headers:
      Date:
      - Tue, 05 Jun 2018 07:49:34 GMT
      Server:
      - GoodData WebApp
      Keep-Alive:
      - timeout=5, max=98
      X-Gdc-Log-Header:
      - ''
      Cache-Control:
      - no-cache, no-store, must-revalidate
      Content-Type:
      - application/json;charset=UTF-8
      X-Gdc-Request:
      - 824QlRRwvXysdGcdNrUp7w:kYKr123Ds0DiE9cSYa8AVA:n7nfI3ZJR5Gau0Qc
      Vary:
      - origin
      X-Gdc-Request-Time:
      - '48'
      Transfer-Encoding:
      - chunked
      Strict-Transport-Security:
      - max-age=10886400; includeSubDomains; preload;
    body:
      encoding: ASCII-8BIT
      string: '{"uri":"/gdc/md/nrucnv2cf4o6zk9v59u9bwy7lk763kdl/obj/292"}'
    http_version: 
  recorded_at: Tue, 05 Jun 2018 07:49:35 GMT
- request:
    method: get
    uri: https://staging2-lcm-prod.intgdc.com/gdc/md/nrucnv2cf4o6zk9v59u9bwy7lk763kdl/obj/292
    body:
      encoding: US-ASCII
      string: ''
    headers:
      Accept:
      - application/json, application/zip
      Accept-Encoding:
      - gzip, deflate
      User-Agent:
      - gooddata-gem/1.1.0/x86_64-linux/2.4.1
      Content-Type:
      - application/json
      X-Gdc-Authtt:
      - "<X_GDC_AUTHTT>"
      X-Gdc-Request:
      - 824QlRRwvXysdGcdNrUp7w:A5t3RW-kOSBqZ6oI0a4RNg
      Host:
      - staging2-lcm-prod.intgdc.com
  response:
    status:
      code: 200
      message: OK
    headers:
      Date:
      - Tue, 05 Jun 2018 07:49:35 GMT
      Server:
      - GoodData WebApp
      Keep-Alive:
      - timeout=5, max=98
      X-Gdc-Log-Header:
      - ''
      Cache-Control:
      - no-cache, no-store, must-revalidate
      Content-Type:
      - application/json;charset=UTF-8
      X-Gdc-Request:
      - 824QlRRwvXysdGcdNrUp7w:A5t3RW-kOSBqZ6oI0a4RNg:RoG1NsXXIcEYh8eH
      Vary:
      - origin
      X-Gdc-Request-Time:
      - '32'
      Transfer-Encoding:
      - chunked
      Strict-Transport-Security:
      - max-age=10886400; includeSubDomains; preload;
    body:
      encoding: ASCII-8BIT
      string: '{"metric":{"content":{"format":"#,##0","tree":{"content":[{"content":[{"value":"SUM","content":[{"value":"/gdc/md/nrucnv2cf4o6zk9v59u9bwy7lk763kdl/obj/220","position":{"column":25,"line":1},"type":"fact
        object"}],"position":{"column":21,"line":1},"type":"function"}],"position":{"column":21,"line":1},"type":"expression"}],"position":{"column":14,"line":1},"type":"metric"},"expression":"SELECT
        SUM([/gdc/md/nrucnv2cf4o6zk9v59u9bwy7lk763kdl/obj/220])"},"links":{"explain2":"/gdc/md/nrucnv2cf4o6zk9v59u9bwy7lk763kdl/obj/292/explain2"},"meta":{"author":"/gdc/account/profile/5ad80b895edcc438e5a4418e222733fa","uri":"/gdc/md/nrucnv2cf4o6zk9v59u9bwy7lk763kdl/obj/292","tags":"","created":"2018-06-05
        09:49:34","identifier":"aabfgz3Panmt","deprecated":"0","summary":"","isProduction":1,"title":"sum
        of Lines Changed","category":"metric","updated":"2018-06-05 09:49:34","contributor":"/gdc/account/profile/5ad80b895edcc438e5a4418e222733fa"}}}'
    http_version: 
  recorded_at: Tue, 05 Jun 2018 07:49:35 GMT
- request:
    method: post
    uri: https://staging2-lcm-prod.intgdc.com/gdc/projects/nrucnv2cf4o6zk9v59u9bwy7lk763kdl/execute
    body:
      encoding: UTF-8
      string: '{"report_req":{"definitionContent":{"content":{"reportDefinition":{"content":{"grid":{"sort":{"columns":[],"rows":[]},"columnWidths":[],"columns":[],"metrics":[{"alias":"sum
        of Lines Changed","uri":"/gdc/md/nrucnv2cf4o6zk9v59u9bwy7lk763kdl/obj/292"}],"rows":["metricGroup"]},"format":"grid","filters":[]},"meta":{"tags":"","summary":"","title":"Untitled
        report definition"}}},"projectMetadata":"/gdc/md/nrucnv2cf4o6zk9v59u9bwy7lk763kdl"}}}'
    headers:
      Accept:
      - application/json, application/zip
      Accept-Encoding:
      - gzip, deflate
      User-Agent:
      - gooddata-gem/1.1.0/x86_64-linux/2.4.1
      Content-Type:
      - application/json
      X-Gdc-Authtt:
      - "<X_GDC_AUTHTT>"
      X-Gdc-Request:
      - 824QlRRwvXysdGcdNrUp7w:HFAo48C-bwy7nVRy43paAA
      Content-Length:
      - '439'
      Host:
      - staging2-lcm-prod.intgdc.com
  response:
    status:
      code: 201
      message: Created
    headers:
      Location:
      - "/gdc/md/nrucnv2cf4o6zk9v59u9bwy7lk763kdl/dataResult/706167182716436352"
      X-Gdc-Log-Header:
      - ''
      Cache-Control:
      - no-cache, no-store, must-revalidate
      Content-Type:
      - application/json;charset=UTF-8
      Date:
      - Tue, 05 Jun 2018 07:49:36 GMT
      Server:
      - GoodData WebApp
      X-Gdc-Request:
      - 824QlRRwvXysdGcdNrUp7w:HFAo48C-bwy7nVRy43paAA:1IG4QY2cX3pfEHsv
      Vary:
      - origin
      X-Gdc-Request-Time:
      - '199'
      Transfer-Encoding:
      - chunked
      Strict-Transport-Security:
      - max-age=10886400; includeSubDomains; preload;
    body:
      encoding: ASCII-8BIT
      string: '{"execResult":{"reportView":{"reportName":"Untitled report definition","columnWidths":[],"filters":[],"rows":["metricGroup"],"sort":{"columns":[],"rows":[]},"format":"grid","columns":[],"metrics":[{"format":"#,##0","summary":"","title":"sum
        of Lines Changed","metricId":"/gdc/md/nrucnv2cf4o6zk9v59u9bwy7lk763kdl/obj/292"}]},"dataResult":"/gdc/md/nrucnv2cf4o6zk9v59u9bwy7lk763kdl/dataResult/706167182716436352"}}'
    http_version: 
  recorded_at: Tue, 05 Jun 2018 07:49:36 GMT
- request:
    method: get
    uri: https://staging2-lcm-prod.intgdc.com/gdc/md/nrucnv2cf4o6zk9v59u9bwy7lk763kdl/dataResult/706167182716436352
    body:
      encoding: US-ASCII
      string: ''
    headers:
      Accept:
      - application/json, application/zip
      Accept-Encoding:
      - gzip, deflate
      User-Agent:
      - gooddata-gem/1.1.0/x86_64-linux/2.4.1
      Content-Type:
      - application/json
      X-Gdc-Authtt:
      - "<X_GDC_AUTHTT>"
      X-Gdc-Request:
      - 824QlRRwvXysdGcdNrUp7w:wTjPhw8yAF-CsnAzLLM3Cw
      Process:
      - 'true'
      Host:
      - staging2-lcm-prod.intgdc.com
  response:
    status:
      code: 204
      message: No Content
    headers:
      Date:
      - Tue, 05 Jun 2018 07:49:36 GMT
      Server:
      - GoodData WebApp
      X-Gdc-Execution-Time:
      - '148'
      X-Gdc-Log-Header:
      - ''
      Keep-Alive:
      - timeout=5, max=97
      Cache-Control:
      - no-cache, no-store, must-revalidate
      X-Gdc-Request-Time:
      - '38'
      X-Gdc-Request:
      - 824QlRRwvXysdGcdNrUp7w:wTjPhw8yAF-CsnAzLLM3Cw:geW7XKAC2MDT716s
      Vary:
      - origin
      Strict-Transport-Security:
      - max-age=10886400; includeSubDomains; preload;
    body:
      encoding: UTF-8
      string: ''
    http_version: 
  recorded_at: Tue, 05 Jun 2018 07:49:37 GMT
- request:
    method: delete
    uri: https://staging2-lcm-prod.intgdc.com/gdc/md/nrucnv2cf4o6zk9v59u9bwy7lk763kdl/obj/292
    body:
      encoding: US-ASCII
      string: ''
    headers:
      Accept:
      - application/json, application/zip
      Accept-Encoding:
      - gzip, deflate
      User-Agent:
      - gooddata-gem/1.1.0/x86_64-linux/2.4.1
      Content-Type:
      - application/json
      X-Gdc-Authtt:
      - "<X_GDC_AUTHTT>"
      X-Gdc-Request:
      - 824QlRRwvXysdGcdNrUp7w:sfP6kOeUVc898ccxN4ADiQ
      Host:
      - staging2-lcm-prod.intgdc.com
  response:
    status:
      code: 204
      message: No Content
    headers:
      Date:
      - Tue, 05 Jun 2018 07:49:37 GMT
      Server:
      - GoodData WebApp
      Keep-Alive:
      - timeout=5, max=95
      X-Gdc-Log-Header:
      - ''
      Cache-Control:
      - no-cache, no-store, must-revalidate
      X-Gdc-Request-Time:
      - '49'
      X-Gdc-Request:
      - 824QlRRwvXysdGcdNrUp7w:sfP6kOeUVc898ccxN4ADiQ:92kJxkpvxfBaODTD
      Vary:
      - origin
      Strict-Transport-Security:
      - max-age=10886400; includeSubDomains; preload;
    body:
      encoding: UTF-8
      string: ''
    http_version: 
  recorded_at: Tue, 05 Jun 2018 07:49:37 GMT
- request:
    method: delete
    uri: https://staging2-lcm-prod.intgdc.com/gdc/projects/nrucnv2cf4o6zk9v59u9bwy7lk763kdl
    body:
      encoding: US-ASCII
      string: ''
    headers:
      Accept:
      - application/json, application/zip
      Accept-Encoding:
      - gzip, deflate
      User-Agent:
      - gooddata-gem/1.1.0/x86_64-linux/2.4.1
      Content-Type:
      - application/json
      X-Gdc-Authtt:
      - "<X_GDC_AUTHTT>"
      X-Gdc-Request:
      - 824QlRRwvXysdGcdNrUp7w:kXwpZc2CKppQ2JCYkJokGw
      Host:
      - staging2-lcm-prod.intgdc.com
  response:
    status:
      code: 204
      message: No Content
    headers:
      Date:
      - Tue, 05 Jun 2018 07:49:38 GMT
      Server:
      - GoodData WebApp
      Keep-Alive:
      - timeout=5, max=93
      X-Gdc-Log-Header:
      - ''
      Cache-Control:
      - no-cache, no-store, must-revalidate
      X-Gdc-Request-Time:
      - '73'
      X-Gdc-Request:
      - 824QlRRwvXysdGcdNrUp7w:kXwpZc2CKppQ2JCYkJokGw:VPoJ0Vxh8pwsEvoP
      Vary:
      - origin
      Strict-Transport-Security:
      - max-age=10886400; includeSubDomains; preload;
    body:
      encoding: UTF-8
      string: ''
    http_version: 
  recorded_at: Tue, 05 Jun 2018 07:49:38 GMT
- request:
    method: get
    uri: https://staging2-lcm-prod.intgdc.com/gdc/projects/oi2i513bqcdw24a3y4awaylce135jv5w
    body:
      encoding: US-ASCII
      string: ''
    headers:
      Accept:
      - application/json, application/zip
      Accept-Encoding:
      - gzip, deflate
      User-Agent:
      - gooddata-gem/1.1.0/x86_64-linux/2.4.1
      Content-Type:
      - application/json
      X-Gdc-Authtt:
      - "<X_GDC_AUTHTT>"
      X-Gdc-Request:
      - 6iqGHdhLmeTwYuBArB_-ag:ebwtjz8hZTIIKCLDWomNEw
      Host:
      - staging2-lcm-prod.intgdc.com
  response:
    status:
      code: 200
      message: OK
    headers:
      Date:
      - Tue, 05 Jun 2018 08:29:47 GMT
      Server:
      - GoodData WebApp
      Keep-Alive:
      - timeout=5, max=93
      X-Gdc-Log-Header:
      - ''
      Cache-Control:
      - no-cache, no-store, must-revalidate
      Content-Type:
      - application/json;charset=UTF-8
      Transfer-Encoding:
      - chunked
      Vary:
      - Accept-Encoding
      - origin
      X-Gdc-Request:
      - 6iqGHdhLmeTwYuBArB_-ag:ebwtjz8hZTIIKCLDWomNEw:pDkd4JGLVgL3hIQQ
      X-Gdc-Request-Time:
      - '52'
      Strict-Transport-Security:
      - max-age=10886400; includeSubDomains; preload;
    body:
      encoding: ASCII-8BIT
      string: '{"project":{"content":{"environment":"TESTING","cluster":"","guidedNavigation":"1","isPublic":"0","driver":"Pg","state":"PREPARING"},"links":{"ldm_thumbnail":"/gdc/projects/oi2i513bqcdw24a3y4awaylce135jv5w/ldm?thumbnail=1","self":"/gdc/projects/oi2i513bqcdw24a3y4awaylce135jv5w","clearCaches":"/gdc/projects/oi2i513bqcdw24a3y4awaylce135jv5w/clearCaches","invitations":"/gdc/projects/oi2i513bqcdw24a3y4awaylce135jv5w/invitations","users":"/gdc/projects/oi2i513bqcdw24a3y4awaylce135jv5w/users?link=1&offset=0&limit=100","uploads":"/gdc/projects/oi2i513bqcdw24a3y4awaylce135jv5w/uploads/","ldm":"/gdc/projects/oi2i513bqcdw24a3y4awaylce135jv5w/ldm","metadata":"/gdc/md/oi2i513bqcdw24a3y4awaylce135jv5w","publicartifacts":"/gdc/projects/oi2i513bqcdw24a3y4awaylce135jv5w/publicartifacts","roles":"/gdc/projects/oi2i513bqcdw24a3y4awaylce135jv5w/roles","userRoles":"/gdc/projects/oi2i513bqcdw24a3y4awaylce135jv5w/users/5ad80b895edcc438e5a4418e222733fa/roles","userPermissions":"/gdc/projects/oi2i513bqcdw24a3y4awaylce135jv5w/users/5ad80b895edcc438e5a4418e222733fa/permissions","dataload":"/gdc/projects/oi2i513bqcdw24a3y4awaylce135jv5w/dataload","connectors":"/gdc/projects/oi2i513bqcdw24a3y4awaylce135jv5w/connectors","execute":"/gdc/projects/oi2i513bqcdw24a3y4awaylce135jv5w/execute","config":"/gdc/projects/oi2i513bqcdw24a3y4awaylce135jv5w/config","projectFeatureFlags":"/gdc/projects/oi2i513bqcdw24a3y4awaylce135jv5w/projectFeatureFlags","schedules":"/gdc/projects/oi2i513bqcdw24a3y4awaylce135jv5w/schedules","templates":"/gdc/md/oi2i513bqcdw24a3y4awaylce135jv5w/templates","eventstores":"/gdc/projects/oi2i513bqcdw24a3y4awaylce135jv5w/dataload/eventstore/stores"},"meta":{"created":"2018-06-05
        10:29:46","summary":"No summary","updated":"2018-06-05 10:29:46","author":"/gdc/account/profile/5ad80b895edcc438e5a4418e222733fa","title":"My
        new clone project","contributor":"/gdc/account/profile/5ad80b895edcc438e5a4418e222733fa"}}}'
    http_version: 
  recorded_at: Tue, 05 Jun 2018 08:29:47 GMT
- request:
    method: get
    uri: https://staging2-lcm-prod.intgdc.com/gdc/projects/oi2i513bqcdw24a3y4awaylce135jv5w
    body:
      encoding: US-ASCII
      string: ''
    headers:
      Accept:
      - application/json, application/zip
      Accept-Encoding:
      - gzip, deflate
      User-Agent:
      - gooddata-gem/1.1.0/x86_64-linux/2.4.1
      Content-Type:
      - application/json
      X-Gdc-Authtt:
      - "<X_GDC_AUTHTT>"
      X-Gdc-Request:
      - 6iqGHdhLmeTwYuBArB_-ag:Fug00irByPo_IkM8Ve4zMQ
      Host:
      - staging2-lcm-prod.intgdc.com
  response:
    status:
      code: 200
      message: OK
    headers:
      Date:
      - Tue, 05 Jun 2018 08:29:51 GMT
      Server:
      - GoodData WebApp
      Keep-Alive:
      - timeout=5, max=97
      X-Gdc-Log-Header:
      - ''
      Cache-Control:
      - no-cache, no-store, must-revalidate
      Content-Type:
      - application/json;charset=UTF-8
      Transfer-Encoding:
      - chunked
      Vary:
      - Accept-Encoding
      - origin
      X-Gdc-Request:
      - 6iqGHdhLmeTwYuBArB_-ag:Fug00irByPo_IkM8Ve4zMQ:XBaj51LpREG5oZUn
      X-Gdc-Request-Time:
      - '44'
      Strict-Transport-Security:
      - max-age=10886400; includeSubDomains; preload;
    body:
      encoding: ASCII-8BIT
      string: '{"project":{"content":{"environment":"TESTING","cluster":"","authorizationToken":"<AUTHORIZATION_TOKEN>","guidedNavigation":"1","isPublic":"0","driver":"Pg","state":"ENABLED"},"links":{"ldm_thumbnail":"/gdc/projects/oi2i513bqcdw24a3y4awaylce135jv5w/ldm?thumbnail=1","self":"/gdc/projects/oi2i513bqcdw24a3y4awaylce135jv5w","clearCaches":"/gdc/projects/oi2i513bqcdw24a3y4awaylce135jv5w/clearCaches","invitations":"/gdc/projects/oi2i513bqcdw24a3y4awaylce135jv5w/invitations","users":"/gdc/projects/oi2i513bqcdw24a3y4awaylce135jv5w/users?link=1&offset=0&limit=100","uploads":"/gdc/projects/oi2i513bqcdw24a3y4awaylce135jv5w/uploads/","ldm":"/gdc/projects/oi2i513bqcdw24a3y4awaylce135jv5w/ldm","metadata":"/gdc/md/oi2i513bqcdw24a3y4awaylce135jv5w","publicartifacts":"/gdc/projects/oi2i513bqcdw24a3y4awaylce135jv5w/publicartifacts","roles":"/gdc/projects/oi2i513bqcdw24a3y4awaylce135jv5w/roles","userRoles":"/gdc/projects/oi2i513bqcdw24a3y4awaylce135jv5w/users/5ad80b895edcc438e5a4418e222733fa/roles","userPermissions":"/gdc/projects/oi2i513bqcdw24a3y4awaylce135jv5w/users/5ad80b895edcc438e5a4418e222733fa/permissions","dataload":"/gdc/projects/oi2i513bqcdw24a3y4awaylce135jv5w/dataload","connectors":"/gdc/projects/oi2i513bqcdw24a3y4awaylce135jv5w/connectors","execute":"/gdc/projects/oi2i513bqcdw24a3y4awaylce135jv5w/execute","config":"/gdc/projects/oi2i513bqcdw24a3y4awaylce135jv5w/config","projectFeatureFlags":"/gdc/projects/oi2i513bqcdw24a3y4awaylce135jv5w/projectFeatureFlags","schedules":"/gdc/projects/oi2i513bqcdw24a3y4awaylce135jv5w/schedules","templates":"/gdc/md/oi2i513bqcdw24a3y4awaylce135jv5w/templates","eventstores":"/gdc/projects/oi2i513bqcdw24a3y4awaylce135jv5w/dataload/eventstore/stores"},"meta":{"created":"2018-06-05
        10:29:46","summary":"No summary","updated":"2018-06-05 10:29:48","author":"/gdc/account/profile/5ad80b895edcc438e5a4418e222733fa","title":"My
        new clone project","contributor":"/gdc/account/profile/5ad80b895edcc438e5a4418e222733fa"}}}'
    http_version: 
  recorded_at: Tue, 05 Jun 2018 08:29:51 GMT
- request:
    method: post
    uri: https://staging2-lcm-prod.intgdc.com/gdc/md/l3398hstuqp0gegtnzmgpuyizfp6ddlh/maintenance/export
    body:
      encoding: UTF-8
      string: '{"exportProject":{"exportUsers":0,"exportData":0}}'
    headers:
      Accept:
      - application/json, application/zip
      Accept-Encoding:
      - gzip, deflate
      User-Agent:
      - gooddata-gem/1.1.0/x86_64-linux/2.4.1
      Content-Type:
      - application/json
      X-Gdc-Authtt:
      - "<X_GDC_AUTHTT>"
      X-Gdc-Request:
      - 6iqGHdhLmeTwYuBArB_-ag:h8JgeMiXeIUjH4njh9TmAQ
      Content-Length:
      - '50'
      Host:
      - staging2-lcm-prod.intgdc.com
  response:
    status:
      code: 200
      message: OK
    headers:
      Date:
      - Tue, 05 Jun 2018 08:29:54 GMT
      Server:
      - GoodData WebApp
      Keep-Alive:
      - timeout=5, max=100
      X-Gdc-Log-Header:
      - ''
      Cache-Control:
      - no-cache, no-store, must-revalidate
      Content-Type:
      - application/json;charset=UTF-8
      X-Gdc-Request:
      - 6iqGHdhLmeTwYuBArB_-ag:h8JgeMiXeIUjH4njh9TmAQ:XFFr3II50bLSS4NK
      Vary:
      - origin
      X-Gdc-Request-Time:
      - '57'
      Transfer-Encoding:
      - chunked
      Strict-Transport-Security:
      - max-age=10886400; includeSubDomains; preload;
    body:
      encoding: ASCII-8BIT
      string: '{"exportArtifact":{"status":{"uri":"/gdc/md/l3398hstuqp0gegtnzmgpuyizfp6ddlh/etltask/bddc17bb1d491b0a8d09e4108fae064c0000002b"},"token":"<TOKEN>"}}'
    http_version: 
  recorded_at: Tue, 05 Jun 2018 08:29:54 GMT
- request:
    method: get
    uri: https://staging2-lcm-prod.intgdc.com/gdc/md/l3398hstuqp0gegtnzmgpuyizfp6ddlh/etltask/bddc17bb1d491b0a8d09e4108fae064c0000002b
    body:
      encoding: US-ASCII
      string: ''
    headers:
      Accept:
      - application/json, application/zip
      Accept-Encoding:
      - gzip, deflate
      User-Agent:
      - gooddata-gem/1.1.0/x86_64-linux/2.4.1
      Content-Type:
      - application/json
      X-Gdc-Authtt:
      - "<X_GDC_AUTHTT>"
      X-Gdc-Request:
      - 6iqGHdhLmeTwYuBArB_-ag:H5u7TnJa2FgLm-sHI6jh9A
      Process:
      - 'true'
      Host:
      - staging2-lcm-prod.intgdc.com
  response:
    status:
      code: 200
      message: OK
    headers:
      Date:
      - Tue, 05 Jun 2018 08:29:55 GMT
      Server:
      - GoodData WebApp
      Keep-Alive:
      - timeout=5, max=100
      X-Gdc-Log-Header:
      - ''
      Cache-Control:
      - no-cache, no-store, must-revalidate
      Content-Type:
      - application/json;charset=UTF-8
      X-Gdc-Request:
      - 6iqGHdhLmeTwYuBArB_-ag:H5u7TnJa2FgLm-sHI6jh9A:zcYbEYEemh5xSXVP
      Vary:
      - origin
      X-Gdc-Request-Time:
      - '31'
      Transfer-Encoding:
      - chunked
      Strict-Transport-Security:
      - max-age=10886400; includeSubDomains; preload;
    body:
      encoding: ASCII-8BIT
      string: '{"taskState":{"msg":"","status":"RUNNING"}}'
    http_version: 
  recorded_at: Tue, 05 Jun 2018 08:29:55 GMT
- request:
    method: get
    uri: https://staging2-lcm-prod.intgdc.com/gdc/md/l3398hstuqp0gegtnzmgpuyizfp6ddlh/etltask/bddc17bb1d491b0a8d09e4108fae064c0000002b
    body:
      encoding: US-ASCII
      string: ''
    headers:
      Accept:
      - application/json, application/zip
      Accept-Encoding:
      - gzip, deflate
      User-Agent:
      - gooddata-gem/1.1.0/x86_64-linux/2.4.1
      Content-Type:
      - application/json
      X-Gdc-Authtt:
      - "<X_GDC_AUTHTT>"
      X-Gdc-Request:
      - 6iqGHdhLmeTwYuBArB_-ag:mlzh5vLyPnyb-5xjdvKfeA
      Process:
      - 'true'
      Host:
      - staging2-lcm-prod.intgdc.com
  response:
    status:
      code: 200
      message: OK
    headers:
      Date:
      - Tue, 05 Jun 2018 08:30:06 GMT
      Server:
      - GoodData WebApp
      Keep-Alive:
      - timeout=5, max=97
      X-Gdc-Log-Header:
      - ''
      Cache-Control:
      - no-cache, no-store, must-revalidate
      Content-Type:
      - application/json;charset=UTF-8
      X-Gdc-Request:
      - 6iqGHdhLmeTwYuBArB_-ag:mlzh5vLyPnyb-5xjdvKfeA:y1MDqFFHM3z8nIT9
      Vary:
      - origin
      X-Gdc-Request-Time:
      - '38'
      Transfer-Encoding:
      - chunked
      Strict-Transport-Security:
      - max-age=10886400; includeSubDomains; preload;
    body:
      encoding: ASCII-8BIT
      string: '{"taskState":{"msg":"","status":"OK"}}'
    http_version: 
  recorded_at: Tue, 05 Jun 2018 08:30:06 GMT
- request:
    method: post
    uri: https://staging2-lcm-prod.intgdc.com/gdc/md/oi2i513bqcdw24a3y4awaylce135jv5w/maintenance/import
    body:
      encoding: UTF-8
      string: '{"importProject":{"token":"<TOKEN>"}}'
    headers:
      Accept:
      - application/json, application/zip
      Accept-Encoding:
      - gzip, deflate
      User-Agent:
      - gooddata-gem/1.1.0/x86_64-linux/2.4.1
      Content-Type:
      - application/json
      X-Gdc-Authtt:
      - "<X_GDC_AUTHTT>"
      X-Gdc-Request:
      - 6iqGHdhLmeTwYuBArB_-ag:kxWSbGIwY57EMlNOA-6jTg
      Content-Length:
      - '45'
      Host:
      - staging2-lcm-prod.intgdc.com
  response:
    status:
      code: 200
      message: OK
    headers:
      Date:
      - Tue, 05 Jun 2018 08:30:07 GMT
      Server:
      - GoodData WebApp
      Keep-Alive:
      - timeout=5, max=90
      X-Gdc-Log-Header:
      - ''
      Cache-Control:
      - no-cache, no-store, must-revalidate
      Content-Type:
      - application/json;charset=UTF-8
      X-Gdc-Request:
      - 6iqGHdhLmeTwYuBArB_-ag:kxWSbGIwY57EMlNOA-6jTg:WVp9OJs90t9ZopX8
      Vary:
      - origin
      X-Gdc-Request-Time:
      - '57'
      Transfer-Encoding:
      - chunked
      Strict-Transport-Security:
      - max-age=10886400; includeSubDomains; preload;
    body:
      encoding: ASCII-8BIT
      string: '{"uri":"/gdc/md/oi2i513bqcdw24a3y4awaylce135jv5w/etltask/01d44f55b2330a043e8bf07238cc02a20000002b"}'
    http_version: 
  recorded_at: Tue, 05 Jun 2018 08:30:07 GMT
- request:
    method: get
    uri: https://staging2-lcm-prod.intgdc.com/gdc/md/oi2i513bqcdw24a3y4awaylce135jv5w/etltask/01d44f55b2330a043e8bf07238cc02a20000002b
    body:
      encoding: US-ASCII
      string: ''
    headers:
      Accept:
      - application/json, application/zip
      Accept-Encoding:
      - gzip, deflate
      User-Agent:
      - gooddata-gem/1.1.0/x86_64-linux/2.4.1
      Content-Type:
      - application/json
      X-Gdc-Authtt:
      - "<X_GDC_AUTHTT>"
      X-Gdc-Request:
      - 6iqGHdhLmeTwYuBArB_-ag:yO00EajZ3jpZj81Nmn-vOA
      Process:
      - 'true'
      Host:
      - staging2-lcm-prod.intgdc.com
  response:
    status:
      code: 200
      message: OK
    headers:
      Date:
      - Tue, 05 Jun 2018 08:30:08 GMT
      Server:
      - GoodData WebApp
      Keep-Alive:
      - timeout=5, max=99
      X-Gdc-Log-Header:
      - ''
      Cache-Control:
      - no-cache, no-store, must-revalidate
      Content-Type:
      - application/json;charset=UTF-8
      X-Gdc-Request:
      - 6iqGHdhLmeTwYuBArB_-ag:yO00EajZ3jpZj81Nmn-vOA:8LjiWf1Xm63LotzG
      Vary:
      - origin
      X-Gdc-Request-Time:
      - '26'
      Transfer-Encoding:
      - chunked
      Strict-Transport-Security:
      - max-age=10886400; includeSubDomains; preload;
    body:
      encoding: ASCII-8BIT
      string: '{"taskState":{"msg":"","status":"RUNNING"}}'
    http_version: 
  recorded_at: Tue, 05 Jun 2018 08:30:08 GMT
- request:
    method: get
    uri: https://staging2-lcm-prod.intgdc.com/gdc/md/oi2i513bqcdw24a3y4awaylce135jv5w/etltask/01d44f55b2330a043e8bf07238cc02a20000002b
    body:
      encoding: US-ASCII
      string: ''
    headers:
      Accept:
      - application/json, application/zip
      Accept-Encoding:
      - gzip, deflate
      User-Agent:
      - gooddata-gem/1.1.0/x86_64-linux/2.4.1
      Content-Type:
      - application/json
      X-Gdc-Authtt:
      - "<X_GDC_AUTHTT>"
      X-Gdc-Request:
      - 6iqGHdhLmeTwYuBArB_-ag:Xw6CWBD_HZRkqWM9yfFIyA
      Process:
      - 'true'
      Host:
      - staging2-lcm-prod.intgdc.com
  response:
    status:
      code: 200
      message: OK
    headers:
      Date:
      - Tue, 05 Jun 2018 08:30:18 GMT
      Server:
      - GoodData WebApp
      Keep-Alive:
      - timeout=5, max=96
      X-Gdc-Log-Header:
      - ''
      Cache-Control:
      - no-cache, no-store, must-revalidate
      Content-Type:
      - application/json;charset=UTF-8
      X-Gdc-Request:
      - 6iqGHdhLmeTwYuBArB_-ag:Xw6CWBD_HZRkqWM9yfFIyA:RDxPonr4p6qRPyly
      Vary:
      - origin
      X-Gdc-Request-Time:
      - '23'
      Transfer-Encoding:
      - chunked
      Strict-Transport-Security:
      - max-age=10886400; includeSubDomains; preload;
    body:
      encoding: ASCII-8BIT
      string: '{"taskState":{"msg":"","status":"OK"}}'
    http_version: 
  recorded_at: Tue, 05 Jun 2018 08:30:18 GMT
- request:
    method: get
    uri: https://staging2-lcm-prod.intgdc.com/gdc/md/oi2i513bqcdw24a3y4awaylce135jv5w
    body:
      encoding: US-ASCII
      string: ''
    headers:
      Accept:
      - application/json, application/zip
      Accept-Encoding:
      - gzip, deflate
      User-Agent:
      - gooddata-gem/1.1.0/x86_64-linux/2.4.1
      Content-Type:
      - application/json
      X-Gdc-Authtt:
      - "<X_GDC_AUTHTT>"
      X-Gdc-Request:
      - 6iqGHdhLmeTwYuBArB_-ag:EXKt2h3Fp-gV2sRQJ-_J7g
      Host:
      - staging2-lcm-prod.intgdc.com
  response:
    status:
      code: 200
      message: OK
    headers:
      Date:
      - Tue, 05 Jun 2018 08:30:19 GMT
      Server:
      - GoodData WebApp
      Keep-Alive:
      - timeout=5, max=97
      X-Gdc-Log-Header:
      - ''
      Cache-Control:
      - no-cache, no-store, must-revalidate
      Content-Type:
      - application/json;charset=UTF-8
      Transfer-Encoding:
      - chunked
      Vary:
      - Accept-Encoding
      - origin
      X-Gdc-Request:
      - 6iqGHdhLmeTwYuBArB_-ag:EXKt2h3Fp-gV2sRQJ-_J7g:RMqdM6rEev6kpZkD
      X-Gdc-Request-Time:
      - '23'
      Strict-Transport-Security:
      - max-age=10886400; includeSubDomains; preload;
    body:
      encoding: ASCII-8BIT
      string: '{"about":{"summary":"Metadata service for project ''oi2i513bqcdw24a3y4awaylce135jv5w''","category":"project","instance":"oi2i513bqcdw24a3y4awaylce135jv5w","links":[{"link":"/gdc/md/oi2i513bqcdw24a3y4awaylce135jv5w/data","summary":"Resources
        for data set manipulation.","category":"data","title":"data"},{"link":"/gdc/md/oi2i513bqcdw24a3y4awaylce135jv5w/dml","summary":"Navigation
        resource for physical data manipulation.","category":"dml","title":"dml"},{"link":"/gdc/md/oi2i513bqcdw24a3y4awaylce135jv5w/drillcrosspaths","summary":"Returns
        a list of attributes available for drilling across.","category":"drillcrosspaths","title":"drillcrosspaths"},{"link":"/gdc/md/oi2i513bqcdw24a3y4awaylce135jv5w/etl","summary":"Resources
        for data ETL.","category":"etl","title":"etl"},{"link":"/gdc/md/oi2i513bqcdw24a3y4awaylce135jv5w/datedimension","summary":"Resources
        for Date Dimension manipulation","category":"datedimension","title":"datedimension"},{"link":"/gdc/md/oi2i513bqcdw24a3y4awaylce135jv5w/favorites","summary":"Returns
        list of objects marked as favorites by the user.","category":"favorites","title":"favorites"},{"link":"/gdc/md/oi2i513bqcdw24a3y4awaylce135jv5w/favorite","summary":"Resource
        for determining if an object is in a user''s favorites.","category":"favorite","title":"favorite"},{"link":"/gdc/md/oi2i513bqcdw24a3y4awaylce135jv5w/identifiers","summary":"Resource
        for retrieving metadata object identifiers.","category":"instance-identifiers","title":"identifiers"},{"link":"/gdc/md/oi2i513bqcdw24a3y4awaylce135jv5w/labels","summary":"Resource
        for retrieving uris for element labels.","category":"labels","title":"labels"},{"link":"/gdc/md/oi2i513bqcdw24a3y4awaylce135jv5w/ldm","summary":"Resources
        for logical data model (LDM) manipulation.","category":"ldm","title":"ldm"},{"link":"/gdc/md/oi2i513bqcdw24a3y4awaylce135jv5w/log","summary":"Returns
        a list of metadata events.","category":"logs","title":"logs"},{"link":"/gdc/md/oi2i513bqcdw24a3y4awaylce135jv5w/maintenance","summary":"Resource
        for project maintenace.","category":"maintenance","title":"maintenance"},{"link":"/gdc/md/oi2i513bqcdw24a3y4awaylce135jv5w/maqlvalidator","summary":"Resource
        for MAQL construct validation and tree representation.","category":"maqlvalidator","title":"MaqlValidator"},{"link":"/gdc/md/oi2i513bqcdw24a3y4awaylce135jv5w/obj","summary":"Resource
        for creating new metadata objects.","category":"obj","title":"obj"},{"link":"/gdc/md/oi2i513bqcdw24a3y4awaylce135jv5w/objects","summary":"Resource
        for batch operations MD objects.","category":"objects","title":"objects"},{"link":"/gdc/md/oi2i513bqcdw24a3y4awaylce135jv5w/query","summary":"Resources
        for querying collections of metadata objects.","category":"query","title":"query"},{"link":"/gdc/md/oi2i513bqcdw24a3y4awaylce135jv5w/reportstatistics","summary":"Returns
        report statistics for a specified report.","category":"report-statistic","title":"report
        statistics"},{"link":"/gdc/md/oi2i513bqcdw24a3y4awaylce135jv5w/search","summary":"Resource
        for full text search.","category":"search","title":"search"},{"link":"/gdc/md/oi2i513bqcdw24a3y4awaylce135jv5w/service","summary":"Services
        for metadata configuration.","category":"service","title":"service"},{"link":"/gdc/md/oi2i513bqcdw24a3y4awaylce135jv5w/tags","summary":"Returns
        a list of tags.","category":"tags","title":"tags"},{"link":"/gdc/md/oi2i513bqcdw24a3y4awaylce135jv5w/tasks","summary":"Task
        resource.","category":"tasks","title":"tasks"},{"link":"/gdc/md/oi2i513bqcdw24a3y4awaylce135jv5w/templates","summary":"Returns
        list of uris of templates from which the project was created.","category":"templates","title":"templates"},{"link":"/gdc/md/oi2i513bqcdw24a3y4awaylce135jv5w/translations","summary":"Resource
        for project localization.","category":"translations","title":"translations"},{"link":"/gdc/md/oi2i513bqcdw24a3y4awaylce135jv5w/usedby2","summary":"Returns
        list of objects connected to a certain object via a ''used'' edge.","category":"usedby2","title":"usedby"},{"link":"/gdc/md/oi2i513bqcdw24a3y4awaylce135jv5w/using2","summary":"Returns
        list of objects connected to a certain object via a ''using'' edge.","category":"using2","title":"using"},{"link":"/gdc/md/oi2i513bqcdw24a3y4awaylce135jv5w/userfilters","summary":"Relation
        userFilter - user management.","category":"userfilters","title":"userfilters"},{"link":"/gdc/md/oi2i513bqcdw24a3y4awaylce135jv5w/validate","summary":"Resources
        for LDM, PDM, IO validation.","category":"validate-project","title":"validateproject"},{"link":"/gdc/md/oi2i513bqcdw24a3y4awaylce135jv5w/variables","summary":"Resources
        for variable manipulation.","category":"vars","title":"variables"}]}}'
    http_version: 
  recorded_at: Tue, 05 Jun 2018 08:30:19 GMT
- request:
    method: get
    uri: https://staging2-lcm-prod.intgdc.com/gdc/md/oi2i513bqcdw24a3y4awaylce135jv5w/objects/query?category=fact&limit=50&offset=0
    body:
      encoding: US-ASCII
      string: ''
    headers:
      Accept:
      - application/json, application/zip
      Accept-Encoding:
      - gzip, deflate
      User-Agent:
      - gooddata-gem/1.1.0/x86_64-linux/2.4.1
      Content-Type:
      - application/json
      X-Gdc-Authtt:
      - "<X_GDC_AUTHTT>"
      X-Gdc-Request:
      - 6iqGHdhLmeTwYuBArB_-ag:1UtOuH9plSHvOZgmB4cWkg
      Host:
      - staging2-lcm-prod.intgdc.com
  response:
    status:
      code: 200
      message: OK
    headers:
      Date:
      - Tue, 05 Jun 2018 08:30:20 GMT
      Server:
      - GoodData WebApp
      Keep-Alive:
      - timeout=5, max=95
      X-Gdc-Log-Header:
      - ''
      Cache-Control:
      - no-cache, no-store, must-revalidate
      Content-Type:
      - application/json;charset=UTF-8
      X-Gdc-Request:
      - 6iqGHdhLmeTwYuBArB_-ag:1UtOuH9plSHvOZgmB4cWkg:dLnPiTqV2MJbx68w
      Vary:
      - origin
      X-Gdc-Request-Time:
      - '78'
      Transfer-Encoding:
      - chunked
      Strict-Transport-Security:
      - max-age=10886400; includeSubDomains; preload;
    body:
      encoding: ASCII-8BIT
      string: '{"objects":{"paging":{"count":1,"offset":0},"items":[{"fact":{"content":{"folders":["/gdc/md/oi2i513bqcdw24a3y4awaylce135jv5w/obj/219"],"expr":[{"type":"col","data":"/gdc/md/oi2i513bqcdw24a3y4awaylce135jv5w/obj/29"}]},"meta":{"author":"/gdc/account/profile/5ad80b895edcc438e5a4418e222733fa","uri":"/gdc/md/oi2i513bqcdw24a3y4awaylce135jv5w/obj/220","tags":"tag1
        tag2 tag3","created":"2018-06-05 10:21:49","identifier":"fact.commits.lines_changed","deprecated":"0","summary":"Fact
        description","isProduction":1,"title":"Lines Changed","category":"fact","updated":"2018-06-05
        10:25:45","contributor":"/gdc/account/profile/5ad80b895edcc438e5a4418e222733fa"}}}]}}'
    http_version: 
  recorded_at: Tue, 05 Jun 2018 08:30:20 GMT
- request:
    method: post
    uri: https://staging2-lcm-prod.intgdc.com/gdc/md/oi2i513bqcdw24a3y4awaylce135jv5w/obj
    body:
      encoding: UTF-8
      string: '{"metric":{"content":{"format":"#,##0","expression":"SELECT SUM([/gdc/md/oi2i513bqcdw24a3y4awaylce135jv5w/obj/220])"},"meta":{"tags":"","summary":null,"title":"sum
        of Lines Changed"}}}'
    headers:
      Accept:
      - application/json, application/zip
      Accept-Encoding:
      - gzip, deflate
      User-Agent:
      - gooddata-gem/1.1.0/x86_64-linux/2.4.1
      Content-Type:
      - application/json
      X-Gdc-Authtt:
      - "<X_GDC_AUTHTT>"
      X-Gdc-Request:
      - 6iqGHdhLmeTwYuBArB_-ag:qf_fOzjCV7DwjCcpEYpigQ
      Content-Length:
      - '184'
      Host:
      - staging2-lcm-prod.intgdc.com
  response:
    status:
      code: 200
      message: OK
    headers:
      Date:
      - Tue, 05 Jun 2018 08:30:20 GMT
      Server:
      - GoodData WebApp
      Keep-Alive:
      - timeout=5, max=76
      X-Gdc-Log-Header:
      - ''
      Cache-Control:
      - no-cache, no-store, must-revalidate
      Content-Type:
      - application/json;charset=UTF-8
      X-Gdc-Request:
      - 6iqGHdhLmeTwYuBArB_-ag:qf_fOzjCV7DwjCcpEYpigQ:fMLjHH0X9QDEKyeY
      Vary:
      - origin
      X-Gdc-Request-Time:
      - '43'
      Transfer-Encoding:
      - chunked
      Strict-Transport-Security:
      - max-age=10886400; includeSubDomains; preload;
    body:
      encoding: ASCII-8BIT
      string: '{"uri":"/gdc/md/oi2i513bqcdw24a3y4awaylce135jv5w/obj/292"}'
    http_version: 
  recorded_at: Tue, 05 Jun 2018 08:30:20 GMT
- request:
    method: get
    uri: https://staging2-lcm-prod.intgdc.com/gdc/md/oi2i513bqcdw24a3y4awaylce135jv5w/obj/292
    body:
      encoding: US-ASCII
      string: ''
    headers:
      Accept:
      - application/json, application/zip
      Accept-Encoding:
      - gzip, deflate
      User-Agent:
      - gooddata-gem/1.1.0/x86_64-linux/2.4.1
      Content-Type:
      - application/json
      X-Gdc-Authtt:
      - "<X_GDC_AUTHTT>"
      X-Gdc-Request:
      - 6iqGHdhLmeTwYuBArB_-ag:BKOTBsZkLya3kWIlPKEPbQ
      Host:
      - staging2-lcm-prod.intgdc.com
  response:
    status:
      code: 200
      message: OK
    headers:
      Date:
      - Tue, 05 Jun 2018 08:30:21 GMT
      Server:
      - GoodData WebApp
      Keep-Alive:
      - timeout=5, max=75
      X-Gdc-Log-Header:
      - ''
      Cache-Control:
      - no-cache, no-store, must-revalidate
      Content-Type:
      - application/json;charset=UTF-8
      X-Gdc-Request:
      - 6iqGHdhLmeTwYuBArB_-ag:BKOTBsZkLya3kWIlPKEPbQ:I52voqsNlyX4QQzc
      Vary:
      - origin
      X-Gdc-Request-Time:
      - '30'
      Transfer-Encoding:
      - chunked
      Strict-Transport-Security:
      - max-age=10886400; includeSubDomains; preload;
    body:
      encoding: ASCII-8BIT
      string: '{"metric":{"content":{"format":"#,##0","tree":{"content":[{"content":[{"value":"SUM","content":[{"value":"/gdc/md/oi2i513bqcdw24a3y4awaylce135jv5w/obj/220","position":{"column":25,"line":1},"type":"fact
        object"}],"position":{"column":21,"line":1},"type":"function"}],"position":{"column":21,"line":1},"type":"expression"}],"position":{"column":14,"line":1},"type":"metric"},"expression":"SELECT
        SUM([/gdc/md/oi2i513bqcdw24a3y4awaylce135jv5w/obj/220])"},"links":{"explain2":"/gdc/md/oi2i513bqcdw24a3y4awaylce135jv5w/obj/292/explain2"},"meta":{"author":"/gdc/account/profile/5ad80b895edcc438e5a4418e222733fa","uri":"/gdc/md/oi2i513bqcdw24a3y4awaylce135jv5w/obj/292","tags":"","created":"2018-06-05
        10:30:20","identifier":"aadfqOL9cxGa","deprecated":"0","summary":"","isProduction":1,"title":"sum
        of Lines Changed","category":"metric","updated":"2018-06-05 10:30:20","contributor":"/gdc/account/profile/5ad80b895edcc438e5a4418e222733fa"}}}'
    http_version: 
  recorded_at: Tue, 05 Jun 2018 08:30:21 GMT
- request:
    method: post
    uri: https://staging2-lcm-prod.intgdc.com/gdc/projects/oi2i513bqcdw24a3y4awaylce135jv5w/execute
    body:
      encoding: UTF-8
      string: '{"report_req":{"definitionContent":{"content":{"reportDefinition":{"content":{"grid":{"sort":{"columns":[],"rows":[]},"columnWidths":[],"columns":[],"metrics":[{"alias":"sum
        of Lines Changed","uri":"/gdc/md/oi2i513bqcdw24a3y4awaylce135jv5w/obj/292"}],"rows":["metricGroup"]},"format":"grid","filters":[]},"meta":{"tags":"","summary":"","title":"Untitled
        report definition"}}},"projectMetadata":"/gdc/md/oi2i513bqcdw24a3y4awaylce135jv5w"}}}'
    headers:
      Accept:
      - application/json, application/zip
      Accept-Encoding:
      - gzip, deflate
      User-Agent:
      - gooddata-gem/1.1.0/x86_64-linux/2.4.1
      Content-Type:
      - application/json
      X-Gdc-Authtt:
      - "<X_GDC_AUTHTT>"
      X-Gdc-Request:
      - 6iqGHdhLmeTwYuBArB_-ag:KLe8iP9Trd4SeF8mdRRxDg
      Content-Length:
      - '439'
      Host:
      - staging2-lcm-prod.intgdc.com
  response:
    status:
      code: 201
      message: Created
    headers:
      Location:
      - "/gdc/md/oi2i513bqcdw24a3y4awaylce135jv5w/dataResult/5525364526607432704"
      X-Gdc-Log-Header:
      - ''
      Cache-Control:
      - no-cache, no-store, must-revalidate
      Content-Type:
      - application/json;charset=UTF-8
      Date:
      - Tue, 05 Jun 2018 08:30:22 GMT
      Server:
      - GoodData WebApp
      X-Gdc-Request:
      - 6iqGHdhLmeTwYuBArB_-ag:KLe8iP9Trd4SeF8mdRRxDg:9tLMPSltpXPwVih4
      Vary:
      - origin
      X-Gdc-Request-Time:
      - '160'
      Transfer-Encoding:
      - chunked
      Strict-Transport-Security:
      - max-age=10886400; includeSubDomains; preload;
    body:
      encoding: ASCII-8BIT
      string: '{"execResult":{"reportView":{"reportName":"Untitled report definition","columnWidths":[],"filters":[],"rows":["metricGroup"],"sort":{"columns":[],"rows":[]},"format":"grid","columns":[],"metrics":[{"format":"#,##0","summary":"","title":"sum
        of Lines Changed","metricId":"/gdc/md/oi2i513bqcdw24a3y4awaylce135jv5w/obj/292"}]},"dataResult":"/gdc/md/oi2i513bqcdw24a3y4awaylce135jv5w/dataResult/5525364526607432704"}}'
    http_version: 
  recorded_at: Tue, 05 Jun 2018 08:30:22 GMT
- request:
    method: get
    uri: https://staging2-lcm-prod.intgdc.com/gdc/md/oi2i513bqcdw24a3y4awaylce135jv5w/dataResult/5525364526607432704
    body:
      encoding: US-ASCII
      string: ''
    headers:
      Accept:
      - application/json, application/zip
      Accept-Encoding:
      - gzip, deflate
      User-Agent:
      - gooddata-gem/1.1.0/x86_64-linux/2.4.1
      Content-Type:
      - application/json
      X-Gdc-Authtt:
      - "<X_GDC_AUTHTT>"
      X-Gdc-Request:
      - 6iqGHdhLmeTwYuBArB_-ag:20jStAmtmSIsGvhf3Qst1A
      Process:
      - 'true'
      Host:
      - staging2-lcm-prod.intgdc.com
  response:
    status:
      code: 204
      message: No Content
    headers:
      Date:
      - Tue, 05 Jun 2018 08:30:22 GMT
      Server:
      - GoodData WebApp
      X-Gdc-Execution-Time:
      - '133'
      X-Gdc-Log-Header:
      - ''
      Keep-Alive:
      - timeout=5, max=95
      Cache-Control:
      - no-cache, no-store, must-revalidate
      X-Gdc-Request-Time:
      - '28'
      X-Gdc-Request:
      - 6iqGHdhLmeTwYuBArB_-ag:20jStAmtmSIsGvhf3Qst1A:lXJRP1fmEyqjIhlI
      Vary:
      - origin
      Strict-Transport-Security:
      - max-age=10886400; includeSubDomains; preload;
    body:
      encoding: UTF-8
      string: ''
    http_version: 
  recorded_at: Tue, 05 Jun 2018 08:30:22 GMT
- request:
    method: delete
    uri: https://staging2-lcm-prod.intgdc.com/gdc/md/oi2i513bqcdw24a3y4awaylce135jv5w/obj/292
    body:
      encoding: US-ASCII
      string: ''
    headers:
      Accept:
      - application/json, application/zip
      Accept-Encoding:
      - gzip, deflate
      User-Agent:
      - gooddata-gem/1.1.0/x86_64-linux/2.4.1
      Content-Type:
      - application/json
      X-Gdc-Authtt:
      - "<X_GDC_AUTHTT>"
      X-Gdc-Request:
      - 6iqGHdhLmeTwYuBArB_-ag:Uljh961oG4T0Yx166hPBmg
      Host:
      - staging2-lcm-prod.intgdc.com
  response:
    status:
      code: 204
      message: No Content
    headers:
      Date:
      - Tue, 05 Jun 2018 08:30:23 GMT
      Server:
      - GoodData WebApp
      Keep-Alive:
      - timeout=5, max=99
      X-Gdc-Log-Header:
      - ''
      Cache-Control:
      - no-cache, no-store, must-revalidate
      X-Gdc-Request-Time:
      - '71'
      X-Gdc-Request:
      - 6iqGHdhLmeTwYuBArB_-ag:Uljh961oG4T0Yx166hPBmg:my1nHnlVxLFQIBVO
      Vary:
      - origin
      Strict-Transport-Security:
      - max-age=10886400; includeSubDomains; preload;
    body:
      encoding: UTF-8
      string: ''
    http_version: 
  recorded_at: Tue, 05 Jun 2018 08:30:23 GMT
- request:
    method: delete
    uri: https://staging2-lcm-prod.intgdc.com/gdc/projects/oi2i513bqcdw24a3y4awaylce135jv5w
    body:
      encoding: US-ASCII
      string: ''
    headers:
      Accept:
      - application/json, application/zip
      Accept-Encoding:
      - gzip, deflate
      User-Agent:
      - gooddata-gem/1.1.0/x86_64-linux/2.4.1
      Content-Type:
      - application/json
      X-Gdc-Authtt:
      - "<X_GDC_AUTHTT>"
      X-Gdc-Request:
      - 6iqGHdhLmeTwYuBArB_-ag:hvoirh8GHTmyA3Knbh4tOQ
      Host:
      - staging2-lcm-prod.intgdc.com
  response:
    status:
      code: 204
      message: No Content
    headers:
      Date:
      - Tue, 05 Jun 2018 08:30:23 GMT
      Server:
      - GoodData WebApp
      Keep-Alive:
      - timeout=5, max=71
      X-Gdc-Log-Header:
      - ''
      Cache-Control:
      - no-cache, no-store, must-revalidate
      X-Gdc-Request-Time:
      - '70'
      X-Gdc-Request:
      - 6iqGHdhLmeTwYuBArB_-ag:hvoirh8GHTmyA3Knbh4tOQ:26F0DdGqbUziFDEA
      Vary:
      - origin
      Strict-Transport-Security:
      - max-age=10886400; includeSubDomains; preload;
    body:
      encoding: UTF-8
      string: ''
    http_version: 
  recorded_at: Tue, 05 Jun 2018 08:30:24 GMT
- request:
    method: post
    uri: https://staging2-lcm-prod.intgdc.com/gdc/projects
    body:
      encoding: UTF-8
      string: '{"project":{"meta":{"summary":"No summary","title":"My new clone project"},"content":{"guidedNavigation":1,"driver":"Pg","environment":"TESTING","authorizationToken":"<AUTHORIZATION_TOKEN>"}}}'
    headers:
      Accept:
      - application/json, application/zip
      Accept-Encoding:
      - gzip, deflate
      User-Agent:
      - gooddata-gem/1.3.1/x86_64-darwin16/2.3.3
      Content-Type:
      - application/json
      X-Gdc-Authtt:
      - "<X_GDC_AUTHTT>"
      X-Gdc-Request:
      - 4UNvJMuSxNk9iAyK97sHpw:KGAm4EaOJVWkSnJXrB6sPQ
      Content-Length:
      - '183'
      Host:
      - staging2-lcm-prod.intgdc.com
  response:
    status:
      code: 200
      message: OK
    headers:
      Date:
      - Fri, 05 Oct 2018 14:00:09 GMT
      Server:
      - GoodData WebApp
      Keep-Alive:
      - timeout=5, max=100
      X-Gdc-Log-Header:
      - ''
      Cache-Control:
      - no-cache, no-store, must-revalidate
      Content-Type:
      - application/json;charset=UTF-8
      X-Gdc-Request:
      - 4UNvJMuSxNk9iAyK97sHpw:KGAm4EaOJVWkSnJXrB6sPQ:kh3jEQSuS9yLAJSn
      Vary:
      - origin
      X-Gdc-Request-Time:
      - '506'
      Transfer-Encoding:
      - chunked
      Strict-Transport-Security:
      - max-age=10886400; includeSubDomains; preload;
    body:
      encoding: ASCII-8BIT
      string: '{"uri":"/gdc/projects/ym2upgwl0r0dwd5f04097tyuy3hrs2y7"}'
    http_version: 
  recorded_at: Fri, 05 Oct 2018 14:00:10 GMT
- request:
    method: get
    uri: https://staging2-lcm-prod.intgdc.com/gdc/projects/ym2upgwl0r0dwd5f04097tyuy3hrs2y7
    body:
      encoding: US-ASCII
      string: ''
    headers:
      Accept:
      - application/json, application/zip
      Accept-Encoding:
      - gzip, deflate
      User-Agent:
      - gooddata-gem/1.3.1/x86_64-darwin16/2.3.3
      Content-Type:
      - application/json
      X-Gdc-Authtt:
      - "<X_GDC_AUTHTT>"
      X-Gdc-Request:
      - 4UNvJMuSxNk9iAyK97sHpw:-J36MQkb5DxbKgpyE0GGbg
      Host:
      - staging2-lcm-prod.intgdc.com
  response:
    status:
      code: 200
      message: OK
    headers:
      Date:
      - Fri, 05 Oct 2018 14:00:10 GMT
      Server:
      - GoodData WebApp
      Keep-Alive:
      - timeout=5, max=100
      X-Gdc-Log-Header:
      - ''
      Cache-Control:
      - no-cache, no-store, must-revalidate
      Content-Type:
      - application/json;charset=UTF-8
      Transfer-Encoding:
      - chunked
      Vary:
      - Accept-Encoding
      - origin
      X-Gdc-Request:
      - 4UNvJMuSxNk9iAyK97sHpw:-J36MQkb5DxbKgpyE0GGbg:5Awv6NePEXOp3HKl
      X-Gdc-Request-Time:
      - '88'
      Strict-Transport-Security:
      - max-age=10886400; includeSubDomains; preload;
    body:
      encoding: ASCII-8BIT
      string: '{"project":{"content":{"environment":"TESTING","cluster":"","guidedNavigation":"1","isPublic":"0","driver":"Pg","state":"PREPARING"},"links":{"ldm_thumbnail":"/gdc/projects/ym2upgwl0r0dwd5f04097tyuy3hrs2y7/ldm?thumbnail=1","self":"/gdc/projects/ym2upgwl0r0dwd5f04097tyuy3hrs2y7","clearCaches":"/gdc/projects/ym2upgwl0r0dwd5f04097tyuy3hrs2y7/clearCaches","invitations":"/gdc/projects/ym2upgwl0r0dwd5f04097tyuy3hrs2y7/invitations","users":"/gdc/projects/ym2upgwl0r0dwd5f04097tyuy3hrs2y7/users?link=1&offset=0&limit=100","uploads":"/gdc/projects/ym2upgwl0r0dwd5f04097tyuy3hrs2y7/uploads/","ldm":"/gdc/projects/ym2upgwl0r0dwd5f04097tyuy3hrs2y7/ldm","metadata":"/gdc/md/ym2upgwl0r0dwd5f04097tyuy3hrs2y7","publicartifacts":"/gdc/projects/ym2upgwl0r0dwd5f04097tyuy3hrs2y7/publicartifacts","roles":"/gdc/projects/ym2upgwl0r0dwd5f04097tyuy3hrs2y7/roles","userRoles":"/gdc/projects/ym2upgwl0r0dwd5f04097tyuy3hrs2y7/users/5ad80b895edcc438e5a4418e222733fa/roles","userPermissions":"/gdc/projects/ym2upgwl0r0dwd5f04097tyuy3hrs2y7/users/5ad80b895edcc438e5a4418e222733fa/permissions","dataload":"/gdc/projects/ym2upgwl0r0dwd5f04097tyuy3hrs2y7/dataload","connectors":"/gdc/projects/ym2upgwl0r0dwd5f04097tyuy3hrs2y7/connectors","execute":"/gdc/projects/ym2upgwl0r0dwd5f04097tyuy3hrs2y7/execute","config":"/gdc/projects/ym2upgwl0r0dwd5f04097tyuy3hrs2y7/config","projectFeatureFlags":"/gdc/projects/ym2upgwl0r0dwd5f04097tyuy3hrs2y7/projectFeatureFlags","schedules":"/gdc/projects/ym2upgwl0r0dwd5f04097tyuy3hrs2y7/schedules","templates":"/gdc/md/ym2upgwl0r0dwd5f04097tyuy3hrs2y7/templates"},"meta":{"created":"2018-10-05
        16:00:10","summary":"No summary","updated":"2018-10-05 16:00:10","author":"/gdc/account/profile/5ad80b895edcc438e5a4418e222733fa","title":"My
        new clone project","contributor":"/gdc/account/profile/5ad80b895edcc438e5a4418e222733fa"}}}'
    http_version: 
  recorded_at: Fri, 05 Oct 2018 14:00:11 GMT
- request:
    method: get
    uri: https://staging2-lcm-prod.intgdc.com/gdc/projects/ym2upgwl0r0dwd5f04097tyuy3hrs2y7
    body:
      encoding: US-ASCII
      string: ''
    headers:
      Accept:
      - application/json, application/zip
      Accept-Encoding:
      - gzip, deflate
      User-Agent:
      - gooddata-gem/1.3.1/x86_64-darwin16/2.3.3
      Content-Type:
      - application/json
      X-Gdc-Authtt:
      - "<X_GDC_AUTHTT>"
      X-Gdc-Request:
      - 4UNvJMuSxNk9iAyK97sHpw:hchCSDj4d75SWjzZOzgRZw
      Host:
      - staging2-lcm-prod.intgdc.com
  response:
    status:
      code: 200
      message: OK
    headers:
      Date:
      - Fri, 05 Oct 2018 14:00:14 GMT
      Server:
      - GoodData WebApp
      Keep-Alive:
      - timeout=5, max=100
      X-Gdc-Log-Header:
      - ''
      Cache-Control:
      - no-cache, no-store, must-revalidate
      Content-Type:
      - application/json;charset=UTF-8
      Transfer-Encoding:
      - chunked
      Vary:
      - Accept-Encoding
      - origin
      X-Gdc-Request:
      - 4UNvJMuSxNk9iAyK97sHpw:hchCSDj4d75SWjzZOzgRZw:tvDBFT77YiXRV7hY
      X-Gdc-Request-Time:
      - '99'
      Strict-Transport-Security:
      - max-age=10886400; includeSubDomains; preload;
    body:
      encoding: ASCII-8BIT
      string: '{"project":{"content":{"environment":"TESTING","cluster":"","authorizationToken":"<AUTHORIZATION_TOKEN>","guidedNavigation":"1","isPublic":"0","driver":"Pg","state":"ENABLED"},"links":{"ldm_thumbnail":"/gdc/projects/ym2upgwl0r0dwd5f04097tyuy3hrs2y7/ldm?thumbnail=1","self":"/gdc/projects/ym2upgwl0r0dwd5f04097tyuy3hrs2y7","clearCaches":"/gdc/projects/ym2upgwl0r0dwd5f04097tyuy3hrs2y7/clearCaches","invitations":"/gdc/projects/ym2upgwl0r0dwd5f04097tyuy3hrs2y7/invitations","users":"/gdc/projects/ym2upgwl0r0dwd5f04097tyuy3hrs2y7/users?link=1&offset=0&limit=100","uploads":"/gdc/projects/ym2upgwl0r0dwd5f04097tyuy3hrs2y7/uploads/","ldm":"/gdc/projects/ym2upgwl0r0dwd5f04097tyuy3hrs2y7/ldm","metadata":"/gdc/md/ym2upgwl0r0dwd5f04097tyuy3hrs2y7","publicartifacts":"/gdc/projects/ym2upgwl0r0dwd5f04097tyuy3hrs2y7/publicartifacts","roles":"/gdc/projects/ym2upgwl0r0dwd5f04097tyuy3hrs2y7/roles","userRoles":"/gdc/projects/ym2upgwl0r0dwd5f04097tyuy3hrs2y7/users/5ad80b895edcc438e5a4418e222733fa/roles","userPermissions":"/gdc/projects/ym2upgwl0r0dwd5f04097tyuy3hrs2y7/users/5ad80b895edcc438e5a4418e222733fa/permissions","dataload":"/gdc/projects/ym2upgwl0r0dwd5f04097tyuy3hrs2y7/dataload","connectors":"/gdc/projects/ym2upgwl0r0dwd5f04097tyuy3hrs2y7/connectors","execute":"/gdc/projects/ym2upgwl0r0dwd5f04097tyuy3hrs2y7/execute","config":"/gdc/projects/ym2upgwl0r0dwd5f04097tyuy3hrs2y7/config","projectFeatureFlags":"/gdc/projects/ym2upgwl0r0dwd5f04097tyuy3hrs2y7/projectFeatureFlags","schedules":"/gdc/projects/ym2upgwl0r0dwd5f04097tyuy3hrs2y7/schedules","templates":"/gdc/md/ym2upgwl0r0dwd5f04097tyuy3hrs2y7/templates"},"meta":{"created":"2018-10-05
        16:00:10","summary":"No summary","updated":"2018-10-05 16:00:11","author":"/gdc/account/profile/5ad80b895edcc438e5a4418e222733fa","title":"My
        new clone project","contributor":"/gdc/account/profile/5ad80b895edcc438e5a4418e222733fa"}}}'
    http_version: 
  recorded_at: Fri, 05 Oct 2018 14:00:14 GMT
- request:
    method: post
    uri: https://staging2-lcm-prod.intgdc.com/gdc/md/hws7s5o3eu325ftrdppl1i4138ckzoah/maintenance/export
    body:
      encoding: UTF-8
      string: '{"exportProject":{"exportUsers":0,"exportData":0}}'
    headers:
      Accept:
      - application/json, application/zip
      Accept-Encoding:
      - gzip, deflate
      User-Agent:
      - gooddata-gem/1.3.1/x86_64-darwin16/2.3.3
      Content-Type:
      - application/json
      X-Gdc-Authtt:
      - "<X_GDC_AUTHTT>"
      X-Gdc-Request:
      - 4UNvJMuSxNk9iAyK97sHpw:ZgV6KcIL243Oji29sddG1g
      Content-Length:
      - '50'
      Host:
      - staging2-lcm-prod.intgdc.com
  response:
    status:
      code: 200
      message: OK
    headers:
      Date:
      - Fri, 05 Oct 2018 14:00:18 GMT
      Server:
      - GoodData WebApp
      Keep-Alive:
      - timeout=5, max=100
      X-Gdc-Log-Header:
      - ''
      Cache-Control:
      - no-cache, no-store, must-revalidate
      Content-Type:
      - application/json;charset=UTF-8
      X-Gdc-Request:
      - 4UNvJMuSxNk9iAyK97sHpw:ZgV6KcIL243Oji29sddG1g:VM1RxuOMukCSr3wS
      Vary:
      - origin
      X-Gdc-Request-Time:
      - '127'
      Transfer-Encoding:
      - chunked
      Strict-Transport-Security:
      - max-age=10886400; includeSubDomains; preload;
    body:
      encoding: ASCII-8BIT
      string: '{"exportArtifact":{"status":{"uri":"/gdc/md/hws7s5o3eu325ftrdppl1i4138ckzoah/etltask/f006117953f369391836eb70d3ce354c00000032"},"token":"<TOKEN>"}}'
    http_version: 
  recorded_at: Fri, 05 Oct 2018 14:00:18 GMT
- request:
    method: get
    uri: https://staging2-lcm-prod.intgdc.com/gdc/md/hws7s5o3eu325ftrdppl1i4138ckzoah/etltask/f006117953f369391836eb70d3ce354c00000032
    body:
      encoding: US-ASCII
      string: ''
    headers:
      Accept:
      - application/json, application/zip
      Accept-Encoding:
      - gzip, deflate
      User-Agent:
      - gooddata-gem/1.3.1/x86_64-darwin16/2.3.3
      Content-Type:
      - application/json
      X-Gdc-Authtt:
      - "<X_GDC_AUTHTT>"
      X-Gdc-Request:
      - 4UNvJMuSxNk9iAyK97sHpw:uATeTejuip0S0A9F5DQYPw
      Process:
      - 'true'
      Host:
      - staging2-lcm-prod.intgdc.com
  response:
    status:
      code: 200
      message: OK
    headers:
      Date:
      - Fri, 05 Oct 2018 14:00:18 GMT
      Server:
      - GoodData WebApp
      Keep-Alive:
      - timeout=5, max=100
      X-Gdc-Log-Header:
      - ''
      Cache-Control:
      - no-cache, no-store, must-revalidate
      Content-Type:
      - application/json;charset=UTF-8
      X-Gdc-Request:
      - 4UNvJMuSxNk9iAyK97sHpw:uATeTejuip0S0A9F5DQYPw:DYhfwtjux60vOvxR
      Vary:
      - origin
      X-Gdc-Request-Time:
      - '85'
      Transfer-Encoding:
      - chunked
      Strict-Transport-Security:
      - max-age=10886400; includeSubDomains; preload;
    body:
      encoding: ASCII-8BIT
      string: '{"taskState":{"msg":"","status":"RUNNING"}}'
    http_version: 
  recorded_at: Fri, 05 Oct 2018 14:00:18 GMT
- request:
    method: get
    uri: https://staging2-lcm-prod.intgdc.com/gdc/md/hws7s5o3eu325ftrdppl1i4138ckzoah/etltask/f006117953f369391836eb70d3ce354c00000032
    body:
      encoding: US-ASCII
      string: ''
    headers:
      Accept:
      - application/json, application/zip
      Accept-Encoding:
      - gzip, deflate
      User-Agent:
      - gooddata-gem/1.3.1/x86_64-darwin16/2.3.3
      Content-Type:
      - application/json
      X-Gdc-Authtt:
      - "<X_GDC_AUTHTT>"
      X-Gdc-Request:
      - 4UNvJMuSxNk9iAyK97sHpw:08VWQUm1HCo4A9oMLvL2ZA
      Process:
      - 'true'
      Host:
      - staging2-lcm-prod.intgdc.com
  response:
    status:
      code: 200
      message: OK
    headers:
      Date:
      - Fri, 05 Oct 2018 14:00:20 GMT
      Server:
      - GoodData WebApp
      Keep-Alive:
      - timeout=5, max=100
      X-Gdc-Log-Header:
      - ''
      Cache-Control:
      - no-cache, no-store, must-revalidate
      Content-Type:
      - application/json;charset=UTF-8
      X-Gdc-Request:
      - 4UNvJMuSxNk9iAyK97sHpw:08VWQUm1HCo4A9oMLvL2ZA:9OyF4xjKvWxLkncf
      Vary:
      - origin
      X-Gdc-Request-Time:
      - '84'
      Transfer-Encoding:
      - chunked
      Strict-Transport-Security:
      - max-age=10886400; includeSubDomains; preload;
    body:
      encoding: ASCII-8BIT
      string: '{"taskState":{"msg":"","status":"RUNNING"}}'
    http_version: 
  recorded_at: Fri, 05 Oct 2018 14:00:20 GMT
- request:
    method: get
    uri: https://staging2-lcm-prod.intgdc.com/gdc/md/hws7s5o3eu325ftrdppl1i4138ckzoah/etltask/f006117953f369391836eb70d3ce354c00000032
    body:
      encoding: US-ASCII
      string: ''
    headers:
      Accept:
      - application/json, application/zip
      Accept-Encoding:
      - gzip, deflate
      User-Agent:
      - gooddata-gem/1.3.1/x86_64-darwin16/2.3.3
      Content-Type:
      - application/json
      X-Gdc-Authtt:
      - "<X_GDC_AUTHTT>"
      X-Gdc-Request:
      - 4UNvJMuSxNk9iAyK97sHpw:zQpo-627AdWnsUK0xkWRzw
      Process:
      - 'true'
      Host:
      - staging2-lcm-prod.intgdc.com
  response:
    status:
      code: 200
      message: OK
    headers:
      Date:
      - Fri, 05 Oct 2018 14:00:22 GMT
      Server:
      - GoodData WebApp
      Keep-Alive:
      - timeout=5, max=100
      X-Gdc-Log-Header:
      - ''
      Cache-Control:
      - no-cache, no-store, must-revalidate
      Content-Type:
      - application/json;charset=UTF-8
      X-Gdc-Request:
      - 4UNvJMuSxNk9iAyK97sHpw:zQpo-627AdWnsUK0xkWRzw:fSq9YxF3yQm4VMVj
      Vary:
      - origin
      X-Gdc-Request-Time:
      - '86'
      Transfer-Encoding:
      - chunked
      Strict-Transport-Security:
      - max-age=10886400; includeSubDomains; preload;
    body:
      encoding: ASCII-8BIT
      string: '{"taskState":{"msg":"","status":"OK"}}'
    http_version: 
  recorded_at: Fri, 05 Oct 2018 14:00:22 GMT
- request:
    method: post
    uri: https://staging2-lcm-prod.intgdc.com/gdc/md/ym2upgwl0r0dwd5f04097tyuy3hrs2y7/maintenance/import
    body:
      encoding: UTF-8
      string: '{"importProject":{"token":"<TOKEN>"}}'
    headers:
      Accept:
      - application/json, application/zip
      Accept-Encoding:
      - gzip, deflate
      User-Agent:
      - gooddata-gem/1.3.1/x86_64-darwin16/2.3.3
      Content-Type:
      - application/json
      X-Gdc-Authtt:
      - "<X_GDC_AUTHTT>"
      X-Gdc-Request:
      - 4UNvJMuSxNk9iAyK97sHpw:dUruyOEnz8HWR1v6HUvsmQ
      Content-Length:
      - '45'
      Host:
      - staging2-lcm-prod.intgdc.com
  response:
    status:
      code: 200
      message: OK
    headers:
      Date:
      - Fri, 05 Oct 2018 14:00:23 GMT
      Server:
      - GoodData WebApp
      Keep-Alive:
      - timeout=5, max=100
      X-Gdc-Log-Header:
      - ''
      Cache-Control:
      - no-cache, no-store, must-revalidate
      Content-Type:
      - application/json;charset=UTF-8
      X-Gdc-Request:
      - 4UNvJMuSxNk9iAyK97sHpw:dUruyOEnz8HWR1v6HUvsmQ:g78OxfmJR9ZFjlrp
      Vary:
      - origin
      X-Gdc-Request-Time:
      - '176'
      Transfer-Encoding:
      - chunked
      Strict-Transport-Security:
      - max-age=10886400; includeSubDomains; preload;
    body:
      encoding: ASCII-8BIT
      string: '{"uri":"/gdc/md/ym2upgwl0r0dwd5f04097tyuy3hrs2y7/etltask/81034604aa99e0634873d5648d9859bd00000032"}'
    http_version: 
  recorded_at: Fri, 05 Oct 2018 14:00:23 GMT
- request:
    method: get
    uri: https://staging2-lcm-prod.intgdc.com/gdc/md/ym2upgwl0r0dwd5f04097tyuy3hrs2y7/etltask/81034604aa99e0634873d5648d9859bd00000032
    body:
      encoding: US-ASCII
      string: ''
    headers:
      Accept:
      - application/json, application/zip
      Accept-Encoding:
      - gzip, deflate
      User-Agent:
      - gooddata-gem/1.3.1/x86_64-darwin16/2.3.3
      Content-Type:
      - application/json
      X-Gdc-Authtt:
      - "<X_GDC_AUTHTT>"
      X-Gdc-Request:
      - 4UNvJMuSxNk9iAyK97sHpw:qYm8dD8mUAM-VE6N4bRRbg
      Process:
      - 'true'
      Host:
      - staging2-lcm-prod.intgdc.com
  response:
    status:
      code: 200
      message: OK
    headers:
      Date:
      - Fri, 05 Oct 2018 14:00:24 GMT
      Server:
      - GoodData WebApp
      Keep-Alive:
      - timeout=5, max=100
      X-Gdc-Log-Header:
      - ''
      Cache-Control:
      - no-cache, no-store, must-revalidate
      Content-Type:
      - application/json;charset=UTF-8
      X-Gdc-Request:
      - 4UNvJMuSxNk9iAyK97sHpw:qYm8dD8mUAM-VE6N4bRRbg:wEI21JuDAvKIULnU
      Vary:
      - origin
      X-Gdc-Request-Time:
      - '356'
      Transfer-Encoding:
      - chunked
      Strict-Transport-Security:
      - max-age=10886400; includeSubDomains; preload;
    body:
      encoding: ASCII-8BIT
      string: '{"taskState":{"msg":"","status":"RUNNING"}}'
    http_version: 
  recorded_at: Fri, 05 Oct 2018 14:00:24 GMT
- request:
    method: get
    uri: https://staging2-lcm-prod.intgdc.com/gdc/md/ym2upgwl0r0dwd5f04097tyuy3hrs2y7/etltask/81034604aa99e0634873d5648d9859bd00000032
    body:
      encoding: US-ASCII
      string: ''
    headers:
      Accept:
      - application/json, application/zip
      Accept-Encoding:
      - gzip, deflate
      User-Agent:
      - gooddata-gem/1.3.1/x86_64-darwin16/2.3.3
      Content-Type:
      - application/json
      X-Gdc-Authtt:
      - "<X_GDC_AUTHTT>"
      X-Gdc-Request:
      - 4UNvJMuSxNk9iAyK97sHpw:kg9KnNPqiEpBJssTlhvI7Q
      Process:
      - 'true'
      Host:
      - staging2-lcm-prod.intgdc.com
  response:
    status:
      code: 200
      message: OK
    headers:
      Date:
      - Fri, 05 Oct 2018 14:00:25 GMT
      Server:
      - GoodData WebApp
      Keep-Alive:
      - timeout=5, max=100
      X-Gdc-Log-Header:
      - ''
      Cache-Control:
      - no-cache, no-store, must-revalidate
      Content-Type:
      - application/json;charset=UTF-8
      X-Gdc-Request:
      - 4UNvJMuSxNk9iAyK97sHpw:kg9KnNPqiEpBJssTlhvI7Q:JetfioQeCLKpNp2F
      Vary:
      - origin
      X-Gdc-Request-Time:
      - '92'
      Transfer-Encoding:
      - chunked
      Strict-Transport-Security:
      - max-age=10886400; includeSubDomains; preload;
    body:
      encoding: ASCII-8BIT
      string: '{"taskState":{"msg":"","status":"RUNNING"}}'
    http_version: 
  recorded_at: Fri, 05 Oct 2018 14:00:25 GMT
- request:
    method: get
    uri: https://staging2-lcm-prod.intgdc.com/gdc/md/ym2upgwl0r0dwd5f04097tyuy3hrs2y7/etltask/81034604aa99e0634873d5648d9859bd00000032
    body:
      encoding: US-ASCII
      string: ''
    headers:
      Accept:
      - application/json, application/zip
      Accept-Encoding:
      - gzip, deflate
      User-Agent:
      - gooddata-gem/1.3.1/x86_64-darwin16/2.3.3
      Content-Type:
      - application/json
      X-Gdc-Authtt:
      - "<X_GDC_AUTHTT>"
      X-Gdc-Request:
      - 4UNvJMuSxNk9iAyK97sHpw:CM9i36x_yQqa5OAwmOAsjQ
      Process:
      - 'true'
      Host:
      - staging2-lcm-prod.intgdc.com
  response:
    status:
      code: 200
      message: OK
    headers:
      Date:
      - Fri, 05 Oct 2018 14:00:27 GMT
      Server:
      - GoodData WebApp
      Keep-Alive:
      - timeout=5, max=100
      X-Gdc-Log-Header:
      - ''
      Cache-Control:
      - no-cache, no-store, must-revalidate
      Content-Type:
      - application/json;charset=UTF-8
      X-Gdc-Request:
      - 4UNvJMuSxNk9iAyK97sHpw:CM9i36x_yQqa5OAwmOAsjQ:xz8AVqWJAa8FdiCS
      Vary:
      - origin
      X-Gdc-Request-Time:
      - '85'
      Transfer-Encoding:
      - chunked
      Strict-Transport-Security:
      - max-age=10886400; includeSubDomains; preload;
    body:
      encoding: ASCII-8BIT
      string: '{"taskState":{"msg":"","status":"RUNNING"}}'
    http_version: 
  recorded_at: Fri, 05 Oct 2018 14:00:27 GMT
- request:
    method: get
    uri: https://staging2-lcm-prod.intgdc.com/gdc/md/ym2upgwl0r0dwd5f04097tyuy3hrs2y7/etltask/81034604aa99e0634873d5648d9859bd00000032
    body:
      encoding: US-ASCII
      string: ''
    headers:
      Accept:
      - application/json, application/zip
      Accept-Encoding:
      - gzip, deflate
      User-Agent:
      - gooddata-gem/1.3.1/x86_64-darwin16/2.3.3
      Content-Type:
      - application/json
      X-Gdc-Authtt:
      - "<X_GDC_AUTHTT>"
      X-Gdc-Request:
      - 4UNvJMuSxNk9iAyK97sHpw:ub9iBD19XVljL4wQ8BX2fg
      Process:
      - 'true'
      Host:
      - staging2-lcm-prod.intgdc.com
  response:
    status:
      code: 200
      message: OK
    headers:
      Date:
      - Fri, 05 Oct 2018 14:00:30 GMT
      Server:
      - GoodData WebApp
      Keep-Alive:
      - timeout=5, max=100
      X-Gdc-Log-Header:
      - ''
      Cache-Control:
      - no-cache, no-store, must-revalidate
      Content-Type:
      - application/json;charset=UTF-8
      X-Gdc-Request:
      - 4UNvJMuSxNk9iAyK97sHpw:ub9iBD19XVljL4wQ8BX2fg:fS69ubY43UhmRNRF
      Vary:
      - origin
      X-Gdc-Request-Time:
      - '92'
      Transfer-Encoding:
      - chunked
      Strict-Transport-Security:
      - max-age=10886400; includeSubDomains; preload;
    body:
      encoding: ASCII-8BIT
      string: '{"taskState":{"msg":"","status":"RUNNING"}}'
    http_version: 
  recorded_at: Fri, 05 Oct 2018 14:00:30 GMT
- request:
    method: get
    uri: https://staging2-lcm-prod.intgdc.com/gdc/md/ym2upgwl0r0dwd5f04097tyuy3hrs2y7/etltask/81034604aa99e0634873d5648d9859bd00000032
    body:
      encoding: US-ASCII
      string: ''
    headers:
      Accept:
      - application/json, application/zip
      Accept-Encoding:
      - gzip, deflate
      User-Agent:
      - gooddata-gem/1.3.1/x86_64-darwin16/2.3.3
      Content-Type:
      - application/json
      X-Gdc-Authtt:
      - "<X_GDC_AUTHTT>"
      X-Gdc-Request:
      - 4UNvJMuSxNk9iAyK97sHpw:V37-33G-asCKnpfDEp-b3A
      Process:
      - 'true'
      Host:
      - staging2-lcm-prod.intgdc.com
  response:
    status:
      code: 200
      message: OK
    headers:
      Date:
      - Fri, 05 Oct 2018 14:00:35 GMT
      Server:
      - GoodData WebApp
      Keep-Alive:
      - timeout=5, max=100
      X-Gdc-Log-Header:
      - ''
      Cache-Control:
      - no-cache, no-store, must-revalidate
      Content-Type:
      - application/json;charset=UTF-8
      X-Gdc-Request:
      - 4UNvJMuSxNk9iAyK97sHpw:V37-33G-asCKnpfDEp-b3A:gVfG8HZNhShpK5bP
      Vary:
      - origin
      X-Gdc-Request-Time:
      - '87'
      Transfer-Encoding:
      - chunked
      Strict-Transport-Security:
      - max-age=10886400; includeSubDomains; preload;
    body:
      encoding: ASCII-8BIT
      string: '{"taskState":{"msg":"","status":"OK"}}'
    http_version: 
  recorded_at: Fri, 05 Oct 2018 14:00:35 GMT
- request:
    method: get
    uri: https://staging2-lcm-prod.intgdc.com/gdc/md/ym2upgwl0r0dwd5f04097tyuy3hrs2y7
    body:
      encoding: US-ASCII
      string: ''
    headers:
      Accept:
      - application/json, application/zip
      Accept-Encoding:
      - gzip, deflate
      User-Agent:
      - gooddata-gem/1.3.1/x86_64-darwin16/2.3.3
      Content-Type:
      - application/json
      X-Gdc-Authtt:
      - "<X_GDC_AUTHTT>"
      X-Gdc-Request:
      - 4UNvJMuSxNk9iAyK97sHpw:P5nzJXRN6G5ITW6JGXOtzg
      Host:
      - staging2-lcm-prod.intgdc.com
  response:
    status:
      code: 200
      message: OK
    headers:
      Date:
      - Fri, 05 Oct 2018 14:00:35 GMT
      Server:
      - GoodData WebApp
      Keep-Alive:
      - timeout=5, max=100
      X-Gdc-Log-Header:
      - ''
      Cache-Control:
      - no-cache, no-store, must-revalidate
      Content-Type:
      - application/json;charset=UTF-8
      Transfer-Encoding:
      - chunked
      Vary:
      - Accept-Encoding
      - origin
      X-Gdc-Request:
      - 4UNvJMuSxNk9iAyK97sHpw:P5nzJXRN6G5ITW6JGXOtzg:4RGS4NWUrJlnmOtK
      X-Gdc-Request-Time:
      - '82'
      Strict-Transport-Security:
      - max-age=10886400; includeSubDomains; preload;
    body:
      encoding: ASCII-8BIT
      string: '{"about":{"summary":"Metadata service for project ''ym2upgwl0r0dwd5f04097tyuy3hrs2y7''","category":"project","instance":"ym2upgwl0r0dwd5f04097tyuy3hrs2y7","links":[{"link":"/gdc/md/ym2upgwl0r0dwd5f04097tyuy3hrs2y7/data","summary":"Resources
        for data set manipulation.","category":"data","title":"data"},{"link":"/gdc/md/ym2upgwl0r0dwd5f04097tyuy3hrs2y7/dml","summary":"Navigation
        resource for physical data manipulation.","category":"dml","title":"dml"},{"link":"/gdc/md/ym2upgwl0r0dwd5f04097tyuy3hrs2y7/drillcrosspaths","summary":"Returns
        a list of attributes available for drilling across.","category":"drillcrosspaths","title":"drillcrosspaths"},{"link":"/gdc/md/ym2upgwl0r0dwd5f04097tyuy3hrs2y7/etl","summary":"Resources
        for data ETL.","category":"etl","title":"etl"},{"link":"/gdc/md/ym2upgwl0r0dwd5f04097tyuy3hrs2y7/datedimension","summary":"Resources
        for Date Dimension manipulation","category":"datedimension","title":"datedimension"},{"link":"/gdc/md/ym2upgwl0r0dwd5f04097tyuy3hrs2y7/favorites","summary":"Returns
        list of objects marked as favorites by the user.","category":"favorites","title":"favorites"},{"link":"/gdc/md/ym2upgwl0r0dwd5f04097tyuy3hrs2y7/favorite","summary":"Resource
        for determining if an object is in a user''s favorites.","category":"favorite","title":"favorite"},{"link":"/gdc/md/ym2upgwl0r0dwd5f04097tyuy3hrs2y7/identifiers","summary":"Resource
        for retrieving metadata object identifiers.","category":"instance-identifiers","title":"identifiers"},{"link":"/gdc/md/ym2upgwl0r0dwd5f04097tyuy3hrs2y7/labels","summary":"Resource
        for retrieving uris for element labels.","category":"labels","title":"labels"},{"link":"/gdc/md/ym2upgwl0r0dwd5f04097tyuy3hrs2y7/ldm","summary":"Resources
        for logical data model (LDM) manipulation.","category":"ldm","title":"ldm"},{"link":"/gdc/md/ym2upgwl0r0dwd5f04097tyuy3hrs2y7/log","summary":"Returns
        a list of metadata events.","category":"logs","title":"logs"},{"link":"/gdc/md/ym2upgwl0r0dwd5f04097tyuy3hrs2y7/maintenance","summary":"Resource
        for project maintenace.","category":"maintenance","title":"maintenance"},{"link":"/gdc/md/ym2upgwl0r0dwd5f04097tyuy3hrs2y7/maqlvalidator","summary":"Resource
        for MAQL construct validation and tree representation.","category":"maqlvalidator","title":"MaqlValidator"},{"link":"/gdc/md/ym2upgwl0r0dwd5f04097tyuy3hrs2y7/obj","summary":"Resource
        for creating new metadata objects.","category":"obj","title":"obj"},{"link":"/gdc/md/ym2upgwl0r0dwd5f04097tyuy3hrs2y7/objects","summary":"Resource
        for batch operations MD objects.","category":"objects","title":"objects"},{"link":"/gdc/md/ym2upgwl0r0dwd5f04097tyuy3hrs2y7/query","summary":"Resources
        for querying collections of metadata objects.","category":"query","title":"query"},{"link":"/gdc/md/ym2upgwl0r0dwd5f04097tyuy3hrs2y7/reportstatistics","summary":"Returns
        report statistics for a specified report.","category":"report-statistic","title":"report
        statistics"},{"link":"/gdc/md/ym2upgwl0r0dwd5f04097tyuy3hrs2y7/search","summary":"Resource
        for full text search.","category":"search","title":"search"},{"link":"/gdc/md/ym2upgwl0r0dwd5f04097tyuy3hrs2y7/service","summary":"Services
        for metadata configuration.","category":"service","title":"service"},{"link":"/gdc/md/ym2upgwl0r0dwd5f04097tyuy3hrs2y7/tags","summary":"Returns
        a list of tags.","category":"tags","title":"tags"},{"link":"/gdc/md/ym2upgwl0r0dwd5f04097tyuy3hrs2y7/tasks","summary":"Task
        resource.","category":"tasks","title":"tasks"},{"link":"/gdc/md/ym2upgwl0r0dwd5f04097tyuy3hrs2y7/templates","summary":"Returns
        list of uris of templates from which the project was created.","category":"templates","title":"templates"},{"link":"/gdc/md/ym2upgwl0r0dwd5f04097tyuy3hrs2y7/translations","summary":"Resource
        for project localization.","category":"translations","title":"translations"},{"link":"/gdc/md/ym2upgwl0r0dwd5f04097tyuy3hrs2y7/usedby2","summary":"Returns
        list of objects connected to a certain object via a ''used'' edge.","category":"usedby2","title":"usedby"},{"link":"/gdc/md/ym2upgwl0r0dwd5f04097tyuy3hrs2y7/using2","summary":"Returns
        list of objects connected to a certain object via a ''using'' edge.","category":"using2","title":"using"},{"link":"/gdc/md/ym2upgwl0r0dwd5f04097tyuy3hrs2y7/userfilters","summary":"Relation
        userFilter - user management.","category":"userfilters","title":"userfilters"},{"link":"/gdc/md/ym2upgwl0r0dwd5f04097tyuy3hrs2y7/validate","summary":"Resources
        for LDM, PDM, IO validation.","category":"validate-project","title":"validateproject"},{"link":"/gdc/md/ym2upgwl0r0dwd5f04097tyuy3hrs2y7/variables","summary":"Resources
        for variable manipulation.","category":"vars","title":"variables"}]}}'
    http_version: 
  recorded_at: Fri, 05 Oct 2018 14:00:35 GMT
- request:
    method: get
    uri: https://staging2-lcm-prod.intgdc.com/gdc/md/ym2upgwl0r0dwd5f04097tyuy3hrs2y7/objects/query?category=fact&limit=50&offset=0
    body:
      encoding: US-ASCII
      string: ''
    headers:
      Accept:
      - application/json, application/zip
      Accept-Encoding:
      - gzip, deflate
      User-Agent:
      - gooddata-gem/1.3.1/x86_64-darwin16/2.3.3
      Content-Type:
      - application/json
      X-Gdc-Authtt:
      - "<X_GDC_AUTHTT>"
      X-Gdc-Request:
      - 4UNvJMuSxNk9iAyK97sHpw:yThO_QbksIMsC5949BfeYA
      Host:
      - staging2-lcm-prod.intgdc.com
  response:
    status:
      code: 200
      message: OK
    headers:
      Date:
      - Fri, 05 Oct 2018 14:00:36 GMT
      Server:
      - GoodData WebApp
      Keep-Alive:
      - timeout=5, max=100
      X-Gdc-Log-Header:
      - ''
      Cache-Control:
      - no-cache, no-store, must-revalidate
      Content-Type:
      - application/json;charset=UTF-8
      X-Gdc-Request:
      - 4UNvJMuSxNk9iAyK97sHpw:yThO_QbksIMsC5949BfeYA:8dWvgUDj6DYtR2Fv
      Vary:
      - origin
      X-Gdc-Request-Time:
      - '171'
      Transfer-Encoding:
      - chunked
      Strict-Transport-Security:
      - max-age=10886400; includeSubDomains; preload;
    body:
      encoding: ASCII-8BIT
      string: '{"objects":{"paging":{"count":1,"offset":0},"items":[{"fact":{"content":{"folders":["/gdc/md/ym2upgwl0r0dwd5f04097tyuy3hrs2y7/obj/222"],"expr":[{"type":"col","data":"/gdc/md/ym2upgwl0r0dwd5f04097tyuy3hrs2y7/obj/32"}]},"meta":{"author":"/gdc/account/profile/5ad80b895edcc438e5a4418e222733fa","uri":"/gdc/md/ym2upgwl0r0dwd5f04097tyuy3hrs2y7/obj/223","tags":"tag1
        tag2 tag3","created":"2018-10-05 15:54:48","identifier":"fact.commits.lines_changed","deprecated":"0","summary":"Fact
        description","isProduction":1,"title":"Lines Changed","category":"fact","updated":"2018-10-05
        15:57:29","contributor":"/gdc/account/profile/5ad80b895edcc438e5a4418e222733fa"}}}]}}'
    http_version: 
  recorded_at: Fri, 05 Oct 2018 14:00:36 GMT
- request:
    method: post
    uri: https://staging2-lcm-prod.intgdc.com/gdc/md/ym2upgwl0r0dwd5f04097tyuy3hrs2y7/obj
    body:
      encoding: UTF-8
      string: '{"metric":{"content":{"format":"#,##0","expression":"SELECT SUM([/gdc/md/ym2upgwl0r0dwd5f04097tyuy3hrs2y7/obj/223])"},"meta":{"tags":"","summary":null,"title":"sum
        of Lines Changed"}}}'
    headers:
      Accept:
      - application/json, application/zip
      Accept-Encoding:
      - gzip, deflate
      User-Agent:
      - gooddata-gem/1.3.1/x86_64-darwin16/2.3.3
      Content-Type:
      - application/json
      X-Gdc-Authtt:
      - "<X_GDC_AUTHTT>"
      X-Gdc-Request:
      - 4UNvJMuSxNk9iAyK97sHpw:haYhArXd2fmWWesm1zceTg
      Content-Length:
      - '184'
      Host:
      - staging2-lcm-prod.intgdc.com
  response:
    status:
      code: 200
      message: OK
    headers:
      Date:
      - Fri, 05 Oct 2018 14:00:36 GMT
      Server:
      - GoodData WebApp
      Keep-Alive:
      - timeout=5, max=100
      X-Gdc-Log-Header:
      - ''
      Cache-Control:
      - no-cache, no-store, must-revalidate
      Content-Type:
      - application/json;charset=UTF-8
      X-Gdc-Request:
      - 4UNvJMuSxNk9iAyK97sHpw:haYhArXd2fmWWesm1zceTg:E1Y4KiVpDCFmQkGF
      Vary:
      - origin
      X-Gdc-Request-Time:
      - '148'
      Transfer-Encoding:
      - chunked
      Strict-Transport-Security:
      - max-age=10886400; includeSubDomains; preload;
    body:
      encoding: ASCII-8BIT
      string: '{"uri":"/gdc/md/ym2upgwl0r0dwd5f04097tyuy3hrs2y7/obj/295"}'
    http_version: 
  recorded_at: Fri, 05 Oct 2018 14:00:37 GMT
- request:
    method: get
    uri: https://staging2-lcm-prod.intgdc.com/gdc/md/ym2upgwl0r0dwd5f04097tyuy3hrs2y7/obj/295
    body:
      encoding: US-ASCII
      string: ''
    headers:
      Accept:
      - application/json, application/zip
      Accept-Encoding:
      - gzip, deflate
      User-Agent:
      - gooddata-gem/1.3.1/x86_64-darwin16/2.3.3
      Content-Type:
      - application/json
      X-Gdc-Authtt:
      - "<X_GDC_AUTHTT>"
      X-Gdc-Request:
      - 4UNvJMuSxNk9iAyK97sHpw:12cFU7uZZpFsICkkydnbHQ
      Host:
      - staging2-lcm-prod.intgdc.com
  response:
    status:
      code: 200
      message: OK
    headers:
      Date:
      - Fri, 05 Oct 2018 14:00:37 GMT
      Server:
      - GoodData WebApp
      Keep-Alive:
      - timeout=5, max=100
      X-Gdc-Log-Header:
      - ''
      Cache-Control:
      - no-cache, no-store, must-revalidate
      Content-Type:
      - application/json;charset=UTF-8
      X-Gdc-Request:
      - 4UNvJMuSxNk9iAyK97sHpw:12cFU7uZZpFsICkkydnbHQ:Fsb6ELm0GI6qtS2i
      Vary:
      - origin
      X-Gdc-Request-Time:
      - '132'
      Transfer-Encoding:
      - chunked
      Strict-Transport-Security:
      - max-age=10886400; includeSubDomains; preload;
    body:
      encoding: ASCII-8BIT
      string: '{"metric":{"content":{"format":"#,##0","tree":{"content":[{"content":[{"value":"SUM","content":[{"value":"/gdc/md/ym2upgwl0r0dwd5f04097tyuy3hrs2y7/obj/223","position":{"column":25,"line":1},"type":"fact
        object"}],"position":{"column":21,"line":1},"type":"function"}],"position":{"column":21,"line":1},"type":"expression"}],"position":{"column":14,"line":1},"type":"metric"},"expression":"SELECT
        SUM([/gdc/md/ym2upgwl0r0dwd5f04097tyuy3hrs2y7/obj/223])"},"links":{"explain2":"/gdc/md/ym2upgwl0r0dwd5f04097tyuy3hrs2y7/obj/295/explain2"},"meta":{"author":"/gdc/account/profile/5ad80b895edcc438e5a4418e222733fa","uri":"/gdc/md/ym2upgwl0r0dwd5f04097tyuy3hrs2y7/obj/295","tags":"","created":"2018-10-05
        16:00:37","identifier":"aabL762Vh9Vr","deprecated":"0","summary":"","isProduction":1,"title":"sum
        of Lines Changed","category":"metric","updated":"2018-10-05 16:00:37","contributor":"/gdc/account/profile/5ad80b895edcc438e5a4418e222733fa"}}}'
    http_version: 
  recorded_at: Fri, 05 Oct 2018 14:00:37 GMT
- request:
    method: post
    uri: https://staging2-lcm-prod.intgdc.com/gdc/projects/ym2upgwl0r0dwd5f04097tyuy3hrs2y7/execute
    body:
      encoding: UTF-8
      string: '{"report_req":{"definitionContent":{"content":{"reportDefinition":{"content":{"grid":{"sort":{"columns":[],"rows":[]},"columnWidths":[],"columns":[],"metrics":[{"alias":"sum
        of Lines Changed","uri":"/gdc/md/ym2upgwl0r0dwd5f04097tyuy3hrs2y7/obj/295"}],"rows":["metricGroup"]},"format":"grid","filters":[]},"meta":{"tags":"","summary":"","title":"Untitled
        report definition"}}},"projectMetadata":"/gdc/md/ym2upgwl0r0dwd5f04097tyuy3hrs2y7"}}}'
    headers:
      Accept:
      - application/json, application/zip
      Accept-Encoding:
      - gzip, deflate
      User-Agent:
      - gooddata-gem/1.3.1/x86_64-darwin16/2.3.3
      Content-Type:
      - application/json
      X-Gdc-Authtt:
      - "<X_GDC_AUTHTT>"
      X-Gdc-Request:
      - 4UNvJMuSxNk9iAyK97sHpw:PNnLffWjrWXkUem2s5DFTg
      Content-Length:
      - '439'
      Host:
      - staging2-lcm-prod.intgdc.com
  response:
    status:
      code: 201
      message: Created
    headers:
      Location:
      - "/gdc/md/ym2upgwl0r0dwd5f04097tyuy3hrs2y7/dataResult/8868104356483562496"
      X-Gdc-Log-Header:
      - ''
      Cache-Control:
      - no-cache, no-store, must-revalidate
      Content-Type:
      - application/json;charset=UTF-8
      Date:
      - Fri, 05 Oct 2018 14:00:38 GMT
      Server:
      - GoodData WebApp
      X-Gdc-Request:
      - 4UNvJMuSxNk9iAyK97sHpw:PNnLffWjrWXkUem2s5DFTg:jakGOJ4ZqMNyChhZ
      Vary:
      - origin
      X-Gdc-Request-Time:
      - '211'
      Transfer-Encoding:
      - chunked
      Strict-Transport-Security:
      - max-age=10886400; includeSubDomains; preload;
    body:
      encoding: ASCII-8BIT
      string: '{"execResult":{"reportView":{"reportName":"Untitled report definition","columnWidths":[],"filters":[],"rows":["metricGroup"],"sort":{"columns":[],"rows":[]},"format":"grid","columns":[],"metrics":[{"format":"#,##0","summary":"","title":"sum
        of Lines Changed","metricId":"/gdc/md/ym2upgwl0r0dwd5f04097tyuy3hrs2y7/obj/295"}]},"dataResult":"/gdc/md/ym2upgwl0r0dwd5f04097tyuy3hrs2y7/dataResult/8868104356483562496"}}'
    http_version: 
  recorded_at: Fri, 05 Oct 2018 14:00:38 GMT
- request:
    method: get
    uri: https://staging2-lcm-prod.intgdc.com/gdc/md/ym2upgwl0r0dwd5f04097tyuy3hrs2y7/dataResult/8868104356483562496
    body:
      encoding: US-ASCII
      string: ''
    headers:
      Accept:
      - application/json, application/zip
      Accept-Encoding:
      - gzip, deflate
      User-Agent:
      - gooddata-gem/1.3.1/x86_64-darwin16/2.3.3
      Content-Type:
      - application/json
      X-Gdc-Authtt:
      - "<X_GDC_AUTHTT>"
      X-Gdc-Request:
      - 4UNvJMuSxNk9iAyK97sHpw:ScfmGGc2k962zBL4RGWdVA
      Process:
      - 'true'
      Host:
      - staging2-lcm-prod.intgdc.com
  response:
    status:
      code: 204
      message: No Content
    headers:
      Date:
      - Fri, 05 Oct 2018 14:00:39 GMT
      Server:
      - GoodData WebApp
      X-Gdc-Execution-Time:
      - '132'
      X-Gdc-Log-Header:
      - ''
      Keep-Alive:
      - timeout=5, max=100
      Cache-Control:
      - no-cache, no-store, must-revalidate
      X-Gdc-Request-Time:
      - '107'
      X-Gdc-Request:
      - 4UNvJMuSxNk9iAyK97sHpw:ScfmGGc2k962zBL4RGWdVA:OmL4MGLP8NJuXu4f
      Vary:
      - origin
      Strict-Transport-Security:
      - max-age=10886400; includeSubDomains; preload;
    body:
      encoding: UTF-8
      string: ''
    http_version: 
  recorded_at: Fri, 05 Oct 2018 14:00:39 GMT
- request:
    method: delete
    uri: https://staging2-lcm-prod.intgdc.com/gdc/md/ym2upgwl0r0dwd5f04097tyuy3hrs2y7/obj/295
    body:
      encoding: US-ASCII
      string: ''
    headers:
      Accept:
      - application/json, application/zip
      Accept-Encoding:
      - gzip, deflate
      User-Agent:
      - gooddata-gem/1.3.1/x86_64-darwin16/2.3.3
      Content-Type:
      - application/json
      X-Gdc-Authtt:
      - "<X_GDC_AUTHTT>"
      X-Gdc-Request:
      - 4UNvJMuSxNk9iAyK97sHpw:5QANKVEONT7iYjZBADxJGQ
      Host:
      - staging2-lcm-prod.intgdc.com
  response:
    status:
      code: 204
      message: No Content
    headers:
      Date:
      - Fri, 05 Oct 2018 14:00:39 GMT
      Server:
      - GoodData WebApp
      Keep-Alive:
      - timeout=5, max=96
      X-Gdc-Log-Header:
      - ''
      Cache-Control:
      - no-cache, no-store, must-revalidate
      X-Gdc-Request-Time:
      - '136'
      X-Gdc-Request:
      - 4UNvJMuSxNk9iAyK97sHpw:5QANKVEONT7iYjZBADxJGQ:eeLz75MxOy1VD507
      Vary:
      - origin
      Strict-Transport-Security:
      - max-age=10886400; includeSubDomains; preload;
    body:
      encoding: UTF-8
      string: ''
    http_version: 
  recorded_at: Fri, 05 Oct 2018 14:00:39 GMT
- request:
    method: delete
    uri: https://staging2-lcm-prod.intgdc.com/gdc/projects/ym2upgwl0r0dwd5f04097tyuy3hrs2y7
    body:
      encoding: US-ASCII
      string: ''
    headers:
      Accept:
      - application/json, application/zip
      Accept-Encoding:
      - gzip, deflate
      User-Agent:
      - gooddata-gem/1.3.1/x86_64-darwin16/2.3.3
      Content-Type:
      - application/json
      X-Gdc-Authtt:
      - "<X_GDC_AUTHTT>"
      X-Gdc-Request:
      - 4UNvJMuSxNk9iAyK97sHpw:aCglVlduDy9uRYCSLRPBeA
      Host:
      - staging2-lcm-prod.intgdc.com
  response:
    status:
      code: 204
      message: No Content
    headers:
      Date:
      - Fri, 05 Oct 2018 14:00:40 GMT
      Server:
      - GoodData WebApp
      Keep-Alive:
      - timeout=5, max=93
      X-Gdc-Log-Header:
      - ''
      Cache-Control:
      - no-cache, no-store, must-revalidate
      X-Gdc-Request-Time:
      - '150'
      X-Gdc-Request:
      - 4UNvJMuSxNk9iAyK97sHpw:aCglVlduDy9uRYCSLRPBeA:awSZL1zywL4hRF23
      Vary:
      - origin
      Strict-Transport-Security:
      - max-age=10886400; includeSubDomains; preload;
    body:
      encoding: UTF-8
      string: ''
    http_version: 
  recorded_at: Fri, 05 Oct 2018 14:00:40 GMT
recorded_with: VCR 4.0.0
