---
http_interactions:
- request:
    method: get
    uri: https://staging2-lcm-prod.intgdc.com/gdc/projects/voyb6fcvdngwfyf722vn9cmbv7sq6mf6/users?limit=1000&offset=0
    body:
      encoding: US-ASCII
      string: ''
    headers:
      Accept:
      - application/json, application/zip
      Accept-Encoding:
      - gzip, deflate
      User-Agent:
      - gooddata-gem/1.3.0/java/2.4.1
      Content-Type:
      - application/json
      X-Gdc-Authtt:
      - "<X_GDC_AUTHTT>"
      X-Gdc-Request:
      - 4_nOXTbOQuIAKhXmc8B--g:lx0szsQN946SbsFtIeEoEw
      Host:
      - staging2-lcm-prod.intgdc.com
  response:
    status:
      code: 200
      message: OK
    headers:
      Date:
      - Fri, 07 Sep 2018 08:32:17 GMT
      Server:
      - GoodData WebApp
      Keep-Alive:
      - timeout=5, max=100
      X-Gdc-Log-Header:
      - ''
      Cache-Control:
      - no-cache, no-store, must-revalidate
      Content-Type:
      - application/json;charset=UTF-8
      X-Gdc-Request:
      - 4_nOXTbOQuIAKhXmc8B--g:lx0szsQN946SbsFtIeEoEw:1RmvItTtAblGX47r
      Vary:
      - origin
      X-Gdc-Request-Time:
      - '34'
      Transfer-Encoding:
      - chunked
      Strict-Transport-Security:
      - max-age=10886400; includeSubDomains; preload;
    body:
      encoding: ASCII-8BIT
      string: '{"users":[{"user":{"content":{"email":"rubydev+admin@gooddata.com","firstname":"the","userRoles":["/gdc/projects/voyb6fcvdngwfyf722vn9cmbv7sq6mf6/roles/2"],"phonenumber":"","status":"ENABLED","lastname":"1","login":"rubydev+admin@gooddata.com"},"links":{"roles":"/gdc/projects/voyb6fcvdngwfyf722vn9cmbv7sq6mf6/users/5ad80b895edcc438e5a4418e222733fa/roles","permissions":"/gdc/projects/voyb6fcvdngwfyf722vn9cmbv7sq6mf6/users/5ad80b895edcc438e5a4418e222733fa/permissions","self":"/gdc/account/profile/5ad80b895edcc438e5a4418e222733fa","projects":"/gdc/account/profile/5ad80b895edcc438e5a4418e222733fa/projects","projectRelUri":"/gdc/projects/voyb6fcvdngwfyf722vn9cmbv7sq6mf6/users/5ad80b895edcc438e5a4418e222733fa"},"meta":{"created":"2017-02-10
        12:18:01","updated":"2018-09-06 08:57:33","author":"/gdc/account/profile/5ad80b895edcc438e5a4418e222733fa","title":"the
        1","contributor":"/gdc/account/profile/5ad80b895edcc438e5a4418e222733fa"}}}]}'
    http_version: 
  recorded_at: Fri, 07 Sep 2018 08:32:18 GMT
- request:
    method: get
    uri: https://staging2-lcm-prod.intgdc.com/gdc/projects/zyoflmgyrszp8cjur3x271h18fgu8ikz/users?limit=1000&offset=0
    body:
      encoding: US-ASCII
      string: ''
    headers:
      Accept:
      - application/json, application/zip
      Accept-Encoding:
      - gzip, deflate
      User-Agent:
      - gooddata-gem/1.3.1/x86_64-darwin16/2.3.3
      Content-Type:
      - application/json
      X-Gdc-Authtt:
      - "<X_GDC_AUTHTT>"
      X-Gdc-Request:
      - RTtYVDo0e7zVQqjXh6rkLQ:X_zWIP5rxVp94gh1s6Uc1w
      Host:
      - staging2-lcm-prod.intgdc.com
  response:
    status:
      code: 200
      message: OK
    headers:
      Date:
      - Fri, 05 Oct 2018 12:59:08 GMT
      Server:
      - GoodData WebApp
      Keep-Alive:
      - timeout=5, max=83
      X-Gdc-Log-Header:
      - ''
      Cache-Control:
      - no-cache, no-store, must-revalidate
      Content-Type:
      - application/json;charset=UTF-8
      X-Gdc-Request:
      - RTtYVDo0e7zVQqjXh6rkLQ:X_zWIP5rxVp94gh1s6Uc1w:qt9woBqtLBg2wlCo
      Vary:
      - origin
      X-Gdc-Request-Time:
      - '36'
      Transfer-Encoding:
      - chunked
      Strict-Transport-Security:
      - max-age=10886400; includeSubDomains; preload;
    body:
      encoding: ASCII-8BIT
      string: '{"users":[{"user":{"content":{"email":"rubydev+admin@gooddata.com","firstname":"the","userRoles":["/gdc/projects/zyoflmgyrszp8cjur3x271h18fgu8ikz/roles/2"],"phonenumber":"","status":"ENABLED","lastname":"1","login":"rubydev+admin@gooddata.com"},"links":{"roles":"/gdc/projects/zyoflmgyrszp8cjur3x271h18fgu8ikz/users/5ad80b895edcc438e5a4418e222733fa/roles","permissions":"/gdc/projects/zyoflmgyrszp8cjur3x271h18fgu8ikz/users/5ad80b895edcc438e5a4418e222733fa/permissions","self":"/gdc/account/profile/5ad80b895edcc438e5a4418e222733fa","projects":"/gdc/account/profile/5ad80b895edcc438e5a4418e222733fa/projects","projectRelUri":"/gdc/projects/zyoflmgyrszp8cjur3x271h18fgu8ikz/users/5ad80b895edcc438e5a4418e222733fa"},"meta":{"created":"2017-02-10
        12:18:01","updated":"2018-10-05 14:45:23","author":"/gdc/account/profile/5ad80b895edcc438e5a4418e222733fa","title":"the
        1","contributor":"/gdc/account/profile/5ad80b895edcc438e5a4418e222733fa"}}}]}'
    http_version: 
  recorded_at: Fri, 05 Oct 2018 12:59:08 GMT
- request:
    method: get
    uri: https://staging2-lcm-prod.intgdc.com/gdc/projects/x61hr057hl6zofam5vsgltg92ozkbtyc/users?limit=1000&offset=0
    body:
      encoding: US-ASCII
      string: ''
    headers:
      Accept:
      - application/json, application/zip
      Accept-Encoding:
      - gzip, deflate
      User-Agent:
      - gooddata-gem/1.3.2/x86_64-darwin16/2.3.3
      Content-Type:
      - application/json
      X-Gdc-Authtt:
      - "<X_GDC_AUTHTT>"
      X-Gdc-Request:
      - GDNKUMmSE7CBKcSRg1IUdw:YUOImZkQteXQkhwbaFSuUg
      Host:
      - staging2-lcm-prod.intgdc.com
  response:
    status:
      code: 200
      message: OK
    headers:
      Date:
      - Wed, 10 Oct 2018 10:59:50 GMT
      Server:
      - GoodData WebApp
      Keep-Alive:
      - timeout=5, max=48
      X-Gdc-Log-Header:
      - ''
      Cache-Control:
      - no-cache, no-store, must-revalidate
      Content-Type:
      - application/json;charset=UTF-8
      X-Gdc-Request:
      - GDNKUMmSE7CBKcSRg1IUdw:YUOImZkQteXQkhwbaFSuUg:qay75iRfRTRjwHfJ
      Vary:
      - origin
      X-Gdc-Request-Time:
      - '37'
      Transfer-Encoding:
      - chunked
      Strict-Transport-Security:
      - max-age=10886400; includeSubDomains; preload;
    body:
      encoding: ASCII-8BIT
      string: '{"users":[{"user":{"content":{"email":"rubydev+admin@gooddata.com","firstname":"the","userRoles":["/gdc/projects/x61hr057hl6zofam5vsgltg92ozkbtyc/roles/2"],"phonenumber":"","status":"ENABLED","lastname":"1","login":"rubydev+admin@gooddata.com"},"links":{"roles":"/gdc/projects/x61hr057hl6zofam5vsgltg92ozkbtyc/users/5ad80b895edcc438e5a4418e222733fa/roles","permissions":"/gdc/projects/x61hr057hl6zofam5vsgltg92ozkbtyc/users/5ad80b895edcc438e5a4418e222733fa/permissions","self":"/gdc/account/profile/5ad80b895edcc438e5a4418e222733fa","projects":"/gdc/account/profile/5ad80b895edcc438e5a4418e222733fa/projects","projectRelUri":"/gdc/projects/x61hr057hl6zofam5vsgltg92ozkbtyc/users/5ad80b895edcc438e5a4418e222733fa"},"meta":{"created":"2017-02-10
        12:18:01","updated":"2018-10-10 10:25:03","author":"/gdc/account/profile/5ad80b895edcc438e5a4418e222733fa","title":"the
        1","contributor":"/gdc/account/profile/5ad80b895edcc438e5a4418e222733fa"}}}]}'
    http_version: 
  recorded_at: Wed, 10 Oct 2018 10:59:50 GMT
recorded_with: VCR 4.0.0
