---
http_interactions:
- request:
    method: put
    uri: https://staging2-lcm-prod.intgdc.com/gdc/userGroups/bLUrfsF7kWLeDzHZvQr3tCg
    body:
      encoding: UTF-8
      string: '{"userGroup":{"content":{"name":"This is new name","id":"bLUrfsF7kWLeDzHZvQr3tCg","description":"This
        is new description","domain":null,"project":"/gdc/projects/wui586yjfzy44eccxox9loj28xn8bsvx"}}}'
    headers:
      Accept:
      - application/json, application/zip
      Accept-Encoding:
      - gzip, deflate
      User-Agent:
      - gooddata-gem/1.1.0/x86_64-darwin16/2.3.4
      Content-Type:
      - application/json
      X-Gdc-Authtt:
      - "<X_GDC_AUTHTT>"
      X-Gdc-Request:
      - z6soLuZrsqfjtFgf9TqXKQ:Sq3F_aai7fmfi5ph9mD9jQ
      Content-Length:
      - '197'
      Host:
      - staging2-lcm-prod.intgdc.com
  response:
    status:
      code: 204
      message: No Content
    headers:
      X-Gdc-Log-Header:
      - ''
      Cache-Control:
      - no-cache, no-store, must-revalidate
      Date:
      - Thu, 31 May 2018 15:21:24 GMT
      Server:
      - GoodData WebApp
      X-Gdc-Request-Time:
      - '16'
      X-Gdc-Request:
      - z6soLuZrsqfjtFgf9TqXKQ:Sq3F_aai7fmfi5ph9mD9jQ:m0tLhPD78GopZmF3
      Vary:
      - origin
      Strict-Transport-Security:
      - max-age=10886400; includeSubDomains; preload;
    body:
      encoding: UTF-8
      string: ''
    http_version: 
  recorded_at: Thu, 31 May 2018 15:21:24 GMT
- request:
    method: get
    uri: https://staging2-lcm-prod.intgdc.com/gdc/userGroups/bLUrfsF7kWLeDzHZvQr3tCg
    body:
      encoding: US-ASCII
      string: ''
    headers:
      Accept:
      - application/json, application/zip
      Accept-Encoding:
      - gzip, deflate
      User-Agent:
      - gooddata-gem/1.1.0/x86_64-darwin16/2.3.4
      Content-Type:
      - application/json
      X-Gdc-Authtt:
      - "<X_GDC_AUTHTT>"
      X-Gdc-Request:
      - z6soLuZrsqfjtFgf9TqXKQ:CddJwQzm_oTFqrw3gn0L9w
      Host:
      - staging2-lcm-prod.intgdc.com
  response:
    status:
      code: 200
      message: OK
    headers:
      X-Gdc-Log-Header:
      - ''
      Cache-Control:
      - no-cache, no-store, must-revalidate
      Content-Type:
      - application/json;charset=UTF-8
      Date:
      - Thu, 31 May 2018 15:21:25 GMT
      Server:
      - GoodData WebApp
      X-Gdc-Request:
      - z6soLuZrsqfjtFgf9TqXKQ:CddJwQzm_oTFqrw3gn0L9w:0h4Gkouf0QUqLMhB
      Vary:
      - origin
      X-Gdc-Request-Time:
      - '8'
      Transfer-Encoding:
      - chunked
      Strict-Transport-Security:
      - max-age=10886400; includeSubDomains; preload;
    body:
      encoding: ASCII-8BIT
      string: '{"userGroup":{"content":{"name":"This is new name","id":"bLUrfsF7kWLeDzHZvQr3tCg","description":"This
        is new description","domain":null,"project":"/gdc/projects/wui586yjfzy44eccxox9loj28xn8bsvx"},"meta":{"created":"2018-05-31
        17:20:03","updated":"2018-05-31 17:21:24"},"links":{"self":"/gdc/userGroups/bLUrfsF7kWLeDzHZvQr3tCg","members":"/gdc/userGroups/bLUrfsF7kWLeDzHZvQr3tCg/members","modifyMembers":"/gdc/userGroups/bLUrfsF7kWLeDzHZvQr3tCg/modifyMembers"}}}'
    http_version: 
  recorded_at: Thu, 31 May 2018 15:21:25 GMT
- request:
    method: get
    uri: https://staging2-lcm-prod.intgdc.com/gdc/userGroups?project=wui586yjfzy44eccxox9loj28xn8bsvx
    body:
      encoding: US-ASCII
      string: ''
    headers:
      Accept:
      - application/json, application/zip
      Accept-Encoding:
      - gzip, deflate
      User-Agent:
      - gooddata-gem/1.1.0/x86_64-darwin16/2.3.4
      Content-Type:
      - application/json
      X-Gdc-Authtt:
      - "<X_GDC_AUTHTT>"
      X-Gdc-Request:
      - z6soLuZrsqfjtFgf9TqXKQ:7_5qTWKhq664WmXsLfXxHA
      Host:
      - staging2-lcm-prod.intgdc.com
  response:
    status:
      code: 200
      message: OK
    headers:
      X-Gdc-Log-Header:
      - ''
      Cache-Control:
      - no-cache, no-store, must-revalidate
      Content-Type:
      - application/json;charset=UTF-8
      Date:
      - Thu, 31 May 2018 15:21:25 GMT
      Server:
      - GoodData WebApp
      X-Gdc-Request:
      - z6soLuZrsqfjtFgf9TqXKQ:7_5qTWKhq664WmXsLfXxHA:9qfSGKo9p5iE6Jp1
      Vary:
      - origin
      X-Gdc-Request-Time:
      - '19'
      Transfer-Encoding:
      - chunked
      Strict-Transport-Security:
      - max-age=10886400; includeSubDomains; preload;
    body:
      encoding: ASCII-8BIT
      string: '{"userGroups":{"paging":{"offset":null,"limit":1000,"next":null},"items":[{"userGroup":{"content":{"name":"This
        is new name","id":"bLUrfsF7kWLeDzHZvQr3tCg","description":"This is new description","domain":null,"project":"/gdc/projects/wui586yjfzy44eccxox9loj28xn8bsvx"},"meta":{"created":"2018-05-31
        17:20:03","updated":"2018-05-31 17:21:24"},"links":{"self":"/gdc/userGroups/bLUrfsF7kWLeDzHZvQr3tCg","members":"/gdc/userGroups/bLUrfsF7kWLeDzHZvQr3tCg/members","modifyMembers":"/gdc/userGroups/bLUrfsF7kWLeDzHZvQr3tCg/modifyMembers"}}}]}}'
    http_version: 
  recorded_at: Thu, 31 May 2018 15:21:26 GMT
- request:
    method: put
    uri: https://staging2-lcm-prod.intgdc.com/gdc/userGroups/bYht_3jsC3p73mhemtw3L-Q
    body:
      encoding: UTF-8
      string: '{"userGroup":{"content":{"name":"This is new name","id":"bYht_3jsC3p73mhemtw3L-Q","description":"This
        is new description","domain":null,"project":"/gdc/projects/ap35zyp060umrcvx8ltwux0zrsk7raag"}}}'
    headers:
      Accept:
      - application/json, application/zip
      Accept-Encoding:
      - gzip, deflate
      User-Agent:
      - gooddata-gem/1.3.2/x86_64-darwin16/2.3.3
      Content-Type:
      - application/json
      X-Gdc-Authtt:
      - "<X_GDC_AUTHTT>"
      X-Gdc-Request:
      - Ti3R5nc8b1s2KH2uRjMqrA:5t3R5EfkUouLm1IRn8zOyg
      Content-Length:
      - '197'
      Host:
      - staging2-lcm-prod.intgdc.com
  response:
    status:
      code: 204
      message: No Content
    headers:
      X-Gdc-Log-Header:
      - ''
      Cache-Control:
      - no-cache, no-store, must-revalidate
      Date:
      - Wed, 10 Oct 2018 09:04:40 GMT
      Server:
      - GoodData WebApp
      X-Gdc-Request-Time:
      - '35'
      X-Gdc-Request:
      - Ti3R5nc8b1s2KH2uRjMqrA:5t3R5EfkUouLm1IRn8zOyg:6zcRoChAQOe24Aen
      Vary:
      - origin
      Strict-Transport-Security:
      - max-age=10886400; includeSubDomains; preload;
    body:
      encoding: UTF-8
      string: ''
    http_version: 
  recorded_at: Wed, 10 Oct 2018 09:04:41 GMT
- request:
    method: get
    uri: https://staging2-lcm-prod.intgdc.com/gdc/userGroups/bYht_3jsC3p73mhemtw3L-Q
    body:
      encoding: US-ASCII
      string: ''
    headers:
      Accept:
      - application/json, application/zip
      Accept-Encoding:
      - gzip, deflate
      User-Agent:
      - gooddata-gem/1.3.2/x86_64-darwin16/2.3.3
      Content-Type:
      - application/json
      X-Gdc-Authtt:
      - "<X_GDC_AUTHTT>"
      X-Gdc-Request:
      - Ti3R5nc8b1s2KH2uRjMqrA:6XO56usHskgsGmPWOKYxpA
      Host:
      - staging2-lcm-prod.intgdc.com
  response:
    status:
      code: 200
      message: OK
    headers:
      X-Gdc-Log-Header:
      - ''
      Cache-Control:
      - no-cache, no-store, must-revalidate
      Content-Type:
      - application/json;charset=UTF-8
      Date:
      - Wed, 10 Oct 2018 09:04:41 GMT
      Server:
      - GoodData WebApp
      X-Gdc-Request:
      - Ti3R5nc8b1s2KH2uRjMqrA:6XO56usHskgsGmPWOKYxpA:Mal2oqT511fSHEaD
      Vary:
      - origin
      X-Gdc-Request-Time:
      - '16'
      Transfer-Encoding:
      - chunked
      Strict-Transport-Security:
      - max-age=10886400; includeSubDomains; preload;
    body:
      encoding: ASCII-8BIT
      string: '{"userGroup":{"content":{"name":"This is new name","id":"bYht_3jsC3p73mhemtw3L-Q","description":"This
        is new description","domain":null,"project":"/gdc/projects/ap35zyp060umrcvx8ltwux0zrsk7raag"},"meta":{"created":"2018-10-10
        11:04:29","updated":"2018-10-10 11:04:41"},"links":{"self":"/gdc/userGroups/bYht_3jsC3p73mhemtw3L-Q","members":"/gdc/userGroups/bYht_3jsC3p73mhemtw3L-Q/members","modifyMembers":"/gdc/userGroups/bYht_3jsC3p73mhemtw3L-Q/modifyMembers"}}}'
    http_version: 
  recorded_at: Wed, 10 Oct 2018 09:04:41 GMT
- request:
    method: get
    uri: https://staging2-lcm-prod.intgdc.com/gdc/userGroups?project=ap35zyp060umrcvx8ltwux0zrsk7raag
    body:
      encoding: US-ASCII
      string: ''
    headers:
      Accept:
      - application/json, application/zip
      Accept-Encoding:
      - gzip, deflate
      User-Agent:
      - gooddata-gem/1.3.2/x86_64-darwin16/2.3.3
      Content-Type:
      - application/json
      X-Gdc-Authtt:
      - "<X_GDC_AUTHTT>"
      X-Gdc-Request:
      - Ti3R5nc8b1s2KH2uRjMqrA:Gp42aSUOAIrKsitY9uo_lw
      Host:
      - staging2-lcm-prod.intgdc.com
  response:
    status:
      code: 200
      message: OK
    headers:
      X-Gdc-Log-Header:
      - ''
      Cache-Control:
      - no-cache, no-store, must-revalidate
      Content-Type:
      - application/json;charset=UTF-8
      Date:
      - Wed, 10 Oct 2018 09:04:41 GMT
      Server:
      - GoodData WebApp
      X-Gdc-Request:
      - Ti3R5nc8b1s2KH2uRjMqrA:Gp42aSUOAIrKsitY9uo_lw:nngdxOCb2w2ghM80
      Vary:
      - origin
      X-Gdc-Request-Time:
      - '24'
      Transfer-Encoding:
      - chunked
      Strict-Transport-Security:
      - max-age=10886400; includeSubDomains; preload;
    body:
      encoding: ASCII-8BIT
      string: '{"userGroups":{"paging":{"offset":null,"limit":1000,"next":null},"items":[{"userGroup":{"content":{"name":"This
        is new name","id":"bYht_3jsC3p73mhemtw3L-Q","description":"This is new description","domain":null,"project":"/gdc/projects/ap35zyp060umrcvx8ltwux0zrsk7raag"},"meta":{"created":"2018-10-10
        11:04:29","updated":"2018-10-10 11:04:41"},"links":{"self":"/gdc/userGroups/bYht_3jsC3p73mhemtw3L-Q","members":"/gdc/userGroups/bYht_3jsC3p73mhemtw3L-Q/members","modifyMembers":"/gdc/userGroups/bYht_3jsC3p73mhemtw3L-Q/modifyMembers"}}}]}}'
    http_version: 
  recorded_at: Wed, 10 Oct 2018 09:04:42 GMT
- request:
    method: put
    uri: https://staging2-lcm-prod.intgdc.com/gdc/userGroups/bhxOVVNgzAPW9jUtv-eJmTA
    body:
      encoding: UTF-8
      string: '{"userGroup":{"content":{"name":"This is new name","id":"bhxOVVNgzAPW9jUtv-eJmTA","description":"This
        is new description","domain":null,"project":"/gdc/projects/zvejmh4faimgxnm545bbotrglh54tes0"}}}'
    headers:
      Accept:
      - application/json, application/zip
      Accept-Encoding:
      - gzip, deflate
      User-Agent:
      - gooddata-gem/1.3.2/x86_64-darwin16/2.3.3
      Content-Type:
      - application/json
      X-Gdc-Authtt:
      - "<X_GDC_AUTHTT>"
      X-Gdc-Request:
      - IVWNGeM56YxdR03xNdm9uQ:A4rtYNtLW2FnWzi53mgwAw
      Content-Length:
      - '197'
      Host:
      - staging2-lcm-prod.intgdc.com
  response:
    status:
      code: 204
      message: No Content
    headers:
      X-Gdc-Log-Header:
      - ''
      Cache-Control:
      - no-cache, no-store, must-revalidate
      Date:
      - Wed, 10 Oct 2018 11:54:21 GMT
      Server:
      - GoodData WebApp
      X-Gdc-Request-Time:
      - '26'
      X-Gdc-Request:
      - IVWNGeM56YxdR03xNdm9uQ:A4rtYNtLW2FnWzi53mgwAw:dxF6fRWziM8ZnAVb
      Vary:
      - origin
      Strict-Transport-Security:
      - max-age=10886400; includeSubDomains; preload;
    body:
      encoding: UTF-8
      string: ''
    http_version: 
  recorded_at: Wed, 10 Oct 2018 11:54:22 GMT
- request:
    method: get
    uri: https://staging2-lcm-prod.intgdc.com/gdc/userGroups/bhxOVVNgzAPW9jUtv-eJmTA
    body:
      encoding: US-ASCII
      string: ''
    headers:
      Accept:
      - application/json, application/zip
      Accept-Encoding:
      - gzip, deflate
      User-Agent:
      - gooddata-gem/1.3.2/x86_64-darwin16/2.3.3
      Content-Type:
      - application/json
      X-Gdc-Authtt:
      - "<X_GDC_AUTHTT>"
      X-Gdc-Request:
      - IVWNGeM56YxdR03xNdm9uQ:OQxYIBC34vMZ6BruXiA4Rg
      Host:
      - staging2-lcm-prod.intgdc.com
  response:
    status:
      code: 200
      message: OK
    headers:
      X-Gdc-Log-Header:
      - ''
      Cache-Control:
      - no-cache, no-store, must-revalidate
      Content-Type:
      - application/json;charset=UTF-8
      Date:
      - Wed, 10 Oct 2018 11:54:22 GMT
      Server:
      - GoodData WebApp
      X-Gdc-Request:
      - IVWNGeM56YxdR03xNdm9uQ:OQxYIBC34vMZ6BruXiA4Rg:37OZZWiPJMEutDfc
      Vary:
      - origin
      X-Gdc-Request-Time:
      - '14'
      Transfer-Encoding:
      - chunked
      Strict-Transport-Security:
      - max-age=10886400; includeSubDomains; preload;
    body:
      encoding: ASCII-8BIT
      string: '{"userGroup":{"content":{"name":"This is new name","id":"bhxOVVNgzAPW9jUtv-eJmTA","description":"This
        is new description","domain":null,"project":"/gdc/projects/zvejmh4faimgxnm545bbotrglh54tes0"},"meta":{"created":"2018-10-10
        13:54:02","updated":"2018-10-10 13:54:22"},"links":{"self":"/gdc/userGroups/bhxOVVNgzAPW9jUtv-eJmTA","members":"/gdc/userGroups/bhxOVVNgzAPW9jUtv-eJmTA/members","modifyMembers":"/gdc/userGroups/bhxOVVNgzAPW9jUtv-eJmTA/modifyMembers"}}}'
    http_version: 
  recorded_at: Wed, 10 Oct 2018 11:54:22 GMT
- request:
    method: get
    uri: https://staging2-lcm-prod.intgdc.com/gdc/userGroups?project=zvejmh4faimgxnm545bbotrglh54tes0
    body:
      encoding: US-ASCII
      string: ''
    headers:
      Accept:
      - application/json, application/zip
      Accept-Encoding:
      - gzip, deflate
      User-Agent:
      - gooddata-gem/1.3.2/x86_64-darwin16/2.3.3
      Content-Type:
      - application/json
      X-Gdc-Authtt:
      - "<X_GDC_AUTHTT>"
      X-Gdc-Request:
      - IVWNGeM56YxdR03xNdm9uQ:VLRaI1PU94Ge1gVRKQzfFw
      Host:
      - staging2-lcm-prod.intgdc.com
  response:
    status:
      code: 200
      message: OK
    headers:
      X-Gdc-Log-Header:
      - ''
      Cache-Control:
      - no-cache, no-store, must-revalidate
      Content-Type:
      - application/json;charset=UTF-8
      Date:
      - Wed, 10 Oct 2018 11:54:23 GMT
      Server:
      - GoodData WebApp
      X-Gdc-Request:
      - IVWNGeM56YxdR03xNdm9uQ:VLRaI1PU94Ge1gVRKQzfFw:b77vAmvNPiFkYRrQ
      Vary:
      - origin
      X-Gdc-Request-Time:
      - '23'
      Transfer-Encoding:
      - chunked
      Strict-Transport-Security:
      - max-age=10886400; includeSubDomains; preload;
    body:
      encoding: ASCII-8BIT
      string: '{"userGroups":{"paging":{"offset":null,"limit":1000,"next":null},"items":[{"userGroup":{"content":{"name":"This
        is new name","id":"bhxOVVNgzAPW9jUtv-eJmTA","description":"This is new description","domain":null,"project":"/gdc/projects/zvejmh4faimgxnm545bbotrglh54tes0"},"meta":{"created":"2018-10-10
        13:54:02","updated":"2018-10-10 13:54:22"},"links":{"self":"/gdc/userGroups/bhxOVVNgzAPW9jUtv-eJmTA","members":"/gdc/userGroups/bhxOVVNgzAPW9jUtv-eJmTA/members","modifyMembers":"/gdc/userGroups/bhxOVVNgzAPW9jUtv-eJmTA/modifyMembers"}}}]}}'
    http_version: 
  recorded_at: Wed, 10 Oct 2018 11:54:23 GMT
recorded_with: VCR 4.0.0
