---
http_interactions:
- request:
    method: get
    uri: https://staging2-lcm-prod.intgdc.com/gdc/projects/voyb6fcvdngwfyf722vn9cmbv7sq6mf6/dataload/processes/de746a4f-6d37-44f6-80a5-3922378027ab
    body:
      encoding: US-ASCII
      string: ''
    headers:
      Accept:
      - application/json, application/zip
      Accept-Encoding:
      - gzip, deflate
      User-Agent:
      - gooddata-gem/1.0.2/x86_64-darwin16/2.3.3
      Content-Type:
      - application/json
      X-Gdc-Authtt:
      - "<X_GDC_AUTHTT>"
      X-Gdc-Request:
      - x29Ea0UrMMVBHo9O-exPPQ:dKHJrmA9oPG_fmlBGIMerw
      Host:
      - staging2-lcm-prod.intgdc.com
  response:
    status:
      code: 200
      message: OK
    headers:
      X-Gdc-Log-Header:
      - ''
      Date:
      - Fri, 25 May 2018 16:23:14 GMT
      Server:
      - GoodData WebApp
      Accept-Ranges:
      - bytes
      Cache-Control:
      - no-cache, no-store, must-revalidate
      Content-Type:
      - application/json;charset=UTF-8
      X-Gdc-Request:
      - x29Ea0UrMMVBHo9O-exPPQ:dKHJrmA9oPG_fmlBGIMerw:CCFrVyn1GXInsR3K
      Vary:
      - origin
      X-Gdc-Request-Time:
      - '36'
      Transfer-Encoding:
      - chunked
      Strict-Transport-Security:
      - max-age=10886400; includeSubDomains; preload;
    body:
      encoding: ASCII-8BIT
      string: '{"process":{"type":"GRAPH","name":"Test ETL Process","graphs":["graph.grf"],"executables":["graph.grf"],"lastDeployed":"2018-05-25T16:23:07.281Z","ownerLogin":"rubydev+admin@gooddata.com","links":{"self":"/gdc/projects/voyb6fcvdngwfyf722vn9cmbv7sq6mf6/dataload/processes/de746a4f-6d37-44f6-80a5-3922378027ab","executions":"/gdc/projects/voyb6fcvdngwfyf722vn9cmbv7sq6mf6/dataload/processes/de746a4f-6d37-44f6-80a5-3922378027ab/executions","source":"/gdc/projects/voyb6fcvdngwfyf722vn9cmbv7sq6mf6/dataload/processes/de746a4f-6d37-44f6-80a5-3922378027ab/source"}}}'
    http_version: 
  recorded_at: Fri, 25 May 2018 16:23:15 GMT
- request:
    method: post
    uri: https://staging2-lcm-prod.intgdc.com/gdc/projects/voyb6fcvdngwfyf722vn9cmbv7sq6mf6/schedules
    body:
      encoding: UTF-8
      string: '{"schedule":{"name":null,"type":"MSETL","state":"ENABLED","timezone":"UTC","cron":"0
        12 * * *","triggerScheduleId":null,"params":{"PROCESS_ID":"de746a4f-6d37-44f6-80a5-3922378027ab","EXECUTABLE":"graph.grf"},"hiddenParams":{}}}'
    headers:
      Accept:
      - application/json, application/zip
      Accept-Encoding:
      - gzip, deflate
      User-Agent:
      - gooddata-gem/1.0.2/x86_64-darwin16/2.3.3
      Content-Type:
      - application/json
      X-Gdc-Authtt:
      - "<X_GDC_AUTHTT>"
      X-Gdc-Request:
      - x29Ea0UrMMVBHo9O-exPPQ:sdE6NEyZKaQksPCIYrXRVw
      Content-Length:
      - '227'
      Host:
      - staging2-lcm-prod.intgdc.com
  response:
    status:
      code: 201
      message: Created
    headers:
      Location:
      - "/gdc/projects/voyb6fcvdngwfyf722vn9cmbv7sq6mf6/schedules/5b083873e4b0a7a9aadef539"
      X-Gdc-Log-Header:
      - ''
      Date:
      - Fri, 25 May 2018 16:23:15 GMT
      Server:
      - GoodData WebApp
      Cache-Control:
      - no-cache, no-store, must-revalidate
      Content-Type:
      - application/json;charset=UTF-8
      X-Gdc-Request:
      - x29Ea0UrMMVBHo9O-exPPQ:sdE6NEyZKaQksPCIYrXRVw:M0d8XAUl9i9Yq585
      Vary:
      - origin
      X-Gdc-Request-Time:
      - '18'
      Transfer-Encoding:
      - chunked
      Strict-Transport-Security:
      - max-age=10886400; includeSubDomains; preload;
    body:
      encoding: ASCII-8BIT
      string: '{"schedule":{"name":"graph.grf","type":"MSETL","state":"ENABLED","params":{"EXECUTABLE":"graph.grf","PROCESS_ID":"de746a4f-6d37-44f6-80a5-3922378027ab"},"cron":"0
        12 * * *","timezone":"UTC","nextExecutionTime":"2018-05-26T12:00:00.000Z","consecutiveFailedExecutionCount":0,"ownerLogin":"rubydev+admin@gooddata.com","links":{"self":"/gdc/projects/voyb6fcvdngwfyf722vn9cmbv7sq6mf6/schedules/5b083873e4b0a7a9aadef539","executions":"/gdc/projects/voyb6fcvdngwfyf722vn9cmbv7sq6mf6/schedules/5b083873e4b0a7a9aadef539/executions"}}}'
    http_version: 
  recorded_at: Fri, 25 May 2018 16:23:15 GMT
- request:
    method: get
    uri: https://staging2-lcm-prod.intgdc.com/gdc/projects/voyb6fcvdngwfyf722vn9cmbv7sq6mf6/schedules/5b083873e4b0a7a9aadef539
    body:
      encoding: US-ASCII
      string: ''
    headers:
      Accept:
      - application/json, application/zip
      Accept-Encoding:
      - gzip, deflate
      User-Agent:
      - gooddata-gem/1.0.2/x86_64-darwin16/2.3.3
      Content-Type:
      - application/json
      X-Gdc-Authtt:
      - "<X_GDC_AUTHTT>"
      X-Gdc-Request:
      - x29Ea0UrMMVBHo9O-exPPQ:drj35fcW3Ug6oz9nkkSSgQ
      Host:
      - staging2-lcm-prod.intgdc.com
  response:
    status:
      code: 200
      message: OK
    headers:
      X-Gdc-Log-Header:
      - ''
      Date:
      - Fri, 25 May 2018 16:23:16 GMT
      Server:
      - GoodData WebApp
      Accept-Ranges:
      - bytes
      Cache-Control:
      - no-cache, no-store, must-revalidate
      Content-Type:
      - application/json;charset=UTF-8
      X-Gdc-Request:
      - x29Ea0UrMMVBHo9O-exPPQ:drj35fcW3Ug6oz9nkkSSgQ:yyQXvGhJEGX1Po6c
      Vary:
      - origin
      X-Gdc-Request-Time:
      - '15'
      Transfer-Encoding:
      - chunked
      Strict-Transport-Security:
      - max-age=10886400; includeSubDomains; preload;
    body:
      encoding: ASCII-8BIT
      string: '{"schedule":{"name":"graph.grf","type":"MSETL","state":"ENABLED","params":{"EXECUTABLE":"graph.grf","PROCESS_ID":"de746a4f-6d37-44f6-80a5-3922378027ab"},"cron":"0
        12 * * *","timezone":"UTC","nextExecutionTime":"2018-05-26T12:00:00.000Z","consecutiveFailedExecutionCount":0,"ownerLogin":"rubydev+admin@gooddata.com","links":{"self":"/gdc/projects/voyb6fcvdngwfyf722vn9cmbv7sq6mf6/schedules/5b083873e4b0a7a9aadef539","executions":"/gdc/projects/voyb6fcvdngwfyf722vn9cmbv7sq6mf6/schedules/5b083873e4b0a7a9aadef539/executions"}}}'
    http_version: 
  recorded_at: Fri, 25 May 2018 16:23:16 GMT
- request:
    method: delete
    uri: https://staging2-lcm-prod.intgdc.com/gdc/projects/voyb6fcvdngwfyf722vn9cmbv7sq6mf6/schedules/5b083873e4b0a7a9aadef539
    body:
      encoding: US-ASCII
      string: ''
    headers:
      Accept:
      - application/json, application/zip
      Accept-Encoding:
      - gzip, deflate
      User-Agent:
      - gooddata-gem/1.0.2/x86_64-darwin16/2.3.3
      Content-Type:
      - application/json
      X-Gdc-Authtt:
      - "<X_GDC_AUTHTT>"
      X-Gdc-Request:
      - x29Ea0UrMMVBHo9O-exPPQ:XWnpwQ32VZcgiiS2FACRkw
      Host:
      - staging2-lcm-prod.intgdc.com
  response:
    status:
      code: 204
      message: No Content
    headers:
      Location:
      - "/gdc/projects/voyb6fcvdngwfyf722vn9cmbv7sq6mf6/schedules"
      X-Gdc-Log-Header:
      - ''
      Date:
      - Fri, 25 May 2018 16:23:15 GMT
      Server:
      - GoodData WebApp
      Cache-Control:
      - no-cache, no-store, must-revalidate
      X-Gdc-Request-Time:
      - '14'
      X-Gdc-Request:
      - x29Ea0UrMMVBHo9O-exPPQ:XWnpwQ32VZcgiiS2FACRkw:7IUbemGOBh7dBHvz
      Vary:
      - origin
      Strict-Transport-Security:
      - max-age=10886400; includeSubDomains; preload;
    body:
      encoding: UTF-8
      string: ''
    http_version: 
  recorded_at: Fri, 25 May 2018 16:23:16 GMT
- request:
    method: get
    uri: https://staging2-lcm-prod.intgdc.com/gdc/projects/zyoflmgyrszp8cjur3x271h18fgu8ikz/dataload/processes/2aad9e67-0efa-42fb-bf30-6aa568f026cf
    body:
      encoding: US-ASCII
      string: ''
    headers:
      Accept:
      - application/json, application/zip
      Accept-Encoding:
      - gzip, deflate
      User-Agent:
      - gooddata-gem/1.3.1/x86_64-darwin16/2.3.3
      Content-Type:
      - application/json
      X-Gdc-Authtt:
      - "<X_GDC_AUTHTT>"
      X-Gdc-Request:
      - crfYodJiaG1ZPVjvxCLuhA:ynLDecEUKFBd67LKM_eXsQ
      Host:
      - staging2-lcm-prod.intgdc.com
  response:
    status:
      code: 200
      message: OK
    headers:
      X-Gdc-Log-Header:
      - ''
      Date:
      - Fri, 05 Oct 2018 12:51:31 GMT
      Server:
      - GoodData WebApp
      Cache-Control:
      - no-cache, no-store, must-revalidate
      Content-Type:
      - application/json;charset=UTF-8
      X-Gdc-Request:
      - crfYodJiaG1ZPVjvxCLuhA:ynLDecEUKFBd67LKM_eXsQ:BS2Sgpv4VyIyn4wH
      Vary:
      - origin
      X-Gdc-Request-Time:
      - '100'
      Transfer-Encoding:
      - chunked
      Strict-Transport-Security:
      - max-age=10886400; includeSubDomains; preload;
    body:
      encoding: ASCII-8BIT
      string: '{"process":{"type":"GRAPH","name":"Test ETL Process","graphs":["graph.grf"],"executables":["graph.grf"],"lastDeployed":"2018-10-05T12:51:23.678Z","ownerLogin":"rubydev+admin@gooddata.com","links":{"self":"/gdc/projects/zyoflmgyrszp8cjur3x271h18fgu8ikz/dataload/processes/2aad9e67-0efa-42fb-bf30-6aa568f026cf","executions":"/gdc/projects/zyoflmgyrszp8cjur3x271h18fgu8ikz/dataload/processes/2aad9e67-0efa-42fb-bf30-6aa568f026cf/executions","source":"/gdc/projects/zyoflmgyrszp8cjur3x271h18fgu8ikz/dataload/processes/2aad9e67-0efa-42fb-bf30-6aa568f026cf/source"}}}'
    http_version: 
  recorded_at: Fri, 05 Oct 2018 12:51:31 GMT
- request:
    method: post
    uri: https://staging2-lcm-prod.intgdc.com/gdc/projects/zyoflmgyrszp8cjur3x271h18fgu8ikz/schedules
    body:
      encoding: UTF-8
      string: '{"schedule":{"name":null,"type":"MSETL","state":"ENABLED","timezone":"UTC","cron":"0
        12 * * *","triggerScheduleId":null,"params":{"PROCESS_ID":"2aad9e67-0efa-42fb-bf30-6aa568f026cf","EXECUTABLE":"graph.grf"},"hiddenParams":{}}}'
    headers:
      Accept:
      - application/json, application/zip
      Accept-Encoding:
      - gzip, deflate
      User-Agent:
      - gooddata-gem/1.3.1/x86_64-darwin16/2.3.3
      Content-Type:
      - application/json
      X-Gdc-Authtt:
      - "<X_GDC_AUTHTT>"
      X-Gdc-Request:
      - crfYodJiaG1ZPVjvxCLuhA:0eA5zt8_MmsThOuwvPRXNA
      Content-Length:
      - '227'
      Host:
      - staging2-lcm-prod.intgdc.com
  response:
    status:
      code: 201
      message: Created
    headers:
      Location:
      - "/gdc/projects/zyoflmgyrszp8cjur3x271h18fgu8ikz/schedules/5bb75e53e4b091ee7acf08aa"
      X-Gdc-Log-Header:
      - ''
      Date:
      - Fri, 05 Oct 2018 12:51:31 GMT
      Server:
      - GoodData WebApp
      Cache-Control:
      - no-cache, no-store, must-revalidate
      Content-Type:
      - application/json;charset=UTF-8
      X-Gdc-Request:
      - crfYodJiaG1ZPVjvxCLuhA:0eA5zt8_MmsThOuwvPRXNA:sY4AI2GfXIUcEyJG
      Vary:
      - origin
      X-Gdc-Request-Time:
      - '30'
      Transfer-Encoding:
      - chunked
      Strict-Transport-Security:
      - max-age=10886400; includeSubDomains; preload;
    body:
      encoding: ASCII-8BIT
      string: '{"schedule":{"name":"graph.grf","type":"MSETL","state":"ENABLED","params":{"EXECUTABLE":"graph.grf","PROCESS_ID":"2aad9e67-0efa-42fb-bf30-6aa568f026cf"},"cron":"0
        12 * * *","timezone":"UTC","nextExecutionTime":"2018-10-06T12:00:00.000Z","consecutiveFailedExecutionCount":0,"ownerLogin":"rubydev+admin@gooddata.com","links":{"self":"/gdc/projects/zyoflmgyrszp8cjur3x271h18fgu8ikz/schedules/5bb75e53e4b091ee7acf08aa","executions":"/gdc/projects/zyoflmgyrszp8cjur3x271h18fgu8ikz/schedules/5bb75e53e4b091ee7acf08aa/executions"}}}'
    http_version: 
  recorded_at: Fri, 05 Oct 2018 12:51:31 GMT
- request:
    method: get
    uri: https://staging2-lcm-prod.intgdc.com/gdc/projects/zyoflmgyrszp8cjur3x271h18fgu8ikz/schedules/5bb75e53e4b091ee7acf08aa
    body:
      encoding: US-ASCII
      string: ''
    headers:
      Accept:
      - application/json, application/zip
      Accept-Encoding:
      - gzip, deflate
      User-Agent:
      - gooddata-gem/1.3.1/x86_64-darwin16/2.3.3
      Content-Type:
      - application/json
      X-Gdc-Authtt:
      - "<X_GDC_AUTHTT>"
      X-Gdc-Request:
      - crfYodJiaG1ZPVjvxCLuhA:9hPD4Za5b014ehn3Ztgs8g
      Host:
      - staging2-lcm-prod.intgdc.com
  response:
    status:
      code: 200
      message: OK
    headers:
      X-Gdc-Log-Header:
      - ''
      Date:
      - Fri, 05 Oct 2018 12:51:32 GMT
      Server:
      - GoodData WebApp
      Cache-Control:
      - no-cache, no-store, must-revalidate
      Content-Type:
      - application/json;charset=UTF-8
      X-Gdc-Request:
      - crfYodJiaG1ZPVjvxCLuhA:9hPD4Za5b014ehn3Ztgs8g:GF5VROqGzmaTWTXq
      Vary:
      - origin
      X-Gdc-Request-Time:
      - '19'
      Transfer-Encoding:
      - chunked
      Strict-Transport-Security:
      - max-age=10886400; includeSubDomains; preload;
    body:
      encoding: ASCII-8BIT
      string: '{"schedule":{"name":"graph.grf","type":"MSETL","state":"ENABLED","params":{"EXECUTABLE":"graph.grf","PROCESS_ID":"2aad9e67-0efa-42fb-bf30-6aa568f026cf"},"cron":"0
        12 * * *","timezone":"UTC","nextExecutionTime":"2018-10-06T12:00:00.000Z","consecutiveFailedExecutionCount":0,"ownerLogin":"rubydev+admin@gooddata.com","links":{"self":"/gdc/projects/zyoflmgyrszp8cjur3x271h18fgu8ikz/schedules/5bb75e53e4b091ee7acf08aa","executions":"/gdc/projects/zyoflmgyrszp8cjur3x271h18fgu8ikz/schedules/5bb75e53e4b091ee7acf08aa/executions"}}}'
    http_version: 
  recorded_at: Fri, 05 Oct 2018 12:51:32 GMT
- request:
    method: delete
    uri: https://staging2-lcm-prod.intgdc.com/gdc/projects/zyoflmgyrszp8cjur3x271h18fgu8ikz/schedules/5bb75e53e4b091ee7acf08aa
    body:
      encoding: US-ASCII
      string: ''
    headers:
      Accept:
      - application/json, application/zip
      Accept-Encoding:
      - gzip, deflate
      User-Agent:
      - gooddata-gem/1.3.1/x86_64-darwin16/2.3.3
      Content-Type:
      - application/json
      X-Gdc-Authtt:
      - "<X_GDC_AUTHTT>"
      X-Gdc-Request:
      - crfYodJiaG1ZPVjvxCLuhA:JMKGXOGh67_NuCinoA18fQ
      Host:
      - staging2-lcm-prod.intgdc.com
  response:
    status:
      code: 204
      message: No Content
    headers:
      Location:
      - "/gdc/projects/zyoflmgyrszp8cjur3x271h18fgu8ikz/schedules"
      X-Gdc-Log-Header:
      - ''
      Date:
      - Fri, 05 Oct 2018 12:51:32 GMT
      Server:
      - GoodData WebApp
      Cache-Control:
      - no-cache, no-store, must-revalidate
      X-Gdc-Request-Time:
      - '20'
      X-Gdc-Request:
      - crfYodJiaG1ZPVjvxCLuhA:JMKGXOGh67_NuCinoA18fQ:0BY5yuN6yJByjkwy
      Vary:
      - origin
      Strict-Transport-Security:
      - max-age=10886400; includeSubDomains; preload;
    body:
      encoding: UTF-8
      string: ''
    http_version: 
  recorded_at: Fri, 05 Oct 2018 12:51:33 GMT
- request:
    method: get
    uri: https://staging2-lcm-prod.intgdc.com/gdc/projects/x61hr057hl6zofam5vsgltg92ozkbtyc/dataload/processes/842415d1-166d-44f7-a5b9-67fa8dc7d949
    body:
      encoding: US-ASCII
      string: ''
    headers:
      Accept:
      - application/json, application/zip
      Accept-Encoding:
      - gzip, deflate
      User-Agent:
      - gooddata-gem/1.3.2/x86_64-darwin16/2.3.3
      Content-Type:
      - application/json
      X-Gdc-Authtt:
      - "<X_GDC_AUTHTT>"
      X-Gdc-Request:
      - K3UPrWttaNsFTR3xyzqBFQ:PyXQUfDRL-8O6tx9wik0zQ
      Host:
      - staging2-lcm-prod.intgdc.com
  response:
    status:
      code: 200
      message: OK
    headers:
      X-Gdc-Log-Header:
      - ''
      Date:
      - Wed, 10 Oct 2018 10:50:36 GMT
      Server:
      - GoodData WebApp
      Cache-Control:
      - no-cache, no-store, must-revalidate
      Content-Type:
      - application/json;charset=UTF-8
      X-Gdc-Request:
      - K3UPrWttaNsFTR3xyzqBFQ:PyXQUfDRL-8O6tx9wik0zQ:QRWVi0BKjm159GZI
      Vary:
      - origin
      X-Gdc-Request-Time:
      - '81'
      Transfer-Encoding:
      - chunked
      Strict-Transport-Security:
      - max-age=10886400; includeSubDomains; preload;
    body:
      encoding: ASCII-8BIT
      string: '{"process":{"type":"GRAPH","name":"Test ETL Process","graphs":["graph.grf"],"executables":["graph.grf"],"lastDeployed":"2018-10-10T10:50:28.098Z","ownerLogin":"rubydev+admin@gooddata.com","links":{"self":"/gdc/projects/x61hr057hl6zofam5vsgltg92ozkbtyc/dataload/processes/842415d1-166d-44f7-a5b9-67fa8dc7d949","executions":"/gdc/projects/x61hr057hl6zofam5vsgltg92ozkbtyc/dataload/processes/842415d1-166d-44f7-a5b9-67fa8dc7d949/executions","source":"/gdc/projects/x61hr057hl6zofam5vsgltg92ozkbtyc/dataload/processes/842415d1-166d-44f7-a5b9-67fa8dc7d949/source"}}}'
    http_version: 
  recorded_at: Wed, 10 Oct 2018 10:50:36 GMT
- request:
    method: post
    uri: https://staging2-lcm-prod.intgdc.com/gdc/projects/x61hr057hl6zofam5vsgltg92ozkbtyc/schedules
    body:
      encoding: UTF-8
      string: '{"schedule":{"name":null,"type":"MSETL","state":"ENABLED","timezone":"UTC","cron":"0
        12 * * *","triggerScheduleId":null,"params":{"PROCESS_ID":"842415d1-166d-44f7-a5b9-67fa8dc7d949","EXECUTABLE":"graph.grf"},"hiddenParams":{}}}'
    headers:
      Accept:
      - application/json, application/zip
      Accept-Encoding:
      - gzip, deflate
      User-Agent:
      - gooddata-gem/1.3.2/x86_64-darwin16/2.3.3
      Content-Type:
      - application/json
      X-Gdc-Authtt:
      - "<X_GDC_AUTHTT>"
      X-Gdc-Request:
      - K3UPrWttaNsFTR3xyzqBFQ:axHIQE96hFZwyNM-OvDEtQ
      Content-Length:
      - '227'
      Host:
      - staging2-lcm-prod.intgdc.com
  response:
    status:
      code: 201
      message: Created
    headers:
      Location:
      - "/gdc/projects/x61hr057hl6zofam5vsgltg92ozkbtyc/schedules/5bbdd97de4b02e7e4929ce04"
      X-Gdc-Log-Header:
      - ''
      Date:
      - Wed, 10 Oct 2018 10:50:37 GMT
      Server:
      - GoodData WebApp
      Cache-Control:
      - no-cache, no-store, must-revalidate
      Content-Type:
      - application/json;charset=UTF-8
      X-Gdc-Request:
      - K3UPrWttaNsFTR3xyzqBFQ:axHIQE96hFZwyNM-OvDEtQ:xMhInb5RtkYiwu9t
      Vary:
      - origin
      X-Gdc-Request-Time:
      - '27'
      Transfer-Encoding:
      - chunked
      Strict-Transport-Security:
      - max-age=10886400; includeSubDomains; preload;
    body:
      encoding: ASCII-8BIT
      string: '{"schedule":{"name":"graph.grf","type":"MSETL","state":"ENABLED","params":{"EXECUTABLE":"graph.grf","PROCESS_ID":"842415d1-166d-44f7-a5b9-67fa8dc7d949"},"cron":"0
        12 * * *","timezone":"UTC","nextExecutionTime":"2018-10-10T12:00:00.000Z","consecutiveFailedExecutionCount":0,"ownerLogin":"rubydev+admin@gooddata.com","links":{"self":"/gdc/projects/x61hr057hl6zofam5vsgltg92ozkbtyc/schedules/5bbdd97de4b02e7e4929ce04","executions":"/gdc/projects/x61hr057hl6zofam5vsgltg92ozkbtyc/schedules/5bbdd97de4b02e7e4929ce04/executions"}}}'
    http_version: 
  recorded_at: Wed, 10 Oct 2018 10:50:37 GMT
- request:
    method: get
    uri: https://staging2-lcm-prod.intgdc.com/gdc/projects/x61hr057hl6zofam5vsgltg92ozkbtyc/schedules/5bbdd97de4b02e7e4929ce04
    body:
      encoding: US-ASCII
      string: ''
    headers:
      Accept:
      - application/json, application/zip
      Accept-Encoding:
      - gzip, deflate
      User-Agent:
      - gooddata-gem/1.3.2/x86_64-darwin16/2.3.3
      Content-Type:
      - application/json
      X-Gdc-Authtt:
      - "<X_GDC_AUTHTT>"
      X-Gdc-Request:
      - K3UPrWttaNsFTR3xyzqBFQ:Y1gSZALdUS-L57gs_PZPWQ
      Host:
      - staging2-lcm-prod.intgdc.com
  response:
    status:
      code: 200
      message: OK
    headers:
      X-Gdc-Log-Header:
      - ''
      Date:
      - Wed, 10 Oct 2018 10:50:37 GMT
      Server:
      - GoodData WebApp
      Cache-Control:
      - no-cache, no-store, must-revalidate
      Content-Type:
      - application/json;charset=UTF-8
      X-Gdc-Request:
      - K3UPrWttaNsFTR3xyzqBFQ:Y1gSZALdUS-L57gs_PZPWQ:85nogeihVGmY0uyT
      Vary:
      - origin
      X-Gdc-Request-Time:
      - '24'
      Transfer-Encoding:
      - chunked
      Strict-Transport-Security:
      - max-age=10886400; includeSubDomains; preload;
    body:
      encoding: ASCII-8BIT
      string: '{"schedule":{"name":"graph.grf","type":"MSETL","state":"ENABLED","params":{"EXECUTABLE":"graph.grf","PROCESS_ID":"842415d1-166d-44f7-a5b9-67fa8dc7d949"},"cron":"0
        12 * * *","timezone":"UTC","nextExecutionTime":"2018-10-10T12:00:00.000Z","consecutiveFailedExecutionCount":0,"ownerLogin":"rubydev+admin@gooddata.com","links":{"self":"/gdc/projects/x61hr057hl6zofam5vsgltg92ozkbtyc/schedules/5bbdd97de4b02e7e4929ce04","executions":"/gdc/projects/x61hr057hl6zofam5vsgltg92ozkbtyc/schedules/5bbdd97de4b02e7e4929ce04/executions"}}}'
    http_version: 
  recorded_at: Wed, 10 Oct 2018 10:50:37 GMT
- request:
    method: delete
    uri: https://staging2-lcm-prod.intgdc.com/gdc/projects/x61hr057hl6zofam5vsgltg92ozkbtyc/schedules/5bbdd97de4b02e7e4929ce04
    body:
      encoding: US-ASCII
      string: ''
    headers:
      Accept:
      - application/json, application/zip
      Accept-Encoding:
      - gzip, deflate
      User-Agent:
      - gooddata-gem/1.3.2/x86_64-darwin16/2.3.3
      Content-Type:
      - application/json
      X-Gdc-Authtt:
      - "<X_GDC_AUTHTT>"
      X-Gdc-Request:
      - K3UPrWttaNsFTR3xyzqBFQ:pXIy4QosAeNYptTRYLoJBg
      Host:
      - staging2-lcm-prod.intgdc.com
  response:
    status:
      code: 204
      message: No Content
    headers:
      Location:
      - "/gdc/projects/x61hr057hl6zofam5vsgltg92ozkbtyc/schedules"
      X-Gdc-Log-Header:
      - ''
      Date:
      - Wed, 10 Oct 2018 10:50:38 GMT
      Server:
      - GoodData WebApp
      Cache-Control:
      - no-cache, no-store, must-revalidate
      X-Gdc-Request-Time:
      - '22'
      X-Gdc-Request:
      - K3UPrWttaNsFTR3xyzqBFQ:pXIy4QosAeNYptTRYLoJBg:BjszndHysKmtvpDF
      Vary:
      - origin
      Strict-Transport-Security:
      - max-age=10886400; includeSubDomains; preload;
    body:
      encoding: UTF-8
      string: ''
    http_version: 
  recorded_at: Wed, 10 Oct 2018 10:50:38 GMT
recorded_with: VCR 4.0.0
