---
http_interactions:
- request:
    method: post
    uri: https://staging2-lcm-prod.intgdc.com/gdc/md/e5p7qod8gz1k7yk680xs07bu1xxeziwq/variables/search
    body:
      encoding: UTF-8
      string: '{"variablesSearch":{"variables":["/gdc/md/e5p7qod8gz1k7yk680xs07bu1xxeziwq/obj/250"],"context":[]}}'
    headers:
      Accept:
      - application/json, application/zip
      Accept-Encoding:
      - gzip, deflate
      User-Agent:
      - gooddata-gem/1.1.0/x86_64-linux/2.4.1
      Content-Type:
      - application/json
      X-Gdc-Authtt:
      - "<X_GDC_AUTHTT>"
      X-Gdc-Request:
      - EkiH6abZPsDJ8HrYoWQs1g:Ma0q0N0M_NYulVQ_KvfOQA
      Content-Length:
      - '99'
      Host:
      - staging2-lcm-prod.intgdc.com
  response:
    status:
      code: 200
      message: OK
    headers:
      Date:
      - Tue, 05 Jun 2018 07:36:51 GMT
      Server:
      - GoodData WebApp
      Keep-Alive:
      - timeout=5, max=92
      X-Gdc-Log-Header:
      - ''
      Cache-Control:
      - no-cache, no-store, must-revalidate
      Content-Type:
      - application/json;charset=UTF-8
      X-Gdc-Request:
      - EkiH6abZPsDJ8HrYoWQs1g:Ma0q0N0M_NYulVQ_KvfOQA:2v0e2Suah7l5Etiw
      Vary:
      - origin
      X-Gdc-Request-Time:
      - '25'
      Transfer-Encoding:
      - chunked
      Strict-Transport-Security:
      - max-age=10886400; includeSubDomains; preload;
    body:
      encoding: ASCII-8BIT
      string: '{"variables":[]}'
    http_version: 
  recorded_at: Tue, 05 Jun 2018 07:36:51 GMT
- request:
    method: get
    uri: https://staging2-lcm-prod.intgdc.com/gdc/projects/e5p7qod8gz1k7yk680xs07bu1xxeziwq/users?limit=1000&offset=0
    body:
      encoding: US-ASCII
      string: ''
    headers:
      Accept:
      - application/json, application/zip
      Accept-Encoding:
      - gzip, deflate
      User-Agent:
      - gooddata-gem/1.1.0/x86_64-linux/2.4.1
      Content-Type:
      - application/json
      X-Gdc-Authtt:
      - "<X_GDC_AUTHTT>"
      X-Gdc-Request:
      - EkiH6abZPsDJ8HrYoWQs1g:AB_7qESxGVgQS8yQ2knV6A
      Host:
      - staging2-lcm-prod.intgdc.com
  response:
    status:
      code: 200
      message: OK
    headers:
      Date:
      - Tue, 05 Jun 2018 07:36:52 GMT
      Server:
      - GoodData WebApp
      Keep-Alive:
      - timeout=5, max=91
      X-Gdc-Log-Header:
      - ''
      Cache-Control:
      - no-cache, no-store, must-revalidate
      Content-Type:
      - application/json;charset=UTF-8
      X-Gdc-Request:
      - EkiH6abZPsDJ8HrYoWQs1g:AB_7qESxGVgQS8yQ2knV6A:xw9Vzqvm4OpSyyvu
      Vary:
      - origin
      X-Gdc-Request-Time:
      - '39'
      Transfer-Encoding:
      - chunked
      Strict-Transport-Security:
      - max-age=10886400; includeSubDomains; preload;
    body:
      encoding: ASCII-8BIT
      string: '{"users":[{"user":{"content":{"email":"rubydev+admin@gooddata.com","firstname":"the","userRoles":["/gdc/projects/e5p7qod8gz1k7yk680xs07bu1xxeziwq/roles/2"],"phonenumber":"","status":"ENABLED","lastname":"1","login":"rubydev+admin@gooddata.com"},"links":{"roles":"/gdc/projects/e5p7qod8gz1k7yk680xs07bu1xxeziwq/users/5ad80b895edcc438e5a4418e222733fa/roles","permissions":"/gdc/projects/e5p7qod8gz1k7yk680xs07bu1xxeziwq/users/5ad80b895edcc438e5a4418e222733fa/permissions","self":"/gdc/account/profile/5ad80b895edcc438e5a4418e222733fa","projects":"/gdc/account/profile/5ad80b895edcc438e5a4418e222733fa/projects","projectRelUri":"/gdc/projects/e5p7qod8gz1k7yk680xs07bu1xxeziwq/users/5ad80b895edcc438e5a4418e222733fa"},"meta":{"created":"2017-02-10
        12:18:01","updated":"2018-06-05 09:27:44","author":"/gdc/account/profile/25b25d6c1cd5816c6de55f95b119d8cc","title":"the
        1","contributor":"/gdc/account/profile/5ad80b895edcc438e5a4418e222733fa"}}}]}'
    http_version: 
  recorded_at: Tue, 05 Jun 2018 07:36:52 GMT
- request:
    method: get
    uri: https://staging2-lcm-prod.intgdc.com/gdc/md/e5p7qod8gz1k7yk680xs07bu1xxeziwq/obj/216
    body:
      encoding: US-ASCII
      string: ''
    headers:
      Accept:
      - application/json, application/zip
      Accept-Encoding:
      - gzip, deflate
      User-Agent:
      - gooddata-gem/1.1.0/x86_64-linux/2.4.1
      Content-Type:
      - application/json
      X-Gdc-Authtt:
      - "<X_GDC_AUTHTT>"
      X-Gdc-Request:
      - EkiH6abZPsDJ8HrYoWQs1g:bpvN6A_RY6nceSjqWOe6Kw
      Host:
      - staging2-lcm-prod.intgdc.com
  response:
    status:
      code: 200
      message: OK
    headers:
      Date:
      - Tue, 05 Jun 2018 07:36:52 GMT
      Server:
      - GoodData WebApp
      Keep-Alive:
      - timeout=5, max=50
      X-Gdc-Log-Header:
      - ''
      Cache-Control:
      - no-cache, no-store, must-revalidate
      Content-Type:
      - application/json;charset=UTF-8
      X-Gdc-Request:
      - EkiH6abZPsDJ8HrYoWQs1g:bpvN6A_RY6nceSjqWOe6Kw:AqPO2pijzxKTb83U
      Vary:
      - origin
      X-Gdc-Request-Time:
      - '32'
      Transfer-Encoding:
      - chunked
      Strict-Transport-Security:
      - max-age=10886400; includeSubDomains; preload;
    body:
      encoding: ASCII-8BIT
      string: '{"attributeDisplayForm":{"content":{"formOf":"/gdc/md/e5p7qod8gz1k7yk680xs07bu1xxeziwq/obj/214","expression":"[/gdc/md/e5p7qod8gz1k7yk680xs07bu1xxeziwq/obj/13]","default":1},"links":{"elements":"/gdc/md/e5p7qod8gz1k7yk680xs07bu1xxeziwq/obj/216/elements"},"meta":{"author":"/gdc/account/profile/5ad80b895edcc438e5a4418e222733fa","uri":"/gdc/md/e5p7qod8gz1k7yk680xs07bu1xxeziwq/obj/216","tags":"","created":"2018-06-05
        09:35:34","identifier":"label.devs.dev_id.email","deprecated":"0","summary":"","isProduction":1,"title":"Email","category":"attributeDisplayForm","updated":"2018-06-05
        09:35:35","contributor":"/gdc/account/profile/5ad80b895edcc438e5a4418e222733fa"}}}'
    http_version: 
  recorded_at: Tue, 05 Jun 2018 07:36:52 GMT
- request:
    method: post
    uri: https://staging2-lcm-prod.intgdc.com/gdc/md/e5p7qod8gz1k7yk680xs07bu1xxeziwq/obj/216/validElements?limit=1&offset=0&order=asc
    body:
      encoding: UTF-8
      string: '{"validElementsRequest":{}}'
    headers:
      Accept:
      - application/json, application/zip
      Accept-Encoding:
      - gzip, deflate
      User-Agent:
      - gooddata-gem/1.1.0/x86_64-linux/2.4.1
      Content-Type:
      - application/json
      X-Gdc-Authtt:
      - "<X_GDC_AUTHTT>"
      X-Gdc-Request:
      - EkiH6abZPsDJ8HrYoWQs1g:_onNkwitcTFuCyrbjDK2cw
      Content-Length:
      - '27'
      Host:
      - staging2-lcm-prod.intgdc.com
  response:
    status:
      code: 200
      message: OK
    headers:
      Date:
      - Tue, 05 Jun 2018 07:36:53 GMT
      Server:
      - GoodData WebApp
      Keep-Alive:
      - timeout=5, max=49
      X-Gdc-Log-Header:
      - ''
      Cache-Control:
      - no-cache, no-store, must-revalidate
      Content-Type:
      - application/json;charset=UTF-8
      X-Gdc-Request:
      - EkiH6abZPsDJ8HrYoWQs1g:_onNkwitcTFuCyrbjDK2cw:24TK3oifyCSsOoWy
      Vary:
      - origin
      X-Gdc-Request-Time:
      - '40'
      Transfer-Encoding:
      - chunked
      Strict-Transport-Security:
      - max-age=10886400; includeSubDomains; preload;
    body:
      encoding: ASCII-8BIT
      string: '{"validElements":{"elementsMeta":{"attribute":"/gdc/md/e5p7qod8gz1k7yk680xs07bu1xxeziwq/obj/214","filter":"","order":"asc","attributeDisplayForm":"/gdc/md/e5p7qod8gz1k7yk680xs07bu1xxeziwq/obj/216"},"paging":{"count":1,"total":"3","offset":"0"},"items":[{"element":{"title":"jirka@gooddata.com","uri":"/gdc/md/e5p7qod8gz1k7yk680xs07bu1xxeziwq/obj/214/elements?id=3"}}]}}'
    http_version: 
  recorded_at: Tue, 05 Jun 2018 07:36:53 GMT
- request:
    method: post
    uri: https://staging2-lcm-prod.intgdc.com/gdc/md/e5p7qod8gz1k7yk680xs07bu1xxeziwq/obj/216/validElements?limit=1&offset=0&order=asc
    body:
      encoding: UTF-8
      string: '{"validElementsRequest":{}}'
    headers:
      Accept:
      - application/json, application/zip
      Accept-Encoding:
      - gzip, deflate
      User-Agent:
      - gooddata-gem/1.1.0/x86_64-linux/2.4.1
      Content-Type:
      - application/json
      X-Gdc-Authtt:
      - "<X_GDC_AUTHTT>"
      X-Gdc-Request:
      - EkiH6abZPsDJ8HrYoWQs1g:ba88VxveLWUTGByXfmobkA
      Content-Length:
      - '27'
      Host:
      - staging2-lcm-prod.intgdc.com
  response:
    status:
      code: 200
      message: OK
    headers:
      Date:
      - Tue, 05 Jun 2018 07:36:54 GMT
      Server:
      - GoodData WebApp
      Keep-Alive:
      - timeout=5, max=89
      X-Gdc-Log-Header:
      - ''
      Cache-Control:
      - no-cache, no-store, must-revalidate
      Content-Type:
      - application/json;charset=UTF-8
      X-Gdc-Request:
      - EkiH6abZPsDJ8HrYoWQs1g:ba88VxveLWUTGByXfmobkA:sZhT3o88vuNeIkUT
      Vary:
      - origin
      X-Gdc-Request-Time:
      - '40'
      Transfer-Encoding:
      - chunked
      Strict-Transport-Security:
      - max-age=10886400; includeSubDomains; preload;
    body:
      encoding: ASCII-8BIT
      string: '{"validElements":{"elementsMeta":{"attribute":"/gdc/md/e5p7qod8gz1k7yk680xs07bu1xxeziwq/obj/214","filter":"","order":"asc","attributeDisplayForm":"/gdc/md/e5p7qod8gz1k7yk680xs07bu1xxeziwq/obj/216"},"paging":{"count":1,"total":"3","offset":"0"},"items":[{"element":{"title":"jirka@gooddata.com","uri":"/gdc/md/e5p7qod8gz1k7yk680xs07bu1xxeziwq/obj/214/elements?id=3"}}]}}'
    http_version: 
  recorded_at: Tue, 05 Jun 2018 07:36:54 GMT
- request:
    method: post
    uri: https://staging2-lcm-prod.intgdc.com/gdc/md/e5p7qod8gz1k7yk680xs07bu1xxeziwq/obj/216/validElements?limit=1000000&offset=0&order=asc
    body:
      encoding: UTF-8
      string: '{"validElementsRequest":{}}'
    headers:
      Accept:
      - application/json, application/zip
      Accept-Encoding:
      - gzip, deflate
      User-Agent:
      - gooddata-gem/1.1.0/x86_64-linux/2.4.1
      Content-Type:
      - application/json
      X-Gdc-Authtt:
      - "<X_GDC_AUTHTT>"
      X-Gdc-Request:
      - EkiH6abZPsDJ8HrYoWQs1g:Gf0K0GxWyPOWQlcyoqvaYg
      Content-Length:
      - '27'
      Host:
      - staging2-lcm-prod.intgdc.com
  response:
    status:
      code: 200
      message: OK
    headers:
      Date:
      - Tue, 05 Jun 2018 07:36:54 GMT
      Server:
      - GoodData WebApp
      Keep-Alive:
      - timeout=5, max=87
      X-Gdc-Log-Header:
      - ''
      Cache-Control:
      - no-cache, no-store, must-revalidate
      Content-Type:
      - application/json;charset=UTF-8
      X-Gdc-Request:
      - EkiH6abZPsDJ8HrYoWQs1g:Gf0K0GxWyPOWQlcyoqvaYg:nT4MuSdmSupv0s1K
      Vary:
      - origin
      X-Gdc-Request-Time:
      - '40'
      Transfer-Encoding:
      - chunked
      Strict-Transport-Security:
      - max-age=10886400; includeSubDomains; preload;
    body:
      encoding: ASCII-8BIT
      string: '{"validElements":{"elementsMeta":{"attribute":"/gdc/md/e5p7qod8gz1k7yk680xs07bu1xxeziwq/obj/214","filter":"","order":"asc","attributeDisplayForm":"/gdc/md/e5p7qod8gz1k7yk680xs07bu1xxeziwq/obj/216"},"paging":{"count":3,"total":"3","offset":"0"},"items":[{"element":{"title":"jirka@gooddata.com","uri":"/gdc/md/e5p7qod8gz1k7yk680xs07bu1xxeziwq/obj/214/elements?id=3"}},{"element":{"title":"petr@gooddata.com","uri":"/gdc/md/e5p7qod8gz1k7yk680xs07bu1xxeziwq/obj/214/elements?id=2"}},{"element":{"title":"tomas@gooddata.com","uri":"/gdc/md/e5p7qod8gz1k7yk680xs07bu1xxeziwq/obj/214/elements?id=1"}}]}}'
    http_version: 
  recorded_at: Tue, 05 Jun 2018 07:36:54 GMT
- request:
    method: post
    uri: https://staging2-lcm-prod.intgdc.com/gdc/md/e5p7qod8gz1k7yk680xs07bu1xxeziwq/obj/216/validElements?limit=100000&offset=0&order=asc
    body:
      encoding: UTF-8
      string: '{"validElementsRequest":{}}'
    headers:
      Accept:
      - application/json, application/zip
      Accept-Encoding:
      - gzip, deflate
      User-Agent:
      - gooddata-gem/1.1.0/x86_64-linux/2.4.1
      Content-Type:
      - application/json
      X-Gdc-Authtt:
      - "<X_GDC_AUTHTT>"
      X-Gdc-Request:
      - EkiH6abZPsDJ8HrYoWQs1g:BrwWs57q9xeggChjXz4yTw
      Content-Length:
      - '27'
      Host:
      - staging2-lcm-prod.intgdc.com
  response:
    status:
      code: 200
      message: OK
    headers:
      Date:
      - Tue, 05 Jun 2018 07:36:55 GMT
      Server:
      - GoodData WebApp
      Keep-Alive:
      - timeout=5, max=88
      X-Gdc-Log-Header:
      - ''
      Cache-Control:
      - no-cache, no-store, must-revalidate
      Content-Type:
      - application/json;charset=UTF-8
      X-Gdc-Request:
      - EkiH6abZPsDJ8HrYoWQs1g:BrwWs57q9xeggChjXz4yTw:t0ek0yKqIvGj78yo
      Vary:
      - origin
      X-Gdc-Request-Time:
      - '37'
      Transfer-Encoding:
      - chunked
      Strict-Transport-Security:
      - max-age=10886400; includeSubDomains; preload;
    body:
      encoding: ASCII-8BIT
      string: '{"validElements":{"elementsMeta":{"attribute":"/gdc/md/e5p7qod8gz1k7yk680xs07bu1xxeziwq/obj/214","filter":"","order":"asc","attributeDisplayForm":"/gdc/md/e5p7qod8gz1k7yk680xs07bu1xxeziwq/obj/216"},"paging":{"count":3,"total":"3","offset":"0"},"items":[{"element":{"title":"jirka@gooddata.com","uri":"/gdc/md/e5p7qod8gz1k7yk680xs07bu1xxeziwq/obj/214/elements?id=3"}},{"element":{"title":"petr@gooddata.com","uri":"/gdc/md/e5p7qod8gz1k7yk680xs07bu1xxeziwq/obj/214/elements?id=2"}},{"element":{"title":"tomas@gooddata.com","uri":"/gdc/md/e5p7qod8gz1k7yk680xs07bu1xxeziwq/obj/214/elements?id=1"}}]}}'
    http_version: 
  recorded_at: Tue, 05 Jun 2018 07:36:55 GMT
- request:
    method: post
    uri: https://staging2-lcm-prod.intgdc.com/gdc/md/e5p7qod8gz1k7yk680xs07bu1xxeziwq/variables/user
    body:
      encoding: UTF-8
      string: '{"variables":[{"related":"/gdc/account/profile/5ad80b895edcc438e5a4418e222733fa","level":"user","expression":"[/gdc/md/e5p7qod8gz1k7yk680xs07bu1xxeziwq/obj/214]
        IN ([/gdc/md/e5p7qod8gz1k7yk680xs07bu1xxeziwq/obj/214/elements?id=3])","type":"filter","prompt":"/gdc/md/e5p7qod8gz1k7yk680xs07bu1xxeziwq/obj/250"}]}'
    headers:
      Accept:
      - application/json, application/zip
      Accept-Encoding:
      - gzip, deflate
      User-Agent:
      - gooddata-gem/1.1.0/x86_64-linux/2.4.1
      Content-Type:
      - application/json
      X-Gdc-Authtt:
      - "<X_GDC_AUTHTT>"
      X-Gdc-Request:
      - EkiH6abZPsDJ8HrYoWQs1g:Dr60lQoZQCs6tOWApCe4Tw
      Content-Length:
      - '310'
      Host:
      - staging2-lcm-prod.intgdc.com
  response:
    status:
      code: 200
      message: OK
    headers:
      Date:
      - Tue, 05 Jun 2018 07:36:55 GMT
      Server:
      - GoodData WebApp
      Keep-Alive:
      - timeout=5, max=87
      X-Gdc-Log-Header:
      - ''
      Cache-Control:
      - no-cache, no-store, must-revalidate
      Content-Type:
      - application/json;charset=UTF-8
      X-Gdc-Request:
      - EkiH6abZPsDJ8HrYoWQs1g:Dr60lQoZQCs6tOWApCe4Tw:wLmPGaE0Dk3CFkTb
      Vary:
      - origin
      X-Gdc-Request-Time:
      - '58'
      Transfer-Encoding:
      - chunked
      Strict-Transport-Security:
      - max-age=10886400; includeSubDomains; preload;
    body:
      encoding: ASCII-8BIT
      string: '{"uris":["/gdc/md/e5p7qod8gz1k7yk680xs07bu1xxeziwq/variables/item/4"]}'
    http_version: 
  recorded_at: Tue, 05 Jun 2018 07:36:55 GMT
- request:
    method: post
    uri: https://staging2-lcm-prod.intgdc.com/gdc/md/e5p7qod8gz1k7yk680xs07bu1xxeziwq/variables/search
    body:
      encoding: UTF-8
      string: '{"variablesSearch":{"variables":["/gdc/md/e5p7qod8gz1k7yk680xs07bu1xxeziwq/obj/250"],"context":[]}}'
    headers:
      Accept:
      - application/json, application/zip
      Accept-Encoding:
      - gzip, deflate
      User-Agent:
      - gooddata-gem/1.1.0/x86_64-linux/2.4.1
      Content-Type:
      - application/json
      X-Gdc-Authtt:
      - "<X_GDC_AUTHTT>"
      X-Gdc-Request:
      - EkiH6abZPsDJ8HrYoWQs1g:kl9ZLQAQIp3DuZDdY4X-6w
      Content-Length:
      - '99'
      Host:
      - staging2-lcm-prod.intgdc.com
  response:
    status:
      code: 200
      message: OK
    headers:
      Date:
      - Tue, 05 Jun 2018 07:36:56 GMT
      Server:
      - GoodData WebApp
      Keep-Alive:
      - timeout=5, max=86
      X-Gdc-Log-Header:
      - ''
      Cache-Control:
      - no-cache, no-store, must-revalidate
      Content-Type:
      - application/json;charset=UTF-8
      X-Gdc-Request:
      - EkiH6abZPsDJ8HrYoWQs1g:kl9ZLQAQIp3DuZDdY4X-6w:KV6DK43Okbyk9kNp
      Vary:
      - origin
      X-Gdc-Request-Time:
      - '31'
      Transfer-Encoding:
      - chunked
      Strict-Transport-Security:
      - max-age=10886400; includeSubDomains; preload;
    body:
      encoding: ASCII-8BIT
      string: '{"variables":[{"related":"/gdc/account/profile/5ad80b895edcc438e5a4418e222733fa","level":"user","tree":{"content":[{"value":"/gdc/md/e5p7qod8gz1k7yk680xs07bu1xxeziwq/obj/214","position":{"column":14,"line":1},"type":"attribute
        object"},{"content":[{"value":"/gdc/md/e5p7qod8gz1k7yk680xs07bu1xxeziwq/obj/214/elements?id=3","position":{"column":69,"line":1},"type":"attributeElement
        object"}],"position":{"column":69,"line":1},"type":"list"}],"position":{"column":65,"line":1},"type":"in"},"expression":"[/gdc/md/e5p7qod8gz1k7yk680xs07bu1xxeziwq/obj/214]
        IN ([/gdc/md/e5p7qod8gz1k7yk680xs07bu1xxeziwq/obj/214/elements?id=3])","type":"filter","uri":"/gdc/md/e5p7qod8gz1k7yk680xs07bu1xxeziwq/variables/item/4","prompt":"/gdc/md/e5p7qod8gz1k7yk680xs07bu1xxeziwq/obj/250"}]}'
    http_version: 
  recorded_at: Tue, 05 Jun 2018 07:36:56 GMT
- request:
    method: get
    uri: https://staging2-lcm-prod.intgdc.com/gdc/md/e5p7qod8gz1k7yk680xs07bu1xxeziwq/obj/214
    body:
      encoding: US-ASCII
      string: ''
    headers:
      Accept:
      - application/json, application/zip
      Accept-Encoding:
      - gzip, deflate
      User-Agent:
      - gooddata-gem/1.1.0/x86_64-linux/2.4.1
      Content-Type:
      - application/json
      X-Gdc-Authtt:
      - "<X_GDC_AUTHTT>"
      X-Gdc-Request:
      - EkiH6abZPsDJ8HrYoWQs1g:R0hMmC7ZvIMT7AclYQZMtQ
      Host:
      - staging2-lcm-prod.intgdc.com
  response:
    status:
      code: 200
      message: OK
    headers:
      Date:
      - Tue, 05 Jun 2018 07:36:57 GMT
      Server:
      - GoodData WebApp
      Keep-Alive:
      - timeout=5, max=46
      X-Gdc-Log-Header:
      - ''
      Cache-Control:
      - no-cache, no-store, must-revalidate
      Content-Type:
      - application/json;charset=UTF-8
      Transfer-Encoding:
      - chunked
      Vary:
      - Accept-Encoding
      - origin
      X-Gdc-Request:
      - EkiH6abZPsDJ8HrYoWQs1g:R0hMmC7ZvIMT7AclYQZMtQ:tHtvnjWCNgPdb8UQ
      X-Gdc-Request-Time:
      - '36'
      Strict-Transport-Security:
      - max-age=10886400; includeSubDomains; preload;
    body:
      encoding: ASCII-8BIT
      string: '{"attribute":{"content":{"pk":[{"type":"col","data":"/gdc/md/e5p7qod8gz1k7yk680xs07bu1xxeziwq/obj/11"}],"dimension":"/gdc/md/e5p7qod8gz1k7yk680xs07bu1xxeziwq/obj/213","displayForms":[{"content":{"formOf":"/gdc/md/e5p7qod8gz1k7yk680xs07bu1xxeziwq/obj/214","expression":"[/gdc/md/e5p7qod8gz1k7yk680xs07bu1xxeziwq/obj/13]","default":1},"links":{"elements":"/gdc/md/e5p7qod8gz1k7yk680xs07bu1xxeziwq/obj/216/elements"},"meta":{"author":"/gdc/account/profile/5ad80b895edcc438e5a4418e222733fa","uri":"/gdc/md/e5p7qod8gz1k7yk680xs07bu1xxeziwq/obj/216","tags":"","created":"2018-06-05
        09:35:34","identifier":"label.devs.dev_id.email","deprecated":"0","summary":"","isProduction":1,"title":"Email","category":"attributeDisplayForm","updated":"2018-06-05
        09:35:35","contributor":"/gdc/account/profile/5ad80b895edcc438e5a4418e222733fa"}},{"content":{"formOf":"/gdc/md/e5p7qod8gz1k7yk680xs07bu1xxeziwq/obj/214","expression":"[/gdc/md/e5p7qod8gz1k7yk680xs07bu1xxeziwq/obj/15]"},"links":{"elements":"/gdc/md/e5p7qod8gz1k7yk680xs07bu1xxeziwq/obj/215/elements"},"meta":{"author":"/gdc/account/profile/5ad80b895edcc438e5a4418e222733fa","uri":"/gdc/md/e5p7qod8gz1k7yk680xs07bu1xxeziwq/obj/215","tags":"","created":"2018-06-05
        09:35:34","identifier":"label.devs.dev_id.id","deprecated":"0","summary":"","isProduction":1,"title":"Id","category":"attributeDisplayForm","updated":"2018-06-05
        09:35:34","contributor":"/gdc/account/profile/5ad80b895edcc438e5a4418e222733fa"}}],"fk":[{"multivalue":false,"type":"col","data":"/gdc/md/e5p7qod8gz1k7yk680xs07bu1xxeziwq/obj/25"}]},"meta":{"author":"/gdc/account/profile/5ad80b895edcc438e5a4418e222733fa","uri":"/gdc/md/e5p7qod8gz1k7yk680xs07bu1xxeziwq/obj/214","tags":"","created":"2018-06-05
        09:35:34","identifier":"attr.devs.dev_id","deprecated":"0","summary":"","isProduction":1,"title":"Dev","category":"attribute","updated":"2018-06-05
        09:35:35","contributor":"/gdc/account/profile/5ad80b895edcc438e5a4418e222733fa"}}}'
    http_version: 
  recorded_at: Tue, 05 Jun 2018 07:36:57 GMT
- request:
    method: get
    uri: https://staging2-lcm-prod.intgdc.com/gdc/md/e5p7qod8gz1k7yk680xs07bu1xxeziwq/obj/214
    body:
      encoding: US-ASCII
      string: ''
    headers:
      Accept:
      - application/json, application/zip
      Accept-Encoding:
      - gzip, deflate
      User-Agent:
      - gooddata-gem/1.1.0/x86_64-linux/2.4.1
      Content-Type:
      - application/json
      X-Gdc-Authtt:
      - "<X_GDC_AUTHTT>"
      X-Gdc-Request:
      - EkiH6abZPsDJ8HrYoWQs1g:j9BWwxQEaLBlGFgmfRFmUw
      Host:
      - staging2-lcm-prod.intgdc.com
  response:
    status:
      code: 200
      message: OK
    headers:
      Date:
      - Tue, 05 Jun 2018 07:36:58 GMT
      Server:
      - GoodData WebApp
      Keep-Alive:
      - timeout=5, max=45
      X-Gdc-Log-Header:
      - ''
      Cache-Control:
      - no-cache, no-store, must-revalidate
      Content-Type:
      - application/json;charset=UTF-8
      Transfer-Encoding:
      - chunked
      Vary:
      - Accept-Encoding
      - origin
      X-Gdc-Request:
      - EkiH6abZPsDJ8HrYoWQs1g:j9BWwxQEaLBlGFgmfRFmUw:nuZ7OovtNWIwQFHc
      X-Gdc-Request-Time:
      - '35'
      Strict-Transport-Security:
      - max-age=10886400; includeSubDomains; preload;
    body:
      encoding: ASCII-8BIT
      string: '{"attribute":{"content":{"pk":[{"type":"col","data":"/gdc/md/e5p7qod8gz1k7yk680xs07bu1xxeziwq/obj/11"}],"dimension":"/gdc/md/e5p7qod8gz1k7yk680xs07bu1xxeziwq/obj/213","displayForms":[{"content":{"formOf":"/gdc/md/e5p7qod8gz1k7yk680xs07bu1xxeziwq/obj/214","expression":"[/gdc/md/e5p7qod8gz1k7yk680xs07bu1xxeziwq/obj/13]","default":1},"links":{"elements":"/gdc/md/e5p7qod8gz1k7yk680xs07bu1xxeziwq/obj/216/elements"},"meta":{"author":"/gdc/account/profile/5ad80b895edcc438e5a4418e222733fa","uri":"/gdc/md/e5p7qod8gz1k7yk680xs07bu1xxeziwq/obj/216","tags":"","created":"2018-06-05
        09:35:34","identifier":"label.devs.dev_id.email","deprecated":"0","summary":"","isProduction":1,"title":"Email","category":"attributeDisplayForm","updated":"2018-06-05
        09:35:35","contributor":"/gdc/account/profile/5ad80b895edcc438e5a4418e222733fa"}},{"content":{"formOf":"/gdc/md/e5p7qod8gz1k7yk680xs07bu1xxeziwq/obj/214","expression":"[/gdc/md/e5p7qod8gz1k7yk680xs07bu1xxeziwq/obj/15]"},"links":{"elements":"/gdc/md/e5p7qod8gz1k7yk680xs07bu1xxeziwq/obj/215/elements"},"meta":{"author":"/gdc/account/profile/5ad80b895edcc438e5a4418e222733fa","uri":"/gdc/md/e5p7qod8gz1k7yk680xs07bu1xxeziwq/obj/215","tags":"","created":"2018-06-05
        09:35:34","identifier":"label.devs.dev_id.id","deprecated":"0","summary":"","isProduction":1,"title":"Id","category":"attributeDisplayForm","updated":"2018-06-05
        09:35:34","contributor":"/gdc/account/profile/5ad80b895edcc438e5a4418e222733fa"}}],"fk":[{"multivalue":false,"type":"col","data":"/gdc/md/e5p7qod8gz1k7yk680xs07bu1xxeziwq/obj/25"}]},"meta":{"author":"/gdc/account/profile/5ad80b895edcc438e5a4418e222733fa","uri":"/gdc/md/e5p7qod8gz1k7yk680xs07bu1xxeziwq/obj/214","tags":"","created":"2018-06-05
        09:35:34","identifier":"attr.devs.dev_id","deprecated":"0","summary":"","isProduction":1,"title":"Dev","category":"attribute","updated":"2018-06-05
        09:35:35","contributor":"/gdc/account/profile/5ad80b895edcc438e5a4418e222733fa"}}}'
    http_version: 
  recorded_at: Tue, 05 Jun 2018 07:36:58 GMT
- request:
    method: get
    uri: https://staging2-lcm-prod.intgdc.com/gdc/md/e5p7qod8gz1k7yk680xs07bu1xxeziwq/obj/216
    body:
      encoding: US-ASCII
      string: ''
    headers:
      Accept:
      - application/json, application/zip
      Accept-Encoding:
      - gzip, deflate
      User-Agent:
      - gooddata-gem/1.1.0/x86_64-linux/2.4.1
      Content-Type:
      - application/json
      X-Gdc-Authtt:
      - "<X_GDC_AUTHTT>"
      X-Gdc-Request:
      - EkiH6abZPsDJ8HrYoWQs1g:o1PEo1g1WTcKAg3M3cGjIA
      Host:
      - staging2-lcm-prod.intgdc.com
  response:
    status:
      code: 200
      message: OK
    headers:
      Date:
      - Tue, 05 Jun 2018 07:36:59 GMT
      Server:
      - GoodData WebApp
      Keep-Alive:
      - timeout=5, max=86
      X-Gdc-Log-Header:
      - ''
      Cache-Control:
      - no-cache, no-store, must-revalidate
      Content-Type:
      - application/json;charset=UTF-8
      X-Gdc-Request:
      - EkiH6abZPsDJ8HrYoWQs1g:o1PEo1g1WTcKAg3M3cGjIA:AGXoYumpPL0Adclm
      Vary:
      - origin
      X-Gdc-Request-Time:
      - '29'
      Transfer-Encoding:
      - chunked
      Strict-Transport-Security:
      - max-age=10886400; includeSubDomains; preload;
    body:
      encoding: ASCII-8BIT
      string: '{"attributeDisplayForm":{"content":{"formOf":"/gdc/md/e5p7qod8gz1k7yk680xs07bu1xxeziwq/obj/214","expression":"[/gdc/md/e5p7qod8gz1k7yk680xs07bu1xxeziwq/obj/13]","default":1},"links":{"elements":"/gdc/md/e5p7qod8gz1k7yk680xs07bu1xxeziwq/obj/216/elements"},"meta":{"author":"/gdc/account/profile/5ad80b895edcc438e5a4418e222733fa","uri":"/gdc/md/e5p7qod8gz1k7yk680xs07bu1xxeziwq/obj/216","tags":"","created":"2018-06-05
        09:35:34","identifier":"label.devs.dev_id.email","deprecated":"0","summary":"","isProduction":1,"title":"Email","category":"attributeDisplayForm","updated":"2018-06-05
        09:35:35","contributor":"/gdc/account/profile/5ad80b895edcc438e5a4418e222733fa"}}}'
    http_version: 
  recorded_at: Tue, 05 Jun 2018 07:36:59 GMT
- request:
    method: get
    uri: https://staging2-lcm-prod.intgdc.com/gdc/md/e5p7qod8gz1k7yk680xs07bu1xxeziwq/obj/215
    body:
      encoding: US-ASCII
      string: ''
    headers:
      Accept:
      - application/json, application/zip
      Accept-Encoding:
      - gzip, deflate
      User-Agent:
      - gooddata-gem/1.1.0/x86_64-linux/2.4.1
      Content-Type:
      - application/json
      X-Gdc-Authtt:
      - "<X_GDC_AUTHTT>"
      X-Gdc-Request:
      - EkiH6abZPsDJ8HrYoWQs1g:d1-lT4ygBK_gAbNCqYdh9A
      Host:
      - staging2-lcm-prod.intgdc.com
  response:
    status:
      code: 200
      message: OK
    headers:
      Date:
      - Tue, 05 Jun 2018 07:36:59 GMT
      Server:
      - GoodData WebApp
      Keep-Alive:
      - timeout=5, max=85
      X-Gdc-Log-Header:
      - ''
      Cache-Control:
      - no-cache, no-store, must-revalidate
      Content-Type:
      - application/json;charset=UTF-8
      X-Gdc-Request:
      - EkiH6abZPsDJ8HrYoWQs1g:d1-lT4ygBK_gAbNCqYdh9A:KTHAPV490ZodBbYd
      Vary:
      - origin
      X-Gdc-Request-Time:
      - '29'
      Transfer-Encoding:
      - chunked
      Strict-Transport-Security:
      - max-age=10886400; includeSubDomains; preload;
    body:
      encoding: ASCII-8BIT
      string: '{"attributeDisplayForm":{"content":{"formOf":"/gdc/md/e5p7qod8gz1k7yk680xs07bu1xxeziwq/obj/214","expression":"[/gdc/md/e5p7qod8gz1k7yk680xs07bu1xxeziwq/obj/15]"},"links":{"elements":"/gdc/md/e5p7qod8gz1k7yk680xs07bu1xxeziwq/obj/215/elements"},"meta":{"author":"/gdc/account/profile/5ad80b895edcc438e5a4418e222733fa","uri":"/gdc/md/e5p7qod8gz1k7yk680xs07bu1xxeziwq/obj/215","tags":"","created":"2018-06-05
        09:35:34","identifier":"label.devs.dev_id.id","deprecated":"0","summary":"","isProduction":1,"title":"Id","category":"attributeDisplayForm","updated":"2018-06-05
        09:35:34","contributor":"/gdc/account/profile/5ad80b895edcc438e5a4418e222733fa"}}}'
    http_version: 
  recorded_at: Tue, 05 Jun 2018 07:37:00 GMT
- request:
    method: get
    uri: https://staging2-lcm-prod.intgdc.com/gdc/md/e5p7qod8gz1k7yk680xs07bu1xxeziwq/obj/216/elements/?id=3
    body:
      encoding: US-ASCII
      string: ''
    headers:
      Accept:
      - application/json, application/zip
      Accept-Encoding:
      - gzip, deflate
      User-Agent:
      - gooddata-gem/1.1.0/x86_64-linux/2.4.1
      Content-Type:
      - application/json
      X-Gdc-Authtt:
      - "<X_GDC_AUTHTT>"
      X-Gdc-Request:
      - EkiH6abZPsDJ8HrYoWQs1g:7M5qpIktQLwemJnfwa7LUw
      Host:
      - staging2-lcm-prod.intgdc.com
  response:
    status:
      code: 200
      message: OK
    headers:
      Date:
      - Tue, 05 Jun 2018 07:37:00 GMT
      Server:
      - GoodData WebApp
      Keep-Alive:
      - timeout=5, max=84
      X-Gdc-Log-Header:
      - ''
      Cache-Control:
      - no-cache, no-store, must-revalidate
      Content-Type:
      - application/json;charset=UTF-8
      X-Gdc-Request:
      - EkiH6abZPsDJ8HrYoWQs1g:7M5qpIktQLwemJnfwa7LUw:FXrVdfQBoOvSgBu2
      Vary:
      - origin
      X-Gdc-Request-Time:
      - '38'
      Transfer-Encoding:
      - chunked
      Strict-Transport-Security:
      - max-age=10886400; includeSubDomains; preload;
    body:
      encoding: ASCII-8BIT
      string: '{"attributeElements":{"elementsMeta":{"count":1,"mode":"includeuris","filter":"","records":"1","prompt":"","attribute":"/gdc/md/e5p7qod8gz1k7yk680xs07bu1xxeziwq/obj/214","order":"asc","attributeDisplayForm":"/gdc/md/e5p7qod8gz1k7yk680xs07bu1xxeziwq/obj/216","offset":"0"},"elements":[{"title":"jirka@gooddata.com","uri":"/gdc/md/e5p7qod8gz1k7yk680xs07bu1xxeziwq/obj/214/elements?id=3"}],"paging":{"next":null,"count":1,"total":"1","offset":"0"}}}'
    http_version: 
  recorded_at: Tue, 05 Jun 2018 07:37:00 GMT
- request:
    method: post
    uri: https://staging2-lcm-prod.intgdc.com/gdc/md/e5p7qod8gz1k7yk680xs07bu1xxeziwq/variables/search
    body:
      encoding: UTF-8
      string: '{"variablesSearch":{"variables":["/gdc/md/e5p7qod8gz1k7yk680xs07bu1xxeziwq/obj/250"],"context":[]}}'
    headers:
      Accept:
      - application/json, application/zip
      Accept-Encoding:
      - gzip, deflate
      User-Agent:
      - gooddata-gem/1.1.0/x86_64-linux/2.4.1
      Content-Type:
      - application/json
      X-Gdc-Authtt:
      - "<X_GDC_AUTHTT>"
      X-Gdc-Request:
      - EkiH6abZPsDJ8HrYoWQs1g:YSHFYR2LC5adtd0XSpApmQ
      Content-Length:
      - '99'
      Host:
      - staging2-lcm-prod.intgdc.com
  response:
    status:
      code: 200
      message: OK
    headers:
      Date:
      - Tue, 05 Jun 2018 07:37:01 GMT
      Server:
      - GoodData WebApp
      Keep-Alive:
      - timeout=5, max=83
      X-Gdc-Log-Header:
      - ''
      Cache-Control:
      - no-cache, no-store, must-revalidate
      Content-Type:
      - application/json;charset=UTF-8
      X-Gdc-Request:
      - EkiH6abZPsDJ8HrYoWQs1g:YSHFYR2LC5adtd0XSpApmQ:CzHjrMlKoeGK1nmb
      Vary:
      - origin
      X-Gdc-Request-Time:
      - '27'
      Transfer-Encoding:
      - chunked
      Strict-Transport-Security:
      - max-age=10886400; includeSubDomains; preload;
    body:
      encoding: ASCII-8BIT
      string: '{"variables":[{"related":"/gdc/account/profile/5ad80b895edcc438e5a4418e222733fa","level":"user","tree":{"content":[{"value":"/gdc/md/e5p7qod8gz1k7yk680xs07bu1xxeziwq/obj/214","position":{"column":14,"line":1},"type":"attribute
        object"},{"content":[{"value":"/gdc/md/e5p7qod8gz1k7yk680xs07bu1xxeziwq/obj/214/elements?id=3","position":{"column":69,"line":1},"type":"attributeElement
        object"}],"position":{"column":69,"line":1},"type":"list"}],"position":{"column":65,"line":1},"type":"in"},"expression":"[/gdc/md/e5p7qod8gz1k7yk680xs07bu1xxeziwq/obj/214]
        IN ([/gdc/md/e5p7qod8gz1k7yk680xs07bu1xxeziwq/obj/214/elements?id=3])","type":"filter","uri":"/gdc/md/e5p7qod8gz1k7yk680xs07bu1xxeziwq/variables/item/4","prompt":"/gdc/md/e5p7qod8gz1k7yk680xs07bu1xxeziwq/obj/250"}]}'
    http_version: 
  recorded_at: Tue, 05 Jun 2018 07:37:01 GMT
- request:
    method: post
    uri: https://staging2-lcm-prod.intgdc.com/gdc/md/e5p7qod8gz1k7yk680xs07bu1xxeziwq/variables/search
    body:
      encoding: UTF-8
      string: '{"variablesSearch":{"variables":["/gdc/md/e5p7qod8gz1k7yk680xs07bu1xxeziwq/obj/250"],"context":[]}}'
    headers:
      Accept:
      - application/json, application/zip
      Accept-Encoding:
      - gzip, deflate
      User-Agent:
      - gooddata-gem/1.1.0/x86_64-linux/2.4.1
      Content-Type:
      - application/json
      X-Gdc-Authtt:
      - "<X_GDC_AUTHTT>"
      X-Gdc-Request:
      - EkiH6abZPsDJ8HrYoWQs1g:pQexybUdnVL6r1AkPuOhcQ
      Content-Length:
      - '99'
      Host:
      - staging2-lcm-prod.intgdc.com
  response:
    status:
      code: 200
      message: OK
    headers:
      Date:
      - Tue, 05 Jun 2018 07:37:02 GMT
      Server:
      - GoodData WebApp
      Keep-Alive:
      - timeout=5, max=42
      X-Gdc-Log-Header:
      - ''
      Cache-Control:
      - no-cache, no-store, must-revalidate
      Content-Type:
      - application/json;charset=UTF-8
      X-Gdc-Request:
      - EkiH6abZPsDJ8HrYoWQs1g:pQexybUdnVL6r1AkPuOhcQ:d2XSnSEnR5OHwclu
      Vary:
      - origin
      X-Gdc-Request-Time:
      - '28'
      Transfer-Encoding:
      - chunked
      Strict-Transport-Security:
      - max-age=10886400; includeSubDomains; preload;
    body:
      encoding: ASCII-8BIT
      string: '{"variables":[{"related":"/gdc/account/profile/5ad80b895edcc438e5a4418e222733fa","level":"user","tree":{"content":[{"value":"/gdc/md/e5p7qod8gz1k7yk680xs07bu1xxeziwq/obj/214","position":{"column":14,"line":1},"type":"attribute
        object"},{"content":[{"value":"/gdc/md/e5p7qod8gz1k7yk680xs07bu1xxeziwq/obj/214/elements?id=3","position":{"column":69,"line":1},"type":"attributeElement
        object"}],"position":{"column":69,"line":1},"type":"list"}],"position":{"column":65,"line":1},"type":"in"},"expression":"[/gdc/md/e5p7qod8gz1k7yk680xs07bu1xxeziwq/obj/214]
        IN ([/gdc/md/e5p7qod8gz1k7yk680xs07bu1xxeziwq/obj/214/elements?id=3])","type":"filter","uri":"/gdc/md/e5p7qod8gz1k7yk680xs07bu1xxeziwq/variables/item/4","prompt":"/gdc/md/e5p7qod8gz1k7yk680xs07bu1xxeziwq/obj/250"}]}'
    http_version: 
  recorded_at: Tue, 05 Jun 2018 07:37:02 GMT
- request:
    method: delete
    uri: https://staging2-lcm-prod.intgdc.com/gdc/md/e5p7qod8gz1k7yk680xs07bu1xxeziwq/variables/item/4
    body:
      encoding: US-ASCII
      string: ''
    headers:
      Accept:
      - application/json, application/zip
      Accept-Encoding:
      - gzip, deflate
      User-Agent:
      - gooddata-gem/1.1.0/x86_64-linux/2.4.1
      Content-Type:
      - application/json
      X-Gdc-Authtt:
      - "<X_GDC_AUTHTT>"
      X-Gdc-Request:
      - EkiH6abZPsDJ8HrYoWQs1g:EkxTN8jcJqn7gplc9EYMsQ
      Host:
      - staging2-lcm-prod.intgdc.com
  response:
    status:
      code: 200
      message: OK
    headers:
      Date:
      - Tue, 05 Jun 2018 07:37:02 GMT
      Server:
      - GoodData WebApp
      Keep-Alive:
      - timeout=5, max=41
      X-Gdc-Log-Header:
      - ''
      Cache-Control:
      - no-cache, no-store, must-revalidate
      X-Gdc-Request-Time:
      - '25'
      X-Gdc-Request:
      - EkiH6abZPsDJ8HrYoWQs1g:EkxTN8jcJqn7gplc9EYMsQ:8yM8JMj3ljhYfWQg
      Vary:
      - origin
      Transfer-Encoding:
      - chunked
      Strict-Transport-Security:
      - max-age=10886400; includeSubDomains; preload;
    body:
      encoding: ASCII-8BIT
      string: ''
    http_version: 
  recorded_at: Tue, 05 Jun 2018 07:37:02 GMT
- request:
    method: post
    uri: https://staging2-lcm-prod.intgdc.com/gdc/md/lwpctxvjazg947k3o22nxfflghomasdb/variables/search
    body:
      encoding: UTF-8
      string: '{"variablesSearch":{"variables":["/gdc/md/lwpctxvjazg947k3o22nxfflghomasdb/obj/253"],"context":[]}}'
    headers:
      Accept:
      - application/json, application/zip
      Accept-Encoding:
      - gzip, deflate
      User-Agent:
      - gooddata-gem/1.3.1/x86_64-darwin16/2.3.3
      Content-Type:
      - application/json
      X-Gdc-Authtt:
      - "<X_GDC_AUTHTT>"
      X-Gdc-Request:
      - Yab0A4k3R6MjWyZz5GdeXA:LhWLwaJNaq7spIuCyGPwzw
      Content-Length:
      - '99'
      Host:
      - staging2-lcm-prod.intgdc.com
  response:
    status:
      code: 200
      message: OK
    headers:
      Date:
      - Fri, 05 Oct 2018 13:25:49 GMT
      Server:
      - GoodData WebApp
      Keep-Alive:
      - timeout=5, max=88
      X-Gdc-Log-Header:
      - ''
      Cache-Control:
      - no-cache, no-store, must-revalidate
      Content-Type:
      - application/json;charset=UTF-8
      X-Gdc-Request:
      - Yab0A4k3R6MjWyZz5GdeXA:LhWLwaJNaq7spIuCyGPwzw:lv90FVzrQF2EFu9Y
      Vary:
      - origin
      X-Gdc-Request-Time:
      - '23'
      Transfer-Encoding:
      - chunked
      Strict-Transport-Security:
      - max-age=10886400; includeSubDomains; preload;
    body:
      encoding: ASCII-8BIT
      string: '{"variables":[]}'
    http_version: 
  recorded_at: Fri, 05 Oct 2018 13:25:49 GMT
- request:
    method: get
    uri: https://staging2-lcm-prod.intgdc.com/gdc/projects/lwpctxvjazg947k3o22nxfflghomasdb/users?limit=1000&offset=0
    body:
      encoding: US-ASCII
      string: ''
    headers:
      Accept:
      - application/json, application/zip
      Accept-Encoding:
      - gzip, deflate
      User-Agent:
      - gooddata-gem/1.3.1/x86_64-darwin16/2.3.3
      Content-Type:
      - application/json
      X-Gdc-Authtt:
      - "<X_GDC_AUTHTT>"
      X-Gdc-Request:
      - Yab0A4k3R6MjWyZz5GdeXA:TYTDq3hBvjDgxTjUjL4Sdg
      Host:
      - staging2-lcm-prod.intgdc.com
  response:
    status:
      code: 200
      message: OK
    headers:
      Date:
      - Fri, 05 Oct 2018 13:25:49 GMT
      Server:
      - GoodData WebApp
      Keep-Alive:
      - timeout=5, max=95
      X-Gdc-Log-Header:
      - ''
      Cache-Control:
      - no-cache, no-store, must-revalidate
      Content-Type:
      - application/json;charset=UTF-8
      X-Gdc-Request:
      - Yab0A4k3R6MjWyZz5GdeXA:TYTDq3hBvjDgxTjUjL4Sdg:uHQO4hUUjRFqifhL
      Vary:
      - origin
      X-Gdc-Request-Time:
      - '39'
      Transfer-Encoding:
      - chunked
      Strict-Transport-Security:
      - max-age=10886400; includeSubDomains; preload;
    body:
      encoding: ASCII-8BIT
      string: '{"users":[{"user":{"content":{"email":"rubydev+admin@gooddata.com","firstname":"the","userRoles":["/gdc/projects/lwpctxvjazg947k3o22nxfflghomasdb/roles/2"],"phonenumber":"","status":"ENABLED","lastname":"1","login":"rubydev+admin@gooddata.com"},"links":{"roles":"/gdc/projects/lwpctxvjazg947k3o22nxfflghomasdb/users/5ad80b895edcc438e5a4418e222733fa/roles","permissions":"/gdc/projects/lwpctxvjazg947k3o22nxfflghomasdb/users/5ad80b895edcc438e5a4418e222733fa/permissions","self":"/gdc/account/profile/5ad80b895edcc438e5a4418e222733fa","projects":"/gdc/account/profile/5ad80b895edcc438e5a4418e222733fa/projects","projectRelUri":"/gdc/projects/lwpctxvjazg947k3o22nxfflghomasdb/users/5ad80b895edcc438e5a4418e222733fa"},"meta":{"created":"2017-02-10
        12:18:01","updated":"2018-10-05 14:45:23","author":"/gdc/account/profile/5ad80b895edcc438e5a4418e222733fa","title":"the
        1","contributor":"/gdc/account/profile/5ad80b895edcc438e5a4418e222733fa"}}}]}'
    http_version: 
  recorded_at: Fri, 05 Oct 2018 13:25:49 GMT
- request:
    method: get
    uri: https://staging2-lcm-prod.intgdc.com/gdc/md/lwpctxvjazg947k3o22nxfflghomasdb/obj/216
    body:
      encoding: US-ASCII
      string: ''
    headers:
      Accept:
      - application/json, application/zip
      Accept-Encoding:
      - gzip, deflate
      User-Agent:
      - gooddata-gem/1.3.1/x86_64-darwin16/2.3.3
      Content-Type:
      - application/json
      X-Gdc-Authtt:
      - "<X_GDC_AUTHTT>"
      X-Gdc-Request:
      - Yab0A4k3R6MjWyZz5GdeXA:TtON2T6kJCAYHlvmeaYb0g
      Host:
      - staging2-lcm-prod.intgdc.com
  response:
    status:
      code: 200
      message: OK
    headers:
      Date:
      - Fri, 05 Oct 2018 13:25:50 GMT
      Server:
      - GoodData WebApp
      Keep-Alive:
      - timeout=5, max=94
      X-Gdc-Log-Header:
      - ''
      Cache-Control:
      - no-cache, no-store, must-revalidate
      Content-Type:
      - application/json;charset=UTF-8
      X-Gdc-Request:
      - Yab0A4k3R6MjWyZz5GdeXA:TtON2T6kJCAYHlvmeaYb0g:EnQ0t0aDOIclLGiy
      Vary:
      - origin
      X-Gdc-Request-Time:
      - '59'
      Transfer-Encoding:
      - chunked
      Strict-Transport-Security:
      - max-age=10886400; includeSubDomains; preload;
    body:
      encoding: ASCII-8BIT
      string: '{"attributeDisplayForm":{"content":{"formOf":"/gdc/md/lwpctxvjazg947k3o22nxfflghomasdb/obj/214","expression":"[/gdc/md/lwpctxvjazg947k3o22nxfflghomasdb/obj/23]","default":1},"links":{"elements":"/gdc/md/lwpctxvjazg947k3o22nxfflghomasdb/obj/216/elements"},"meta":{"author":"/gdc/account/profile/5ad80b895edcc438e5a4418e222733fa","uri":"/gdc/md/lwpctxvjazg947k3o22nxfflghomasdb/obj/216","tags":"","created":"2018-10-05
        15:24:49","identifier":"label.devs.dev_id.email","deprecated":"0","summary":"","isProduction":1,"title":"Email","category":"attributeDisplayForm","updated":"2018-10-05
        15:24:49","contributor":"/gdc/account/profile/5ad80b895edcc438e5a4418e222733fa"}}}'
    http_version: 
  recorded_at: Fri, 05 Oct 2018 13:25:50 GMT
- request:
    method: post
    uri: https://staging2-lcm-prod.intgdc.com/gdc/md/lwpctxvjazg947k3o22nxfflghomasdb/obj/216/validElements?limit=1&offset=0&order=asc
    body:
      encoding: UTF-8
      string: '{"validElementsRequest":{}}'
    headers:
      Accept:
      - application/json, application/zip
      Accept-Encoding:
      - gzip, deflate
      User-Agent:
      - gooddata-gem/1.3.1/x86_64-darwin16/2.3.3
      Content-Type:
      - application/json
      X-Gdc-Authtt:
      - "<X_GDC_AUTHTT>"
      X-Gdc-Request:
      - Yab0A4k3R6MjWyZz5GdeXA:I5Sfs2Gs-sgXyAvXzl9ZTA
      Content-Length:
      - '27'
      Host:
      - staging2-lcm-prod.intgdc.com
  response:
    status:
      code: 200
      message: OK
    headers:
      Date:
      - Fri, 05 Oct 2018 13:25:50 GMT
      Server:
      - GoodData WebApp
      Keep-Alive:
      - timeout=5, max=87
      X-Gdc-Log-Header:
      - ''
      Cache-Control:
      - no-cache, no-store, must-revalidate
      Content-Type:
      - application/json;charset=UTF-8
      X-Gdc-Request:
      - Yab0A4k3R6MjWyZz5GdeXA:I5Sfs2Gs-sgXyAvXzl9ZTA:9jhsY5crkrEKAugw
      Vary:
      - origin
      X-Gdc-Request-Time:
      - '37'
      Transfer-Encoding:
      - chunked
      Strict-Transport-Security:
      - max-age=10886400; includeSubDomains; preload;
    body:
      encoding: ASCII-8BIT
      string: '{"validElements":{"elementsMeta":{"attribute":"/gdc/md/lwpctxvjazg947k3o22nxfflghomasdb/obj/214","filter":"","order":"asc","attributeDisplayForm":"/gdc/md/lwpctxvjazg947k3o22nxfflghomasdb/obj/216"},"paging":{"count":1,"total":"3","offset":"0"},"items":[{"element":{"title":"jirka@gooddata.com","uri":"/gdc/md/lwpctxvjazg947k3o22nxfflghomasdb/obj/214/elements?id=3"}}]}}'
    http_version: 
  recorded_at: Fri, 05 Oct 2018 13:25:50 GMT
- request:
    method: post
    uri: https://staging2-lcm-prod.intgdc.com/gdc/md/lwpctxvjazg947k3o22nxfflghomasdb/obj/216/validElements?limit=1&offset=0&order=asc
    body:
      encoding: UTF-8
      string: '{"validElementsRequest":{}}'
    headers:
      Accept:
      - application/json, application/zip
      Accept-Encoding:
      - gzip, deflate
      User-Agent:
      - gooddata-gem/1.3.1/x86_64-darwin16/2.3.3
      Content-Type:
      - application/json
      X-Gdc-Authtt:
      - "<X_GDC_AUTHTT>"
      X-Gdc-Request:
      - Yab0A4k3R6MjWyZz5GdeXA:eRagG1eygBHS9IZdAQHB_A
      Content-Length:
      - '27'
      Host:
      - staging2-lcm-prod.intgdc.com
  response:
    status:
      code: 200
      message: OK
    headers:
      Date:
      - Fri, 05 Oct 2018 13:25:51 GMT
      Server:
      - GoodData WebApp
      Keep-Alive:
      - timeout=5, max=93
      X-Gdc-Log-Header:
      - ''
      Cache-Control:
      - no-cache, no-store, must-revalidate
      Content-Type:
      - application/json;charset=UTF-8
      X-Gdc-Request:
      - Yab0A4k3R6MjWyZz5GdeXA:eRagG1eygBHS9IZdAQHB_A:DE82YtmhYyS7PYF8
      Vary:
      - origin
      X-Gdc-Request-Time:
      - '36'
      Transfer-Encoding:
      - chunked
      Strict-Transport-Security:
      - max-age=10886400; includeSubDomains; preload;
    body:
      encoding: ASCII-8BIT
      string: '{"validElements":{"elementsMeta":{"attribute":"/gdc/md/lwpctxvjazg947k3o22nxfflghomasdb/obj/214","filter":"","order":"asc","attributeDisplayForm":"/gdc/md/lwpctxvjazg947k3o22nxfflghomasdb/obj/216"},"paging":{"count":1,"total":"3","offset":"0"},"items":[{"element":{"title":"jirka@gooddata.com","uri":"/gdc/md/lwpctxvjazg947k3o22nxfflghomasdb/obj/214/elements?id=3"}}]}}'
    http_version: 
  recorded_at: Fri, 05 Oct 2018 13:25:51 GMT
- request:
    method: post
    uri: https://staging2-lcm-prod.intgdc.com/gdc/md/lwpctxvjazg947k3o22nxfflghomasdb/obj/216/validElements?limit=1000000&offset=0&order=asc
    body:
      encoding: UTF-8
      string: '{"validElementsRequest":{}}'
    headers:
      Accept:
      - application/json, application/zip
      Accept-Encoding:
      - gzip, deflate
      User-Agent:
      - gooddata-gem/1.3.1/x86_64-darwin16/2.3.3
      Content-Type:
      - application/json
      X-Gdc-Authtt:
      - "<X_GDC_AUTHTT>"
      X-Gdc-Request:
      - Yab0A4k3R6MjWyZz5GdeXA:sRHM1AP7ssduOUVFzJwCsg
      Content-Length:
      - '27'
      Host:
      - staging2-lcm-prod.intgdc.com
  response:
    status:
      code: 200
      message: OK
    headers:
      Date:
      - Fri, 05 Oct 2018 13:25:52 GMT
      Server:
      - GoodData WebApp
      Keep-Alive:
      - timeout=5, max=90
      X-Gdc-Log-Header:
      - ''
      Cache-Control:
      - no-cache, no-store, must-revalidate
      Content-Type:
      - application/json;charset=UTF-8
      X-Gdc-Request:
      - Yab0A4k3R6MjWyZz5GdeXA:sRHM1AP7ssduOUVFzJwCsg:pXGdglBMj6BGMc3s
      Vary:
      - origin
      X-Gdc-Request-Time:
      - '39'
      Transfer-Encoding:
      - chunked
      Strict-Transport-Security:
      - max-age=10886400; includeSubDomains; preload;
    body:
      encoding: ASCII-8BIT
      string: '{"validElements":{"elementsMeta":{"attribute":"/gdc/md/lwpctxvjazg947k3o22nxfflghomasdb/obj/214","filter":"","order":"asc","attributeDisplayForm":"/gdc/md/lwpctxvjazg947k3o22nxfflghomasdb/obj/216"},"paging":{"count":3,"total":"3","offset":"0"},"items":[{"element":{"title":"jirka@gooddata.com","uri":"/gdc/md/lwpctxvjazg947k3o22nxfflghomasdb/obj/214/elements?id=3"}},{"element":{"title":"petr@gooddata.com","uri":"/gdc/md/lwpctxvjazg947k3o22nxfflghomasdb/obj/214/elements?id=2"}},{"element":{"title":"tomas@gooddata.com","uri":"/gdc/md/lwpctxvjazg947k3o22nxfflghomasdb/obj/214/elements?id=1"}}]}}'
    http_version: 
  recorded_at: Fri, 05 Oct 2018 13:25:52 GMT
- request:
    method: post
    uri: https://staging2-lcm-prod.intgdc.com/gdc/md/lwpctxvjazg947k3o22nxfflghomasdb/obj/216/validElements?limit=100000&offset=0&order=asc
    body:
      encoding: UTF-8
      string: '{"validElementsRequest":{}}'
    headers:
      Accept:
      - application/json, application/zip
      Accept-Encoding:
      - gzip, deflate
      User-Agent:
      - gooddata-gem/1.3.1/x86_64-darwin16/2.3.3
      Content-Type:
      - application/json
      X-Gdc-Authtt:
      - "<X_GDC_AUTHTT>"
      X-Gdc-Request:
      - Yab0A4k3R6MjWyZz5GdeXA:-Bc3p7HfjeQc03mDEfEEpQ
      Content-Length:
      - '27'
      Host:
      - staging2-lcm-prod.intgdc.com
  response:
    status:
      code: 200
      message: OK
    headers:
      Date:
      - Fri, 05 Oct 2018 13:25:52 GMT
      Server:
      - GoodData WebApp
      Keep-Alive:
      - timeout=5, max=94
      X-Gdc-Log-Header:
      - ''
      Cache-Control:
      - no-cache, no-store, must-revalidate
      Content-Type:
      - application/json;charset=UTF-8
      X-Gdc-Request:
      - Yab0A4k3R6MjWyZz5GdeXA:-Bc3p7HfjeQc03mDEfEEpQ:Xbln52UWVAf6wgP4
      Vary:
      - origin
      X-Gdc-Request-Time:
      - '36'
      Transfer-Encoding:
      - chunked
      Strict-Transport-Security:
      - max-age=10886400; includeSubDomains; preload;
    body:
      encoding: ASCII-8BIT
      string: '{"validElements":{"elementsMeta":{"attribute":"/gdc/md/lwpctxvjazg947k3o22nxfflghomasdb/obj/214","filter":"","order":"asc","attributeDisplayForm":"/gdc/md/lwpctxvjazg947k3o22nxfflghomasdb/obj/216"},"paging":{"count":3,"total":"3","offset":"0"},"items":[{"element":{"title":"jirka@gooddata.com","uri":"/gdc/md/lwpctxvjazg947k3o22nxfflghomasdb/obj/214/elements?id=3"}},{"element":{"title":"petr@gooddata.com","uri":"/gdc/md/lwpctxvjazg947k3o22nxfflghomasdb/obj/214/elements?id=2"}},{"element":{"title":"tomas@gooddata.com","uri":"/gdc/md/lwpctxvjazg947k3o22nxfflghomasdb/obj/214/elements?id=1"}}]}}'
    http_version: 
  recorded_at: Fri, 05 Oct 2018 13:25:52 GMT
- request:
    method: post
    uri: https://staging2-lcm-prod.intgdc.com/gdc/md/lwpctxvjazg947k3o22nxfflghomasdb/variables/user
    body:
      encoding: UTF-8
      string: '{"variables":[{"related":"/gdc/account/profile/5ad80b895edcc438e5a4418e222733fa","level":"user","expression":"[/gdc/md/lwpctxvjazg947k3o22nxfflghomasdb/obj/214]
        IN ([/gdc/md/lwpctxvjazg947k3o22nxfflghomasdb/obj/214/elements?id=3])","type":"filter","prompt":"/gdc/md/lwpctxvjazg947k3o22nxfflghomasdb/obj/253"}]}'
    headers:
      Accept:
      - application/json, application/zip
      Accept-Encoding:
      - gzip, deflate
      User-Agent:
      - gooddata-gem/1.3.1/x86_64-darwin16/2.3.3
      Content-Type:
      - application/json
      X-Gdc-Authtt:
      - "<X_GDC_AUTHTT>"
      X-Gdc-Request:
      - Yab0A4k3R6MjWyZz5GdeXA:yURNFdQk4i7HLFVzklYfnw
      Content-Length:
      - '310'
      Host:
      - staging2-lcm-prod.intgdc.com
  response:
    status:
      code: 200
      message: OK
    headers:
      Date:
      - Fri, 05 Oct 2018 13:25:53 GMT
      Server:
      - GoodData WebApp
      Keep-Alive:
      - timeout=5, max=87
      X-Gdc-Log-Header:
      - ''
      Cache-Control:
      - no-cache, no-store, must-revalidate
      Content-Type:
      - application/json;charset=UTF-8
      X-Gdc-Request:
      - Yab0A4k3R6MjWyZz5GdeXA:yURNFdQk4i7HLFVzklYfnw:HorlDKCqctUMf1AA
      Vary:
      - origin
      X-Gdc-Request-Time:
      - '45'
      Transfer-Encoding:
      - chunked
      Strict-Transport-Security:
      - max-age=10886400; includeSubDomains; preload;
    body:
      encoding: ASCII-8BIT
      string: '{"uris":["/gdc/md/lwpctxvjazg947k3o22nxfflghomasdb/variables/item/4"]}'
    http_version: 
  recorded_at: Fri, 05 Oct 2018 13:25:53 GMT
- request:
    method: post
    uri: https://staging2-lcm-prod.intgdc.com/gdc/md/lwpctxvjazg947k3o22nxfflghomasdb/variables/search
    body:
      encoding: UTF-8
      string: '{"variablesSearch":{"variables":["/gdc/md/lwpctxvjazg947k3o22nxfflghomasdb/obj/253"],"context":[]}}'
    headers:
      Accept:
      - application/json, application/zip
      Accept-Encoding:
      - gzip, deflate
      User-Agent:
      - gooddata-gem/1.3.1/x86_64-darwin16/2.3.3
      Content-Type:
      - application/json
      X-Gdc-Authtt:
      - "<X_GDC_AUTHTT>"
      X-Gdc-Request:
      - Yab0A4k3R6MjWyZz5GdeXA:QiHnJ7yiXsK1-jOwEU_eoQ
      Content-Length:
      - '99'
      Host:
      - staging2-lcm-prod.intgdc.com
  response:
    status:
      code: 200
      message: OK
    headers:
      Date:
      - Fri, 05 Oct 2018 13:25:53 GMT
      Server:
      - GoodData WebApp
      Keep-Alive:
      - timeout=5, max=86
      X-Gdc-Log-Header:
      - ''
      Cache-Control:
      - no-cache, no-store, must-revalidate
      Content-Type:
      - application/json;charset=UTF-8
      X-Gdc-Request:
      - Yab0A4k3R6MjWyZz5GdeXA:QiHnJ7yiXsK1-jOwEU_eoQ:r0sVHD8ygSyGlr01
      Vary:
      - origin
      X-Gdc-Request-Time:
      - '28'
      Transfer-Encoding:
      - chunked
      Strict-Transport-Security:
      - max-age=10886400; includeSubDomains; preload;
    body:
      encoding: ASCII-8BIT
      string: '{"variables":[{"related":"/gdc/account/profile/5ad80b895edcc438e5a4418e222733fa","level":"user","tree":{"content":[{"value":"/gdc/md/lwpctxvjazg947k3o22nxfflghomasdb/obj/214","position":{"column":14,"line":1},"type":"attribute
        object"},{"content":[{"value":"/gdc/md/lwpctxvjazg947k3o22nxfflghomasdb/obj/214/elements?id=3","position":{"column":69,"line":1},"type":"attributeElement
        object"}],"position":{"column":69,"line":1},"type":"list"}],"position":{"column":65,"line":1},"type":"in"},"expression":"[/gdc/md/lwpctxvjazg947k3o22nxfflghomasdb/obj/214]
        IN ([/gdc/md/lwpctxvjazg947k3o22nxfflghomasdb/obj/214/elements?id=3])","type":"filter","uri":"/gdc/md/lwpctxvjazg947k3o22nxfflghomasdb/variables/item/4","prompt":"/gdc/md/lwpctxvjazg947k3o22nxfflghomasdb/obj/253"}]}'
    http_version: 
  recorded_at: Fri, 05 Oct 2018 13:25:53 GMT
- request:
    method: get
    uri: https://staging2-lcm-prod.intgdc.com/gdc/md/lwpctxvjazg947k3o22nxfflghomasdb/obj/214
    body:
      encoding: US-ASCII
      string: ''
    headers:
      Accept:
      - application/json, application/zip
      Accept-Encoding:
      - gzip, deflate
      User-Agent:
      - gooddata-gem/1.3.1/x86_64-darwin16/2.3.3
      Content-Type:
      - application/json
      X-Gdc-Authtt:
      - "<X_GDC_AUTHTT>"
      X-Gdc-Request:
      - Yab0A4k3R6MjWyZz5GdeXA:kd8wYy-TRYXqbg0hlh7Yvg
      Host:
      - staging2-lcm-prod.intgdc.com
  response:
    status:
      code: 200
      message: OK
    headers:
      Date:
      - Fri, 05 Oct 2018 13:25:54 GMT
      Server:
      - GoodData WebApp
      Keep-Alive:
      - timeout=5, max=93
      X-Gdc-Log-Header:
      - ''
      Cache-Control:
      - no-cache, no-store, must-revalidate
      Content-Type:
      - application/json;charset=UTF-8
      Transfer-Encoding:
      - chunked
      Vary:
      - Accept-Encoding
      - origin
      X-Gdc-Request:
      - Yab0A4k3R6MjWyZz5GdeXA:kd8wYy-TRYXqbg0hlh7Yvg:tnoATGiyg4eP3viy
      X-Gdc-Request-Time:
      - '37'
      Strict-Transport-Security:
      - max-age=10886400; includeSubDomains; preload;
    body:
      encoding: ASCII-8BIT
      string: '{"attribute":{"content":{"pk":[{"type":"col","data":"/gdc/md/lwpctxvjazg947k3o22nxfflghomasdb/obj/21"}],"dimension":"/gdc/md/lwpctxvjazg947k3o22nxfflghomasdb/obj/213","displayForms":[{"content":{"formOf":"/gdc/md/lwpctxvjazg947k3o22nxfflghomasdb/obj/214","expression":"[/gdc/md/lwpctxvjazg947k3o22nxfflghomasdb/obj/23]","default":1},"links":{"elements":"/gdc/md/lwpctxvjazg947k3o22nxfflghomasdb/obj/216/elements"},"meta":{"author":"/gdc/account/profile/5ad80b895edcc438e5a4418e222733fa","uri":"/gdc/md/lwpctxvjazg947k3o22nxfflghomasdb/obj/216","tags":"","created":"2018-10-05
        15:24:49","identifier":"label.devs.dev_id.email","deprecated":"0","summary":"","isProduction":1,"title":"Email","category":"attributeDisplayForm","updated":"2018-10-05
        15:24:49","contributor":"/gdc/account/profile/5ad80b895edcc438e5a4418e222733fa"}},{"content":{"formOf":"/gdc/md/lwpctxvjazg947k3o22nxfflghomasdb/obj/214","expression":"[/gdc/md/lwpctxvjazg947k3o22nxfflghomasdb/obj/25]"},"links":{"elements":"/gdc/md/lwpctxvjazg947k3o22nxfflghomasdb/obj/215/elements"},"meta":{"author":"/gdc/account/profile/5ad80b895edcc438e5a4418e222733fa","uri":"/gdc/md/lwpctxvjazg947k3o22nxfflghomasdb/obj/215","tags":"","created":"2018-10-05
        15:24:49","identifier":"label.devs.dev_id.id","deprecated":"0","summary":"","isProduction":1,"title":"Id","category":"attributeDisplayForm","updated":"2018-10-05
        15:24:49","contributor":"/gdc/account/profile/5ad80b895edcc438e5a4418e222733fa"}}],"fk":[{"multivalue":true,"type":"col","data":"/gdc/md/lwpctxvjazg947k3o22nxfflghomasdb/obj/28"}]},"meta":{"author":"/gdc/account/profile/5ad80b895edcc438e5a4418e222733fa","uri":"/gdc/md/lwpctxvjazg947k3o22nxfflghomasdb/obj/214","tags":"","created":"2018-10-05
        15:24:49","identifier":"attr.devs.dev_id","deprecated":"0","summary":"","isProduction":1,"title":"Dev","category":"attribute","updated":"2018-10-05
        15:24:50","contributor":"/gdc/account/profile/5ad80b895edcc438e5a4418e222733fa"}}}'
    http_version: 
  recorded_at: Fri, 05 Oct 2018 13:25:54 GMT
- request:
    method: get
    uri: https://staging2-lcm-prod.intgdc.com/gdc/md/lwpctxvjazg947k3o22nxfflghomasdb/obj/214
    body:
      encoding: US-ASCII
      string: ''
    headers:
      Accept:
      - application/json, application/zip
      Accept-Encoding:
      - gzip, deflate
      User-Agent:
      - gooddata-gem/1.3.1/x86_64-darwin16/2.3.3
      Content-Type:
      - application/json
      X-Gdc-Authtt:
      - "<X_GDC_AUTHTT>"
      X-Gdc-Request:
      - Yab0A4k3R6MjWyZz5GdeXA:T1Caxn73z0KqAGiU3oTVeg
      Host:
      - staging2-lcm-prod.intgdc.com
  response:
    status:
      code: 200
      message: OK
    headers:
      Date:
      - Fri, 05 Oct 2018 13:25:54 GMT
      Server:
      - GoodData WebApp
      Keep-Alive:
      - timeout=5, max=89
      X-Gdc-Log-Header:
      - ''
      Cache-Control:
      - no-cache, no-store, must-revalidate
      Content-Type:
      - application/json;charset=UTF-8
      Transfer-Encoding:
      - chunked
      Vary:
      - Accept-Encoding
      - origin
      X-Gdc-Request:
      - Yab0A4k3R6MjWyZz5GdeXA:T1Caxn73z0KqAGiU3oTVeg:bbuBJIiCn6WL6Ubr
      X-Gdc-Request-Time:
      - '34'
      Strict-Transport-Security:
      - max-age=10886400; includeSubDomains; preload;
    body:
      encoding: ASCII-8BIT
      string: '{"attribute":{"content":{"pk":[{"type":"col","data":"/gdc/md/lwpctxvjazg947k3o22nxfflghomasdb/obj/21"}],"dimension":"/gdc/md/lwpctxvjazg947k3o22nxfflghomasdb/obj/213","displayForms":[{"content":{"formOf":"/gdc/md/lwpctxvjazg947k3o22nxfflghomasdb/obj/214","expression":"[/gdc/md/lwpctxvjazg947k3o22nxfflghomasdb/obj/23]","default":1},"links":{"elements":"/gdc/md/lwpctxvjazg947k3o22nxfflghomasdb/obj/216/elements"},"meta":{"author":"/gdc/account/profile/5ad80b895edcc438e5a4418e222733fa","uri":"/gdc/md/lwpctxvjazg947k3o22nxfflghomasdb/obj/216","tags":"","created":"2018-10-05
        15:24:49","identifier":"label.devs.dev_id.email","deprecated":"0","summary":"","isProduction":1,"title":"Email","category":"attributeDisplayForm","updated":"2018-10-05
        15:24:49","contributor":"/gdc/account/profile/5ad80b895edcc438e5a4418e222733fa"}},{"content":{"formOf":"/gdc/md/lwpctxvjazg947k3o22nxfflghomasdb/obj/214","expression":"[/gdc/md/lwpctxvjazg947k3o22nxfflghomasdb/obj/25]"},"links":{"elements":"/gdc/md/lwpctxvjazg947k3o22nxfflghomasdb/obj/215/elements"},"meta":{"author":"/gdc/account/profile/5ad80b895edcc438e5a4418e222733fa","uri":"/gdc/md/lwpctxvjazg947k3o22nxfflghomasdb/obj/215","tags":"","created":"2018-10-05
        15:24:49","identifier":"label.devs.dev_id.id","deprecated":"0","summary":"","isProduction":1,"title":"Id","category":"attributeDisplayForm","updated":"2018-10-05
        15:24:49","contributor":"/gdc/account/profile/5ad80b895edcc438e5a4418e222733fa"}}],"fk":[{"multivalue":true,"type":"col","data":"/gdc/md/lwpctxvjazg947k3o22nxfflghomasdb/obj/28"}]},"meta":{"author":"/gdc/account/profile/5ad80b895edcc438e5a4418e222733fa","uri":"/gdc/md/lwpctxvjazg947k3o22nxfflghomasdb/obj/214","tags":"","created":"2018-10-05
        15:24:49","identifier":"attr.devs.dev_id","deprecated":"0","summary":"","isProduction":1,"title":"Dev","category":"attribute","updated":"2018-10-05
        15:24:50","contributor":"/gdc/account/profile/5ad80b895edcc438e5a4418e222733fa"}}}'
    http_version: 
  recorded_at: Fri, 05 Oct 2018 13:25:54 GMT
- request:
    method: get
    uri: https://staging2-lcm-prod.intgdc.com/gdc/md/lwpctxvjazg947k3o22nxfflghomasdb/obj/216
    body:
      encoding: US-ASCII
      string: ''
    headers:
      Accept:
      - application/json, application/zip
      Accept-Encoding:
      - gzip, deflate
      User-Agent:
      - gooddata-gem/1.3.1/x86_64-darwin16/2.3.3
      Content-Type:
      - application/json
      X-Gdc-Authtt:
      - "<X_GDC_AUTHTT>"
      X-Gdc-Request:
      - Yab0A4k3R6MjWyZz5GdeXA:b4qojtvVF36V5CbVyNHrtQ
      Host:
      - staging2-lcm-prod.intgdc.com
  response:
    status:
      code: 200
      message: OK
    headers:
      Date:
      - Fri, 05 Oct 2018 13:25:55 GMT
      Server:
      - GoodData WebApp
      Keep-Alive:
      - timeout=5, max=92
      X-Gdc-Log-Header:
      - ''
      Cache-Control:
      - no-cache, no-store, must-revalidate
      Content-Type:
      - application/json;charset=UTF-8
      X-Gdc-Request:
      - Yab0A4k3R6MjWyZz5GdeXA:b4qojtvVF36V5CbVyNHrtQ:giPhMzHKB08kEUJW
      Vary:
      - origin
      X-Gdc-Request-Time:
      - '28'
      Transfer-Encoding:
      - chunked
      Strict-Transport-Security:
      - max-age=10886400; includeSubDomains; preload;
    body:
      encoding: ASCII-8BIT
      string: '{"attributeDisplayForm":{"content":{"formOf":"/gdc/md/lwpctxvjazg947k3o22nxfflghomasdb/obj/214","expression":"[/gdc/md/lwpctxvjazg947k3o22nxfflghomasdb/obj/23]","default":1},"links":{"elements":"/gdc/md/lwpctxvjazg947k3o22nxfflghomasdb/obj/216/elements"},"meta":{"author":"/gdc/account/profile/5ad80b895edcc438e5a4418e222733fa","uri":"/gdc/md/lwpctxvjazg947k3o22nxfflghomasdb/obj/216","tags":"","created":"2018-10-05
        15:24:49","identifier":"label.devs.dev_id.email","deprecated":"0","summary":"","isProduction":1,"title":"Email","category":"attributeDisplayForm","updated":"2018-10-05
        15:24:49","contributor":"/gdc/account/profile/5ad80b895edcc438e5a4418e222733fa"}}}'
    http_version: 
  recorded_at: Fri, 05 Oct 2018 13:25:55 GMT
- request:
    method: get
    uri: https://staging2-lcm-prod.intgdc.com/gdc/md/lwpctxvjazg947k3o22nxfflghomasdb/obj/215
    body:
      encoding: US-ASCII
      string: ''
    headers:
      Accept:
      - application/json, application/zip
      Accept-Encoding:
      - gzip, deflate
      User-Agent:
      - gooddata-gem/1.3.1/x86_64-darwin16/2.3.3
      Content-Type:
      - application/json
      X-Gdc-Authtt:
      - "<X_GDC_AUTHTT>"
      X-Gdc-Request:
      - Yab0A4k3R6MjWyZz5GdeXA:quYrCz71D-jGtw7LqR1dCw
      Host:
      - staging2-lcm-prod.intgdc.com
  response:
    status:
      code: 200
      message: OK
    headers:
      Date:
      - Fri, 05 Oct 2018 13:25:55 GMT
      Server:
      - GoodData WebApp
      Keep-Alive:
      - timeout=5, max=86
      X-Gdc-Log-Header:
      - ''
      Cache-Control:
      - no-cache, no-store, must-revalidate
      Content-Type:
      - application/json;charset=UTF-8
      X-Gdc-Request:
      - Yab0A4k3R6MjWyZz5GdeXA:quYrCz71D-jGtw7LqR1dCw:gRzSer08Kau2wtnF
      Vary:
      - origin
      X-Gdc-Request-Time:
      - '28'
      Transfer-Encoding:
      - chunked
      Strict-Transport-Security:
      - max-age=10886400; includeSubDomains; preload;
    body:
      encoding: ASCII-8BIT
      string: '{"attributeDisplayForm":{"content":{"formOf":"/gdc/md/lwpctxvjazg947k3o22nxfflghomasdb/obj/214","expression":"[/gdc/md/lwpctxvjazg947k3o22nxfflghomasdb/obj/25]"},"links":{"elements":"/gdc/md/lwpctxvjazg947k3o22nxfflghomasdb/obj/215/elements"},"meta":{"author":"/gdc/account/profile/5ad80b895edcc438e5a4418e222733fa","uri":"/gdc/md/lwpctxvjazg947k3o22nxfflghomasdb/obj/215","tags":"","created":"2018-10-05
        15:24:49","identifier":"label.devs.dev_id.id","deprecated":"0","summary":"","isProduction":1,"title":"Id","category":"attributeDisplayForm","updated":"2018-10-05
        15:24:49","contributor":"/gdc/account/profile/5ad80b895edcc438e5a4418e222733fa"}}}'
    http_version: 
  recorded_at: Fri, 05 Oct 2018 13:25:56 GMT
- request:
    method: get
    uri: https://staging2-lcm-prod.intgdc.com/gdc/md/lwpctxvjazg947k3o22nxfflghomasdb/obj/216/elements/?id=3
    body:
      encoding: US-ASCII
      string: ''
    headers:
      Accept:
      - application/json, application/zip
      Accept-Encoding:
      - gzip, deflate
      User-Agent:
      - gooddata-gem/1.3.1/x86_64-darwin16/2.3.3
      Content-Type:
      - application/json
      X-Gdc-Authtt:
      - "<X_GDC_AUTHTT>"
      X-Gdc-Request:
      - Yab0A4k3R6MjWyZz5GdeXA:1DcM01ANC-UpNLmiRReH4Q
      Host:
      - staging2-lcm-prod.intgdc.com
  response:
    status:
      code: 200
      message: OK
    headers:
      Date:
      - Fri, 05 Oct 2018 13:25:56 GMT
      Server:
      - GoodData WebApp
      Keep-Alive:
      - timeout=5, max=93
      X-Gdc-Log-Header:
      - ''
      Cache-Control:
      - no-cache, no-store, must-revalidate
      Content-Type:
      - application/json;charset=UTF-8
      X-Gdc-Request:
      - Yab0A4k3R6MjWyZz5GdeXA:1DcM01ANC-UpNLmiRReH4Q:C9teJ4IfgVkJIJNW
      Vary:
      - origin
      X-Gdc-Request-Time:
      - '39'
      Transfer-Encoding:
      - chunked
      Strict-Transport-Security:
      - max-age=10886400; includeSubDomains; preload;
    body:
      encoding: ASCII-8BIT
      string: '{"attributeElements":{"elementsMeta":{"count":1,"mode":"includeuris","filter":"","records":"1","prompt":"","attribute":"/gdc/md/lwpctxvjazg947k3o22nxfflghomasdb/obj/214","order":"asc","attributeDisplayForm":"/gdc/md/lwpctxvjazg947k3o22nxfflghomasdb/obj/216","offset":"0"},"elements":[{"title":"jirka@gooddata.com","uri":"/gdc/md/lwpctxvjazg947k3o22nxfflghomasdb/obj/214/elements?id=3"}],"paging":{"next":null,"count":1,"total":"1","offset":"0"}}}'
    http_version: 
  recorded_at: Fri, 05 Oct 2018 13:25:56 GMT
- request:
    method: post
    uri: https://staging2-lcm-prod.intgdc.com/gdc/md/lwpctxvjazg947k3o22nxfflghomasdb/variables/search
    body:
      encoding: UTF-8
      string: '{"variablesSearch":{"variables":["/gdc/md/lwpctxvjazg947k3o22nxfflghomasdb/obj/253"],"context":[]}}'
    headers:
      Accept:
      - application/json, application/zip
      Accept-Encoding:
      - gzip, deflate
      User-Agent:
      - gooddata-gem/1.3.1/x86_64-darwin16/2.3.3
      Content-Type:
      - application/json
      X-Gdc-Authtt:
      - "<X_GDC_AUTHTT>"
      X-Gdc-Request:
      - Yab0A4k3R6MjWyZz5GdeXA:U1eh8T368lw6xosI6MNcgQ
      Content-Length:
      - '99'
      Host:
      - staging2-lcm-prod.intgdc.com
  response:
    status:
      code: 200
      message: OK
    headers:
      Date:
      - Fri, 05 Oct 2018 13:25:57 GMT
      Server:
      - GoodData WebApp
      Keep-Alive:
      - timeout=5, max=92
      X-Gdc-Log-Header:
      - ''
      Cache-Control:
      - no-cache, no-store, must-revalidate
      Content-Type:
      - application/json;charset=UTF-8
      X-Gdc-Request:
      - Yab0A4k3R6MjWyZz5GdeXA:U1eh8T368lw6xosI6MNcgQ:UrufEXJmUBmSA8Uf
      Vary:
      - origin
      X-Gdc-Request-Time:
      - '30'
      Transfer-Encoding:
      - chunked
      Strict-Transport-Security:
      - max-age=10886400; includeSubDomains; preload;
    body:
      encoding: ASCII-8BIT
      string: '{"variables":[{"related":"/gdc/account/profile/5ad80b895edcc438e5a4418e222733fa","level":"user","tree":{"content":[{"value":"/gdc/md/lwpctxvjazg947k3o22nxfflghomasdb/obj/214","position":{"column":14,"line":1},"type":"attribute
        object"},{"content":[{"value":"/gdc/md/lwpctxvjazg947k3o22nxfflghomasdb/obj/214/elements?id=3","position":{"column":69,"line":1},"type":"attributeElement
        object"}],"position":{"column":69,"line":1},"type":"list"}],"position":{"column":65,"line":1},"type":"in"},"expression":"[/gdc/md/lwpctxvjazg947k3o22nxfflghomasdb/obj/214]
        IN ([/gdc/md/lwpctxvjazg947k3o22nxfflghomasdb/obj/214/elements?id=3])","type":"filter","uri":"/gdc/md/lwpctxvjazg947k3o22nxfflghomasdb/variables/item/4","prompt":"/gdc/md/lwpctxvjazg947k3o22nxfflghomasdb/obj/253"}]}'
    http_version: 
  recorded_at: Fri, 05 Oct 2018 13:25:57 GMT
- request:
    method: post
    uri: https://staging2-lcm-prod.intgdc.com/gdc/md/lwpctxvjazg947k3o22nxfflghomasdb/variables/search
    body:
      encoding: UTF-8
      string: '{"variablesSearch":{"variables":["/gdc/md/lwpctxvjazg947k3o22nxfflghomasdb/obj/253"],"context":[]}}'
    headers:
      Accept:
      - application/json, application/zip
      Accept-Encoding:
      - gzip, deflate
      User-Agent:
      - gooddata-gem/1.3.1/x86_64-darwin16/2.3.3
      Content-Type:
      - application/json
      X-Gdc-Authtt:
      - "<X_GDC_AUTHTT>"
      X-Gdc-Request:
      - Yab0A4k3R6MjWyZz5GdeXA:xa4Zo3eheb5-jEI422s-lg
      Content-Length:
      - '99'
      Host:
      - staging2-lcm-prod.intgdc.com
  response:
    status:
      code: 200
      message: OK
    headers:
      Date:
      - Fri, 05 Oct 2018 13:25:57 GMT
      Server:
      - GoodData WebApp
      Keep-Alive:
      - timeout=5, max=85
      X-Gdc-Log-Header:
      - ''
      Cache-Control:
      - no-cache, no-store, must-revalidate
      Content-Type:
      - application/json;charset=UTF-8
      X-Gdc-Request:
      - Yab0A4k3R6MjWyZz5GdeXA:xa4Zo3eheb5-jEI422s-lg:0tYLDyFIqIfSMVEd
      Vary:
      - origin
      X-Gdc-Request-Time:
      - '26'
      Transfer-Encoding:
      - chunked
      Strict-Transport-Security:
      - max-age=10886400; includeSubDomains; preload;
    body:
      encoding: ASCII-8BIT
      string: '{"variables":[{"related":"/gdc/account/profile/5ad80b895edcc438e5a4418e222733fa","level":"user","tree":{"content":[{"value":"/gdc/md/lwpctxvjazg947k3o22nxfflghomasdb/obj/214","position":{"column":14,"line":1},"type":"attribute
        object"},{"content":[{"value":"/gdc/md/lwpctxvjazg947k3o22nxfflghomasdb/obj/214/elements?id=3","position":{"column":69,"line":1},"type":"attributeElement
        object"}],"position":{"column":69,"line":1},"type":"list"}],"position":{"column":65,"line":1},"type":"in"},"expression":"[/gdc/md/lwpctxvjazg947k3o22nxfflghomasdb/obj/214]
        IN ([/gdc/md/lwpctxvjazg947k3o22nxfflghomasdb/obj/214/elements?id=3])","type":"filter","uri":"/gdc/md/lwpctxvjazg947k3o22nxfflghomasdb/variables/item/4","prompt":"/gdc/md/lwpctxvjazg947k3o22nxfflghomasdb/obj/253"}]}'
    http_version: 
  recorded_at: Fri, 05 Oct 2018 13:25:57 GMT
- request:
    method: delete
    uri: https://staging2-lcm-prod.intgdc.com/gdc/md/lwpctxvjazg947k3o22nxfflghomasdb/variables/item/4
    body:
      encoding: US-ASCII
      string: ''
    headers:
      Accept:
      - application/json, application/zip
      Accept-Encoding:
      - gzip, deflate
      User-Agent:
      - gooddata-gem/1.3.1/x86_64-darwin16/2.3.3
      Content-Type:
      - application/json
      X-Gdc-Authtt:
      - "<X_GDC_AUTHTT>"
      X-Gdc-Request:
      - Yab0A4k3R6MjWyZz5GdeXA:CVzAGNEJHxSSDskAGkCZ4Q
      Host:
      - staging2-lcm-prod.intgdc.com
  response:
    status:
      code: 200
      message: OK
    headers:
      Date:
      - Fri, 05 Oct 2018 13:25:58 GMT
      Server:
      - GoodData WebApp
      Keep-Alive:
      - timeout=5, max=91
      X-Gdc-Log-Header:
      - ''
      Cache-Control:
      - no-cache, no-store, must-revalidate
      X-Gdc-Request-Time:
      - '27'
      X-Gdc-Request:
      - Yab0A4k3R6MjWyZz5GdeXA:CVzAGNEJHxSSDskAGkCZ4Q:hUX50DdPcV6VOKBP
      Vary:
      - origin
      Transfer-Encoding:
      - chunked
      Strict-Transport-Security:
      - max-age=10886400; includeSubDomains; preload;
    body:
      encoding: ASCII-8BIT
      string: ''
    http_version: 
  recorded_at: Fri, 05 Oct 2018 13:25:58 GMT
- request:
    method: post
    uri: https://staging2-lcm-prod.intgdc.com/gdc/md/p4etjr09tf2datr3c345961ho5dam0vc/variables/search
    body:
      encoding: UTF-8
      string: '{"variablesSearch":{"variables":["/gdc/md/p4etjr09tf2datr3c345961ho5dam0vc/obj/253"],"context":[]}}'
    headers:
      Accept:
      - application/json, application/zip
      Accept-Encoding:
      - gzip, deflate
      User-Agent:
      - gooddata-gem/1.3.2/x86_64-darwin16/2.3.3
      Content-Type:
      - application/json
      X-Gdc-Authtt:
      - "<X_GDC_AUTHTT>"
      X-Gdc-Request:
      - CGsH5zVEVjAmdWFYDnRBFg:KrZCvLxTi7xVwVTokyRa5w
      Content-Length:
      - '99'
      Host:
      - staging2-lcm-prod.intgdc.com
  response:
    status:
      code: 200
      message: OK
    headers:
      Date:
      - Wed, 10 Oct 2018 11:55:46 GMT
      Server:
      - GoodData WebApp
      Keep-Alive:
      - timeout=5, max=70
      X-Gdc-Log-Header:
      - ''
      Cache-Control:
      - no-cache, no-store, must-revalidate
      Content-Type:
      - application/json;charset=UTF-8
      X-Gdc-Request:
      - CGsH5zVEVjAmdWFYDnRBFg:KrZCvLxTi7xVwVTokyRa5w:RTpK5ljfwuvKas8N
      Vary:
      - origin
      X-Gdc-Request-Time:
      - '24'
      Transfer-Encoding:
      - chunked
      Strict-Transport-Security:
      - max-age=10886400; includeSubDomains; preload;
    body:
      encoding: ASCII-8BIT
      string: '{"variables":[]}'
    http_version: 
  recorded_at: Wed, 10 Oct 2018 11:55:46 GMT
- request:
    method: get
    uri: https://staging2-lcm-prod.intgdc.com/gdc/projects/p4etjr09tf2datr3c345961ho5dam0vc/users?limit=1000&offset=0
    body:
      encoding: US-ASCII
      string: ''
    headers:
      Accept:
      - application/json, application/zip
      Accept-Encoding:
      - gzip, deflate
      User-Agent:
      - gooddata-gem/1.3.2/x86_64-darwin16/2.3.3
      Content-Type:
      - application/json
      X-Gdc-Authtt:
      - "<X_GDC_AUTHTT>"
      X-Gdc-Request:
      - CGsH5zVEVjAmdWFYDnRBFg:dxyZ5eA4DXUpVLH1wktNTg
      Host:
      - staging2-lcm-prod.intgdc.com
  response:
    status:
      code: 200
      message: OK
    headers:
      Date:
      - Wed, 10 Oct 2018 11:55:47 GMT
      Server:
      - GoodData WebApp
      Keep-Alive:
      - timeout=5, max=72
      X-Gdc-Log-Header:
      - ''
      Cache-Control:
      - no-cache, no-store, must-revalidate
      Content-Type:
      - application/json;charset=UTF-8
      X-Gdc-Request:
      - CGsH5zVEVjAmdWFYDnRBFg:dxyZ5eA4DXUpVLH1wktNTg:SMFBsCEqlzyrKOng
      Vary:
      - origin
      X-Gdc-Request-Time:
      - '36'
      Transfer-Encoding:
      - chunked
      Strict-Transport-Security:
      - max-age=10886400; includeSubDomains; preload;
    body:
      encoding: ASCII-8BIT
      string: '{"users":[{"user":{"content":{"email":"rubydev+admin@gooddata.com","firstname":"the","userRoles":["/gdc/projects/p4etjr09tf2datr3c345961ho5dam0vc/roles/2"],"phonenumber":"","status":"ENABLED","lastname":"1","login":"rubydev+admin@gooddata.com"},"links":{"roles":"/gdc/projects/p4etjr09tf2datr3c345961ho5dam0vc/users/5ad80b895edcc438e5a4418e222733fa/roles","permissions":"/gdc/projects/p4etjr09tf2datr3c345961ho5dam0vc/users/5ad80b895edcc438e5a4418e222733fa/permissions","self":"/gdc/account/profile/5ad80b895edcc438e5a4418e222733fa","projects":"/gdc/account/profile/5ad80b895edcc438e5a4418e222733fa/projects","projectRelUri":"/gdc/projects/p4etjr09tf2datr3c345961ho5dam0vc/users/5ad80b895edcc438e5a4418e222733fa"},"meta":{"created":"2017-02-10
        12:18:01","updated":"2018-10-10 10:25:03","author":"/gdc/account/profile/5ad80b895edcc438e5a4418e222733fa","title":"the
        1","contributor":"/gdc/account/profile/5ad80b895edcc438e5a4418e222733fa"}}}]}'
    http_version: 
  recorded_at: Wed, 10 Oct 2018 11:55:47 GMT
- request:
    method: get
    uri: https://staging2-lcm-prod.intgdc.com/gdc/md/p4etjr09tf2datr3c345961ho5dam0vc/obj/221
    body:
      encoding: US-ASCII
      string: ''
    headers:
      Accept:
      - application/json, application/zip
      Accept-Encoding:
      - gzip, deflate
      User-Agent:
      - gooddata-gem/1.3.2/x86_64-darwin16/2.3.3
      Content-Type:
      - application/json
      X-Gdc-Authtt:
      - "<X_GDC_AUTHTT>"
      X-Gdc-Request:
      - CGsH5zVEVjAmdWFYDnRBFg:chNytjtXXLoO_KXZlz5NqA
      Host:
      - staging2-lcm-prod.intgdc.com
  response:
    status:
      code: 200
      message: OK
    headers:
      Date:
      - Wed, 10 Oct 2018 11:55:48 GMT
      Server:
      - GoodData WebApp
      Keep-Alive:
      - timeout=5, max=100
      X-Gdc-Log-Header:
      - ''
      Cache-Control:
      - no-cache, no-store, must-revalidate
      Content-Type:
      - application/json;charset=UTF-8
      X-Gdc-Request:
      - CGsH5zVEVjAmdWFYDnRBFg:chNytjtXXLoO_KXZlz5NqA:6VNDxlnIHkfpLOnG
      Vary:
      - origin
      X-Gdc-Request-Time:
      - '28'
      Transfer-Encoding:
      - chunked
      Strict-Transport-Security:
      - max-age=10886400; includeSubDomains; preload;
    body:
      encoding: ASCII-8BIT
      string: '{"attributeDisplayForm":{"content":{"formOf":"/gdc/md/p4etjr09tf2datr3c345961ho5dam0vc/obj/219","expression":"[/gdc/md/p4etjr09tf2datr3c345961ho5dam0vc/obj/16]","default":1},"links":{"elements":"/gdc/md/p4etjr09tf2datr3c345961ho5dam0vc/obj/221/elements"},"meta":{"author":"/gdc/account/profile/5ad80b895edcc438e5a4418e222733fa","uri":"/gdc/md/p4etjr09tf2datr3c345961ho5dam0vc/obj/221","tags":"","created":"2018-10-10
        13:54:44","identifier":"label.devs.dev_id.email","deprecated":"0","summary":"","isProduction":1,"title":"Email","category":"attributeDisplayForm","updated":"2018-10-10
        13:54:44","contributor":"/gdc/account/profile/5ad80b895edcc438e5a4418e222733fa"}}}'
    http_version: 
  recorded_at: Wed, 10 Oct 2018 11:55:48 GMT
- request:
    method: post
    uri: https://staging2-lcm-prod.intgdc.com/gdc/md/p4etjr09tf2datr3c345961ho5dam0vc/obj/221/validElements?limit=1&offset=0&order=asc
    body:
      encoding: UTF-8
      string: '{"validElementsRequest":{}}'
    headers:
      Accept:
      - application/json, application/zip
      Accept-Encoding:
      - gzip, deflate
      User-Agent:
      - gooddata-gem/1.3.2/x86_64-darwin16/2.3.3
      Content-Type:
      - application/json
      X-Gdc-Authtt:
      - "<X_GDC_AUTHTT>"
      X-Gdc-Request:
      - CGsH5zVEVjAmdWFYDnRBFg:tg0Gr9L_oQfwHydio3BmxA
      Content-Length:
      - '27'
      Host:
      - staging2-lcm-prod.intgdc.com
  response:
    status:
      code: 200
      message: OK
    headers:
      Date:
      - Wed, 10 Oct 2018 11:55:48 GMT
      Server:
      - GoodData WebApp
      Keep-Alive:
      - timeout=5, max=67
      X-Gdc-Log-Header:
      - ''
      Cache-Control:
      - no-cache, no-store, must-revalidate
      Content-Type:
      - application/json;charset=UTF-8
      X-Gdc-Request:
      - CGsH5zVEVjAmdWFYDnRBFg:tg0Gr9L_oQfwHydio3BmxA:f2DFdg5WEm0UU2vN
      Vary:
      - origin
      X-Gdc-Request-Time:
      - '37'
      Transfer-Encoding:
      - chunked
      Strict-Transport-Security:
      - max-age=10886400; includeSubDomains; preload;
    body:
      encoding: ASCII-8BIT
      string: '{"validElements":{"elementsMeta":{"attribute":"/gdc/md/p4etjr09tf2datr3c345961ho5dam0vc/obj/219","filter":"","order":"asc","attributeDisplayForm":"/gdc/md/p4etjr09tf2datr3c345961ho5dam0vc/obj/221"},"paging":{"count":1,"total":"3","offset":"0"},"items":[{"element":{"title":"jirka@gooddata.com","uri":"/gdc/md/p4etjr09tf2datr3c345961ho5dam0vc/obj/219/elements?id=3"}}]}}'
    http_version: 
  recorded_at: Wed, 10 Oct 2018 11:55:48 GMT
- request:
    method: post
    uri: https://staging2-lcm-prod.intgdc.com/gdc/md/p4etjr09tf2datr3c345961ho5dam0vc/obj/221/validElements?limit=1&offset=0&order=asc
    body:
      encoding: UTF-8
      string: '{"validElementsRequest":{}}'
    headers:
      Accept:
      - application/json, application/zip
      Accept-Encoding:
      - gzip, deflate
      User-Agent:
      - gooddata-gem/1.3.2/x86_64-darwin16/2.3.3
      Content-Type:
      - application/json
      X-Gdc-Authtt:
      - "<X_GDC_AUTHTT>"
      X-Gdc-Request:
      - CGsH5zVEVjAmdWFYDnRBFg:hVuD1KAK0Uq_sShLKdCi6g
      Content-Length:
      - '27'
      Host:
      - staging2-lcm-prod.intgdc.com
  response:
    status:
      code: 200
      message: OK
    headers:
      Date:
      - Wed, 10 Oct 2018 11:55:49 GMT
      Server:
      - GoodData WebApp
      Keep-Alive:
      - timeout=5, max=78
      X-Gdc-Log-Header:
      - ''
      Cache-Control:
      - no-cache, no-store, must-revalidate
      Content-Type:
      - application/json;charset=UTF-8
      X-Gdc-Request:
      - CGsH5zVEVjAmdWFYDnRBFg:hVuD1KAK0Uq_sShLKdCi6g:y42kCQcZ3l9Scjld
      Vary:
      - origin
      X-Gdc-Request-Time:
      - '38'
      Transfer-Encoding:
      - chunked
      Strict-Transport-Security:
      - max-age=10886400; includeSubDomains; preload;
    body:
      encoding: ASCII-8BIT
      string: '{"validElements":{"elementsMeta":{"attribute":"/gdc/md/p4etjr09tf2datr3c345961ho5dam0vc/obj/219","filter":"","order":"asc","attributeDisplayForm":"/gdc/md/p4etjr09tf2datr3c345961ho5dam0vc/obj/221"},"paging":{"count":1,"total":"3","offset":"0"},"items":[{"element":{"title":"jirka@gooddata.com","uri":"/gdc/md/p4etjr09tf2datr3c345961ho5dam0vc/obj/219/elements?id=3"}}]}}'
    http_version: 
  recorded_at: Wed, 10 Oct 2018 11:55:49 GMT
- request:
    method: post
    uri: https://staging2-lcm-prod.intgdc.com/gdc/md/p4etjr09tf2datr3c345961ho5dam0vc/obj/221/validElements?limit=1000000&offset=0&order=asc
    body:
      encoding: UTF-8
      string: '{"validElementsRequest":{}}'
    headers:
      Accept:
      - application/json, application/zip
      Accept-Encoding:
      - gzip, deflate
      User-Agent:
      - gooddata-gem/1.3.2/x86_64-darwin16/2.3.3
      Content-Type:
      - application/json
      X-Gdc-Authtt:
      - "<X_GDC_AUTHTT>"
      X-Gdc-Request:
      - CGsH5zVEVjAmdWFYDnRBFg:mnATZRgcnSolJQ94NRqQ1w
      Content-Length:
      - '27'
      Host:
      - staging2-lcm-prod.intgdc.com
  response:
    status:
      code: 200
      message: OK
    headers:
      Date:
      - Wed, 10 Oct 2018 11:55:50 GMT
      Server:
      - GoodData WebApp
      Keep-Alive:
      - timeout=5, max=81
      X-Gdc-Log-Header:
      - ''
      Cache-Control:
      - no-cache, no-store, must-revalidate
      Content-Type:
      - application/json;charset=UTF-8
      X-Gdc-Request:
      - CGsH5zVEVjAmdWFYDnRBFg:mnATZRgcnSolJQ94NRqQ1w:u9Xfs8uLLKTRprrC
      Vary:
      - origin
      X-Gdc-Request-Time:
      - '38'
      Transfer-Encoding:
      - chunked
      Strict-Transport-Security:
      - max-age=10886400; includeSubDomains; preload;
    body:
      encoding: ASCII-8BIT
      string: '{"validElements":{"elementsMeta":{"attribute":"/gdc/md/p4etjr09tf2datr3c345961ho5dam0vc/obj/219","filter":"","order":"asc","attributeDisplayForm":"/gdc/md/p4etjr09tf2datr3c345961ho5dam0vc/obj/221"},"paging":{"count":3,"total":"3","offset":"0"},"items":[{"element":{"title":"jirka@gooddata.com","uri":"/gdc/md/p4etjr09tf2datr3c345961ho5dam0vc/obj/219/elements?id=3"}},{"element":{"title":"petr@gooddata.com","uri":"/gdc/md/p4etjr09tf2datr3c345961ho5dam0vc/obj/219/elements?id=2"}},{"element":{"title":"tomas@gooddata.com","uri":"/gdc/md/p4etjr09tf2datr3c345961ho5dam0vc/obj/219/elements?id=1"}}]}}'
    http_version: 
  recorded_at: Wed, 10 Oct 2018 11:55:50 GMT
- request:
    method: post
    uri: https://staging2-lcm-prod.intgdc.com/gdc/md/p4etjr09tf2datr3c345961ho5dam0vc/obj/221/validElements?limit=100000&offset=0&order=asc
    body:
      encoding: UTF-8
      string: '{"validElementsRequest":{}}'
    headers:
      Accept:
      - application/json, application/zip
      Accept-Encoding:
      - gzip, deflate
      User-Agent:
      - gooddata-gem/1.3.2/x86_64-darwin16/2.3.3
      Content-Type:
      - application/json
      X-Gdc-Authtt:
      - "<X_GDC_AUTHTT>"
      X-Gdc-Request:
      - CGsH5zVEVjAmdWFYDnRBFg:LFRWKFisoUefsirL99LC5w
      Content-Length:
      - '27'
      Host:
      - staging2-lcm-prod.intgdc.com
  response:
    status:
      code: 200
      message: OK
    headers:
      Date:
      - Wed, 10 Oct 2018 11:55:50 GMT
      Server:
      - GoodData WebApp
      Keep-Alive:
      - timeout=5, max=71
      X-Gdc-Log-Header:
      - ''
      Cache-Control:
      - no-cache, no-store, must-revalidate
      Content-Type:
      - application/json;charset=UTF-8
      X-Gdc-Request:
      - CGsH5zVEVjAmdWFYDnRBFg:LFRWKFisoUefsirL99LC5w:xA17kZ1O96kj3lZj
      Vary:
      - origin
      X-Gdc-Request-Time:
      - '38'
      Transfer-Encoding:
      - chunked
      Strict-Transport-Security:
      - max-age=10886400; includeSubDomains; preload;
    body:
      encoding: ASCII-8BIT
      string: '{"validElements":{"elementsMeta":{"attribute":"/gdc/md/p4etjr09tf2datr3c345961ho5dam0vc/obj/219","filter":"","order":"asc","attributeDisplayForm":"/gdc/md/p4etjr09tf2datr3c345961ho5dam0vc/obj/221"},"paging":{"count":3,"total":"3","offset":"0"},"items":[{"element":{"title":"jirka@gooddata.com","uri":"/gdc/md/p4etjr09tf2datr3c345961ho5dam0vc/obj/219/elements?id=3"}},{"element":{"title":"petr@gooddata.com","uri":"/gdc/md/p4etjr09tf2datr3c345961ho5dam0vc/obj/219/elements?id=2"}},{"element":{"title":"tomas@gooddata.com","uri":"/gdc/md/p4etjr09tf2datr3c345961ho5dam0vc/obj/219/elements?id=1"}}]}}'
    http_version: 
  recorded_at: Wed, 10 Oct 2018 11:55:50 GMT
- request:
    method: post
    uri: https://staging2-lcm-prod.intgdc.com/gdc/md/p4etjr09tf2datr3c345961ho5dam0vc/variables/user
    body:
      encoding: UTF-8
      string: '{"variables":[{"related":"/gdc/account/profile/5ad80b895edcc438e5a4418e222733fa","level":"user","expression":"[/gdc/md/p4etjr09tf2datr3c345961ho5dam0vc/obj/219]
        IN ([/gdc/md/p4etjr09tf2datr3c345961ho5dam0vc/obj/219/elements?id=3])","type":"filter","prompt":"/gdc/md/p4etjr09tf2datr3c345961ho5dam0vc/obj/253"}]}'
    headers:
      Accept:
      - application/json, application/zip
      Accept-Encoding:
      - gzip, deflate
      User-Agent:
      - gooddata-gem/1.3.2/x86_64-darwin16/2.3.3
      Content-Type:
      - application/json
      X-Gdc-Authtt:
      - "<X_GDC_AUTHTT>"
      X-Gdc-Request:
      - CGsH5zVEVjAmdWFYDnRBFg:Kh41gg5qj6nXbwYMW9kqtw
      Content-Length:
      - '310'
      Host:
      - staging2-lcm-prod.intgdc.com
  response:
    status:
      code: 200
      message: OK
    headers:
      Date:
      - Wed, 10 Oct 2018 11:55:51 GMT
      Server:
      - GoodData WebApp
      Keep-Alive:
      - timeout=5, max=69
      X-Gdc-Log-Header:
      - ''
      Cache-Control:
      - no-cache, no-store, must-revalidate
      Content-Type:
      - application/json;charset=UTF-8
      X-Gdc-Request:
      - CGsH5zVEVjAmdWFYDnRBFg:Kh41gg5qj6nXbwYMW9kqtw:KC1k5jUyMSbQ4gMW
      Vary:
      - origin
      X-Gdc-Request-Time:
      - '69'
      Transfer-Encoding:
      - chunked
      Strict-Transport-Security:
      - max-age=10886400; includeSubDomains; preload;
    body:
      encoding: ASCII-8BIT
      string: '{"uris":["/gdc/md/p4etjr09tf2datr3c345961ho5dam0vc/variables/item/4"]}'
    http_version: 
  recorded_at: Wed, 10 Oct 2018 11:55:51 GMT
- request:
    method: post
    uri: https://staging2-lcm-prod.intgdc.com/gdc/md/p4etjr09tf2datr3c345961ho5dam0vc/variables/search
    body:
      encoding: UTF-8
      string: '{"variablesSearch":{"variables":["/gdc/md/p4etjr09tf2datr3c345961ho5dam0vc/obj/253"],"context":[]}}'
    headers:
      Accept:
      - application/json, application/zip
      Accept-Encoding:
      - gzip, deflate
      User-Agent:
      - gooddata-gem/1.3.2/x86_64-darwin16/2.3.3
      Content-Type:
      - application/json
      X-Gdc-Authtt:
      - "<X_GDC_AUTHTT>"
      X-Gdc-Request:
      - CGsH5zVEVjAmdWFYDnRBFg:YDcxwipZw48vyU_Hl2xqmw
      Content-Length:
      - '99'
      Host:
      - staging2-lcm-prod.intgdc.com
  response:
    status:
      code: 200
      message: OK
    headers:
      Date:
      - Wed, 10 Oct 2018 11:55:51 GMT
      Server:
      - GoodData WebApp
      Keep-Alive:
      - timeout=5, max=66
      X-Gdc-Log-Header:
      - ''
      Cache-Control:
      - no-cache, no-store, must-revalidate
      Content-Type:
      - application/json;charset=UTF-8
      X-Gdc-Request:
      - CGsH5zVEVjAmdWFYDnRBFg:YDcxwipZw48vyU_Hl2xqmw:ThhEcGRMa4Tb6eva
      Vary:
      - origin
      X-Gdc-Request-Time:
      - '32'
      Transfer-Encoding:
      - chunked
      Strict-Transport-Security:
      - max-age=10886400; includeSubDomains; preload;
    body:
      encoding: ASCII-8BIT
      string: '{"variables":[{"related":"/gdc/account/profile/5ad80b895edcc438e5a4418e222733fa","level":"user","tree":{"content":[{"value":"/gdc/md/p4etjr09tf2datr3c345961ho5dam0vc/obj/219","position":{"column":14,"line":1},"type":"attribute
        object"},{"content":[{"value":"/gdc/md/p4etjr09tf2datr3c345961ho5dam0vc/obj/219/elements?id=3","position":{"column":69,"line":1},"type":"attributeElement
        object"}],"position":{"column":69,"line":1},"type":"list"}],"position":{"column":65,"line":1},"type":"in"},"expression":"[/gdc/md/p4etjr09tf2datr3c345961ho5dam0vc/obj/219]
        IN ([/gdc/md/p4etjr09tf2datr3c345961ho5dam0vc/obj/219/elements?id=3])","type":"filter","uri":"/gdc/md/p4etjr09tf2datr3c345961ho5dam0vc/variables/item/4","prompt":"/gdc/md/p4etjr09tf2datr3c345961ho5dam0vc/obj/253"}]}'
    http_version: 
  recorded_at: Wed, 10 Oct 2018 11:55:51 GMT
- request:
    method: get
    uri: https://staging2-lcm-prod.intgdc.com/gdc/md/p4etjr09tf2datr3c345961ho5dam0vc/obj/219
    body:
      encoding: US-ASCII
      string: ''
    headers:
      Accept:
      - application/json, application/zip
      Accept-Encoding:
      - gzip, deflate
      User-Agent:
      - gooddata-gem/1.3.2/x86_64-darwin16/2.3.3
      Content-Type:
      - application/json
      X-Gdc-Authtt:
      - "<X_GDC_AUTHTT>"
      X-Gdc-Request:
      - CGsH5zVEVjAmdWFYDnRBFg:EEQQ1KJhFuClOJI47rJMxA
      Host:
      - staging2-lcm-prod.intgdc.com
  response:
    status:
      code: 200
      message: OK
    headers:
      Date:
      - Wed, 10 Oct 2018 11:55:52 GMT
      Server:
      - GoodData WebApp
      Keep-Alive:
      - timeout=5, max=99
      X-Gdc-Log-Header:
      - ''
      Cache-Control:
      - no-cache, no-store, must-revalidate
      Content-Type:
      - application/json;charset=UTF-8
      Transfer-Encoding:
      - chunked
      Vary:
      - Accept-Encoding
      - origin
      X-Gdc-Request:
      - CGsH5zVEVjAmdWFYDnRBFg:EEQQ1KJhFuClOJI47rJMxA:yYFG7NmPf08WxTx5
      X-Gdc-Request-Time:
      - '39'
      Strict-Transport-Security:
      - max-age=10886400; includeSubDomains; preload;
    body:
      encoding: ASCII-8BIT
      string: '{"attribute":{"content":{"pk":[{"type":"col","data":"/gdc/md/p4etjr09tf2datr3c345961ho5dam0vc/obj/14"}],"dimension":"/gdc/md/p4etjr09tf2datr3c345961ho5dam0vc/obj/218","displayForms":[{"content":{"formOf":"/gdc/md/p4etjr09tf2datr3c345961ho5dam0vc/obj/219","expression":"[/gdc/md/p4etjr09tf2datr3c345961ho5dam0vc/obj/16]","default":1},"links":{"elements":"/gdc/md/p4etjr09tf2datr3c345961ho5dam0vc/obj/221/elements"},"meta":{"author":"/gdc/account/profile/5ad80b895edcc438e5a4418e222733fa","uri":"/gdc/md/p4etjr09tf2datr3c345961ho5dam0vc/obj/221","tags":"","created":"2018-10-10
        13:54:44","identifier":"label.devs.dev_id.email","deprecated":"0","summary":"","isProduction":1,"title":"Email","category":"attributeDisplayForm","updated":"2018-10-10
        13:54:44","contributor":"/gdc/account/profile/5ad80b895edcc438e5a4418e222733fa"}},{"content":{"formOf":"/gdc/md/p4etjr09tf2datr3c345961ho5dam0vc/obj/219","expression":"[/gdc/md/p4etjr09tf2datr3c345961ho5dam0vc/obj/18]"},"links":{"elements":"/gdc/md/p4etjr09tf2datr3c345961ho5dam0vc/obj/220/elements"},"meta":{"author":"/gdc/account/profile/5ad80b895edcc438e5a4418e222733fa","uri":"/gdc/md/p4etjr09tf2datr3c345961ho5dam0vc/obj/220","tags":"","created":"2018-10-10
        13:54:44","identifier":"label.devs.dev_id.id","deprecated":"0","summary":"","isProduction":1,"title":"Id","category":"attributeDisplayForm","updated":"2018-10-10
        13:54:44","contributor":"/gdc/account/profile/5ad80b895edcc438e5a4418e222733fa"}}],"fk":[{"multivalue":true,"type":"col","data":"/gdc/md/p4etjr09tf2datr3c345961ho5dam0vc/obj/28"}]},"meta":{"author":"/gdc/account/profile/5ad80b895edcc438e5a4418e222733fa","uri":"/gdc/md/p4etjr09tf2datr3c345961ho5dam0vc/obj/219","tags":"","created":"2018-10-10
        13:54:44","identifier":"attr.devs.dev_id","deprecated":"0","summary":"","isProduction":1,"title":"Dev","category":"attribute","updated":"2018-10-10
        13:54:44","contributor":"/gdc/account/profile/5ad80b895edcc438e5a4418e222733fa"}}}'
    http_version: 
  recorded_at: Wed, 10 Oct 2018 11:55:52 GMT
- request:
    method: get
    uri: https://staging2-lcm-prod.intgdc.com/gdc/md/p4etjr09tf2datr3c345961ho5dam0vc/obj/219
    body:
      encoding: US-ASCII
      string: ''
    headers:
      Accept:
      - application/json, application/zip
      Accept-Encoding:
      - gzip, deflate
      User-Agent:
      - gooddata-gem/1.3.2/x86_64-darwin16/2.3.3
      Content-Type:
      - application/json
      X-Gdc-Authtt:
      - "<X_GDC_AUTHTT>"
      X-Gdc-Request:
      - CGsH5zVEVjAmdWFYDnRBFg:7sBrKw221Gw9t7x93oMGuQ
      Host:
      - staging2-lcm-prod.intgdc.com
  response:
    status:
      code: 200
      message: OK
    headers:
      Date:
      - Wed, 10 Oct 2018 11:55:53 GMT
      Server:
      - GoodData WebApp
      Keep-Alive:
      - timeout=5, max=80
      X-Gdc-Log-Header:
      - ''
      Cache-Control:
      - no-cache, no-store, must-revalidate
      Content-Type:
      - application/json;charset=UTF-8
      Transfer-Encoding:
      - chunked
      Vary:
      - Accept-Encoding
      - origin
      X-Gdc-Request:
      - CGsH5zVEVjAmdWFYDnRBFg:7sBrKw221Gw9t7x93oMGuQ:ciwhiOfqElFW1MtR
      X-Gdc-Request-Time:
      - '45'
      Strict-Transport-Security:
      - max-age=10886400; includeSubDomains; preload;
    body:
      encoding: ASCII-8BIT
      string: '{"attribute":{"content":{"pk":[{"type":"col","data":"/gdc/md/p4etjr09tf2datr3c345961ho5dam0vc/obj/14"}],"dimension":"/gdc/md/p4etjr09tf2datr3c345961ho5dam0vc/obj/218","displayForms":[{"content":{"formOf":"/gdc/md/p4etjr09tf2datr3c345961ho5dam0vc/obj/219","expression":"[/gdc/md/p4etjr09tf2datr3c345961ho5dam0vc/obj/16]","default":1},"links":{"elements":"/gdc/md/p4etjr09tf2datr3c345961ho5dam0vc/obj/221/elements"},"meta":{"author":"/gdc/account/profile/5ad80b895edcc438e5a4418e222733fa","uri":"/gdc/md/p4etjr09tf2datr3c345961ho5dam0vc/obj/221","tags":"","created":"2018-10-10
        13:54:44","identifier":"label.devs.dev_id.email","deprecated":"0","summary":"","isProduction":1,"title":"Email","category":"attributeDisplayForm","updated":"2018-10-10
        13:54:44","contributor":"/gdc/account/profile/5ad80b895edcc438e5a4418e222733fa"}},{"content":{"formOf":"/gdc/md/p4etjr09tf2datr3c345961ho5dam0vc/obj/219","expression":"[/gdc/md/p4etjr09tf2datr3c345961ho5dam0vc/obj/18]"},"links":{"elements":"/gdc/md/p4etjr09tf2datr3c345961ho5dam0vc/obj/220/elements"},"meta":{"author":"/gdc/account/profile/5ad80b895edcc438e5a4418e222733fa","uri":"/gdc/md/p4etjr09tf2datr3c345961ho5dam0vc/obj/220","tags":"","created":"2018-10-10
        13:54:44","identifier":"label.devs.dev_id.id","deprecated":"0","summary":"","isProduction":1,"title":"Id","category":"attributeDisplayForm","updated":"2018-10-10
        13:54:44","contributor":"/gdc/account/profile/5ad80b895edcc438e5a4418e222733fa"}}],"fk":[{"multivalue":true,"type":"col","data":"/gdc/md/p4etjr09tf2datr3c345961ho5dam0vc/obj/28"}]},"meta":{"author":"/gdc/account/profile/5ad80b895edcc438e5a4418e222733fa","uri":"/gdc/md/p4etjr09tf2datr3c345961ho5dam0vc/obj/219","tags":"","created":"2018-10-10
        13:54:44","identifier":"attr.devs.dev_id","deprecated":"0","summary":"","isProduction":1,"title":"Dev","category":"attribute","updated":"2018-10-10
        13:54:44","contributor":"/gdc/account/profile/5ad80b895edcc438e5a4418e222733fa"}}}'
    http_version: 
  recorded_at: Wed, 10 Oct 2018 11:55:53 GMT
- request:
    method: get
    uri: https://staging2-lcm-prod.intgdc.com/gdc/md/p4etjr09tf2datr3c345961ho5dam0vc/obj/221
    body:
      encoding: US-ASCII
      string: ''
    headers:
      Accept:
      - application/json, application/zip
      Accept-Encoding:
      - gzip, deflate
      User-Agent:
      - gooddata-gem/1.3.2/x86_64-darwin16/2.3.3
      Content-Type:
      - application/json
      X-Gdc-Authtt:
      - "<X_GDC_AUTHTT>"
      X-Gdc-Request:
      - CGsH5zVEVjAmdWFYDnRBFg:5A7ipIBO5sFyFT_oclV59A
      Host:
      - staging2-lcm-prod.intgdc.com
  response:
    status:
      code: 200
      message: OK
    headers:
      Date:
      - Wed, 10 Oct 2018 11:55:53 GMT
      Server:
      - GoodData WebApp
      Keep-Alive:
      - timeout=5, max=77
      X-Gdc-Log-Header:
      - ''
      Cache-Control:
      - no-cache, no-store, must-revalidate
      Content-Type:
      - application/json;charset=UTF-8
      X-Gdc-Request:
      - CGsH5zVEVjAmdWFYDnRBFg:5A7ipIBO5sFyFT_oclV59A:TD84QPneLYGrLCWv
      Vary:
      - origin
      X-Gdc-Request-Time:
      - '29'
      Transfer-Encoding:
      - chunked
      Strict-Transport-Security:
      - max-age=10886400; includeSubDomains; preload;
    body:
      encoding: ASCII-8BIT
      string: '{"attributeDisplayForm":{"content":{"formOf":"/gdc/md/p4etjr09tf2datr3c345961ho5dam0vc/obj/219","expression":"[/gdc/md/p4etjr09tf2datr3c345961ho5dam0vc/obj/16]","default":1},"links":{"elements":"/gdc/md/p4etjr09tf2datr3c345961ho5dam0vc/obj/221/elements"},"meta":{"author":"/gdc/account/profile/5ad80b895edcc438e5a4418e222733fa","uri":"/gdc/md/p4etjr09tf2datr3c345961ho5dam0vc/obj/221","tags":"","created":"2018-10-10
        13:54:44","identifier":"label.devs.dev_id.email","deprecated":"0","summary":"","isProduction":1,"title":"Email","category":"attributeDisplayForm","updated":"2018-10-10
        13:54:44","contributor":"/gdc/account/profile/5ad80b895edcc438e5a4418e222733fa"}}}'
    http_version: 
  recorded_at: Wed, 10 Oct 2018 11:55:53 GMT
- request:
    method: get
    uri: https://staging2-lcm-prod.intgdc.com/gdc/md/p4etjr09tf2datr3c345961ho5dam0vc/obj/220
    body:
      encoding: US-ASCII
      string: ''
    headers:
      Accept:
      - application/json, application/zip
      Accept-Encoding:
      - gzip, deflate
      User-Agent:
      - gooddata-gem/1.3.2/x86_64-darwin16/2.3.3
      Content-Type:
      - application/json
      X-Gdc-Authtt:
      - "<X_GDC_AUTHTT>"
      X-Gdc-Request:
      - CGsH5zVEVjAmdWFYDnRBFg:oD2u_Vd8IGC5JwrVTY2a8w
      Host:
      - staging2-lcm-prod.intgdc.com
  response:
    status:
      code: 200
      message: OK
    headers:
      Date:
      - Wed, 10 Oct 2018 11:55:54 GMT
      Server:
      - GoodData WebApp
      Keep-Alive:
      - timeout=5, max=68
      X-Gdc-Log-Header:
      - ''
      Cache-Control:
      - no-cache, no-store, must-revalidate
      Content-Type:
      - application/json;charset=UTF-8
      X-Gdc-Request:
      - CGsH5zVEVjAmdWFYDnRBFg:oD2u_Vd8IGC5JwrVTY2a8w:bJtAecJGGEkNn6Ww
      Vary:
      - origin
      X-Gdc-Request-Time:
      - '29'
      Transfer-Encoding:
      - chunked
      Strict-Transport-Security:
      - max-age=10886400; includeSubDomains; preload;
    body:
      encoding: ASCII-8BIT
      string: '{"attributeDisplayForm":{"content":{"formOf":"/gdc/md/p4etjr09tf2datr3c345961ho5dam0vc/obj/219","expression":"[/gdc/md/p4etjr09tf2datr3c345961ho5dam0vc/obj/18]"},"links":{"elements":"/gdc/md/p4etjr09tf2datr3c345961ho5dam0vc/obj/220/elements"},"meta":{"author":"/gdc/account/profile/5ad80b895edcc438e5a4418e222733fa","uri":"/gdc/md/p4etjr09tf2datr3c345961ho5dam0vc/obj/220","tags":"","created":"2018-10-10
        13:54:44","identifier":"label.devs.dev_id.id","deprecated":"0","summary":"","isProduction":1,"title":"Id","category":"attributeDisplayForm","updated":"2018-10-10
        13:54:44","contributor":"/gdc/account/profile/5ad80b895edcc438e5a4418e222733fa"}}}'
    http_version: 
  recorded_at: Wed, 10 Oct 2018 11:55:54 GMT
- request:
    method: get
    uri: https://staging2-lcm-prod.intgdc.com/gdc/md/p4etjr09tf2datr3c345961ho5dam0vc/obj/221/elements/?id=3
    body:
      encoding: US-ASCII
      string: ''
    headers:
      Accept:
      - application/json, application/zip
      Accept-Encoding:
      - gzip, deflate
      User-Agent:
      - gooddata-gem/1.3.2/x86_64-darwin16/2.3.3
      Content-Type:
      - application/json
      X-Gdc-Authtt:
      - "<X_GDC_AUTHTT>"
      X-Gdc-Request:
      - CGsH5zVEVjAmdWFYDnRBFg:ouUZiqW7EgBRTbHUvfqmcw
      Host:
      - staging2-lcm-prod.intgdc.com
  response:
    status:
      code: 200
      message: OK
    headers:
      Date:
      - Wed, 10 Oct 2018 11:55:55 GMT
      Server:
      - GoodData WebApp
      Keep-Alive:
      - timeout=5, max=70
      X-Gdc-Log-Header:
      - ''
      Cache-Control:
      - no-cache, no-store, must-revalidate
      Content-Type:
      - application/json;charset=UTF-8
      X-Gdc-Request:
      - CGsH5zVEVjAmdWFYDnRBFg:ouUZiqW7EgBRTbHUvfqmcw:kaUF0Tt7Bdt6jSBc
      Vary:
      - origin
      X-Gdc-Request-Time:
      - '39'
      Transfer-Encoding:
      - chunked
      Strict-Transport-Security:
      - max-age=10886400; includeSubDomains; preload;
    body:
      encoding: ASCII-8BIT
      string: '{"attributeElements":{"elementsMeta":{"count":1,"mode":"includeuris","filter":"","records":"1","prompt":"","attribute":"/gdc/md/p4etjr09tf2datr3c345961ho5dam0vc/obj/219","order":"asc","attributeDisplayForm":"/gdc/md/p4etjr09tf2datr3c345961ho5dam0vc/obj/221","offset":"0"},"elements":[{"title":"jirka@gooddata.com","uri":"/gdc/md/p4etjr09tf2datr3c345961ho5dam0vc/obj/219/elements?id=3"}],"paging":{"next":null,"count":1,"total":"1","offset":"0"}}}'
    http_version: 
  recorded_at: Wed, 10 Oct 2018 11:55:55 GMT
- request:
    method: post
    uri: https://staging2-lcm-prod.intgdc.com/gdc/md/p4etjr09tf2datr3c345961ho5dam0vc/variables/search
    body:
      encoding: UTF-8
      string: '{"variablesSearch":{"variables":["/gdc/md/p4etjr09tf2datr3c345961ho5dam0vc/obj/253"],"context":[]}}'
    headers:
      Accept:
      - application/json, application/zip
      Accept-Encoding:
      - gzip, deflate
      User-Agent:
      - gooddata-gem/1.3.2/x86_64-darwin16/2.3.3
      Content-Type:
      - application/json
      X-Gdc-Authtt:
      - "<X_GDC_AUTHTT>"
      X-Gdc-Request:
      - CGsH5zVEVjAmdWFYDnRBFg:Hjx4uTjFYvky8HDawbM8pQ
      Content-Length:
      - '99'
      Host:
      - staging2-lcm-prod.intgdc.com
  response:
    status:
      code: 200
      message: OK
    headers:
      Date:
      - Wed, 10 Oct 2018 11:55:55 GMT
      Server:
      - GoodData WebApp
      Keep-Alive:
      - timeout=5, max=98
      X-Gdc-Log-Header:
      - ''
      Cache-Control:
      - no-cache, no-store, must-revalidate
      Content-Type:
      - application/json;charset=UTF-8
      X-Gdc-Request:
      - CGsH5zVEVjAmdWFYDnRBFg:Hjx4uTjFYvky8HDawbM8pQ:yEZRxcULG05Kvb83
      Vary:
      - origin
      X-Gdc-Request-Time:
      - '33'
      Transfer-Encoding:
      - chunked
      Strict-Transport-Security:
      - max-age=10886400; includeSubDomains; preload;
    body:
      encoding: ASCII-8BIT
      string: '{"variables":[{"related":"/gdc/account/profile/5ad80b895edcc438e5a4418e222733fa","level":"user","tree":{"content":[{"value":"/gdc/md/p4etjr09tf2datr3c345961ho5dam0vc/obj/219","position":{"column":14,"line":1},"type":"attribute
        object"},{"content":[{"value":"/gdc/md/p4etjr09tf2datr3c345961ho5dam0vc/obj/219/elements?id=3","position":{"column":69,"line":1},"type":"attributeElement
        object"}],"position":{"column":69,"line":1},"type":"list"}],"position":{"column":65,"line":1},"type":"in"},"expression":"[/gdc/md/p4etjr09tf2datr3c345961ho5dam0vc/obj/219]
        IN ([/gdc/md/p4etjr09tf2datr3c345961ho5dam0vc/obj/219/elements?id=3])","type":"filter","uri":"/gdc/md/p4etjr09tf2datr3c345961ho5dam0vc/variables/item/4","prompt":"/gdc/md/p4etjr09tf2datr3c345961ho5dam0vc/obj/253"}]}'
    http_version: 
  recorded_at: Wed, 10 Oct 2018 11:55:55 GMT
- request:
    method: post
    uri: https://staging2-lcm-prod.intgdc.com/gdc/md/p4etjr09tf2datr3c345961ho5dam0vc/variables/search
    body:
      encoding: UTF-8
      string: '{"variablesSearch":{"variables":["/gdc/md/p4etjr09tf2datr3c345961ho5dam0vc/obj/253"],"context":[]}}'
    headers:
      Accept:
      - application/json, application/zip
      Accept-Encoding:
      - gzip, deflate
      User-Agent:
      - gooddata-gem/1.3.2/x86_64-darwin16/2.3.3
      Content-Type:
      - application/json
      X-Gdc-Authtt:
      - "<X_GDC_AUTHTT>"
      X-Gdc-Request:
      - CGsH5zVEVjAmdWFYDnRBFg:6WmWRvjW3Pb1OXd90UL_Ow
      Content-Length:
      - '99'
      Host:
      - staging2-lcm-prod.intgdc.com
  response:
    status:
      code: 200
      message: OK
    headers:
      Date:
      - Wed, 10 Oct 2018 11:55:56 GMT
      Server:
      - GoodData WebApp
      Keep-Alive:
      - timeout=5, max=67
      X-Gdc-Log-Header:
      - ''
      Cache-Control:
      - no-cache, no-store, must-revalidate
      Content-Type:
      - application/json;charset=UTF-8
      X-Gdc-Request:
      - CGsH5zVEVjAmdWFYDnRBFg:6WmWRvjW3Pb1OXd90UL_Ow:yUmFLVlxMcqv26bd
      Vary:
      - origin
      X-Gdc-Request-Time:
      - '29'
      Transfer-Encoding:
      - chunked
      Strict-Transport-Security:
      - max-age=10886400; includeSubDomains; preload;
    body:
      encoding: ASCII-8BIT
      string: '{"variables":[{"related":"/gdc/account/profile/5ad80b895edcc438e5a4418e222733fa","level":"user","tree":{"content":[{"value":"/gdc/md/p4etjr09tf2datr3c345961ho5dam0vc/obj/219","position":{"column":14,"line":1},"type":"attribute
        object"},{"content":[{"value":"/gdc/md/p4etjr09tf2datr3c345961ho5dam0vc/obj/219/elements?id=3","position":{"column":69,"line":1},"type":"attributeElement
        object"}],"position":{"column":69,"line":1},"type":"list"}],"position":{"column":65,"line":1},"type":"in"},"expression":"[/gdc/md/p4etjr09tf2datr3c345961ho5dam0vc/obj/219]
        IN ([/gdc/md/p4etjr09tf2datr3c345961ho5dam0vc/obj/219/elements?id=3])","type":"filter","uri":"/gdc/md/p4etjr09tf2datr3c345961ho5dam0vc/variables/item/4","prompt":"/gdc/md/p4etjr09tf2datr3c345961ho5dam0vc/obj/253"}]}'
    http_version: 
  recorded_at: Wed, 10 Oct 2018 11:55:56 GMT
- request:
    method: delete
    uri: https://staging2-lcm-prod.intgdc.com/gdc/md/p4etjr09tf2datr3c345961ho5dam0vc/variables/item/4
    body:
      encoding: US-ASCII
      string: ''
    headers:
      Accept:
      - application/json, application/zip
      Accept-Encoding:
      - gzip, deflate
      User-Agent:
      - gooddata-gem/1.3.2/x86_64-darwin16/2.3.3
      Content-Type:
      - application/json
      X-Gdc-Authtt:
      - "<X_GDC_AUTHTT>"
      X-Gdc-Request:
      - CGsH5zVEVjAmdWFYDnRBFg:RBMrh-WKjkpgmfe8yJQWtg
      Host:
      - staging2-lcm-prod.intgdc.com
  response:
    status:
      code: 200
      message: OK
    headers:
      Date:
      - Wed, 10 Oct 2018 11:55:57 GMT
      Server:
      - GoodData WebApp
      Keep-Alive:
      - timeout=5, max=79
      X-Gdc-Log-Header:
      - ''
      Cache-Control:
      - no-cache, no-store, must-revalidate
      X-Gdc-Request-Time:
      - '28'
      X-Gdc-Request:
      - CGsH5zVEVjAmdWFYDnRBFg:RBMrh-WKjkpgmfe8yJQWtg:4DtPWUDNpI4RTab9
      Vary:
      - origin
      Transfer-Encoding:
      - chunked
      Strict-Transport-Security:
      - max-age=10886400; includeSubDomains; preload;
    body:
      encoding: ASCII-8BIT
      string: ''
    http_version: 
  recorded_at: Wed, 10 Oct 2018 11:55:57 GMT
recorded_with: VCR 4.0.0
