---
http_interactions:
- request:
    method: get
    uri: https://staging2-lcm-prod.intgdc.com/gdc/projects/n305zmn59vsva69emnx99fhgs1zlvbzk
    body:
      encoding: US-ASCII
      string: ''
    headers:
      Accept:
      - application/json, application/zip
      Accept-Encoding:
      - gzip, deflate
      User-Agent:
      - gooddata-gem/1.3.2/x86_64-darwin16/2.3.3
      Content-Type:
      - application/json
      X-Gdc-Authtt:
      - "<X_GDC_AUTHTT>"
      X-Gdc-Request:
      - imiqz5kIH-SSKu0GZoZnMA:ap_GeHBA97tjVE7AJbumzQ
      Host:
      - staging2-lcm-prod.intgdc.com
  response:
    status:
      code: 200
      message: OK
    headers:
      Date:
      - Tue, 09 Oct 2018 16:09:25 GMT
      Server:
      - GoodData WebApp
      Keep-Alive:
      - timeout=5, max=100
      X-Gdc-Log-Header:
      - ''
      Cache-Control:
      - no-cache, no-store, must-revalidate
      Content-Type:
      - application/json;charset=UTF-8
      Transfer-Encoding:
      - chunked
      Vary:
      - Accept-Encoding
      - origin
      X-Gdc-Request:
      - imiqz5kIH-SSKu0GZoZnMA:ap_GeHBA97tjVE7AJbumzQ:ZJNNpebFRodc1Ges
      X-Gdc-Request-Time:
      - '50'
      Strict-Transport-Security:
      - max-age=10886400; includeSubDomains; preload;
    body:
      encoding: ASCII-8BIT
      string: '{"project":{"content":{"environment":"TESTING","cluster":"","authorizationToken":"<AUTHORIZATION_TOKEN>","guidedNavigation":"1","isPublic":"0","driver":"Pg","state":"ENABLED"},"links":{"ldm_thumbnail":"/gdc/projects/n305zmn59vsva69emnx99fhgs1zlvbzk/ldm?thumbnail=1","self":"/gdc/projects/n305zmn59vsva69emnx99fhgs1zlvbzk","clearCaches":"/gdc/projects/n305zmn59vsva69emnx99fhgs1zlvbzk/clearCaches","invitations":"/gdc/projects/n305zmn59vsva69emnx99fhgs1zlvbzk/invitations","users":"/gdc/projects/n305zmn59vsva69emnx99fhgs1zlvbzk/users?link=1&offset=0&limit=100","uploads":"/gdc/projects/n305zmn59vsva69emnx99fhgs1zlvbzk/uploads/","ldm":"/gdc/projects/n305zmn59vsva69emnx99fhgs1zlvbzk/ldm","metadata":"/gdc/md/n305zmn59vsva69emnx99fhgs1zlvbzk","publicartifacts":"/gdc/projects/n305zmn59vsva69emnx99fhgs1zlvbzk/publicartifacts","roles":"/gdc/projects/n305zmn59vsva69emnx99fhgs1zlvbzk/roles","userRoles":"/gdc/projects/n305zmn59vsva69emnx99fhgs1zlvbzk/users/5ad80b895edcc438e5a4418e222733fa/roles","userPermissions":"/gdc/projects/n305zmn59vsva69emnx99fhgs1zlvbzk/users/5ad80b895edcc438e5a4418e222733fa/permissions","dataload":"/gdc/projects/n305zmn59vsva69emnx99fhgs1zlvbzk/dataload","connectors":"/gdc/projects/n305zmn59vsva69emnx99fhgs1zlvbzk/connectors","execute":"/gdc/projects/n305zmn59vsva69emnx99fhgs1zlvbzk/execute","config":"/gdc/projects/n305zmn59vsva69emnx99fhgs1zlvbzk/config","projectFeatureFlags":"/gdc/projects/n305zmn59vsva69emnx99fhgs1zlvbzk/projectFeatureFlags","schedules":"/gdc/projects/n305zmn59vsva69emnx99fhgs1zlvbzk/schedules","templates":"/gdc/md/n305zmn59vsva69emnx99fhgs1zlvbzk/templates"},"meta":{"created":"2018-10-09
        18:09:23","summary":"No summary","updated":"2018-10-09 18:09:24","author":"/gdc/account/profile/5ad80b895edcc438e5a4418e222733fa","title":"Project
        for schedule testing","contributor":"/gdc/account/profile/5ad80b895edcc438e5a4418e222733fa"}}}'
    http_version: 
  recorded_at: Tue, 09 Oct 2018 16:09:25 GMT
- request:
    method: get
    uri: https://staging2-lcm-prod.intgdc.com/gdc/projects/n305zmn59vsva69emnx99fhgs1zlvbzk/uploads/1539101368/
    body:
      encoding: US-ASCII
      string: ''
    headers:
      Accept:
      - "*/*"
      Accept-Encoding:
      - gzip, deflate
      User-Agent:
      - gooddata-gem/1.3.2/x86_64-darwin16/2.3.3
      X-Gdc-Authtt:
      - "<X_GDC_AUTHTT>"
      Host:
      - staging2-lcm-prod.intgdc.com
  response:
    status:
      code: 404
      message: Not Found
    headers:
      Date:
      - Tue, 09 Oct 2018 16:09:29 GMT
      Server:
      - Apache
      Content-Length:
      - '263'
      Content-Type:
      - text/html; charset=iso-8859-1
      Strict-Transport-Security:
      - max-age=10886400; includeSubDomains; preload;
    body:
      encoding: UTF-8
      string: |
        <!DOCTYPE HTML PUBLIC "-//IETF//DTD HTML 2.0//EN">
        <html><head>
        <title>404 Not Found</title>
        </head><body>
        <h1>Not Found</h1>
        <p>The requested URL /gdc/projects/n305zmn59vsva69emnx99fhgs1zlvbzk/uploads/1539101368/ was not found on this server.</p>
        </body></html>
    http_version: 
  recorded_at: Tue, 09 Oct 2018 16:09:29 GMT
- request:
    method: mkcol
    uri: https://staging2-lcm-prod.intgdc.com/gdc/projects/n305zmn59vsva69emnx99fhgs1zlvbzk/uploads/1539101368/
    body:
      encoding: UTF-8
      string: ''
    headers:
      Accept:
      - "*/*"
      Accept-Encoding:
      - gzip, deflate
      User-Agent:
      - gooddata-gem/1.3.2/x86_64-darwin16/2.3.3
      X-Gdc-Authtt:
      - "<X_GDC_AUTHTT>"
      Host:
      - staging2-lcm-prod.intgdc.com
  response:
    status:
      code: 201
      message: Created
    headers:
      Date:
      - Tue, 09 Oct 2018 16:09:29 GMT
      Server:
      - Apache
      Location:
      - https://staging2-lcm-prod.intgdc.com/gdc/projects/n305zmn59vsva69emnx99fhgs1zlvbzk/uploads/1539101368/
      Content-Security-Policy:
      - frame-ancestors 'none'
      X-Frame-Options:
      - DENY
      X-Content-Type-Options:
      - nosniff
      Content-Type:
      - application/binary
      Content-Length:
      - '240'
      Strict-Transport-Security:
      - max-age=10886400; includeSubDomains; preload;
    body:
      encoding: UTF-8
      string: |
        <!DOCTYPE HTML PUBLIC "-//IETF//DTD HTML 2.0//EN">
        <html><head>
        <title>201 Created</title>
        </head><body>
        <h1>Created</h1>
        <p>Collection /gdc/projects/n305zmn59vsva69emnx99fhgs1zlvbzk/uploads/1539101368/ has been created.</p>
        </body></html>
    http_version: 
  recorded_at: Tue, 09 Oct 2018 16:09:29 GMT
- request:
    method: put
    uri: https://staging2-lcm-prod.intgdc.com/gdc/projects/n305zmn59vsva69emnx99fhgs1zlvbzk/uploads/1539101368/test-ci-data.csv
    body:
      encoding: ASCII-8BIT
      string: |
        firstname, lastname, email
        tomas, korcak, tomas.korcak@gooddata.com
    headers:
      Accept:
      - "*/*"
      Accept-Encoding:
      - gzip, deflate
      User-Agent:
      - gooddata-gem/1.3.2/x86_64-darwin16/2.3.3
      X-Gdc-Authtt:
      - "<X_GDC_AUTHTT>"
      Content-Length:
      - '68'
      Host:
      - staging2-lcm-prod.intgdc.com
  response:
    status:
      code: 201
      message: Created
    headers:
      Date:
      - Tue, 09 Oct 2018 16:09:30 GMT
      Server:
      - Apache
      Location:
      - https://staging2-lcm-prod.intgdc.com/gdc/projects/n305zmn59vsva69emnx99fhgs1zlvbzk/uploads/1539101368/test-ci-data.csv
      Content-Security-Policy:
      - frame-ancestors 'none'
      X-Frame-Options:
      - DENY
      X-Content-Type-Options:
      - nosniff
      Content-Type:
      - application/binary
      Content-Length:
      - '254'
      Strict-Transport-Security:
      - max-age=10886400; includeSubDomains; preload;
    body:
      encoding: UTF-8
      string: |
        <!DOCTYPE HTML PUBLIC "-//IETF//DTD HTML 2.0//EN">
        <html><head>
        <title>201 Created</title>
        </head><body>
        <h1>Created</h1>
        <p>Resource /gdc/projects/n305zmn59vsva69emnx99fhgs1zlvbzk/uploads/1539101368/test-ci-data.csv has been created.</p>
        </body></html>
    http_version: 
  recorded_at: Tue, 09 Oct 2018 16:09:30 GMT
- request:
    method: get
    uri: https://staging2-lcm-prod.intgdc.com/gdc/projects/n305zmn59vsva69emnx99fhgs1zlvbzk/uploads/1539101368/test-ci-data.csv
    body:
      encoding: US-ASCII
      string: ''
    headers:
      Accept:
      - "*/*"
      Accept-Encoding:
      - gzip, deflate
      User-Agent:
      - gooddata-gem/1.3.2/x86_64-darwin16/2.3.3
      X-Gdc-Authtt:
      - "<X_GDC_AUTHTT>"
      Host:
      - staging2-lcm-prod.intgdc.com
  response:
    status:
      code: 200
      message: OK
    headers:
      Date:
      - Tue, 09 Oct 2018 16:09:30 GMT
      Server:
      - Apache
      Last-Modified:
      - Tue, 09 Oct 2018 16:09:30 GMT
      Etag:
      - W/"44-577cdf670ec53"
      Accept-Ranges:
      - bytes
      Content-Length:
      - '68'
      Content-Security-Policy:
      - frame-ancestors 'none'
      X-Frame-Options:
      - DENY
      X-Content-Type-Options:
      - nosniff
      Content-Type:
      - application/binary
      Strict-Transport-Security:
      - max-age=10886400; includeSubDomains; preload;
    body:
      encoding: UTF-8
      string: |
        firstname, lastname, email
        tomas, korcak, tomas.korcak@gooddata.com
    http_version: 
  recorded_at: Tue, 09 Oct 2018 16:09:30 GMT
- request:
    method: delete
    uri: https://staging2-lcm-prod.intgdc.com/gdc/projects/n305zmn59vsva69emnx99fhgs1zlvbzk
    body:
      encoding: US-ASCII
      string: ''
    headers:
      Accept:
      - application/json, application/zip
      Accept-Encoding:
      - gzip, deflate
      User-Agent:
      - gooddata-gem/1.3.2/x86_64-darwin16/2.3.3
      Content-Type:
      - application/json
      X-Gdc-Authtt:
      - "<X_GDC_AUTHTT>"
      X-Gdc-Request:
      - imiqz5kIH-SSKu0GZoZnMA:12pbAhN6XOGW_gvgtItuvw
      Host:
      - staging2-lcm-prod.intgdc.com
  response:
    status:
      code: 204
      message: No Content
    headers:
      Date:
      - Tue, 09 Oct 2018 16:09:31 GMT
      Server:
      - GoodData WebApp
      Keep-Alive:
      - timeout=5, max=100
      X-Gdc-Log-Header:
      - ''
      Cache-Control:
      - no-cache, no-store, must-revalidate
      X-Gdc-Request-Time:
      - '63'
      X-Gdc-Request:
      - imiqz5kIH-SSKu0GZoZnMA:12pbAhN6XOGW_gvgtItuvw:UsVcdVYjkYHm0gfq
      Vary:
      - origin
      Strict-Transport-Security:
      - max-age=10886400; includeSubDomains; preload;
    body:
      encoding: UTF-8
      string: ''
    http_version: 
  recorded_at: Tue, 09 Oct 2018 16:09:31 GMT
- request:
    method: get
    uri: https://staging2-lcm-prod.intgdc.com/gdc/projects/f7fyagag0f14ypti3tr2cijt7orxnxim
    body:
      encoding: US-ASCII
      string: ''
    headers:
      Accept:
      - application/json, application/zip
      Accept-Encoding:
      - gzip, deflate
      User-Agent:
      - gooddata-gem/1.3.2/x86_64-darwin16/2.3.3
      Content-Type:
      - application/json
      X-Gdc-Authtt:
      - "<X_GDC_AUTHTT>"
      X-Gdc-Request:
      - wHiXWxYenp8dh76vVnZm0Q:cc7CuW_epK5vMHsGQGX9oQ
      Host:
      - staging2-lcm-prod.intgdc.com
  response:
    status:
      code: 200
      message: OK
    headers:
      Date:
      - Tue, 09 Oct 2018 17:08:33 GMT
      Server:
      - GoodData WebApp
      Keep-Alive:
      - timeout=5, max=9
      X-Gdc-Log-Header:
      - ''
      Cache-Control:
      - no-cache, no-store, must-revalidate
      Content-Type:
      - application/json;charset=UTF-8
      Transfer-Encoding:
      - chunked
      Vary:
      - Accept-Encoding
      - origin
      X-Gdc-Request:
      - wHiXWxYenp8dh76vVnZm0Q:cc7CuW_epK5vMHsGQGX9oQ:s7phSP8EM4RAhKyx
      X-Gdc-Request-Time:
      - '80'
      Strict-Transport-Security:
      - max-age=10886400; includeSubDomains; preload;
    body:
      encoding: ASCII-8BIT
      string: '{"project":{"content":{"environment":"TESTING","cluster":"","guidedNavigation":"1","isPublic":"0","driver":"Pg","state":"PREPARING"},"links":{"ldm_thumbnail":"/gdc/projects/f7fyagag0f14ypti3tr2cijt7orxnxim/ldm?thumbnail=1","self":"/gdc/projects/f7fyagag0f14ypti3tr2cijt7orxnxim","clearCaches":"/gdc/projects/f7fyagag0f14ypti3tr2cijt7orxnxim/clearCaches","invitations":"/gdc/projects/f7fyagag0f14ypti3tr2cijt7orxnxim/invitations","users":"/gdc/projects/f7fyagag0f14ypti3tr2cijt7orxnxim/users?link=1&offset=0&limit=100","uploads":"/gdc/projects/f7fyagag0f14ypti3tr2cijt7orxnxim/uploads/","ldm":"/gdc/projects/f7fyagag0f14ypti3tr2cijt7orxnxim/ldm","metadata":"/gdc/md/f7fyagag0f14ypti3tr2cijt7orxnxim","publicartifacts":"/gdc/projects/f7fyagag0f14ypti3tr2cijt7orxnxim/publicartifacts","roles":"/gdc/projects/f7fyagag0f14ypti3tr2cijt7orxnxim/roles","userRoles":"/gdc/projects/f7fyagag0f14ypti3tr2cijt7orxnxim/users/5ad80b895edcc438e5a4418e222733fa/roles","userPermissions":"/gdc/projects/f7fyagag0f14ypti3tr2cijt7orxnxim/users/5ad80b895edcc438e5a4418e222733fa/permissions","dataload":"/gdc/projects/f7fyagag0f14ypti3tr2cijt7orxnxim/dataload","connectors":"/gdc/projects/f7fyagag0f14ypti3tr2cijt7orxnxim/connectors","execute":"/gdc/projects/f7fyagag0f14ypti3tr2cijt7orxnxim/execute","config":"/gdc/projects/f7fyagag0f14ypti3tr2cijt7orxnxim/config","projectFeatureFlags":"/gdc/projects/f7fyagag0f14ypti3tr2cijt7orxnxim/projectFeatureFlags","schedules":"/gdc/projects/f7fyagag0f14ypti3tr2cijt7orxnxim/schedules","templates":"/gdc/md/f7fyagag0f14ypti3tr2cijt7orxnxim/templates"},"meta":{"created":"2018-10-09
        19:08:32","summary":"No summary","updated":"2018-10-09 19:08:32","author":"/gdc/account/profile/5ad80b895edcc438e5a4418e222733fa","title":"Project
        for schedule testing","contributor":"/gdc/account/profile/5ad80b895edcc438e5a4418e222733fa"}}}'
    http_version: 
  recorded_at: Tue, 09 Oct 2018 17:08:33 GMT
- request:
    method: get
    uri: https://staging2-lcm-prod.intgdc.com/gdc/projects/f7fyagag0f14ypti3tr2cijt7orxnxim
    body:
      encoding: US-ASCII
      string: ''
    headers:
      Accept:
      - application/json, application/zip
      Accept-Encoding:
      - gzip, deflate
      User-Agent:
      - gooddata-gem/1.3.2/x86_64-darwin16/2.3.3
      Content-Type:
      - application/json
      X-Gdc-Authtt:
      - "<X_GDC_AUTHTT>"
      X-Gdc-Request:
      - wHiXWxYenp8dh76vVnZm0Q:rX1C_VepLGzxwSH70uxJdg
      Host:
      - staging2-lcm-prod.intgdc.com
  response:
    status:
      code: 200
      message: OK
    headers:
      Date:
      - Tue, 09 Oct 2018 17:08:36 GMT
      Server:
      - GoodData WebApp
      Keep-Alive:
      - timeout=5, max=23
      X-Gdc-Log-Header:
      - ''
      Cache-Control:
      - no-cache, no-store, must-revalidate
      Content-Type:
      - application/json;charset=UTF-8
      Transfer-Encoding:
      - chunked
      Vary:
      - Accept-Encoding
      - origin
      X-Gdc-Request:
      - wHiXWxYenp8dh76vVnZm0Q:rX1C_VepLGzxwSH70uxJdg:4T6vvyYfrfOblT00
      X-Gdc-Request-Time:
      - '68'
      Strict-Transport-Security:
      - max-age=10886400; includeSubDomains; preload;
    body:
      encoding: ASCII-8BIT
      string: '{"project":{"content":{"environment":"TESTING","cluster":"","authorizationToken":"<AUTHORIZATION_TOKEN>","guidedNavigation":"1","isPublic":"0","driver":"Pg","state":"ENABLED"},"links":{"ldm_thumbnail":"/gdc/projects/f7fyagag0f14ypti3tr2cijt7orxnxim/ldm?thumbnail=1","self":"/gdc/projects/f7fyagag0f14ypti3tr2cijt7orxnxim","clearCaches":"/gdc/projects/f7fyagag0f14ypti3tr2cijt7orxnxim/clearCaches","invitations":"/gdc/projects/f7fyagag0f14ypti3tr2cijt7orxnxim/invitations","users":"/gdc/projects/f7fyagag0f14ypti3tr2cijt7orxnxim/users?link=1&offset=0&limit=100","uploads":"/gdc/projects/f7fyagag0f14ypti3tr2cijt7orxnxim/uploads/","ldm":"/gdc/projects/f7fyagag0f14ypti3tr2cijt7orxnxim/ldm","metadata":"/gdc/md/f7fyagag0f14ypti3tr2cijt7orxnxim","publicartifacts":"/gdc/projects/f7fyagag0f14ypti3tr2cijt7orxnxim/publicartifacts","roles":"/gdc/projects/f7fyagag0f14ypti3tr2cijt7orxnxim/roles","userRoles":"/gdc/projects/f7fyagag0f14ypti3tr2cijt7orxnxim/users/5ad80b895edcc438e5a4418e222733fa/roles","userPermissions":"/gdc/projects/f7fyagag0f14ypti3tr2cijt7orxnxim/users/5ad80b895edcc438e5a4418e222733fa/permissions","dataload":"/gdc/projects/f7fyagag0f14ypti3tr2cijt7orxnxim/dataload","connectors":"/gdc/projects/f7fyagag0f14ypti3tr2cijt7orxnxim/connectors","execute":"/gdc/projects/f7fyagag0f14ypti3tr2cijt7orxnxim/execute","config":"/gdc/projects/f7fyagag0f14ypti3tr2cijt7orxnxim/config","projectFeatureFlags":"/gdc/projects/f7fyagag0f14ypti3tr2cijt7orxnxim/projectFeatureFlags","schedules":"/gdc/projects/f7fyagag0f14ypti3tr2cijt7orxnxim/schedules","templates":"/gdc/md/f7fyagag0f14ypti3tr2cijt7orxnxim/templates"},"meta":{"created":"2018-10-09
        19:08:32","summary":"No summary","updated":"2018-10-09 19:08:34","author":"/gdc/account/profile/5ad80b895edcc438e5a4418e222733fa","title":"Project
        for schedule testing","contributor":"/gdc/account/profile/5ad80b895edcc438e5a4418e222733fa"}}}'
    http_version: 
  recorded_at: Tue, 09 Oct 2018 17:08:37 GMT
- request:
    method: get
    uri: https://staging2-lcm-prod.intgdc.com/gdc/projects/f7fyagag0f14ypti3tr2cijt7orxnxim/uploads/1539104920/
    body:
      encoding: US-ASCII
      string: ''
    headers:
      Accept:
      - "*/*"
      Accept-Encoding:
      - gzip, deflate
      User-Agent:
      - gooddata-gem/1.3.2/x86_64-darwin16/2.3.3
      X-Gdc-Authtt:
      - "<X_GDC_AUTHTT>"
      Host:
      - staging2-lcm-prod.intgdc.com
  response:
    status:
      code: 404
      message: Not Found
    headers:
      Date:
      - Tue, 09 Oct 2018 17:08:40 GMT
      Server:
      - Apache
      Content-Length:
      - '263'
      Content-Type:
      - text/html; charset=iso-8859-1
      Strict-Transport-Security:
      - max-age=10886400; includeSubDomains; preload;
    body:
      encoding: UTF-8
      string: |
        <!DOCTYPE HTML PUBLIC "-//IETF//DTD HTML 2.0//EN">
        <html><head>
        <title>404 Not Found</title>
        </head><body>
        <h1>Not Found</h1>
        <p>The requested URL /gdc/projects/f7fyagag0f14ypti3tr2cijt7orxnxim/uploads/1539104920/ was not found on this server.</p>
        </body></html>
    http_version: 
  recorded_at: Tue, 09 Oct 2018 17:08:40 GMT
- request:
    method: mkcol
    uri: https://staging2-lcm-prod.intgdc.com/gdc/projects/f7fyagag0f14ypti3tr2cijt7orxnxim/uploads/1539104920/
    body:
      encoding: UTF-8
      string: ''
    headers:
      Accept:
      - "*/*"
      Accept-Encoding:
      - gzip, deflate
      User-Agent:
      - gooddata-gem/1.3.2/x86_64-darwin16/2.3.3
      X-Gdc-Authtt:
      - "<X_GDC_AUTHTT>"
      Host:
      - staging2-lcm-prod.intgdc.com
  response:
    status:
      code: 201
      message: Created
    headers:
      Date:
      - Tue, 09 Oct 2018 17:08:41 GMT
      Server:
      - Apache
      Location:
      - https://staging2-lcm-prod.intgdc.com/gdc/projects/f7fyagag0f14ypti3tr2cijt7orxnxim/uploads/1539104920/
      Content-Security-Policy:
      - frame-ancestors 'none'
      X-Frame-Options:
      - DENY
      X-Content-Type-Options:
      - nosniff
      Content-Type:
      - application/binary
      Content-Length:
      - '240'
      Strict-Transport-Security:
      - max-age=10886400; includeSubDomains; preload;
    body:
      encoding: UTF-8
      string: |
        <!DOCTYPE HTML PUBLIC "-//IETF//DTD HTML 2.0//EN">
        <html><head>
        <title>201 Created</title>
        </head><body>
        <h1>Created</h1>
        <p>Collection /gdc/projects/f7fyagag0f14ypti3tr2cijt7orxnxim/uploads/1539104920/ has been created.</p>
        </body></html>
    http_version: 
  recorded_at: Tue, 09 Oct 2018 17:08:41 GMT
- request:
    method: put
    uri: https://staging2-lcm-prod.intgdc.com/gdc/projects/f7fyagag0f14ypti3tr2cijt7orxnxim/uploads/1539104920/test-ci-data.csv
    body:
      encoding: ASCII-8BIT
      string: |
        firstname, lastname, email
        tomas, korcak, tomas.korcak@gooddata.com
    headers:
      Accept:
      - "*/*"
      Accept-Encoding:
      - gzip, deflate
      User-Agent:
      - gooddata-gem/1.3.2/x86_64-darwin16/2.3.3
      X-Gdc-Authtt:
      - "<X_GDC_AUTHTT>"
      Content-Length:
      - '68'
      Host:
      - staging2-lcm-prod.intgdc.com
  response:
    status:
      code: 201
      message: Created
    headers:
      Date:
      - Tue, 09 Oct 2018 17:08:41 GMT
      Server:
      - Apache
      Location:
      - https://staging2-lcm-prod.intgdc.com/gdc/projects/f7fyagag0f14ypti3tr2cijt7orxnxim/uploads/1539104920/test-ci-data.csv
      Content-Security-Policy:
      - frame-ancestors 'none'
      X-Frame-Options:
      - DENY
      X-Content-Type-Options:
      - nosniff
      Content-Type:
      - application/binary
      Content-Length:
      - '254'
      Strict-Transport-Security:
      - max-age=10886400; includeSubDomains; preload;
    body:
      encoding: UTF-8
      string: |
        <!DOCTYPE HTML PUBLIC "-//IETF//DTD HTML 2.0//EN">
        <html><head>
        <title>201 Created</title>
        </head><body>
        <h1>Created</h1>
        <p>Resource /gdc/projects/f7fyagag0f14ypti3tr2cijt7orxnxim/uploads/1539104920/test-ci-data.csv has been created.</p>
        </body></html>
    http_version: 
  recorded_at: Tue, 09 Oct 2018 17:08:41 GMT
- request:
    method: get
    uri: https://staging2-lcm-prod.intgdc.com/gdc/projects/f7fyagag0f14ypti3tr2cijt7orxnxim/uploads/1539104920/test-ci-data.csv
    body:
      encoding: US-ASCII
      string: ''
    headers:
      Accept:
      - "*/*"
      Accept-Encoding:
      - gzip, deflate
      User-Agent:
      - gooddata-gem/1.3.2/x86_64-darwin16/2.3.3
      X-Gdc-Authtt:
      - "<X_GDC_AUTHTT>"
      Host:
      - staging2-lcm-prod.intgdc.com
  response:
    status:
      code: 200
      message: OK
    headers:
      Date:
      - Tue, 09 Oct 2018 17:08:42 GMT
      Server:
      - Apache
      Last-Modified:
      - Tue, 09 Oct 2018 17:08:41 GMT
      Etag:
      - W/"44-577ceca20e380"
      Accept-Ranges:
      - bytes
      Content-Length:
      - '68'
      Content-Security-Policy:
      - frame-ancestors 'none'
      X-Frame-Options:
      - DENY
      X-Content-Type-Options:
      - nosniff
      Content-Type:
      - application/binary
      Strict-Transport-Security:
      - max-age=10886400; includeSubDomains; preload;
    body:
      encoding: UTF-8
      string: |
        firstname, lastname, email
        tomas, korcak, tomas.korcak@gooddata.com
    http_version: 
  recorded_at: Tue, 09 Oct 2018 17:08:42 GMT
- request:
    method: delete
    uri: https://staging2-lcm-prod.intgdc.com/gdc/projects/f7fyagag0f14ypti3tr2cijt7orxnxim
    body:
      encoding: US-ASCII
      string: ''
    headers:
      Accept:
      - application/json, application/zip
      Accept-Encoding:
      - gzip, deflate
      User-Agent:
      - gooddata-gem/1.3.2/x86_64-darwin16/2.3.3
      Content-Type:
      - application/json
      X-Gdc-Authtt:
      - "<X_GDC_AUTHTT>"
      X-Gdc-Request:
      - wHiXWxYenp8dh76vVnZm0Q:R6AGpQp4h-7QQbWVqfu8mA
      Host:
      - staging2-lcm-prod.intgdc.com
  response:
    status:
      code: 204
      message: No Content
    headers:
      Date:
      - Tue, 09 Oct 2018 17:08:42 GMT
      Server:
      - GoodData WebApp
      Keep-Alive:
      - timeout=5, max=93
      X-Gdc-Log-Header:
      - ''
      Cache-Control:
      - no-cache, no-store, must-revalidate
      X-Gdc-Request-Time:
      - '148'
      X-Gdc-Request:
      - wHiXWxYenp8dh76vVnZm0Q:R6AGpQp4h-7QQbWVqfu8mA:RmxMkk33jegMMlrC
      Vary:
      - origin
      Strict-Transport-Security:
      - max-age=10886400; includeSubDomains; preload;
    body:
      encoding: UTF-8
      string: ''
    http_version: 
  recorded_at: Tue, 09 Oct 2018 17:08:42 GMT
- request:
    method: get
    uri: https://staging2-lcm-prod.intgdc.com/gdc/projects/w6hyei1qgm0n7jb5tlftsh2w4i7lghym
    body:
      encoding: US-ASCII
      string: ''
    headers:
      Accept:
      - application/json, application/zip
      Accept-Encoding:
      - gzip, deflate
      User-Agent:
      - gooddata-gem/1.3.2/x86_64-darwin16/2.3.3
      Content-Type:
      - application/json
      X-Gdc-Authtt:
      - "<X_GDC_AUTHTT>"
      X-Gdc-Request:
      - 4oHj_HVcdlvDRwppvxlECA:7x6G_2vlHbDSOX4Rxs2ysw
      Host:
      - staging2-lcm-prod.intgdc.com
  response:
    status:
      code: 200
      message: OK
    headers:
      Date:
      - Tue, 09 Oct 2018 17:34:28 GMT
      Server:
      - GoodData WebApp
      Keep-Alive:
      - timeout=5, max=80
      X-Gdc-Log-Header:
      - ''
      Cache-Control:
      - no-cache, no-store, must-revalidate
      Content-Type:
      - application/json;charset=UTF-8
      Transfer-Encoding:
      - chunked
      Vary:
      - Accept-Encoding
      - origin
      X-Gdc-Request:
      - 4oHj_HVcdlvDRwppvxlECA:7x6G_2vlHbDSOX4Rxs2ysw:UwNHOaYHMCNawMPx
      X-Gdc-Request-Time:
      - '54'
      Strict-Transport-Security:
      - max-age=10886400; includeSubDomains; preload;
    body:
      encoding: ASCII-8BIT
      string: '{"project":{"content":{"environment":"TESTING","cluster":"","guidedNavigation":"1","isPublic":"0","driver":"Pg","state":"PREPARING"},"links":{"ldm_thumbnail":"/gdc/projects/w6hyei1qgm0n7jb5tlftsh2w4i7lghym/ldm?thumbnail=1","self":"/gdc/projects/w6hyei1qgm0n7jb5tlftsh2w4i7lghym","clearCaches":"/gdc/projects/w6hyei1qgm0n7jb5tlftsh2w4i7lghym/clearCaches","invitations":"/gdc/projects/w6hyei1qgm0n7jb5tlftsh2w4i7lghym/invitations","users":"/gdc/projects/w6hyei1qgm0n7jb5tlftsh2w4i7lghym/users?link=1&offset=0&limit=100","uploads":"/gdc/projects/w6hyei1qgm0n7jb5tlftsh2w4i7lghym/uploads/","ldm":"/gdc/projects/w6hyei1qgm0n7jb5tlftsh2w4i7lghym/ldm","metadata":"/gdc/md/w6hyei1qgm0n7jb5tlftsh2w4i7lghym","publicartifacts":"/gdc/projects/w6hyei1qgm0n7jb5tlftsh2w4i7lghym/publicartifacts","roles":"/gdc/projects/w6hyei1qgm0n7jb5tlftsh2w4i7lghym/roles","userRoles":"/gdc/projects/w6hyei1qgm0n7jb5tlftsh2w4i7lghym/users/5ad80b895edcc438e5a4418e222733fa/roles","userPermissions":"/gdc/projects/w6hyei1qgm0n7jb5tlftsh2w4i7lghym/users/5ad80b895edcc438e5a4418e222733fa/permissions","dataload":"/gdc/projects/w6hyei1qgm0n7jb5tlftsh2w4i7lghym/dataload","connectors":"/gdc/projects/w6hyei1qgm0n7jb5tlftsh2w4i7lghym/connectors","execute":"/gdc/projects/w6hyei1qgm0n7jb5tlftsh2w4i7lghym/execute","config":"/gdc/projects/w6hyei1qgm0n7jb5tlftsh2w4i7lghym/config","projectFeatureFlags":"/gdc/projects/w6hyei1qgm0n7jb5tlftsh2w4i7lghym/projectFeatureFlags","schedules":"/gdc/projects/w6hyei1qgm0n7jb5tlftsh2w4i7lghym/schedules","templates":"/gdc/md/w6hyei1qgm0n7jb5tlftsh2w4i7lghym/templates"},"meta":{"created":"2018-10-09
        19:34:27","summary":"No summary","updated":"2018-10-09 19:34:27","author":"/gdc/account/profile/5ad80b895edcc438e5a4418e222733fa","title":"Project
        for schedule testing","contributor":"/gdc/account/profile/5ad80b895edcc438e5a4418e222733fa"}}}'
    http_version: 
  recorded_at: Tue, 09 Oct 2018 17:34:28 GMT
- request:
    method: get
    uri: https://staging2-lcm-prod.intgdc.com/gdc/projects/w6hyei1qgm0n7jb5tlftsh2w4i7lghym
    body:
      encoding: US-ASCII
      string: ''
    headers:
      Accept:
      - application/json, application/zip
      Accept-Encoding:
      - gzip, deflate
      User-Agent:
      - gooddata-gem/1.3.2/x86_64-darwin16/2.3.3
      Content-Type:
      - application/json
      X-Gdc-Authtt:
      - "<X_GDC_AUTHTT>"
      X-Gdc-Request:
      - 4oHj_HVcdlvDRwppvxlECA:4E6xei_6N5TXZ_MaPgyL2g
      Host:
      - staging2-lcm-prod.intgdc.com
  response:
    status:
      code: 200
      message: OK
    headers:
      Date:
      - Tue, 09 Oct 2018 17:34:31 GMT
      Server:
      - GoodData WebApp
      Keep-Alive:
      - timeout=5, max=38
      X-Gdc-Log-Header:
      - ''
      Cache-Control:
      - no-cache, no-store, must-revalidate
      Content-Type:
      - application/json;charset=UTF-8
      Transfer-Encoding:
      - chunked
      Vary:
      - Accept-Encoding
      - origin
      X-Gdc-Request:
      - 4oHj_HVcdlvDRwppvxlECA:4E6xei_6N5TXZ_MaPgyL2g:CPeGZshqtaRD4N9I
      X-Gdc-Request-Time:
      - '46'
      Strict-Transport-Security:
      - max-age=10886400; includeSubDomains; preload;
    body:
      encoding: ASCII-8BIT
      string: '{"project":{"content":{"environment":"TESTING","cluster":"","authorizationToken":"<AUTHORIZATION_TOKEN>","guidedNavigation":"1","isPublic":"0","driver":"Pg","state":"ENABLED"},"links":{"ldm_thumbnail":"/gdc/projects/w6hyei1qgm0n7jb5tlftsh2w4i7lghym/ldm?thumbnail=1","self":"/gdc/projects/w6hyei1qgm0n7jb5tlftsh2w4i7lghym","clearCaches":"/gdc/projects/w6hyei1qgm0n7jb5tlftsh2w4i7lghym/clearCaches","invitations":"/gdc/projects/w6hyei1qgm0n7jb5tlftsh2w4i7lghym/invitations","users":"/gdc/projects/w6hyei1qgm0n7jb5tlftsh2w4i7lghym/users?link=1&offset=0&limit=100","uploads":"/gdc/projects/w6hyei1qgm0n7jb5tlftsh2w4i7lghym/uploads/","ldm":"/gdc/projects/w6hyei1qgm0n7jb5tlftsh2w4i7lghym/ldm","metadata":"/gdc/md/w6hyei1qgm0n7jb5tlftsh2w4i7lghym","publicartifacts":"/gdc/projects/w6hyei1qgm0n7jb5tlftsh2w4i7lghym/publicartifacts","roles":"/gdc/projects/w6hyei1qgm0n7jb5tlftsh2w4i7lghym/roles","userRoles":"/gdc/projects/w6hyei1qgm0n7jb5tlftsh2w4i7lghym/users/5ad80b895edcc438e5a4418e222733fa/roles","userPermissions":"/gdc/projects/w6hyei1qgm0n7jb5tlftsh2w4i7lghym/users/5ad80b895edcc438e5a4418e222733fa/permissions","dataload":"/gdc/projects/w6hyei1qgm0n7jb5tlftsh2w4i7lghym/dataload","connectors":"/gdc/projects/w6hyei1qgm0n7jb5tlftsh2w4i7lghym/connectors","execute":"/gdc/projects/w6hyei1qgm0n7jb5tlftsh2w4i7lghym/execute","config":"/gdc/projects/w6hyei1qgm0n7jb5tlftsh2w4i7lghym/config","projectFeatureFlags":"/gdc/projects/w6hyei1qgm0n7jb5tlftsh2w4i7lghym/projectFeatureFlags","schedules":"/gdc/projects/w6hyei1qgm0n7jb5tlftsh2w4i7lghym/schedules","templates":"/gdc/md/w6hyei1qgm0n7jb5tlftsh2w4i7lghym/templates"},"meta":{"created":"2018-10-09
        19:34:27","summary":"No summary","updated":"2018-10-09 19:34:28","author":"/gdc/account/profile/5ad80b895edcc438e5a4418e222733fa","title":"Project
        for schedule testing","contributor":"/gdc/account/profile/5ad80b895edcc438e5a4418e222733fa"}}}'
    http_version: 
  recorded_at: Tue, 09 Oct 2018 17:34:31 GMT
- request:
    method: get
    uri: https://staging2-lcm-prod.intgdc.com/gdc/projects/w6hyei1qgm0n7jb5tlftsh2w4i7lghym/uploads/1539106474/
    body:
      encoding: US-ASCII
      string: ''
    headers:
      Accept:
      - "*/*"
      Accept-Encoding:
      - gzip, deflate
      User-Agent:
      - gooddata-gem/1.3.2/x86_64-darwin16/2.3.3
      X-Gdc-Authtt:
      - "<X_GDC_AUTHTT>"
      Host:
      - staging2-lcm-prod.intgdc.com
  response:
    status:
      code: 404
      message: Not Found
    headers:
      Date:
      - Tue, 09 Oct 2018 17:34:35 GMT
      Server:
      - Apache
      Content-Length:
      - '263'
      Content-Type:
      - text/html; charset=iso-8859-1
      Strict-Transport-Security:
      - max-age=10886400; includeSubDomains; preload;
    body:
      encoding: UTF-8
      string: |
        <!DOCTYPE HTML PUBLIC "-//IETF//DTD HTML 2.0//EN">
        <html><head>
        <title>404 Not Found</title>
        </head><body>
        <h1>Not Found</h1>
        <p>The requested URL /gdc/projects/w6hyei1qgm0n7jb5tlftsh2w4i7lghym/uploads/1539106474/ was not found on this server.</p>
        </body></html>
    http_version: 
  recorded_at: Tue, 09 Oct 2018 17:34:35 GMT
- request:
    method: mkcol
    uri: https://staging2-lcm-prod.intgdc.com/gdc/projects/w6hyei1qgm0n7jb5tlftsh2w4i7lghym/uploads/1539106474/
    body:
      encoding: UTF-8
      string: ''
    headers:
      Accept:
      - "*/*"
      Accept-Encoding:
      - gzip, deflate
      User-Agent:
      - gooddata-gem/1.3.2/x86_64-darwin16/2.3.3
      X-Gdc-Authtt:
      - "<X_GDC_AUTHTT>"
      Host:
      - staging2-lcm-prod.intgdc.com
  response:
    status:
      code: 201
      message: Created
    headers:
      Date:
      - Tue, 09 Oct 2018 17:34:35 GMT
      Server:
      - Apache
      Location:
      - https://staging2-lcm-prod.intgdc.com/gdc/projects/w6hyei1qgm0n7jb5tlftsh2w4i7lghym/uploads/1539106474/
      Content-Security-Policy:
      - frame-ancestors 'none'
      X-Frame-Options:
      - DENY
      X-Content-Type-Options:
      - nosniff
      Content-Type:
      - application/binary
      Content-Length:
      - '240'
      Strict-Transport-Security:
      - max-age=10886400; includeSubDomains; preload;
    body:
      encoding: UTF-8
      string: |
        <!DOCTYPE HTML PUBLIC "-//IETF//DTD HTML 2.0//EN">
        <html><head>
        <title>201 Created</title>
        </head><body>
        <h1>Created</h1>
        <p>Collection /gdc/projects/w6hyei1qgm0n7jb5tlftsh2w4i7lghym/uploads/1539106474/ has been created.</p>
        </body></html>
    http_version: 
  recorded_at: Tue, 09 Oct 2018 17:34:35 GMT
- request:
    method: put
    uri: https://staging2-lcm-prod.intgdc.com/gdc/projects/w6hyei1qgm0n7jb5tlftsh2w4i7lghym/uploads/1539106474/test-ci-data.csv
    body:
      encoding: ASCII-8BIT
      string: |
        firstname, lastname, email
        tomas, korcak, tomas.korcak@gooddata.com
    headers:
      Accept:
      - "*/*"
      Accept-Encoding:
      - gzip, deflate
      User-Agent:
      - gooddata-gem/1.3.2/x86_64-darwin16/2.3.3
      X-Gdc-Authtt:
      - "<X_GDC_AUTHTT>"
      Content-Length:
      - '68'
      Host:
      - staging2-lcm-prod.intgdc.com
  response:
    status:
      code: 201
      message: Created
    headers:
      Date:
      - Tue, 09 Oct 2018 17:34:36 GMT
      Server:
      - Apache
      Location:
      - https://staging2-lcm-prod.intgdc.com/gdc/projects/w6hyei1qgm0n7jb5tlftsh2w4i7lghym/uploads/1539106474/test-ci-data.csv
      Content-Security-Policy:
      - frame-ancestors 'none'
      X-Frame-Options:
      - DENY
      X-Content-Type-Options:
      - nosniff
      Content-Type:
      - application/binary
      Content-Length:
      - '254'
      Strict-Transport-Security:
      - max-age=10886400; includeSubDomains; preload;
    body:
      encoding: UTF-8
      string: |
        <!DOCTYPE HTML PUBLIC "-//IETF//DTD HTML 2.0//EN">
        <html><head>
        <title>201 Created</title>
        </head><body>
        <h1>Created</h1>
        <p>Resource /gdc/projects/w6hyei1qgm0n7jb5tlftsh2w4i7lghym/uploads/1539106474/test-ci-data.csv has been created.</p>
        </body></html>
    http_version: 
  recorded_at: Tue, 09 Oct 2018 17:34:36 GMT
- request:
    method: get
    uri: https://staging2-lcm-prod.intgdc.com/gdc/projects/w6hyei1qgm0n7jb5tlftsh2w4i7lghym/uploads/1539106474/test-ci-data.csv
    body:
      encoding: US-ASCII
      string: ''
    headers:
      Accept:
      - "*/*"
      Accept-Encoding:
      - gzip, deflate
      User-Agent:
      - gooddata-gem/1.3.2/x86_64-darwin16/2.3.3
      X-Gdc-Authtt:
      - "<X_GDC_AUTHTT>"
      Host:
      - staging2-lcm-prod.intgdc.com
  response:
    status:
      code: 200
      message: OK
    headers:
      Date:
      - Tue, 09 Oct 2018 17:34:36 GMT
      Server:
      - Apache
      Last-Modified:
      - Tue, 09 Oct 2018 17:34:36 GMT
      Etag:
      - W/"44-577cf26cac7c2"
      Accept-Ranges:
      - bytes
      Content-Length:
      - '68'
      Content-Security-Policy:
      - frame-ancestors 'none'
      X-Frame-Options:
      - DENY
      X-Content-Type-Options:
      - nosniff
      Content-Type:
      - application/binary
      Strict-Transport-Security:
      - max-age=10886400; includeSubDomains; preload;
    body:
      encoding: UTF-8
      string: |
        firstname, lastname, email
        tomas, korcak, tomas.korcak@gooddata.com
    http_version: 
  recorded_at: Tue, 09 Oct 2018 17:34:36 GMT
- request:
    method: delete
    uri: https://staging2-lcm-prod.intgdc.com/gdc/projects/w6hyei1qgm0n7jb5tlftsh2w4i7lghym
    body:
      encoding: US-ASCII
      string: ''
    headers:
      Accept:
      - application/json, application/zip
      Accept-Encoding:
      - gzip, deflate
      User-Agent:
      - gooddata-gem/1.3.2/x86_64-darwin16/2.3.3
      Content-Type:
      - application/json
      X-Gdc-Authtt:
      - "<X_GDC_AUTHTT>"
      X-Gdc-Request:
      - 4oHj_HVcdlvDRwppvxlECA:sqwqO57BY0KY6dNosBkIWg
      Host:
      - staging2-lcm-prod.intgdc.com
  response:
    status:
      code: 204
      message: No Content
    headers:
      Date:
      - Tue, 09 Oct 2018 17:34:37 GMT
      Server:
      - GoodData WebApp
      Keep-Alive:
      - timeout=5, max=90
      X-Gdc-Log-Header:
      - ''
      Cache-Control:
      - no-cache, no-store, must-revalidate
      X-Gdc-Request-Time:
      - '75'
      X-Gdc-Request:
      - 4oHj_HVcdlvDRwppvxlECA:sqwqO57BY0KY6dNosBkIWg:RpCTXsHLZDRFYliA
      Vary:
      - origin
      Strict-Transport-Security:
      - max-age=10886400; includeSubDomains; preload;
    body:
      encoding: UTF-8
      string: ''
    http_version: 
  recorded_at: Tue, 09 Oct 2018 17:34:37 GMT
- request:
    method: get
    uri: https://staging2-lcm-prod.intgdc.com/gdc/projects/cd7w5frspk4xp2yk5yd1787xiizloqk4
    body:
      encoding: US-ASCII
      string: ''
    headers:
      Accept:
      - application/json, application/zip
      Accept-Encoding:
      - gzip, deflate
      User-Agent:
      - gooddata-gem/1.3.2/x86_64-darwin16/2.3.3
      Content-Type:
      - application/json
      X-Gdc-Authtt:
      - "<X_GDC_AUTHTT>"
      X-Gdc-Request:
      - eu-tnxkloawLmaWJ0GSIyg:3gqNvszaKDSH7O_ZteTA0g
      Host:
      - staging2-lcm-prod.intgdc.com
  response:
    status:
      code: 200
      message: OK
    headers:
      Date:
      - Wed, 10 Oct 2018 07:39:46 GMT
      Server:
      - GoodData WebApp
      Keep-Alive:
      - timeout=5, max=72
      X-Gdc-Log-Header:
      - ''
      Cache-Control:
      - no-cache, no-store, must-revalidate
      Content-Type:
      - application/json;charset=UTF-8
      Transfer-Encoding:
      - chunked
      Vary:
      - Accept-Encoding
      - origin
      X-Gdc-Request:
      - eu-tnxkloawLmaWJ0GSIyg:3gqNvszaKDSH7O_ZteTA0g:29rxVcoTQq0AAWcR
      X-Gdc-Request-Time:
      - '54'
      Strict-Transport-Security:
      - max-age=10886400; includeSubDomains; preload;
    body:
      encoding: ASCII-8BIT
      string: '{"project":{"content":{"environment":"TESTING","cluster":"","guidedNavigation":"1","isPublic":"0","driver":"Pg","state":"PREPARING"},"links":{"ldm_thumbnail":"/gdc/projects/cd7w5frspk4xp2yk5yd1787xiizloqk4/ldm?thumbnail=1","self":"/gdc/projects/cd7w5frspk4xp2yk5yd1787xiizloqk4","clearCaches":"/gdc/projects/cd7w5frspk4xp2yk5yd1787xiizloqk4/clearCaches","invitations":"/gdc/projects/cd7w5frspk4xp2yk5yd1787xiizloqk4/invitations","users":"/gdc/projects/cd7w5frspk4xp2yk5yd1787xiizloqk4/users?link=1&offset=0&limit=100","uploads":"/gdc/projects/cd7w5frspk4xp2yk5yd1787xiizloqk4/uploads/","ldm":"/gdc/projects/cd7w5frspk4xp2yk5yd1787xiizloqk4/ldm","metadata":"/gdc/md/cd7w5frspk4xp2yk5yd1787xiizloqk4","publicartifacts":"/gdc/projects/cd7w5frspk4xp2yk5yd1787xiizloqk4/publicartifacts","roles":"/gdc/projects/cd7w5frspk4xp2yk5yd1787xiizloqk4/roles","userRoles":"/gdc/projects/cd7w5frspk4xp2yk5yd1787xiizloqk4/users/5ad80b895edcc438e5a4418e222733fa/roles","userPermissions":"/gdc/projects/cd7w5frspk4xp2yk5yd1787xiizloqk4/users/5ad80b895edcc438e5a4418e222733fa/permissions","dataload":"/gdc/projects/cd7w5frspk4xp2yk5yd1787xiizloqk4/dataload","connectors":"/gdc/projects/cd7w5frspk4xp2yk5yd1787xiizloqk4/connectors","execute":"/gdc/projects/cd7w5frspk4xp2yk5yd1787xiizloqk4/execute","config":"/gdc/projects/cd7w5frspk4xp2yk5yd1787xiizloqk4/config","projectFeatureFlags":"/gdc/projects/cd7w5frspk4xp2yk5yd1787xiizloqk4/projectFeatureFlags","schedules":"/gdc/projects/cd7w5frspk4xp2yk5yd1787xiizloqk4/schedules","templates":"/gdc/md/cd7w5frspk4xp2yk5yd1787xiizloqk4/templates"},"meta":{"created":"2018-10-10
        09:39:45","summary":"No summary","updated":"2018-10-10 09:39:45","author":"/gdc/account/profile/5ad80b895edcc438e5a4418e222733fa","title":"Project
        for schedule testing","contributor":"/gdc/account/profile/5ad80b895edcc438e5a4418e222733fa"}}}'
    http_version: 
  recorded_at: Wed, 10 Oct 2018 07:39:46 GMT
- request:
    method: get
    uri: https://staging2-lcm-prod.intgdc.com/gdc/projects/cd7w5frspk4xp2yk5yd1787xiizloqk4
    body:
      encoding: US-ASCII
      string: ''
    headers:
      Accept:
      - application/json, application/zip
      Accept-Encoding:
      - gzip, deflate
      User-Agent:
      - gooddata-gem/1.3.2/x86_64-darwin16/2.3.3
      Content-Type:
      - application/json
      X-Gdc-Authtt:
      - "<X_GDC_AUTHTT>"
      X-Gdc-Request:
      - eu-tnxkloawLmaWJ0GSIyg:Y2n4hgABUXXXFs_VsFXMkw
      Host:
      - staging2-lcm-prod.intgdc.com
  response:
    status:
      code: 200
      message: OK
    headers:
      Date:
      - Wed, 10 Oct 2018 07:39:50 GMT
      Server:
      - GoodData WebApp
      Keep-Alive:
      - timeout=5, max=84
      X-Gdc-Log-Header:
      - ''
      Cache-Control:
      - no-cache, no-store, must-revalidate
      Content-Type:
      - application/json;charset=UTF-8
      Transfer-Encoding:
      - chunked
      Vary:
      - Accept-Encoding
      - origin
      X-Gdc-Request:
      - eu-tnxkloawLmaWJ0GSIyg:Y2n4hgABUXXXFs_VsFXMkw:oNcP4sI4kNFcAGie
      X-Gdc-Request-Time:
      - '45'
      Strict-Transport-Security:
      - max-age=10886400; includeSubDomains; preload;
    body:
      encoding: ASCII-8BIT
      string: '{"project":{"content":{"environment":"TESTING","cluster":"","authorizationToken":"<AUTHORIZATION_TOKEN>","guidedNavigation":"1","isPublic":"0","driver":"Pg","state":"ENABLED"},"links":{"ldm_thumbnail":"/gdc/projects/cd7w5frspk4xp2yk5yd1787xiizloqk4/ldm?thumbnail=1","self":"/gdc/projects/cd7w5frspk4xp2yk5yd1787xiizloqk4","clearCaches":"/gdc/projects/cd7w5frspk4xp2yk5yd1787xiizloqk4/clearCaches","invitations":"/gdc/projects/cd7w5frspk4xp2yk5yd1787xiizloqk4/invitations","users":"/gdc/projects/cd7w5frspk4xp2yk5yd1787xiizloqk4/users?link=1&offset=0&limit=100","uploads":"/gdc/projects/cd7w5frspk4xp2yk5yd1787xiizloqk4/uploads/","ldm":"/gdc/projects/cd7w5frspk4xp2yk5yd1787xiizloqk4/ldm","metadata":"/gdc/md/cd7w5frspk4xp2yk5yd1787xiizloqk4","publicartifacts":"/gdc/projects/cd7w5frspk4xp2yk5yd1787xiizloqk4/publicartifacts","roles":"/gdc/projects/cd7w5frspk4xp2yk5yd1787xiizloqk4/roles","userRoles":"/gdc/projects/cd7w5frspk4xp2yk5yd1787xiizloqk4/users/5ad80b895edcc438e5a4418e222733fa/roles","userPermissions":"/gdc/projects/cd7w5frspk4xp2yk5yd1787xiizloqk4/users/5ad80b895edcc438e5a4418e222733fa/permissions","dataload":"/gdc/projects/cd7w5frspk4xp2yk5yd1787xiizloqk4/dataload","connectors":"/gdc/projects/cd7w5frspk4xp2yk5yd1787xiizloqk4/connectors","execute":"/gdc/projects/cd7w5frspk4xp2yk5yd1787xiizloqk4/execute","config":"/gdc/projects/cd7w5frspk4xp2yk5yd1787xiizloqk4/config","projectFeatureFlags":"/gdc/projects/cd7w5frspk4xp2yk5yd1787xiizloqk4/projectFeatureFlags","schedules":"/gdc/projects/cd7w5frspk4xp2yk5yd1787xiizloqk4/schedules","templates":"/gdc/md/cd7w5frspk4xp2yk5yd1787xiizloqk4/templates"},"meta":{"created":"2018-10-10
        09:39:45","summary":"No summary","updated":"2018-10-10 09:39:48","author":"/gdc/account/profile/5ad80b895edcc438e5a4418e222733fa","title":"Project
        for schedule testing","contributor":"/gdc/account/profile/5ad80b895edcc438e5a4418e222733fa"}}}'
    http_version: 
  recorded_at: Wed, 10 Oct 2018 07:39:50 GMT
- request:
    method: get
    uri: https://staging2-lcm-prod.intgdc.com/gdc/projects/cd7w5frspk4xp2yk5yd1787xiizloqk4/uploads/testdir/
    body:
      encoding: US-ASCII
      string: ''
    headers:
      Accept:
      - "*/*"
      Accept-Encoding:
      - gzip, deflate
      User-Agent:
      - gooddata-gem/1.3.2/x86_64-darwin16/2.3.3
      X-Gdc-Authtt:
      - "<X_GDC_AUTHTT>"
      Host:
      - staging2-lcm-prod.intgdc.com
  response:
    status:
      code: 404
      message: Not Found
    headers:
      Date:
      - Wed, 10 Oct 2018 07:39:54 GMT
      Server:
      - Apache
      Content-Length:
      - '260'
      Content-Type:
      - text/html; charset=iso-8859-1
      Strict-Transport-Security:
      - max-age=10886400; includeSubDomains; preload;
    body:
      encoding: UTF-8
      string: |
        <!DOCTYPE HTML PUBLIC "-//IETF//DTD HTML 2.0//EN">
        <html><head>
        <title>404 Not Found</title>
        </head><body>
        <h1>Not Found</h1>
        <p>The requested URL /gdc/projects/cd7w5frspk4xp2yk5yd1787xiizloqk4/uploads/testdir/ was not found on this server.</p>
        </body></html>
    http_version: 
  recorded_at: Wed, 10 Oct 2018 07:39:54 GMT
- request:
    method: mkcol
    uri: https://staging2-lcm-prod.intgdc.com/gdc/projects/cd7w5frspk4xp2yk5yd1787xiizloqk4/uploads/testdir/
    body:
      encoding: UTF-8
      string: ''
    headers:
      Accept:
      - "*/*"
      Accept-Encoding:
      - gzip, deflate
      User-Agent:
      - gooddata-gem/1.3.2/x86_64-darwin16/2.3.3
      X-Gdc-Authtt:
      - "<X_GDC_AUTHTT>"
      Host:
      - staging2-lcm-prod.intgdc.com
  response:
    status:
      code: 201
      message: Created
    headers:
      Date:
      - Wed, 10 Oct 2018 07:39:54 GMT
      Server:
      - Apache
      Location:
      - https://staging2-lcm-prod.intgdc.com/gdc/projects/cd7w5frspk4xp2yk5yd1787xiizloqk4/uploads/testdir/
      Content-Security-Policy:
      - frame-ancestors 'none'
      X-Frame-Options:
      - DENY
      X-Content-Type-Options:
      - nosniff
      Content-Type:
      - application/binary
      Content-Length:
      - '237'
      Strict-Transport-Security:
      - max-age=10886400; includeSubDomains; preload;
    body:
      encoding: UTF-8
      string: |
        <!DOCTYPE HTML PUBLIC "-//IETF//DTD HTML 2.0//EN">
        <html><head>
        <title>201 Created</title>
        </head><body>
        <h1>Created</h1>
        <p>Collection /gdc/projects/cd7w5frspk4xp2yk5yd1787xiizloqk4/uploads/testdir/ has been created.</p>
        </body></html>
    http_version: 
  recorded_at: Wed, 10 Oct 2018 07:39:54 GMT
- request:
    method: put
    uri: https://staging2-lcm-prod.intgdc.com/gdc/projects/cd7w5frspk4xp2yk5yd1787xiizloqk4/uploads/testdir/test-ci-data.csv
    body:
      encoding: ASCII-8BIT
      string: |
        firstname, lastname, email
        tomas, korcak, tomas.korcak@gooddata.com
    headers:
      Accept:
      - "*/*"
      Accept-Encoding:
      - gzip, deflate
      User-Agent:
      - gooddata-gem/1.3.2/x86_64-darwin16/2.3.3
      X-Gdc-Authtt:
      - "<X_GDC_AUTHTT>"
      Content-Length:
      - '68'
      Host:
      - staging2-lcm-prod.intgdc.com
  response:
    status:
      code: 201
      message: Created
    headers:
      Date:
      - Wed, 10 Oct 2018 07:39:55 GMT
      Server:
      - Apache
      Location:
      - https://staging2-lcm-prod.intgdc.com/gdc/projects/cd7w5frspk4xp2yk5yd1787xiizloqk4/uploads/testdir/test-ci-data.csv
      Content-Security-Policy:
      - frame-ancestors 'none'
      X-Frame-Options:
      - DENY
      X-Content-Type-Options:
      - nosniff
      Content-Type:
      - application/binary
      Content-Length:
      - '251'
      Strict-Transport-Security:
      - max-age=10886400; includeSubDomains; preload;
    body:
      encoding: UTF-8
      string: |
        <!DOCTYPE HTML PUBLIC "-//IETF//DTD HTML 2.0//EN">
        <html><head>
        <title>201 Created</title>
        </head><body>
        <h1>Created</h1>
        <p>Resource /gdc/projects/cd7w5frspk4xp2yk5yd1787xiizloqk4/uploads/testdir/test-ci-data.csv has been created.</p>
        </body></html>
    http_version: 
  recorded_at: Wed, 10 Oct 2018 07:39:55 GMT
- request:
    method: get
    uri: https://staging2-lcm-prod.intgdc.com/gdc/projects/cd7w5frspk4xp2yk5yd1787xiizloqk4/uploads/testdir/test-ci-data.csv
    body:
      encoding: US-ASCII
      string: ''
    headers:
      Accept:
      - "*/*"
      Accept-Encoding:
      - gzip, deflate
      User-Agent:
      - gooddata-gem/1.3.2/x86_64-darwin16/2.3.3
      X-Gdc-Authtt:
      - "<X_GDC_AUTHTT>"
      Host:
      - staging2-lcm-prod.intgdc.com
  response:
    status:
      code: 200
      message: OK
    headers:
      Date:
      - Wed, 10 Oct 2018 07:39:56 GMT
      Server:
      - Apache
      Last-Modified:
      - Wed, 10 Oct 2018 07:39:55 GMT
      Etag:
      - W/"44-577daf5e7f6db"
      Accept-Ranges:
      - bytes
      Content-Length:
      - '68'
      Content-Security-Policy:
      - frame-ancestors 'none'
      X-Frame-Options:
      - DENY
      X-Content-Type-Options:
      - nosniff
      Content-Type:
      - application/binary
      Strict-Transport-Security:
      - max-age=10886400; includeSubDomains; preload;
    body:
      encoding: UTF-8
      string: |
        firstname, lastname, email
        tomas, korcak, tomas.korcak@gooddata.com
    http_version: 
  recorded_at: Wed, 10 Oct 2018 07:39:56 GMT
- request:
    method: delete
    uri: https://staging2-lcm-prod.intgdc.com/gdc/projects/cd7w5frspk4xp2yk5yd1787xiizloqk4
    body:
      encoding: US-ASCII
      string: ''
    headers:
      Accept:
      - application/json, application/zip
      Accept-Encoding:
      - gzip, deflate
      User-Agent:
      - gooddata-gem/1.3.2/x86_64-darwin16/2.3.3
      Content-Type:
      - application/json
      X-Gdc-Authtt:
      - "<X_GDC_AUTHTT>"
      X-Gdc-Request:
      - eu-tnxkloawLmaWJ0GSIyg:lsG0YxR2pjJzCPn_uwROBA
      Host:
      - staging2-lcm-prod.intgdc.com
  response:
    status:
      code: 204
      message: No Content
    headers:
      Date:
      - Wed, 10 Oct 2018 07:39:56 GMT
      Server:
      - GoodData WebApp
      Keep-Alive:
      - timeout=5, max=76
      X-Gdc-Log-Header:
      - ''
      Cache-Control:
      - no-cache, no-store, must-revalidate
      X-Gdc-Request-Time:
      - '81'
      X-Gdc-Request:
      - eu-tnxkloawLmaWJ0GSIyg:lsG0YxR2pjJzCPn_uwROBA:1mtWEiJlkG2yj822
      Vary:
      - origin
      Strict-Transport-Security:
      - max-age=10886400; includeSubDomains; preload;
    body:
      encoding: UTF-8
      string: ''
    http_version: 
  recorded_at: Wed, 10 Oct 2018 07:39:57 GMT
- request:
    method: post
    uri: https://staging2-lcm-prod.intgdc.com/gdc/account/login
    body:
      encoding: UTF-8
      string: '{"postUserLogin":{"login":"rubydev+admin@gooddata.com","password":"<PASSWORD>","remember":1,"verify_level":2}}'
    headers:
      Accept:
      - application/json, application/zip
      Accept-Encoding:
      - gzip, deflate
      User-Agent:
      - gooddata-gem/1.3.2/x86_64-darwin16/2.3.3
      Content-Type:
      - application/json
      X-Gdc-Authtt:
      - ''
      X-Gdc-Request:
      - mGVF5e07c80BBWgiSe42Vw:lNvWel3Xospt9naaV0IlUw
      Dont-Reauth:
      - 'true'
      Content-Length:
      - '110'
      Host:
      - staging2-lcm-prod.intgdc.com
  response:
    status:
      code: 200
      message: OK
    headers:
      X-Gdc-Authsst:
      - "<X_GDC_AUTHSST>"
      X-Gdc-Authtt:
      - "<X_GDC_AUTHTT>"
      Expires:
      - Thu, 01 Jan 1970 00:00:00 GMT
      Cache-Control:
      - no-store, no-cache, must-revalidate, max-age=0
      Pragma:
      - no-cache
      P3p:
      - CP='IDC DSP COR ADM DEVi TAIi PSA PSD IVAi IVDi CONi HIS OUR IND CNT'
      X-Gdc-Log-Header:
      - ''
      Content-Type:
      - application/json;charset=UTF-8
      Date:
      - Wed, 10 Oct 2018 11:07:05 GMT
      Server:
      - GoodData WebApp
      X-Gdc-Request:
      - mGVF5e07c80BBWgiSe42Vw:lNvWel3Xospt9naaV0IlUw:Yzv6mUul8ySffDu9
      Vary:
      - origin
      X-Gdc-Request-Time:
      - '25'
      Transfer-Encoding:
      - chunked
      Strict-Transport-Security:
      - max-age=10886400; includeSubDomains; preload;
    body:
      encoding: ASCII-8BIT
      string: '{"userLogin":{"profile":"/gdc/account/profile/5ad80b895edcc438e5a4418e222733fa","state":"/gdc/account/login/5ad80b895edcc438e5a4418e222733fa","token":"<TOKEN>"}}'
    http_version: 
  recorded_at: Wed, 10 Oct 2018 11:07:06 GMT
- request:
    method: get
    uri: https://staging2-lcm-prod.intgdc.com/gdc/account/token
    body:
      encoding: US-ASCII
      string: ''
    headers:
      Accept:
      - application/json, application/zip
      Accept-Encoding:
      - gzip, deflate
      User-Agent:
      - gooddata-gem/1.3.2/x86_64-darwin16/2.3.3
      Content-Type:
      - application/json
      X-Gdc-Authtt:
      - "<X_GDC_AUTHTT>"
      X-Gdc-Request:
      - mGVF5e07c80BBWgiSe42Vw:wkEsvABP4ipeptGDLaX8ww
      X-Gdc-Authsst:
      - "<X_GDC_AUTHSST>"
      Dont-Reauth:
      - 'true'
      Host:
      - staging2-lcm-prod.intgdc.com
  response:
    status:
      code: 200
      message: OK
    headers:
      Expires:
      - Thu, 01 Jan 1970 00:00:00 GMT
      Cache-Control:
      - no-store, no-cache, must-revalidate, max-age=0
      Pragma:
      - no-cache
      P3p:
      - CP='IDC DSP COR ADM DEVi TAIi PSA PSD IVAi IVDi CONi HIS OUR IND CNT'
      X-Gdc-Authtt:
      - "<X_GDC_AUTHTT>"
      X-Gdc-Log-Header:
      - ''
      Content-Type:
      - application/json
      Date:
      - Wed, 10 Oct 2018 11:07:05 GMT
      Server:
      - GoodData WebApp
      X-Gdc-Request:
      - mGVF5e07c80BBWgiSe42Vw:wkEsvABP4ipeptGDLaX8ww:aNbFCHIIGYZVDlN7
      Vary:
      - origin
      X-Gdc-Request-Time:
      - '18'
      Transfer-Encoding:
      - chunked
      Strict-Transport-Security:
      - max-age=10886400; includeSubDomains; preload;
    body:
      encoding: ASCII-8BIT
      string: '{"userToken":{"token":"<TOKEN>"}}'
    http_version: 
  recorded_at: Wed, 10 Oct 2018 11:07:06 GMT
- request:
    method: get
    uri: https://staging2-lcm-prod.intgdc.com/gdc/account/profile/5ad80b895edcc438e5a4418e222733fa
    body:
      encoding: US-ASCII
      string: ''
    headers:
      Accept:
      - application/json, application/zip
      Accept-Encoding:
      - gzip, deflate
      User-Agent:
      - gooddata-gem/1.3.2/x86_64-darwin16/2.3.3
      Content-Type:
      - application/json
      X-Gdc-Authtt:
      - "<X_GDC_AUTHTT>"
      X-Gdc-Request:
      - mGVF5e07c80BBWgiSe42Vw:TlJQFor1p7vYUAjOqs8hQQ
      Host:
      - staging2-lcm-prod.intgdc.com
  response:
    status:
      code: 200
      message: OK
    headers:
      Date:
      - Wed, 10 Oct 2018 11:07:07 GMT
      Server:
      - GoodData WebApp
      Keep-Alive:
      - timeout=5, max=100
      X-Gdc-Log-Header:
      - ''
      Cache-Control:
      - no-cache, no-store, must-revalidate
      Content-Type:
      - application/json;charset=UTF-8
      X-Gdc-Request:
      - mGVF5e07c80BBWgiSe42Vw:TlJQFor1p7vYUAjOqs8hQQ:xVBQv4APi4H4IaFw
      Vary:
      - origin
      X-Gdc-Request-Time:
      - '27'
      Transfer-Encoding:
      - chunked
      Strict-Transport-Security:
      - max-age=10886400; includeSubDomains; preload;
    body:
      encoding: ASCII-8BIT
      string: '{"accountSetting":{"position":null,"effectiveIpWhitelist":null,"email":"rubydev+admin@gooddata.com","updated":"2018-10-10
        10:25:03","lastName":"1","phoneNumber":"","links":{"auditEvents":"/gdc/account/profile/5ad80b895edcc438e5a4418e222733fa/auditEvents","domain":"/gdc/domains/staging2-lcm-prod","self":"/gdc/account/profile/5ad80b895edcc438e5a4418e222733fa","projects":"/gdc/account/profile/5ad80b895edcc438e5a4418e222733fa/projects"},"firstName":"the","country":null,"ssoProvider":"test-ruby","language":"en-US","timezone":null,"ipWhitelist":null,"companyName":"","authenticationModes":["PASSWORD","SSO"],"login":"rubydev+admin@gooddata.com","created":"2017-02-10
        12:18:01"}}'
    http_version: 
  recorded_at: Wed, 10 Oct 2018 11:07:07 GMT
- request:
    method: get
    uri: https://staging2-lcm-prod.intgdc.com/gdc
    body:
      encoding: US-ASCII
      string: ''
    headers:
      Accept:
      - application/json, application/zip
      Accept-Encoding:
      - gzip, deflate
      User-Agent:
      - gooddata-gem/1.3.2/x86_64-darwin16/2.3.3
      Content-Type:
      - application/json
      X-Gdc-Authtt:
      - "<X_GDC_AUTHTT>"
      X-Gdc-Request:
      - mGVF5e07c80BBWgiSe42Vw:Pj2n5kugBFPI8sIGcimBpg
      Host:
      - staging2-lcm-prod.intgdc.com
  response:
    status:
      code: 200
      message: OK
    headers:
      Date:
      - Wed, 10 Oct 2018 11:07:07 GMT
      Server:
      - GoodData WebApp
      Keep-Alive:
      - timeout=5, max=100
      X-Gdc-Log-Header:
      - ''
      Cache-Control:
      - no-cache, no-store, must-revalidate
      Content-Type:
      - application/json;charset=UTF-8
      Transfer-Encoding:
      - chunked
      Vary:
      - Accept-Encoding
      - origin
      X-Gdc-Request:
      - mGVF5e07c80BBWgiSe42Vw:Pj2n5kugBFPI8sIGcimBpg:9GsyERMx79dkzLAZ
      X-Gdc-Request-Time:
      - '26'
      Strict-Transport-Security:
      - max-age=10886400; includeSubDomains; preload;
    body:
      encoding: ASCII-8BIT
      string: '{"about":{"summary":"Use links to navigate the services.","category":"GoodData
        API root","links":[{"link":"/gdc/","summary":"","category":"home","title":"home"},{"link":"/gdc/account/token","summary":"Temporary
        token generator.","category":"token","title":"token"},{"link":"/gdc/account/login","summary":"Authentication
        service.","category":"login","title":"login"},{"link":"/gdc/md","summary":"Metadata
        resources.","category":"md","title":"metadata"},{"link":"/gdc/xtab2","summary":"Report
        execution resource.","category":"xtab","title":"xtab"},{"link":"/gdc/exporter","summary":"Report
        exporting resource.","category":"report-exporter","title":"exporter"},{"link":"/gdc/account","summary":"Resource
        for logged in account manipulation.","category":"account","title":"account"},{"link":"/gdc/projects","summary":"Resource
        for user and project management.","category":"projects","title":"projects"},{"link":"/gdc/tool","summary":"Miscellaneous
        resources.","category":"tool","title":"tool"},{"link":"/gdc/releaseInfo","summary":"Release
        information.","category":"releaseInfo","title":"releaseInfo"},{"link":"/gdc/uploads","summary":"User
        data staging area.","category":"uploads","title":"user-uploads"}]}}'
    http_version: 
  recorded_at: Wed, 10 Oct 2018 11:07:07 GMT
- request:
    method: post
    uri: https://staging2-lcm-prod.intgdc.com/gdc/projects
    body:
      encoding: UTF-8
      string: '{"project":{"meta":{"summary":"No summary","title":"Project for schedule
        testing"},"content":{"guidedNavigation":1,"driver":"Pg","environment":"TESTING","authorizationToken":"<AUTHORIZATION_TOKEN>"}}}'
    headers:
      Accept:
      - application/json, application/zip
      Accept-Encoding:
      - gzip, deflate
      User-Agent:
      - gooddata-gem/1.3.2/x86_64-darwin16/2.3.3
      Content-Type:
      - application/json
      X-Gdc-Authtt:
      - "<X_GDC_AUTHTT>"
      X-Gdc-Request:
      - mGVF5e07c80BBWgiSe42Vw:jSIztZ12u11XfjKs4W_Erg
      Content-Length:
      - '191'
      Host:
      - staging2-lcm-prod.intgdc.com
  response:
    status:
      code: 200
      message: OK
    headers:
      Date:
      - Wed, 10 Oct 2018 11:07:08 GMT
      Server:
      - GoodData WebApp
      Keep-Alive:
      - timeout=5, max=100
      X-Gdc-Log-Header:
      - ''
      Cache-Control:
      - no-cache, no-store, must-revalidate
      Content-Type:
      - application/json;charset=UTF-8
      X-Gdc-Request:
      - mGVF5e07c80BBWgiSe42Vw:jSIztZ12u11XfjKs4W_Erg:1aTQJoHE1jrZsSHi
      Vary:
      - origin
      X-Gdc-Request-Time:
      - '406'
      Transfer-Encoding:
      - chunked
      Strict-Transport-Security:
      - max-age=10886400; includeSubDomains; preload;
    body:
      encoding: ASCII-8BIT
      string: '{"uri":"/gdc/projects/hubs2q8c3jfpe5msznjyvutpjzoefwqz"}'
    http_version: 
  recorded_at: Wed, 10 Oct 2018 11:07:08 GMT
- request:
    method: get
    uri: https://staging2-lcm-prod.intgdc.com/gdc/projects/hubs2q8c3jfpe5msznjyvutpjzoefwqz
    body:
      encoding: US-ASCII
      string: ''
    headers:
      Accept:
      - application/json, application/zip
      Accept-Encoding:
      - gzip, deflate
      User-Agent:
      - gooddata-gem/1.3.2/x86_64-darwin16/2.3.3
      Content-Type:
      - application/json
      X-Gdc-Authtt:
      - "<X_GDC_AUTHTT>"
      X-Gdc-Request:
      - mGVF5e07c80BBWgiSe42Vw:00AZn2O4J4Qofo5t-59FXA
      Host:
      - staging2-lcm-prod.intgdc.com
  response:
    status:
      code: 200
      message: OK
    headers:
      Date:
      - Wed, 10 Oct 2018 11:07:09 GMT
      Server:
      - GoodData WebApp
      Keep-Alive:
      - timeout=5, max=99
      X-Gdc-Log-Header:
      - ''
      Cache-Control:
      - no-cache, no-store, must-revalidate
      Content-Type:
      - application/json;charset=UTF-8
      Transfer-Encoding:
      - chunked
      Vary:
      - Accept-Encoding
      - origin
      X-Gdc-Request:
      - mGVF5e07c80BBWgiSe42Vw:00AZn2O4J4Qofo5t-59FXA:qEmQuthEGOb06s6d
      X-Gdc-Request-Time:
      - '51'
      Strict-Transport-Security:
      - max-age=10886400; includeSubDomains; preload;
    body:
      encoding: ASCII-8BIT
      string: '{"project":{"content":{"environment":"TESTING","cluster":"","guidedNavigation":"1","isPublic":"0","driver":"Pg","state":"PREPARING"},"links":{"ldm_thumbnail":"/gdc/projects/hubs2q8c3jfpe5msznjyvutpjzoefwqz/ldm?thumbnail=1","self":"/gdc/projects/hubs2q8c3jfpe5msznjyvutpjzoefwqz","clearCaches":"/gdc/projects/hubs2q8c3jfpe5msznjyvutpjzoefwqz/clearCaches","invitations":"/gdc/projects/hubs2q8c3jfpe5msznjyvutpjzoefwqz/invitations","users":"/gdc/projects/hubs2q8c3jfpe5msznjyvutpjzoefwqz/users?link=1&offset=0&limit=100","uploads":"/gdc/projects/hubs2q8c3jfpe5msznjyvutpjzoefwqz/uploads/","ldm":"/gdc/projects/hubs2q8c3jfpe5msznjyvutpjzoefwqz/ldm","metadata":"/gdc/md/hubs2q8c3jfpe5msznjyvutpjzoefwqz","publicartifacts":"/gdc/projects/hubs2q8c3jfpe5msznjyvutpjzoefwqz/publicartifacts","roles":"/gdc/projects/hubs2q8c3jfpe5msznjyvutpjzoefwqz/roles","userRoles":"/gdc/projects/hubs2q8c3jfpe5msznjyvutpjzoefwqz/users/5ad80b895edcc438e5a4418e222733fa/roles","userPermissions":"/gdc/projects/hubs2q8c3jfpe5msznjyvutpjzoefwqz/users/5ad80b895edcc438e5a4418e222733fa/permissions","dataload":"/gdc/projects/hubs2q8c3jfpe5msznjyvutpjzoefwqz/dataload","connectors":"/gdc/projects/hubs2q8c3jfpe5msznjyvutpjzoefwqz/connectors","execute":"/gdc/projects/hubs2q8c3jfpe5msznjyvutpjzoefwqz/execute","config":"/gdc/projects/hubs2q8c3jfpe5msznjyvutpjzoefwqz/config","projectFeatureFlags":"/gdc/projects/hubs2q8c3jfpe5msznjyvutpjzoefwqz/projectFeatureFlags","schedules":"/gdc/projects/hubs2q8c3jfpe5msznjyvutpjzoefwqz/schedules","templates":"/gdc/md/hubs2q8c3jfpe5msznjyvutpjzoefwqz/templates"},"meta":{"created":"2018-10-10
        13:07:08","summary":"No summary","updated":"2018-10-10 13:07:08","author":"/gdc/account/profile/5ad80b895edcc438e5a4418e222733fa","title":"Project
        for schedule testing","contributor":"/gdc/account/profile/5ad80b895edcc438e5a4418e222733fa"}}}'
    http_version: 
  recorded_at: Wed, 10 Oct 2018 11:07:09 GMT
- request:
    method: get
    uri: https://staging2-lcm-prod.intgdc.com/gdc/projects/hubs2q8c3jfpe5msznjyvutpjzoefwqz
    body:
      encoding: US-ASCII
      string: ''
    headers:
      Accept:
      - application/json, application/zip
      Accept-Encoding:
      - gzip, deflate
      User-Agent:
      - gooddata-gem/1.3.2/x86_64-darwin16/2.3.3
      Content-Type:
      - application/json
      X-Gdc-Authtt:
      - "<X_GDC_AUTHTT>"
      X-Gdc-Request:
      - mGVF5e07c80BBWgiSe42Vw:Vz8K7teg8n35vrmnOgCdzQ
      Host:
      - staging2-lcm-prod.intgdc.com
  response:
    status:
      code: 200
      message: OK
    headers:
      Date:
      - Wed, 10 Oct 2018 11:07:13 GMT
      Server:
      - GoodData WebApp
      Keep-Alive:
      - timeout=5, max=100
      X-Gdc-Log-Header:
      - ''
      Cache-Control:
      - no-cache, no-store, must-revalidate
      Content-Type:
      - application/json;charset=UTF-8
      Transfer-Encoding:
      - chunked
      Vary:
      - Accept-Encoding
      - origin
      X-Gdc-Request:
      - mGVF5e07c80BBWgiSe42Vw:Vz8K7teg8n35vrmnOgCdzQ:VZ0U4b97X8ZA0CcS
      X-Gdc-Request-Time:
      - '42'
      Strict-Transport-Security:
      - max-age=10886400; includeSubDomains; preload;
    body:
      encoding: ASCII-8BIT
      string: '{"project":{"content":{"environment":"TESTING","cluster":"","authorizationToken":"<AUTHORIZATION_TOKEN>","guidedNavigation":"1","isPublic":"0","driver":"Pg","state":"ENABLED"},"links":{"ldm_thumbnail":"/gdc/projects/hubs2q8c3jfpe5msznjyvutpjzoefwqz/ldm?thumbnail=1","self":"/gdc/projects/hubs2q8c3jfpe5msznjyvutpjzoefwqz","clearCaches":"/gdc/projects/hubs2q8c3jfpe5msznjyvutpjzoefwqz/clearCaches","invitations":"/gdc/projects/hubs2q8c3jfpe5msznjyvutpjzoefwqz/invitations","users":"/gdc/projects/hubs2q8c3jfpe5msznjyvutpjzoefwqz/users?link=1&offset=0&limit=100","uploads":"/gdc/projects/hubs2q8c3jfpe5msznjyvutpjzoefwqz/uploads/","ldm":"/gdc/projects/hubs2q8c3jfpe5msznjyvutpjzoefwqz/ldm","metadata":"/gdc/md/hubs2q8c3jfpe5msznjyvutpjzoefwqz","publicartifacts":"/gdc/projects/hubs2q8c3jfpe5msznjyvutpjzoefwqz/publicartifacts","roles":"/gdc/projects/hubs2q8c3jfpe5msznjyvutpjzoefwqz/roles","userRoles":"/gdc/projects/hubs2q8c3jfpe5msznjyvutpjzoefwqz/users/5ad80b895edcc438e5a4418e222733fa/roles","userPermissions":"/gdc/projects/hubs2q8c3jfpe5msznjyvutpjzoefwqz/users/5ad80b895edcc438e5a4418e222733fa/permissions","dataload":"/gdc/projects/hubs2q8c3jfpe5msznjyvutpjzoefwqz/dataload","connectors":"/gdc/projects/hubs2q8c3jfpe5msznjyvutpjzoefwqz/connectors","execute":"/gdc/projects/hubs2q8c3jfpe5msznjyvutpjzoefwqz/execute","config":"/gdc/projects/hubs2q8c3jfpe5msznjyvutpjzoefwqz/config","projectFeatureFlags":"/gdc/projects/hubs2q8c3jfpe5msznjyvutpjzoefwqz/projectFeatureFlags","schedules":"/gdc/projects/hubs2q8c3jfpe5msznjyvutpjzoefwqz/schedules","templates":"/gdc/md/hubs2q8c3jfpe5msznjyvutpjzoefwqz/templates"},"meta":{"created":"2018-10-10
        13:07:08","summary":"No summary","updated":"2018-10-10 13:07:10","author":"/gdc/account/profile/5ad80b895edcc438e5a4418e222733fa","title":"Project
        for schedule testing","contributor":"/gdc/account/profile/5ad80b895edcc438e5a4418e222733fa"}}}'
    http_version: 
  recorded_at: Wed, 10 Oct 2018 11:07:13 GMT
- request:
    method: get
    uri: https://staging2-lcm-prod.intgdc.com/gdc/projects/hubs2q8c3jfpe5msznjyvutpjzoefwqz/uploads/testdir/
    body:
      encoding: US-ASCII
      string: ''
    headers:
      Accept:
      - "*/*"
      Accept-Encoding:
      - gzip, deflate
      User-Agent:
      - gooddata-gem/1.3.2/x86_64-darwin16/2.3.3
      X-Gdc-Authtt:
      - "<X_GDC_AUTHTT>"
      Host:
      - staging2-lcm-prod.intgdc.com
  response:
    status:
      code: 404
      message: Not Found
    headers:
      Date:
      - Wed, 10 Oct 2018 11:07:16 GMT
      Server:
      - Apache
      Content-Length:
      - '260'
      Content-Type:
      - text/html; charset=iso-8859-1
      Strict-Transport-Security:
      - max-age=10886400; includeSubDomains; preload;
    body:
      encoding: UTF-8
      string: |
        <!DOCTYPE HTML PUBLIC "-//IETF//DTD HTML 2.0//EN">
        <html><head>
        <title>404 Not Found</title>
        </head><body>
        <h1>Not Found</h1>
        <p>The requested URL /gdc/projects/hubs2q8c3jfpe5msznjyvutpjzoefwqz/uploads/testdir/ was not found on this server.</p>
        </body></html>
    http_version: 
  recorded_at: Wed, 10 Oct 2018 11:07:16 GMT
- request:
    method: mkcol
    uri: https://staging2-lcm-prod.intgdc.com/gdc/projects/hubs2q8c3jfpe5msznjyvutpjzoefwqz/uploads/testdir/
    body:
      encoding: UTF-8
      string: ''
    headers:
      Accept:
      - "*/*"
      Accept-Encoding:
      - gzip, deflate
      User-Agent:
      - gooddata-gem/1.3.2/x86_64-darwin16/2.3.3
      X-Gdc-Authtt:
      - "<X_GDC_AUTHTT>"
      Host:
      - staging2-lcm-prod.intgdc.com
  response:
    status:
      code: 201
      message: Created
    headers:
      Date:
      - Wed, 10 Oct 2018 11:07:17 GMT
      Server:
      - Apache
      Location:
      - https://staging2-lcm-prod.intgdc.com/gdc/projects/hubs2q8c3jfpe5msznjyvutpjzoefwqz/uploads/testdir/
      Content-Security-Policy:
      - frame-ancestors 'none'
      X-Frame-Options:
      - DENY
      X-Content-Type-Options:
      - nosniff
      Content-Type:
      - application/binary
      Content-Length:
      - '237'
      Strict-Transport-Security:
      - max-age=10886400; includeSubDomains; preload;
    body:
      encoding: UTF-8
      string: |
        <!DOCTYPE HTML PUBLIC "-//IETF//DTD HTML 2.0//EN">
        <html><head>
        <title>201 Created</title>
        </head><body>
        <h1>Created</h1>
        <p>Collection /gdc/projects/hubs2q8c3jfpe5msznjyvutpjzoefwqz/uploads/testdir/ has been created.</p>
        </body></html>
    http_version: 
  recorded_at: Wed, 10 Oct 2018 11:07:17 GMT
- request:
    method: put
    uri: https://staging2-lcm-prod.intgdc.com/gdc/projects/hubs2q8c3jfpe5msznjyvutpjzoefwqz/uploads/testdir/test-ci-data.csv
    body:
      encoding: ASCII-8BIT
      string: |
        firstname, lastname, email
        tomas, korcak, tomas.korcak@gooddata.com
    headers:
      Accept:
      - "*/*"
      Accept-Encoding:
      - gzip, deflate
      User-Agent:
      - gooddata-gem/1.3.2/x86_64-darwin16/2.3.3
      X-Gdc-Authtt:
      - "<X_GDC_AUTHTT>"
      Content-Length:
      - '68'
      Host:
      - staging2-lcm-prod.intgdc.com
  response:
    status:
      code: 201
      message: Created
    headers:
      Date:
      - Wed, 10 Oct 2018 11:07:17 GMT
      Server:
      - Apache
      Location:
      - https://staging2-lcm-prod.intgdc.com/gdc/projects/hubs2q8c3jfpe5msznjyvutpjzoefwqz/uploads/testdir/test-ci-data.csv
      Content-Security-Policy:
      - frame-ancestors 'none'
      X-Frame-Options:
      - DENY
      X-Content-Type-Options:
      - nosniff
      Content-Type:
      - application/binary
      Content-Length:
      - '251'
      Strict-Transport-Security:
      - max-age=10886400; includeSubDomains; preload;
    body:
      encoding: UTF-8
      string: |
        <!DOCTYPE HTML PUBLIC "-//IETF//DTD HTML 2.0//EN">
        <html><head>
        <title>201 Created</title>
        </head><body>
        <h1>Created</h1>
        <p>Resource /gdc/projects/hubs2q8c3jfpe5msznjyvutpjzoefwqz/uploads/testdir/test-ci-data.csv has been created.</p>
        </body></html>
    http_version: 
  recorded_at: Wed, 10 Oct 2018 11:07:18 GMT
- request:
    method: get
    uri: https://staging2-lcm-prod.intgdc.com/gdc/projects/hubs2q8c3jfpe5msznjyvutpjzoefwqz/uploads/testdir/test-ci-data.csv
    body:
      encoding: US-ASCII
      string: ''
    headers:
      Accept:
      - "*/*"
      Accept-Encoding:
      - gzip, deflate
      User-Agent:
      - gooddata-gem/1.3.2/x86_64-darwin16/2.3.3
      X-Gdc-Authtt:
      - "<X_GDC_AUTHTT>"
      Host:
      - staging2-lcm-prod.intgdc.com
  response:
    status:
      code: 200
      message: OK
    headers:
      Date:
      - Wed, 10 Oct 2018 11:07:18 GMT
      Server:
      - Apache
      Last-Modified:
      - Wed, 10 Oct 2018 11:07:17 GMT
      Etag:
      - W/"44-577dddb84de9d"
      Accept-Ranges:
      - bytes
      Content-Length:
      - '68'
      Content-Security-Policy:
      - frame-ancestors 'none'
      X-Frame-Options:
      - DENY
      X-Content-Type-Options:
      - nosniff
      Content-Type:
      - application/binary
      Strict-Transport-Security:
      - max-age=10886400; includeSubDomains; preload;
    body:
      encoding: UTF-8
      string: |
        firstname, lastname, email
        tomas, korcak, tomas.korcak@gooddata.com
    http_version: 
  recorded_at: Wed, 10 Oct 2018 11:07:18 GMT
- request:
    method: delete
    uri: https://staging2-lcm-prod.intgdc.com/gdc/projects/hubs2q8c3jfpe5msznjyvutpjzoefwqz
    body:
      encoding: US-ASCII
      string: ''
    headers:
      Accept:
      - application/json, application/zip
      Accept-Encoding:
      - gzip, deflate
      User-Agent:
      - gooddata-gem/1.3.2/x86_64-darwin16/2.3.3
      Content-Type:
      - application/json
      X-Gdc-Authtt:
      - "<X_GDC_AUTHTT>"
      X-Gdc-Request:
      - mGVF5e07c80BBWgiSe42Vw:Dqmz_ki8rehyTktPuWkZaQ
      Host:
      - staging2-lcm-prod.intgdc.com
  response:
    status:
      code: 204
      message: No Content
    headers:
      Date:
      - Wed, 10 Oct 2018 11:07:19 GMT
      Server:
      - GoodData WebApp
      Keep-Alive:
      - timeout=5, max=99
      X-Gdc-Log-Header:
      - ''
      Cache-Control:
      - no-cache, no-store, must-revalidate
      X-Gdc-Request-Time:
      - '64'
      X-Gdc-Request:
      - mGVF5e07c80BBWgiSe42Vw:Dqmz_ki8rehyTktPuWkZaQ:eix1IeVYMVpNRxeQ
      Vary:
      - origin
      Strict-Transport-Security:
      - max-age=10886400; includeSubDomains; preload;
    body:
      encoding: UTF-8
      string: ''
    http_version: 
  recorded_at: Wed, 10 Oct 2018 11:07:19 GMT
- request:
    method: delete
    uri: https://staging2-lcm-prod.intgdc.com/gdc/account/login/5ad80b895edcc438e5a4418e222733fa
    body:
      encoding: US-ASCII
      string: ''
    headers:
      Accept:
      - application/json, application/zip
      Accept-Encoding:
      - gzip, deflate
      User-Agent:
      - gooddata-gem/1.3.2/x86_64-darwin16/2.3.3
      Content-Type:
      - application/json
      X-Gdc-Authtt:
      - "<X_GDC_AUTHTT>"
      X-Gdc-Request:
      - E0B8XPanyMItkTCT-muLVg:xOD8wWkG0gS-4ov8rwyNJg
      X-Gdc-Authsst:
      - "<X_GDC_AUTHSST>"
      Host:
      - staging2-lcm-prod.intgdc.com
  response:
    status:
      code: 204
      message: No Content
    headers:
      X-Gdc-Log-Header:
      - ''
      Cache-Control:
      - no-cache, no-store, must-revalidate
      Date:
      - Wed, 10 Oct 2018 11:07:19 GMT
      Server:
      - GoodData WebApp
      X-Gdc-Request-Time:
      - '27'
      X-Gdc-Request:
      - E0B8XPanyMItkTCT-muLVg:xOD8wWkG0gS-4ov8rwyNJg:kHF5ac9DfjTAxZjF
      Vary:
      - origin
      Strict-Transport-Security:
      - max-age=10886400; includeSubDomains; preload;
    body:
      encoding: UTF-8
      string: ''
    http_version: 
  recorded_at: Wed, 10 Oct 2018 11:07:19 GMT
recorded_with: VCR 4.0.0
